Archive member included to satisfy reference by file (symbol)

d:/gcc_arm/5.4 2016q3/bin/../lib/gcc/arm-none-eabi/5.4.1/../../../../arm-none-eabi/lib/armv7e-m/fpu\libc_nano.a(lib_a-exit.o)
                              d:/gcc_arm/5.4 2016q3/bin/../lib/gcc/arm-none-eabi/5.4.1/../../../../arm-none-eabi/lib/armv7e-m/fpu/crt0.o (exit)
d:/gcc_arm/5.4 2016q3/bin/../lib/gcc/arm-none-eabi/5.4.1/../../../../arm-none-eabi/lib/armv7e-m/fpu\libc_nano.a(lib_a-impure.o)
                              d:/gcc_arm/5.4 2016q3/bin/../lib/gcc/arm-none-eabi/5.4.1/../../../../arm-none-eabi/lib/armv7e-m/fpu\libc_nano.a(lib_a-exit.o) (_global_impure_ptr)
d:/gcc_arm/5.4 2016q3/bin/../lib/gcc/arm-none-eabi/5.4.1/../../../../arm-none-eabi/lib/armv7e-m/fpu\libc_nano.a(lib_a-init.o)
                              d:/gcc_arm/5.4 2016q3/bin/../lib/gcc/arm-none-eabi/5.4.1/../../../../arm-none-eabi/lib/armv7e-m/fpu/crt0.o (__libc_init_array)
d:/gcc_arm/5.4 2016q3/bin/../lib/gcc/arm-none-eabi/5.4.1/../../../../arm-none-eabi/lib/armv7e-m/fpu\libc_nano.a(lib_a-malloc.o)
                              Objects/task_manager.o (malloc)
d:/gcc_arm/5.4 2016q3/bin/../lib/gcc/arm-none-eabi/5.4.1/../../../../arm-none-eabi/lib/armv7e-m/fpu\libc_nano.a(lib_a-memcpy-stub.o)
                              Objects/widget_mng.o (memcpy)
d:/gcc_arm/5.4 2016q3/bin/../lib/gcc/arm-none-eabi/5.4.1/../../../../arm-none-eabi/lib/armv7e-m/fpu\libc_nano.a(lib_a-memset.o)
                              d:/gcc_arm/5.4 2016q3/bin/../lib/gcc/arm-none-eabi/5.4.1/../../../../arm-none-eabi/lib/armv7e-m/fpu/crt0.o (memset)
d:/gcc_arm/5.4 2016q3/bin/../lib/gcc/arm-none-eabi/5.4.1/../../../../arm-none-eabi/lib/armv7e-m/fpu\libc_nano.a(lib_a-nano-freer.o)
                              d:/gcc_arm/5.4 2016q3/bin/../lib/gcc/arm-none-eabi/5.4.1/../../../../arm-none-eabi/lib/armv7e-m/fpu\libc_nano.a(lib_a-malloc.o) (_free_r)
d:/gcc_arm/5.4 2016q3/bin/../lib/gcc/arm-none-eabi/5.4.1/../../../../arm-none-eabi/lib/armv7e-m/fpu\libc_nano.a(lib_a-nano-mallocr.o)
                              d:/gcc_arm/5.4 2016q3/bin/../lib/gcc/arm-none-eabi/5.4.1/../../../../arm-none-eabi/lib/armv7e-m/fpu\libc_nano.a(lib_a-malloc.o) (_malloc_r)
d:/gcc_arm/5.4 2016q3/bin/../lib/gcc/arm-none-eabi/5.4.1/../../../../arm-none-eabi/lib/armv7e-m/fpu\libc_nano.a(lib_a-nano-vfprintf_float.o)
                              (_printf_float)
d:/gcc_arm/5.4 2016q3/bin/../lib/gcc/arm-none-eabi/5.4.1/../../../../arm-none-eabi/lib/armv7e-m/fpu\libc_nano.a(lib_a-nano-vfprintf_i.o)
                              d:/gcc_arm/5.4 2016q3/bin/../lib/gcc/arm-none-eabi/5.4.1/../../../../arm-none-eabi/lib/armv7e-m/fpu\libc_nano.a(lib_a-nano-vfprintf_float.o) (_printf_common)
d:/gcc_arm/5.4 2016q3/bin/../lib/gcc/arm-none-eabi/5.4.1/../../../../arm-none-eabi/lib/armv7e-m/fpu\libc_nano.a(lib_a-puts.o)
                              Objects/binary_tree.o (puts)
d:/gcc_arm/5.4 2016q3/bin/../lib/gcc/arm-none-eabi/5.4.1/../../../../arm-none-eabi/lib/armv7e-m/fpu\libc_nano.a(lib_a-sbrkr.o)
                              d:/gcc_arm/5.4 2016q3/bin/../lib/gcc/arm-none-eabi/5.4.1/../../../../arm-none-eabi/lib/armv7e-m/fpu\libc_nano.a(lib_a-nano-mallocr.o) (_sbrk_r)
d:/gcc_arm/5.4 2016q3/bin/../lib/gcc/arm-none-eabi/5.4.1/../../../../arm-none-eabi/lib/armv7e-m/fpu\libc_nano.a(lib_a-sprintf.o)
                              Objects/GenDsp.o (sprintf)
d:/gcc_arm/5.4 2016q3/bin/../lib/gcc/arm-none-eabi/5.4.1/../../../../arm-none-eabi/lib/armv7e-m/fpu\libc_nano.a(lib_a-strlen.o)
                              d:/gcc_arm/5.4 2016q3/bin/../lib/gcc/arm-none-eabi/5.4.1/../../../../arm-none-eabi/lib/armv7e-m/fpu\libc_nano.a(lib_a-nano-vfprintf_float.o) (strlen)
d:/gcc_arm/5.4 2016q3/bin/../lib/gcc/arm-none-eabi/5.4.1/../../../../arm-none-eabi/lib/armv7e-m/fpu\libc_nano.a(lib_a-wbuf.o)
                              d:/gcc_arm/5.4 2016q3/bin/../lib/gcc/arm-none-eabi/5.4.1/../../../../arm-none-eabi/lib/armv7e-m/fpu\libc_nano.a(lib_a-puts.o) (__swbuf_r)
d:/gcc_arm/5.4 2016q3/bin/../lib/gcc/arm-none-eabi/5.4.1/../../../../arm-none-eabi/lib/armv7e-m/fpu\libc_nano.a(lib_a-wsetup.o)
                              d:/gcc_arm/5.4 2016q3/bin/../lib/gcc/arm-none-eabi/5.4.1/../../../../arm-none-eabi/lib/armv7e-m/fpu\libc_nano.a(lib_a-puts.o) (__swsetup_r)
d:/gcc_arm/5.4 2016q3/bin/../lib/gcc/arm-none-eabi/5.4.1/../../../../arm-none-eabi/lib/armv7e-m/fpu\libc_nano.a(lib_a-dtoa.o)
                              d:/gcc_arm/5.4 2016q3/bin/../lib/gcc/arm-none-eabi/5.4.1/../../../../arm-none-eabi/lib/armv7e-m/fpu\libc_nano.a(lib_a-nano-vfprintf_float.o) (_dtoa_r)
d:/gcc_arm/5.4 2016q3/bin/../lib/gcc/arm-none-eabi/5.4.1/../../../../arm-none-eabi/lib/armv7e-m/fpu\libc_nano.a(lib_a-fflush.o)
                              d:/gcc_arm/5.4 2016q3/bin/../lib/gcc/arm-none-eabi/5.4.1/../../../../arm-none-eabi/lib/armv7e-m/fpu\libc_nano.a(lib_a-wbuf.o) (_fflush_r)
d:/gcc_arm/5.4 2016q3/bin/../lib/gcc/arm-none-eabi/5.4.1/../../../../arm-none-eabi/lib/armv7e-m/fpu\libc_nano.a(lib_a-findfp.o)
[...]
Memory Configuration

Name             Origin             Length             Attributes
RAM              0x20000000         0x00020000         xrw
CCMRAM           0x10000000         0x00010000         xrw
FLASH            0x08000000         0x00100000         xr
*default*        0x00000000         0xffffffff

Linker script and memory map

LOAD d:/gcc_arm/5.4 2016q3/bin/../lib/gcc/arm-none-eabi/5.4.1/armv7e-m/fpu/crti.o
LOAD d:/gcc_arm/5.4 2016q3/bin/../lib/gcc/arm-none-eabi/5.4.1/armv7e-m/fpu/crtbegin.o
LOAD d:/gcc_arm/5.4 2016q3/bin/../lib/gcc/arm-none-eabi/5.4.1/../../../../arm-none-eabi/lib/armv7e-m/fpu/crt0.o
LOAD Objects/queue.o
LOAD Objects/linked_list.o
LOAD Objects/binary_tree.o
LOAD Objects/fault_check.o
LOAD Objects/delay.o
LOAD Objects/runtime.o
LOAD Objects/task_manager.o
LOAD Objects/reboot.o
LOAD Objects/sys.o
LOAD Objects/crc16.o
LOAD Objects/oledfont.o
LOAD Objects/oled1306.o
LOAD Objects/SrvOled.o
LOAD Objects/widget_mng.o
LOAD Objects/UI_Controller.o
LOAD Objects/GenDsp.o
LOAD Objects/misc.o
LOAD Objects/stm32f4xx_adc.o
LOAD Objects/stm32f4xx_can.o
LOAD Objects/stm32f4xx_cec.o
LOAD Objects/stm32f4xx_crc.o
LOAD Objects/stm32f4xx_cryp_aes.o
LOAD Objects/stm32f4xx_cryp_des.o
LOAD Objects/stm32f4xx_cryp_tdes.o
LOAD Objects/stm32f4xx_cryp.o
LOAD Objects/stm32f4xx_dac.o
LOAD Objects/stm32f4xx_dbgmcu.o
LOAD Objects/stm32f4xx_dcmi.o
LOAD Objects/stm32f4xx_dfsdm.o
LOAD Objects/stm32f4xx_dma.o
LOAD Objects/stm32f4xx_dma2d.o
LOAD Objects/stm32f4xx_dsi.o
LOAD Objects/stm32f4xx_exti.o
LOAD Objects/stm32f4xx_flash_ramfunc.o
LOAD Objects/stm32f4xx_flash.o
LOAD Objects/stm32f4xx_fmpi2c.o
LOAD Objects/stm32f4xx_gpio.o
LOAD Objects/stm32f4xx_hash_md5.o
LOAD Objects/stm32f4xx_hash_sha1.o
LOAD Objects/stm32f4xx_hash.o
LOAD Objects/stm32f4xx_i2c.o
LOAD Objects/stm32f4xx_iwdg.o
LOAD Objects/stm32f4xx_lptim.o
LOAD Objects/stm32f4xx_ltdc.o
LOAD Objects/stm32f4xx_pwr.o
LOAD Objects/stm32f4xx_qspi.o
LOAD Objects/stm32f4xx_rcc.o
LOAD Objects/stm32f4xx_rng.o
LOAD Objects/stm32f4xx_rtc.o
LOAD Objects/stm32f4xx_sai.o
LOAD Objects/stm32f4xx_sdio.o
LOAD Objects/stm32f4xx_spdifrx.o
LOAD Objects/stm32f4xx_spi.o
LOAD Objects/stm32f4xx_syscfg.o
LOAD Objects/stm32f4xx_tim.o
LOAD Objects/stm32f4xx_usart.o
LOAD Objects/stm32f4xx_wwdg.o
LOAD Objects/periph_dma.o
LOAD Objects/periph_flash.o
LOAD Objects/periph_gpio.o
LOAD Objects/periph_iic.o
LOAD Objects/periph_nvic.o
LOAD Objects/periph_serial_irq.o
LOAD Objects/periph_serial.o
LOAD Objects/periph_spi.o
LOAD Objects/periph_timer_irq.o
LOAD Objects/periph_timer.o
LOAD Objects/periph_dma_irq.o
LOAD Objects/drv_spi.o
LOAD Objects/drv_gpio.o
LOAD Objects/vcp.o
LOAD Objects/tm_stm32f4_usb_vcp.o
LOAD Objects/usb_bsp.o
LOAD Objects/usb_core.o
LOAD Objects/usb_dcd_int.o
LOAD Objects/usb_dcd.o
LOAD Objects/usbd_cdc_core.o
LOAD Objects/usbd_cdc_vcp.o
LOAD Objects/usbd_core.o
LOAD Objects/usbd_desc.o
LOAD Objects/usbd_ioreq.o
LOAD Objects/usbd_req.o
LOAD Objects/usbd_usr.o
LOAD Objects/stm32f4xx_it.o
LOAD Objects/system_stm32f4xx.o
LOAD Objects/main.o
LOAD Objects/Task_Widget.o
LOAD Objects/startup_stm32f405xx.o
LOAD d:/gcc_arm/5.4 2016q3/bin/../lib/gcc/arm-none-eabi/5.4.1/../../../../arm-none-eabi/lib/armv7e-m/fpu\libc_nano.a
LOAD d:/gcc_arm/5.4 2016q3/bin/../lib/gcc/arm-none-eabi/5.4.1/../../../../arm-none-eabi/lib/armv7e-m/fpu\libm.a
LOAD d:/gcc_arm/5.4 2016q3/bin/../lib/gcc/arm-none-eabi/5.4.1/../../../../arm-none-eabi/lib/armv7e-m/fpu\libnosys.a
START GROUP
LOAD d:/gcc_arm/5.4 2016q3/bin/../lib/gcc/arm-none-eabi/5.4.1/armv7e-m/fpu\libgcc.a
LOAD d:/gcc_arm/5.4 2016q3/bin/../lib/gcc/arm-none-eabi/5.4.1/../../../../arm-none-eabi/lib/armv7e-m/fpu\libc_nano.a
END GROUP
START GROUP
LOAD d:/gcc_arm/5.4 2016q3/bin/../lib/gcc/arm-none-eabi/5.4.1/armv7e-m/fpu\libgcc.a
LOAD d:/gcc_arm/5.4 2016q3/bin/../lib/gcc/arm-none-eabi/5.4.1/../../../../arm-none-eabi/lib/armv7e-m/fpu\libc_nano.a
END GROUP
LOAD d:/gcc_arm/5.4 2016q3/bin/../lib/gcc/arm-none-eabi/5.4.1/armv7e-m/fpu/crtend.o
LOAD d:/gcc_arm/5.4 2016q3/bin/../lib/gcc/arm-none-eabi/5.4.1/armv7e-m/fpu/crtn.o
                0x20020000                _estack = 0x20020000
                0x00000200                _Min_Heap_Size = 0x200
                0x00000400                _Min_Stack_Size = 0x400

.isr_vector     0x08000000      0x188
                0x08000000                . = ALIGN (0x4)
 *(.isr_vector)
 .isr_vector    0x08000000      0x188 Objects/startup_stm32f405xx.o
                0x08000000                g_pfnVectors
                0x08000188                . = ALIGN (0x4)

.text           0x08000190     0x760c
                0x08000190                . = ALIGN (0x4)
 *(.text)
 .text          0x08000190       0x5c d:/gcc_arm/5.4 2016q3/bin/../lib/gcc/arm-none-eabi/5.4.1/armv7e-m/fpu/crtbegin.o
 .text          0x080001ec       0x10 d:/gcc_arm/5.4 2016q3/bin/../lib/gcc/arm-none-eabi/5.4.1/../../../../arm-none-eabi/lib/armv7e-m/fpu\libc_nano.a(lib_a-strlen.o)
                0x080001ec                strlen
 *fill*         0x080001fc        0x4 
 .text          0x08000200       0xa0 d:/gcc_arm/5.4 2016q3/bin/../lib/gcc/arm-none-eabi/5.4.1/../../../../arm-none-eabi/lib/armv7e-m/fpu\libc_nano.a(lib_a-memchr.o)
                0x08000200                memchr
 .text          0x080002a0      0x370 d:/gcc_arm/5.4 2016q3/bin/../lib/gcc/arm-none-eabi/5.4.1/armv7e-m/fpu\libgcc.a(_arm_addsubdf3.o)
                0x080002a0                __aeabi_drsub
                0x080002a8                __aeabi_dsub
                0x080002a8                __subdf3
                0x080002ac                __aeabi_dadd
                0x080002ac                __adddf3
                0x08000524                __floatunsidf
                0x08000524                __aeabi_ui2d
                0x08000544                __floatsidf
                0x08000544                __aeabi_i2d
                0x08000568                __aeabi_f2d
                0x08000568                __extendsfdf2
                0x080005a4                __floatundidf
                0x080005a4                __aeabi_ul2d
                0x080005b4                __floatdidf
                0x080005b4                __aeabi_l2d
 .text          0x08000610      0x424 d:/gcc_arm/5.4 2016q3/bin/../lib/gcc/arm-none-eabi/5.4.1/armv7e-m/fpu\libgcc.a(_arm_muldivdf3.o)
                0x08000610                __aeabi_dmul
                0x08000610                __muldf3
                0x08000864                __divdf3
                0x08000864                __aeabi_ddiv
 .text          0x08000a34      0x110 d:/gcc_arm/5.4 2016q3/bin/../lib/gcc/arm-none-eabi/5.4.1/armv7e-m/fpu\libgcc.a(_arm_cmpdf2.o)
                0x08000a34                __gtdf2
                0x08000a34                __gedf2
                0x08000a3c                __ltdf2
                0x08000a3c                __ledf2
                0x08000a44                __nedf2
                0x08000a44                __eqdf2
                0x08000a44                __cmpdf2
                0x08000ac0                __aeabi_cdrcmple
                0x08000ad0                __aeabi_cdcmpeq
                0x08000ad0                __aeabi_cdcmple
                0x08000ae0                __aeabi_dcmpeq
                0x08000af4                __aeabi_dcmplt
                0x08000b08                __aeabi_dcmple
                0x08000b1c                __aeabi_dcmpge
                0x08000b30                __aeabi_dcmpgt
 .text          0x08000b44       0x2c d:/gcc_arm/5.4 2016q3/bin/../lib/gcc/arm-none-eabi/5.4.1/armv7e-m/fpu\libgcc.a(_arm_unorddf2.o)
                0x08000b44                __unorddf2
                0x08000b44                __aeabi_dcmpun
 .text          0x08000b70       0x50 d:/gcc_arm/5.4 2016q3/bin/../lib/gcc/arm-none-eabi/5.4.1/armv7e-m/fpu\libgcc.a(_arm_fixdfsi.o)
                0x08000b70                __aeabi_d2iz
                0x08000b70                __fixdfsi
 .text          0x08000bc0       0x40 d:/gcc_arm/5.4 2016q3/bin/../lib/gcc/arm-none-eabi/5.4.1/armv7e-m/fpu\libgcc.a(_arm_fixunsdfsi.o)
                0x08000bc0                __aeabi_d2uiz
                0x08000bc0                __fixunsdfsi
 .text          0x08000c00      0x21c d:/gcc_arm/5.4 2016q3/bin/../lib/gcc/arm-none-eabi/5.4.1/armv7e-m/fpu\libgcc.a(_arm_addsubsf3.o)
                0x08000c00                __aeabi_frsub
                0x08000c08                __subsf3
                0x08000c08                __aeabi_fsub
                0x08000c0c                __aeabi_fadd
                0x08000c0c                __addsf3
                0x08000d6c                __aeabi_ui2f
                0x08000d6c                __floatunsisf
                0x08000d74                __aeabi_i2f
                0x08000d74                __floatsisf
                0x08000d90                __aeabi_ul2f
                0x08000d90                __floatundisf
                0x08000da0                __aeabi_l2f
                0x08000da0                __floatdisf
 .text          0x08000e1c       0x30 d:/gcc_arm/5.4 2016q3/bin/../lib/gcc/arm-none-eabi/5.4.1/armv7e-m/fpu\libgcc.a(_aeabi_uldivmod.o)
                0x08000e1c                __aeabi_uldivmod
 .text          0x08000e4c      0x2e4 d:/gcc_arm/5.4 2016q3/bin/../lib/gcc/arm-none-eabi/5.4.1/armv7e-m/fpu\libgcc.a(_udivmoddi4.o)
                0x08000e4c                __udivmoddi4
 .text          0x08001130        0x4 d:/gcc_arm/5.4 2016q3/bin/../lib/gcc/arm-none-eabi/5.4.1/armv7e-m/fpu\libgcc.a(_dvmd_tls.o)
                0x08001130                __aeabi_idiv0
                0x08001130                __aeabi_ldiv0
 *(.text*)
 .text.Item_SwapLRData
                0x08001134        0xc Objects/linked_list.o
 .text.List_Init
                0x08001140       0x38 Objects/linked_list.o
                0x08001140                List_Init
 .text.List_ItemClear
                0x08001178       0x14 Objects/linked_list.o
                0x08001178                List_ItemClear
 .text.List_ItemInit
                0x0800118c       0x10 Objects/linked_list.o
                0x0800118c                List_ItemInit
 .text.List_InsertToPrv
                0x0800119c       0x14 Objects/linked_list.o
                0x0800119c                List_InsertToPrv
 .text.List_InsertByOrder
                0x080011b0       0x14 Objects/linked_list.o
                0x080011b0                List_InsertByOrder
 .text.List_InsertByCondition
                0x080011c4       0x40 Objects/linked_list.o
                0x080011c4                List_InsertByCondition
 .text.List_Insert_Item
                0x08001204       0x30 Objects/linked_list.o
                0x08001204                List_Insert_Item
 .text.List_traverse
                0x08001234       0x44 Objects/linked_list.o
                0x08001234                List_traverse
 .text.List_Delete_Item
                0x08001278       0x48 Objects/linked_list.o
                0x08001278                List_Delete_Item
 .text.Get_CfsrReg_Value
                0x080012c0       0x14 Objects/fault_check.o
                0x080012c0                Get_CfsrReg_Value
 .text.Get_FaultReg_Value
                0x080012d4       0x5c Objects/fault_check.o
                0x080012d4                Get_FaultReg_Value
 .text.delay_us
                0x08001330       0x3c Objects/delay.o
                0x08001330                delay_us
 .text.delay_ms
                0x0800136c       0x18 Objects/delay.o
                0x0800136c                delay_ms
 .text.Runtime_Set_start_Callback
                0x08001384        0xc Objects/runtime.o
                0x08001384                Runtime_Set_start_Callback
 .text.Runtime_Set_stop_Callback
                0x08001390        0xc Objects/runtime.o
                0x08001390                Runtime_Set_stop_Callback
 .text.Runtime_Set_tick_Callback
                0x0800139c        0xc Objects/runtime.o
                0x0800139c                Runtime_Set_tick_Callback
 .text.Runtime_Config
                0x080013a8       0x9c Objects/runtime.o
                0x080013a8                Runtime_Config
 .text.Runtime_Start
                0x08001444       0x14 Objects/runtime.o
                0x08001444                Runtime_Start
 .text.RuntimeObj_Reset
                0x08001458        0xc Objects/runtime.o
                0x08001458                RuntimeObj_Reset
 .text.Get_TimeDifference_Between
                0x08001464       0x18 Objects/runtime.o
                0x08001464                Get_TimeDifference_Between
 .text.Runtime_Tick
                0x0800147c       0x44 Objects/runtime.o
                0x0800147c                Runtime_Tick
 .text.Get_CurrentRunningUs
                0x080014c0        0xc Objects/runtime.o
                0x080014c0                Get_CurrentRunningUs
 .text.Get_CurrentRunningMs
                0x080014cc       0x18 Objects/runtime.o
                0x080014cc                Get_CurrentRunningMs
 .text.Get_TargetRunTime
                0x080014e4       0x14 Objects/runtime.o
                0x080014e4                Get_TargetRunTime
 .text.RuntimeObj_CompareWithCurrent
                0x080014f8       0x1c Objects/runtime.o
                0x080014f8                RuntimeObj_CompareWithCurrent
 .text.Task_Exit
                0x08001514        0x4 Objects/task_manager.o
 .text.Task_SetReady
                0x08001518       0x34 Objects/task_manager.o
 .text.Task_ClearPending
                0x0800154c       0x3c Objects/task_manager.o
 .text.Task_ClearReady
                0x08001588       0x3c Objects/task_manager.o
 .text.Task_SetPendSVPro
                0x080015c4       0x20 Objects/task_manager.o
 .text.Task_PriorityCompare
                0x080015e4       0x48 Objects/task_manager.o
                0x080015e4                Task_PriorityCompare
 .text.ReSet_Task_Data
                0x0800162c       0x5c Objects/task_manager.o
 .text.TaskSys_Init
                0x08001688       0x8c Objects/task_manager.o
 .text.Task_SetStkPtr_Val
                0x08001714       0x58 Objects/task_manager.o
 .text.Task_Idle
                0x0800176c       0x58 Objects/task_manager.o
 .text.Task_Exec
                0x080017c4       0xd4 Objects/task_manager.o
 .text.Task_Caller
                0x08001898       0x14 Objects/task_manager.o
                0x08001898                Task_Caller
 .text.Task_CrtList_TraversePoll_callback
                0x080018ac       0x30 Objects/task_manager.o
 .text.Task_SetPending
                0x080018dc       0x34 Objects/task_manager.o
                0x080018dc                Task_SetPending
 .text.Task_SwitchStack
                0x08001910       0x18 Objects/task_manager.o
                0x08001910                Task_SwitchStack
 .text.Task_Get_HighestRank_PndTask
                0x08001928       0x60 Objects/task_manager.o
                0x08001928                Task_Get_HighestRank_PndTask
 *fill*         0x08001988        0x8 
 .text.Task_Load
                0x08001990       0x28 Objects/task_manager.o
                0x08001990                Task_Load
 .text.Load_FirstTask
                0x080019b8        0x8 Objects/task_manager.o
                0x080019b8                Load_FirstTask
 .text.Task_SwitchContext
                0x080019c0       0x64 Objects/task_manager.o
                0x080019c0                Task_SwitchContext
 .text.Task_Get_HighestRank_RdyTask
                0x08001a24       0x60 Objects/task_manager.o
                0x08001a24                Task_Get_HighestRank_RdyTask
 .text.Task_TriggerPendSV
                0x08001a84       0x10 Objects/task_manager.o
                0x08001a84                Task_TriggerPendSV
 .text.Task_Scheduler
                0x08001a94      0x148 Objects/task_manager.o
                0x08001a94                Task_Scheduler
 *fill*         0x08001bdc        0x4 
 .text.Task_Create
                0x08001be0      0x208 Objects/task_manager.o
                0x08001be0                Task_Create
 .text.TaskSystem_Start
                0x08001de8       0x70 Objects/task_manager.o
                0x08001de8                TaskSystem_Start
 .text.TaskSys_Set_State
                0x08001e58        0xc Objects/task_manager.o
                0x08001e58                TaskSys_Set_State
 .text.Oled_TransmitByte
                0x08001e64       0x2c Objects/oled1306.o
 .text.Oled_EnableControl
                0x08001e90       0x38 Objects/oled1306.o
 .text.Oled_Clear
                0x08001ec8       0x4c Objects/oled1306.o
 .text.Oled_GetMax_Width
                0x08001f14        0x4 Objects/oled1306.o
 .text.Oled_GetMax_Height
                0x08001f18        0x4 Objects/oled1306.o
 .text.Oled_MapUpdate
                0x08001f1c       0x78 Objects/oled1306.o
 .text.Oled_SetBright
                0x08001f94        0x4 Objects/oled1306.o
 .text.Oled_Init
                0x08001f98      0x13c Objects/oled1306.o
 .text.SrvOled_BusInit
                0x080020d4       0x30 Objects/SrvOled.o
 .text.SrvOled_BusTransmit
                0x08002104       0x1c Objects/SrvOled.o
 .text.SrvOled_DCPin_Init
                0x08002120       0x34 Objects/SrvOled.o
 .text.SrvOled_RSPin_Init
                0x08002154       0x34 Objects/SrvOled.o
 .text.SrvOled_DCPin_Ctl
                0x08002188       0x24 Objects/SrvOled.o
 .text.SrvOled_RSPin_Ctl
                0x080021ac       0x24 Objects/SrvOled.o
 .text.SrvOled_PreInit
                0x080021d0       0x4c Objects/SrvOled.o
 .text.SrvOled_Init
                0x0800221c       0x30 Objects/SrvOled.o
 .text.SrvOled_Fresh
                0x0800224c       0x24 Objects/SrvOled.o
 .text.SrvOled_GetDev_DspRange
                0x08002270       0x34 Objects/SrvOled.o
 .text.SrvOled_SetBright
                0x080022a4       0x14 Objects/SrvOled.o
 .text.Widget_SetFreshFrq
                0x080022b8       0x14 Objects/widget_mng.o
 .text.Widget_ConfigDisplay_RoutateDir
                0x080022cc        0xc Objects/widget_mng.o
 .text.Widget_ConfigDisplay_MirrorDir
                0x080022d8        0xc Objects/widget_mng.o
 .text.Widget_MirrorBlackboard
                0x080022e4      0x124 Objects/widget_mng.o
 .text.Widget_CtlInterface
                0x08002408       0x14 Objects/widget_mng.o
 .text.GetCur_Active_Widget
                0x0800241c       0x10 Objects/widget_mng.o
 .text.Widget_DrawInterface
                0x0800242c       0x10 Objects/widget_mng.o
 .text.Widget_DspStatus
                0x0800243c       0x18 Objects/widget_mng.o
 .text.Widget_MoveTo
                0x08002454       0x1c Objects/widget_mng.o
 .text.Widget_ClearBlackBoard
                0x08002470       0x54 Objects/widget_mng.o
 .text.Widget_SetErrorState
                0x080024c4       0x14 Objects/widget_mng.o
 .text.Widget_GetFreshState
                0x080024d8        0xc Objects/widget_mng.o
 .text.Widget_SetFreshState
                0x080024e4       0x1c Objects/widget_mng.o
 .text.Widget_ClearFreshState
                0x08002500       0x18 Objects/widget_mng.o
 .text.Widget_DrawPoint
                0x08002518       0x34 Objects/widget_mng.o
 .text.Widget_DrawNum
                0x0800254c       0x40 Objects/widget_mng.o
 .text.Widget_DrawChr
                0x0800258c       0x40 Objects/widget_mng.o
 .text.Widget_DrawStr
                0x080025cc       0x40 Objects/widget_mng.o
 .text.Widget_DrawLine
                0x0800260c       0x40 Objects/widget_mng.o
 .text.Widget_DrawCircle
                0x0800264c       0x3c Objects/widget_mng.o
 .text.Widget_DrawRectangle
                0x08002688       0x40 Objects/widget_mng.o
 .text.Widget_FreshAll
                0x080026c8      0x104 Objects/widget_mng.o
 .text.Widget_Fusion
                0x080027cc       0xd8 Objects/widget_mng.o
 .text.Widget_Clear
                0x080028a4       0x30 Objects/widget_mng.o
 .text.Widget_CheckFlashTrigger
                0x080028d4       0x24 Objects/widget_mng.o
 .text.Widget_Deleted
                0x080028f8       0x5c Objects/widget_mng.o
 .text.Widget_Create
                0x08002954      0x17c Objects/widget_mng.o
 .text.Widget_Hide
                0x08002ad0       0x48 Objects/widget_mng.o
 .text.Widget_Show
                0x08002b18       0x78 Objects/widget_mng.o
 .text.GenDsp_SetRange
                0x08002b90       0x18 Objects/GenDsp.o
 .text.GenDsp_DrawPoint
                0x08002ba8       0x34 Objects/GenDsp.o
 .text.GenDsp_DrawChar
                0x08002bdc       0xc8 Objects/GenDsp.o
 .text.GenDsp_DrawStr
                0x08002ca4       0x3c Objects/GenDsp.o
 .text.GenDsp_GetStrLen
                0x08002ce0       0x14 Objects/GenDsp.o
 .text.GenDsp_DrawLen
                0x08002cf4       0xcc Objects/GenDsp.o
 .text.GenDsp_Draw_Circle_Section
                0x08002dc0       0xcc Objects/GenDsp.o
 .text.GenDsp_Draw_Circle
                0x08002e8c       0x7c Objects/GenDsp.o
 .text.GenDsp_DrawCircle
                0x08002f08       0x10 Objects/GenDsp.o
 .text.GenDsp_DrawRectangle
                0x08002f18       0x60 Objects/GenDsp.o
 .text.GenDsp_DrawNum
                0x08002f78       0x34 Objects/GenDsp.o
 .text.SysTick_CLKSourceConfig
                0x08002fac       0x20 Objects/misc.o
                0x08002fac                SysTick_CLKSourceConfig
 .text.DMA_Cmd  0x08002fcc       0x18 Objects/stm32f4xx_dma.o
                0x08002fcc                DMA_Cmd
 .text.DMA_SetCurrDataCounter
                0x08002fe4        0x4 Objects/stm32f4xx_dma.o
                0x08002fe4                DMA_SetCurrDataCounter
 .text.DMA_GetCurrDataCounter
                0x08002fe8        0x8 Objects/stm32f4xx_dma.o
                0x08002fe8                DMA_GetCurrDataCounter
 .text.DMA_ClearFlag
                0x08002ff0       0x34 Objects/stm32f4xx_dma.o
                0x08002ff0                DMA_ClearFlag
 .text.EXTI_ClearITPendingBit
                0x08003024        0xc Objects/stm32f4xx_exti.o
                0x08003024                EXTI_ClearITPendingBit
 .text.GPIO_Init
                0x08003030       0x84 Objects/stm32f4xx_gpio.o
                0x08003030                GPIO_Init
 .text.GPIO_ReadInputDataBit
                0x080030b4       0x10 Objects/stm32f4xx_gpio.o
                0x080030b4                GPIO_ReadInputDataBit
 .text.GPIO_SetBits
                0x080030c4        0x4 Objects/stm32f4xx_gpio.o
                0x080030c4                GPIO_SetBits
 .text.GPIO_ResetBits
                0x080030c8        0x4 Objects/stm32f4xx_gpio.o
                0x080030c8                GPIO_ResetBits
 .text.GPIO_PinAFConfig
                0x080030cc       0x30 Objects/stm32f4xx_gpio.o
                0x080030cc                GPIO_PinAFConfig
 .text.RCC_GetClocksFreq
                0x080030fc       0xb8 Objects/stm32f4xx_rcc.o
                0x080030fc                RCC_GetClocksFreq
 .text.RCC_AHB1PeriphClockCmd
                0x080031b4       0x1c Objects/stm32f4xx_rcc.o
                0x080031b4                RCC_AHB1PeriphClockCmd
 .text.RCC_APB1PeriphClockCmd
                0x080031d0       0x1c Objects/stm32f4xx_rcc.o
                0x080031d0                RCC_APB1PeriphClockCmd
 .text.RCC_APB2PeriphClockCmd
                0x080031ec       0x1c Objects/stm32f4xx_rcc.o
                0x080031ec                RCC_APB2PeriphClockCmd
 .text.RCC_APB1PeriphResetCmd
                0x08003208       0x1c Objects/stm32f4xx_rcc.o
                0x08003208                RCC_APB1PeriphResetCmd
 .text.RCC_APB2PeriphResetCmd
                0x08003224       0x1c Objects/stm32f4xx_rcc.o
                0x08003224                RCC_APB2PeriphResetCmd
 .text.SPI_I2S_DeInit
                0x08003240       0xc4 Objects/stm32f4xx_spi.o
                0x08003240                SPI_I2S_DeInit
 .text.SPI_Init
                0x08003304       0x4c Objects/stm32f4xx_spi.o
                0x08003304                SPI_Init
 .text.SPI_Cmd  0x08003350       0x1c Objects/stm32f4xx_spi.o
                0x08003350                SPI_Cmd
 .text.SPI_I2S_ReceiveData
                0x0800336c        0x8 Objects/stm32f4xx_spi.o
                0x0800336c                SPI_I2S_ReceiveData
 .text.SPI_I2S_SendData
                0x08003374        0x4 Objects/stm32f4xx_spi.o
                0x08003374                SPI_I2S_SendData
 .text.SPI_I2S_GetFlagStatus
                0x08003378       0x10 Objects/stm32f4xx_spi.o
                0x08003378                SPI_I2S_GetFlagStatus
 .text.TIM_GetITStatus
                0x08003388       0x18 Objects/stm32f4xx_tim.o
                0x08003388                TIM_GetITStatus
 .text.TIM_ClearITPendingBit
                0x080033a0        0x8 Objects/stm32f4xx_tim.o
                0x080033a0                TIM_ClearITPendingBit
 .text.USART_SendData
                0x080033a8        0x8 Objects/stm32f4xx_usart.o
                0x080033a8                USART_SendData
 .text.USART_ReceiveData
                0x080033b0        0x8 Objects/stm32f4xx_usart.o
                0x080033b0                USART_ReceiveData
 .text.USART_ITConfig
                0x080033b8       0x3c Objects/stm32f4xx_usart.o
                0x080033b8                USART_ITConfig
 .text.USART_GetITStatus
                0x080033f4       0x50 Objects/stm32f4xx_usart.o
                0x080033f4                USART_GetITStatus
 .text.USART_ClearITPendingBit
                0x08003444       0x10 Objects/stm32f4xx_usart.o
                0x08003444                USART_ClearITPendingBit
 .text.GPIO_SPI1_IO_Init
                0x08003454       0x58 Objects/periph_gpio.o
                0x08003454                GPIO_SPI1_IO_Init
 .text.GPIO_SPI2_IO_Init
                0x080034ac       0x78 Objects/periph_gpio.o
                0x080034ac                GPIO_SPI2_IO_Init
 .text.GPIO_SPI3_IO_Init
                0x08003524       0x58 Objects/periph_gpio.o
                0x08003524                GPIO_SPI3_IO_Init
 .text.GPIO_IO_Output_Init
                0x0800357c       0x34 Objects/periph_gpio.o
                0x0800357c                GPIO_IO_Output_Init
 .text.GPIO_IO_Input_Init
                0x080035b0       0x34 Objects/periph_gpio.o
                0x080035b0                GPIO_IO_Input_Init
 .text.GPIO_Get_IO_LEVEL
                0x080035e4        0x8 Objects/periph_gpio.o
                0x080035e4                GPIO_Get_IO_LEVEL
 .text.GPIO_Set_IO_LEVEL
                0x080035ec       0x14 Objects/periph_gpio.o
                0x080035ec                GPIO_Set_IO_LEVEL
 .text.USART1_IRQHandler
                0x08003600       0x88 Objects/periph_serial_irq.o
                0x08003600                USART1_IRQHandler
 .text.USART2_IRQHandler
                0x08003688       0x8c Objects/periph_serial_irq.o
                0x08003688                USART2_IRQHandler
 .text.USART3_IRQHandler
                0x08003714       0x8c Objects/periph_serial_irq.o
                0x08003714                USART3_IRQHandler
 .text.USART6_IRQHandler
                0x080037a0       0x8c Objects/periph_serial_irq.o
                0x080037a0                USART6_IRQHandler
 .text.periph_SPI_DeInit
                0x0800382c       0x14 Objects/periph_spi.o
                0x0800382c                periph_SPI_DeInit
 .text.periph_SPI_Init
                0x08003840       0xa0 Objects/periph_spi.o
                0x08003840                periph_SPI_Init
 .text.periph_SPI_SetSpeed
                0x080038e0       0x38 Objects/periph_spi.o
                0x080038e0                periph_SPI_SetSpeed
 .text.periph_SPI_WriteByte
                0x08003918       0x3c Objects/periph_spi.o
                0x08003918                periph_SPI_WriteByte
 .text.periph_SPI_ReadByte
                0x08003954       0x6c Objects/periph_spi.o
                0x08003954                periph_SPI_ReadByte
 .text.periph_SPI_ReadWriteByte
                0x080039c0       0x78 Objects/periph_spi.o
                0x080039c0                periph_SPI_ReadWriteByte
 .text.periph_SPI_Transfer
                0x08003a38       0xa0 Objects/periph_spi.o
                0x08003a38                periph_SPI_Transfer
 .text.TIM2_IRQHandler
                0x08003ad8       0x1c Objects/periph_timer_irq.o
                0x08003ad8                TIM2_IRQHandler
 .text.TIM3_IRQHandler
                0x08003af4       0x1c Objects/periph_timer_irq.o
                0x08003af4                TIM3_IRQHandler
 .text.TIM4_IRQHandler
                0x08003b10       0x1c Objects/periph_timer_irq.o
                0x08003b10                TIM4_IRQHandler
 .text.DMA1_Stream6_IRQHandler
                0x08003b2c        0x4 Objects/periph_dma_irq.o
                0x08003b2c                DMA1_Stream6_IRQHandler
 .text.DMA1_Stream3_IRQHandler
                0x08003b30        0x4 Objects/periph_dma_irq.o
                0x08003b30                DMA1_Stream3_IRQHandler
 .text.DMA2_Stream7_IRQHandler
                0x08003b34        0x4 Objects/periph_dma_irq.o
                0x08003b34                DMA2_Stream7_IRQHandler
 .text.DrvSpi_Transfer
                0x08003b38       0x10 Objects/drv_spi.o
 .text.DrvSpi_transmit_receive
                0x08003b48        0xc Objects/drv_spi.o
 .text.DrvSpi_Receive
                0x08003b54        0xc Objects/drv_spi.o
 .text.DrvSpi_Transmit
                0x08003b60        0xc Objects/drv_spi.o
 .text.DrvSpi_SetSpeed
                0x08003b6c        0xc Objects/drv_spi.o
 .text.DrvSpi_Close
                0x08003b78        0xc Objects/drv_spi.o
 .text.DrvSpi_Open
                0x08003b84       0x10 Objects/drv_spi.o
 .text.DrvGPIO_Close
                0x08003b94        0x4 Objects/drv_gpio.o
 .text.DrvGPIO_Get
                0x08003b98       0x20 Objects/drv_gpio.o
 .text.DrvGPIO_Control
                0x08003bb8       0x28 Objects/drv_gpio.o
 .text.DrvGPIO_Open
                0x08003be0       0x24 Objects/drv_gpio.o
 .text.USB_OTG_BSP_uDelay
                0x08003c04       0x24 Objects/usb_bsp.o
                0x08003c04                USB_OTG_BSP_uDelay
 .text.OTG_FS_WKUP_IRQHandler
                0x08003c28        0xc Objects/usb_bsp.o
                0x08003c28                OTG_FS_WKUP_IRQHandler
 .text.OTG_FS_IRQHandler
                0x08003c34       0x10 Objects/usb_bsp.o
                0x08003c34                OTG_FS_IRQHandler
 .text.USB_OTG_WritePacket
                0x08003c44       0x2c Objects/usb_core.o
                0x08003c44                USB_OTG_WritePacket
 .text.USB_OTG_ReadPacket
                0x08003c70       0x24 Objects/usb_core.o
                0x08003c70                USB_OTG_ReadPacket
 .text.USB_OTG_FlushTxFifo
                0x08003c94       0x48 Objects/usb_core.o
                0x08003c94                USB_OTG_FlushTxFifo
 .text.USB_OTG_GetMode
                0x08003cdc        0xc Objects/usb_core.o
                0x08003cdc                USB_OTG_GetMode
 .text.USB_OTG_IsDeviceMode
                0x08003ce8       0x10 Objects/usb_core.o
                0x08003ce8                USB_OTG_IsDeviceMode
 .text.USB_OTG_ReadCoreItr
                0x08003cf8        0xc Objects/usb_core.o
                0x08003cf8                USB_OTG_ReadCoreItr
 .text.USB_OTG_GetDeviceSpeed
                0x08003d04       0x20 Objects/usb_core.o
                0x08003d04                USB_OTG_GetDeviceSpeed
 .text.USB_OTG_EP0Activate
                0x08003d24       0x2c Objects/usb_core.o
                0x08003d24                USB_OTG_EP0Activate
 .text.USB_OTG_EPActivate
                0x08003d50       0x64 Objects/usb_core.o
                0x08003d50                USB_OTG_EPActivate
 .text.USB_OTG_EPStartXfer
                0x08003db4      0x13c Objects/usb_core.o
                0x08003db4                USB_OTG_EPStartXfer
 .text.USB_OTG_EP0StartXfer
                0x08003ef0      0x128 Objects/usb_core.o
                0x08003ef0                USB_OTG_EP0StartXfer
 .text.USB_OTG_EPSetStall
                0x08004018       0x38 Objects/usb_core.o
                0x08004018                USB_OTG_EPSetStall
 .text.USB_OTG_EPClearStall
                0x08004050       0x38 Objects/usb_core.o
                0x08004050                USB_OTG_EPClearStall
 .text.USB_OTG_ReadDevAllOutEp_itr
                0x08004088        0xc Objects/usb_core.o
                0x08004088                USB_OTG_ReadDevAllOutEp_itr
 .text.USB_OTG_ReadDevOutEP_itr
                0x08004094       0x14 Objects/usb_core.o
                0x08004094                USB_OTG_ReadDevOutEP_itr
 .text.USB_OTG_ReadDevAllInEPItr
                0x080040a8        0xc Objects/usb_core.o
                0x080040a8                USB_OTG_ReadDevAllInEPItr
 .text.USB_OTG_EP0_OutStart
                0x080040b4       0x44 Objects/usb_core.o
                0x080040b4                USB_OTG_EP0_OutStart
 .text.DCD_HandleResume_ISR
                0x080040f8       0x40 Objects/usb_dcd_int.o
 .text.DCD_HandleUSBSuspend_ISR
                0x08004138       0x74 Objects/usb_dcd_int.o
 .text.DCD_HandleSof_ISR
                0x080041ac       0x1c Objects/usb_dcd_int.o
 .text.DCD_IsoINIncomplete_ISR
                0x080041c8       0x1c Objects/usb_dcd_int.o
 .text.DCD_IsoOUTIncomplete_ISR
                0x080041e4       0x1c Objects/usb_dcd_int.o
 .text.DCD_ReadDevInEP
                0x08004200       0x24 Objects/usb_dcd_int.o
 .text.DCD_HandleOutEP_ISR
                0x08004224       0xc8 Objects/usb_dcd_int.o
 .text.DCD_WriteEmptyTxFifo
                0x080042ec       0xac Objects/usb_dcd_int.o
 .text.DCD_HandleInEP_ISR
                0x08004398       0xdc Objects/usb_dcd_int.o
 .text.DCD_HandleRxStatusQueueLevel_ISR
                0x08004474       0x90 Objects/usb_dcd_int.o
 .text.DCD_HandleUsbReset_ISR
                0x08004504       0x98 Objects/usb_dcd_int.o
 .text.DCD_HandleEnumDone_ISR
                0x0800459c       0x48 Objects/usb_dcd_int.o
 .text.USBD_OTG_ISR_Handler
                0x080045e4       0xd0 Objects/usb_dcd_int.o
                0x080045e4                USBD_OTG_ISR_Handler
 .text.DCD_EP_Open
                0x080046b4       0x54 Objects/usb_dcd.o
                0x080046b4                DCD_EP_Open
 .text.DCD_EP_PrepareRx
                0x08004708       0x5c Objects/usb_dcd.o
                0x08004708                DCD_EP_PrepareRx
 .text.DCD_EP_Tx
                0x08004764       0x48 Objects/usb_dcd.o
                0x08004764                DCD_EP_Tx
 .text.DCD_EP_Stall
                0x080047ac       0x44 Objects/usb_dcd.o
                0x080047ac                DCD_EP_Stall
 .text.DCD_EP_ClrStall
                0x080047f0       0x44 Objects/usb_dcd.o
                0x080047f0                DCD_EP_ClrStall
 .text.DCD_EP_SetAddress
                0x08004834       0x10 Objects/usb_dcd.o
                0x08004834                DCD_EP_SetAddress
 .text.USBD_RunTestMode
                0x08004844       0x10 Objects/usbd_core.o
 .text.USBD_Resume
                0x08004854       0x18 Objects/usbd_core.o
 .text.USBD_Suspend
                0x0800486c       0x1c Objects/usbd_core.o
 .text.USBD_SOF
                0x08004888       0x10 Objects/usbd_core.o
 .text.USBD_IsoINIncomplete
                0x08004898       0x10 Objects/usbd_core.o
 .text.USBD_IsoOUTIncomplete
                0x080048a8       0x10 Objects/usbd_core.o
 .text.USBD_Reset
                0x080048b8       0x30 Objects/usbd_core.o
 .text.USBD_SetupStage
                0x080048e8       0x50 Objects/usbd_core.o
 .text.USBD_DataInStage
                0x08004938       0xb4 Objects/usbd_core.o
 .text.USBD_DataOutStage
                0x080049ec       0x78 Objects/usbd_core.o
 .text.USBD_SetCfg
                0x08004a64       0x18 Objects/usbd_core.o
                0x08004a64                USBD_SetCfg
 .text.USBD_ClrCfg
                0x08004a7c       0x10 Objects/usbd_core.o
                0x08004a7c                USBD_ClrCfg
 .text.USBD_CtlSendData
                0x08004a8c       0x20 Objects/usbd_ioreq.o
                0x08004a8c                USBD_CtlSendData
 .text.USBD_CtlContinueSendData
                0x08004aac       0x10 Objects/usbd_ioreq.o
                0x08004aac                USBD_CtlContinueSendData
 .text.USBD_CtlContinueRx
                0x08004abc       0x10 Objects/usbd_ioreq.o
                0x08004abc                USBD_CtlContinueRx
 .text.USBD_CtlSendStatus
                0x08004acc       0x20 Objects/usbd_ioreq.o
                0x08004acc                USBD_CtlSendStatus
 .text.USBD_CtlReceiveStatus
                0x08004aec       0x20 Objects/usbd_ioreq.o
                0x08004aec                USBD_CtlReceiveStatus
 .text.USBD_SetFeature
                0x08004b0c       0x7c Objects/usbd_req.o
 .text.USBD_ParseSetupRequest
                0x08004b88       0x44 Objects/usbd_req.o
                0x08004b88                USBD_ParseSetupRequest
 .text.USBD_CtlError
                0x08004bcc       0x1c Objects/usbd_req.o
                0x08004bcc                USBD_CtlError
 .text.USBD_GetDescriptor
                0x08004be8      0x10c Objects/usbd_req.o
 .text.USBD_SetAddress
                0x08004cf4       0x4c Objects/usbd_req.o
 .text.USBD_SetConfig
                0x08004d40       0x90 Objects/usbd_req.o
 .text.USBD_GetConfig
                0x08004dd0       0x3c Objects/usbd_req.o
 .text.USBD_GetStatus
                0x08004e0c       0x34 Objects/usbd_req.o
 .text.USBD_ClrFeature
                0x08004e40       0x30 Objects/usbd_req.o
 .text.USBD_StdDevReq
                0x08004e70       0x48 Objects/usbd_req.o
                0x08004e70                USBD_StdDevReq
 .text.USBD_StdItfReq
                0x08004eb8       0x38 Objects/usbd_req.o
                0x08004eb8                USBD_StdItfReq
 .text.USBD_StdEPReq
                0x08004ef0      0x124 Objects/usbd_req.o
                0x08004ef0                USBD_StdEPReq
 .text.NMI_Handler
                0x08005014        0x4 Objects/stm32f4xx_it.o
                0x08005014                NMI_Handler
 .text.HardFault_Handler
                0x08005018       0x14 Objects/stm32f4xx_it.o
                0x08005018                HardFault_Handler
 .text.MemManage_Handler
                0x0800502c        0x4 Objects/stm32f4xx_it.o
                0x0800502c                MemManage_Handler
 .text.BusFault_Handler
                0x08005030        0x4 Objects/stm32f4xx_it.o
                0x08005030                BusFault_Handler
 .text.UsageFault_Handler
                0x08005034        0x4 Objects/stm32f4xx_it.o
                0x08005034                UsageFault_Handler
 .text.SVC_Handler
                0x08005038        0x4 Objects/stm32f4xx_it.o
                0x08005038                SVC_Handler
 .text.DebugMon_Handler
                0x0800503c        0x4 Objects/stm32f4xx_it.o
                0x0800503c                DebugMon_Handler
 .text.PendSV_Handler
                0x08005040       0x3c Objects/stm32f4xx_it.o
                0x08005040                PendSV_Handler
 .text.SysTick_Handler
                0x0800507c       0x24 Objects/stm32f4xx_it.o
                0x0800507c                SysTick_Handler
 .text.SetSysClock
                0x080050a0       0xc4 Objects/system_stm32f4xx.o
 .text.SystemInit
                0x08005164       0x50 Objects/system_stm32f4xx.o
                0x08005164                SystemInit
 .text.Task_test_1
                0x080051b4       0x20 Objects/main.o
                0x080051b4                Task_test_1
 .text.Task_test_2
                0x080051d4       0x20 Objects/main.o
                0x080051d4                Task_test_2
 .text.Task_test_3
                0x080051f4       0x20 Objects/main.o
                0x080051f4                Task_test_3
 .text.Task_test_4
                0x08005214       0x20 Objects/main.o
                0x08005214                Task_test_4
 .text.main     0x08005234      0x14c Objects/main.o
                0x08005234                main
 .text.TaskWidget_Init
                0x08005380       0x98 Objects/Task_Widget.o
 .text.TestWidget_Dynamic_Dsp
                0x08005418      0x1c0 Objects/Task_Widget.o
 .text.TaskWidget_Core
                0x080055d8       0x50 Objects/Task_Widget.o
                0x080055d8                TaskWidget_Core
 .text.Reset_Handler
                0x08005628       0x50 Objects/startup_stm32f405xx.o
                0x08005628                Reset_Handler
 .text.Default_Handler
                0x08005678        0x2 Objects/startup_stm32f405xx.o
                0x08005678                RTC_Alarm_IRQHandler
                0x08005678                HASH_RNG_IRQHandler
                0x08005678                EXTI2_IRQHandler
                0x08005678                TIM8_CC_IRQHandler
                0x08005678                TIM1_CC_IRQHandler
                0x08005678                DMA2_Stream5_IRQHandler
                0x08005678                DMA1_Stream5_IRQHandler
                0x08005678                PVD_IRQHandler
                0x08005678                SDIO_IRQHandler
                0x08005678                TAMP_STAMP_IRQHandler
                0x08005678                CAN2_RX1_IRQHandler
                0x08005678                EXTI3_IRQHandler
                0x08005678                TIM8_TRG_COM_TIM14_IRQHandler
                0x08005678                TIM1_UP_TIM10_IRQHandler
                0x08005678                TIM8_UP_TIM13_IRQHandler
                0x08005678                I2C3_ER_IRQHandler
                0x08005678                EXTI0_IRQHandler
                0x08005678                I2C2_EV_IRQHandler
                0x08005678                DMA1_Stream2_IRQHandler
                0x08005678                CAN1_RX0_IRQHandler
                0x08005678                FPU_IRQHandler
                0x08005678                OTG_HS_WKUP_IRQHandler
                0x08005678                CAN2_SCE_IRQHandler
                0x08005678                DMA2_Stream2_IRQHandler
                0x08005678                SPI1_IRQHandler
                0x08005678                TIM6_DAC_IRQHandler
                0x08005678                TIM1_BRK_TIM9_IRQHandler
                0x08005678                CAN2_RX0_IRQHandler
                0x08005678                DMA2_Stream3_IRQHandler
                0x08005678                CAN1_RX1_IRQHandler
                0x08005678                UART5_IRQHandler
                0x08005678                DMA2_Stream0_IRQHandler
                0x08005678                I2C1_EV_IRQHandler
                0x08005678                DMA1_Stream1_IRQHandler
                0x08005678                UART4_IRQHandler
                0x08005678                RCC_IRQHandler
                0x08005678                TIM8_BRK_TIM12_IRQHandler
                0x08005678                Default_Handler
                0x08005678                EXTI15_10_IRQHandler
                0x08005678                ADC_IRQHandler
                0x08005678                DMA1_Stream7_IRQHandler
                0x08005678                TIM7_IRQHandler
                0x08005678                CAN2_TX_IRQHandler
                0x08005678                TIM5_IRQHandler
                0x08005678                I2C3_EV_IRQHandler
                0x08005678                EXTI9_5_IRQHandler
                0x08005678                RTC_WKUP_IRQHandler
                0x08005678                SPI2_IRQHandler
                0x08005678                OTG_HS_EP1_IN_IRQHandler
                0x08005678                DMA1_Stream0_IRQHandler
                0x08005678                CAN1_TX_IRQHandler
                0x08005678                EXTI4_IRQHandler
                0x08005678                FSMC_IRQHandler
                0x08005678                OTG_HS_EP1_OUT_IRQHandler
                0x08005678                WWDG_IRQHandler
                0x08005678                TIM1_TRG_COM_TIM11_IRQHandler
                0x08005678                OTG_HS_IRQHandler
                0x08005678                EXTI1_IRQHandler
                0x08005678                I2C2_ER_IRQHandler
                0x08005678                DMA2_Stream1_IRQHandler
                0x08005678                CAN1_SCE_IRQHandler
                0x08005678                FLASH_IRQHandler
                0x08005678                DMA2_Stream4_IRQHandler
                0x08005678                SPI3_IRQHandler
                0x08005678                DMA1_Stream4_IRQHandler
                0x08005678                I2C1_ER_IRQHandler
                0x08005678                DMA2_Stream6_IRQHandler
 *fill*         0x0800567a        0x2 
 .text.__libc_init_array
                0x0800567c       0x4c d:/gcc_arm/5.4 2016q3/bin/../lib/gcc/arm-none-eabi/5.4.1/../../../../arm-none-eabi/lib/armv7e-m/fpu\libc_nano.a(lib_a-init.o)
                0x0800567c                __libc_init_array
 .text.malloc   0x080056c8       0x10 d:/gcc_arm/5.4 2016q3/bin/../lib/gcc/arm-none-eabi/5.4.1/../../../../arm-none-eabi/lib/armv7e-m/fpu\libc_nano.a(lib_a-malloc.o)
                0x080056c8                malloc
 .text.free     0x080056d8       0x10 d:/gcc_arm/5.4 2016q3/bin/../lib/gcc/arm-none-eabi/5.4.1/../../../../arm-none-eabi/lib/armv7e-m/fpu\libc_nano.a(lib_a-malloc.o)
                0x080056d8                free
 .text.memcpy   0x080056e8       0x16 d:/gcc_arm/5.4 2016q3/bin/../lib/gcc/arm-none-eabi/5.4.1/../../../../arm-none-eabi/lib/armv7e-m/fpu\libc_nano.a(lib_a-memcpy-stub.o)
                0x080056e8                memcpy
 .text.memset   0x080056fe       0x10 d:/gcc_arm/5.4 2016q3/bin/../lib/gcc/arm-none-eabi/5.4.1/../../../../arm-none-eabi/lib/armv7e-m/fpu\libc_nano.a(lib_a-memset.o)
                0x080056fe                memset
 *fill*         0x0800570e        0x2 
 .text._free_r  0x08005710       0x9c d:/gcc_arm/5.4 2016q3/bin/../lib/gcc/arm-none-eabi/5.4.1/../../../../arm-none-eabi/lib/armv7e-m/fpu\libc_nano.a(lib_a-nano-freer.o)
                0x08005710                _free_r
 .text._malloc_r
                0x080057ac       0xbc d:/gcc_arm/5.4 2016q3/bin/../lib/gcc/arm-none-eabi/5.4.1/../../../../arm-none-eabi/lib/armv7e-m/fpu\libc_nano.a(lib_a-nano-mallocr.o)
                0x080057ac                _malloc_r
 .text.__cvt    0x08005868       0xc8 d:/gcc_arm/5.4 2016q3/bin/../lib/gcc/arm-none-eabi/5.4.1/../../../../arm-none-eabi/lib/armv7e-m/fpu\libc_nano.a(lib_a-nano-vfprintf_float.o)
                0x08005868                __cvt
 .text.__exponent
                0x08005930       0x60 d:/gcc_arm/5.4 2016q3/bin/../lib/gcc/arm-none-eabi/5.4.1/../../../../arm-none-eabi/lib/armv7e-m/fpu\libc_nano.a(lib_a-nano-vfprintf_float.o)
                0x08005930                __exponent
 .text._printf_float
                0x08005990      0x47c d:/gcc_arm/5.4 2016q3/bin/../lib/gcc/arm-none-eabi/5.4.1/../../../../arm-none-eabi/lib/armv7e-m/fpu\libc_nano.a(lib_a-nano-vfprintf_float.o)
                0x08005990                _printf_float
 .text._printf_common
                0x08005e0c       0xec d:/gcc_arm/5.4 2016q3/bin/../lib/gcc/arm-none-eabi/5.4.1/../../../../arm-none-eabi/lib/armv7e-m/fpu\libc_nano.a(lib_a-nano-vfprintf_i.o)
                0x08005e0c                _printf_common
 .text._printf_i
                0x08005ef8      0x24c d:/gcc_arm/5.4 2016q3/bin/../lib/gcc/arm-none-eabi/5.4.1/../../../../arm-none-eabi/lib/armv7e-m/fpu\libc_nano.a(lib_a-nano-vfprintf_i.o)
                0x08005ef8                _printf_i
 .text._sbrk_r  0x08006144       0x20 d:/gcc_arm/5.4 2016q3/bin/../lib/gcc/arm-none-eabi/5.4.1/../../../../arm-none-eabi/lib/armv7e-m/fpu\libc_nano.a(lib_a-sbrkr.o)
                0x08006144                _sbrk_r
 .text.sprintf  0x08006164       0x48 d:/gcc_arm/5.4 2016q3/bin/../lib/gcc/arm-none-eabi/5.4.1/../../../../arm-none-eabi/lib/armv7e-m/fpu\libc_nano.a(lib_a-sprintf.o)
                0x08006164                siprintf
                0x08006164                sprintf
 .text.quorem   0x080061ac      0x11e d:/gcc_arm/5.4 2016q3/bin/../lib/gcc/arm-none-eabi/5.4.1/../../../../arm-none-eabi/lib/armv7e-m/fpu\libc_nano.a(lib_a-dtoa.o)
 *fill*         0x080062ca        0x6 
 .text._dtoa_r  0x080062d0      0xb40 d:/gcc_arm/5.4 2016q3/bin/../lib/gcc/arm-none-eabi/5.4.1/../../../../arm-none-eabi/lib/armv7e-m/fpu\libc_nano.a(lib_a-dtoa.o)
                0x080062d0                _dtoa_r
 .text._localeconv_r
                0x08006e10       0x1c d:/gcc_arm/5.4 2016q3/bin/../lib/gcc/arm-none-eabi/5.4.1/../../../../arm-none-eabi/lib/armv7e-m/fpu\libc_nano.a(lib_a-localeconv.o)
                0x08006e10                _localeconv_r
 .text.__malloc_lock
                0x08006e2c        0x2 d:/gcc_arm/5.4 2016q3/bin/../lib/gcc/arm-none-eabi/5.4.1/../../../../arm-none-eabi/lib/armv7e-m/fpu\libc_nano.a(lib_a-mlock.o)
                0x08006e2c                __malloc_lock
 .text.__malloc_unlock
                0x08006e2e        0x2 d:/gcc_arm/5.4 2016q3/bin/../lib/gcc/arm-none-eabi/5.4.1/../../../../arm-none-eabi/lib/armv7e-m/fpu\libc_nano.a(lib_a-mlock.o)
                0x08006e2e                __malloc_unlock
 .text._Balloc  0x08006e30       0x6a d:/gcc_arm/5.4 2016q3/bin/../lib/gcc/arm-none-eabi/5.4.1/../../../../arm-none-eabi/lib/armv7e-m/fpu\libc_nano.a(lib_a-mprec.o)
                0x08006e30                _Balloc
 .text._Bfree   0x08006e9a       0x2e d:/gcc_arm/5.4 2016q3/bin/../lib/gcc/arm-none-eabi/5.4.1/../../../../arm-none-eabi/lib/armv7e-m/fpu\libc_nano.a(lib_a-mprec.o)
                0x08006e9a                _Bfree
 .text.__multadd
                0x08006ec8       0x76 d:/gcc_arm/5.4 2016q3/bin/../lib/gcc/arm-none-eabi/5.4.1/../../../../arm-none-eabi/lib/armv7e-m/fpu\libc_nano.a(lib_a-mprec.o)
                0x08006ec8                __multadd
 .text.__hi0bits
                0x08006f3e       0x40 d:/gcc_arm/5.4 2016q3/bin/../lib/gcc/arm-none-eabi/5.4.1/../../../../arm-none-eabi/lib/armv7e-m/fpu\libc_nano.a(lib_a-mprec.o)
                0x08006f3e                __hi0bits
 .text.__lo0bits
                0x08006f7e       0x5a d:/gcc_arm/5.4 2016q3/bin/../lib/gcc/arm-none-eabi/5.4.1/../../../../arm-none-eabi/lib/armv7e-m/fpu\libc_nano.a(lib_a-mprec.o)
                0x08006f7e                __lo0bits
 .text.__i2b    0x08006fd8       0x12 d:/gcc_arm/5.4 2016q3/bin/../lib/gcc/arm-none-eabi/5.4.1/../../../../arm-none-eabi/lib/armv7e-m/fpu\libc_nano.a(lib_a-mprec.o)
                0x08006fd8                __i2b
 .text.__multiply
                0x08006fea      0x122 d:/gcc_arm/5.4 2016q3/bin/../lib/gcc/arm-none-eabi/5.4.1/../../../../arm-none-eabi/lib/armv7e-m/fpu\libc_nano.a(lib_a-mprec.o)
                0x08006fea                __multiply
 .text.__pow5mult
                0x0800710c       0x9c d:/gcc_arm/5.4 2016q3/bin/../lib/gcc/arm-none-eabi/5.4.1/../../../../arm-none-eabi/lib/armv7e-m/fpu\libc_nano.a(lib_a-mprec.o)
                0x0800710c                __pow5mult
 .text.__lshift
                0x080071a8       0xa2 d:/gcc_arm/5.4 2016q3/bin/../lib/gcc/arm-none-eabi/5.4.1/../../../../arm-none-eabi/lib/armv7e-m/fpu\libc_nano.a(lib_a-mprec.o)
                0x080071a8                __lshift
 .text.__mcmp   0x0800724a       0x38 d:/gcc_arm/5.4 2016q3/bin/../lib/gcc/arm-none-eabi/5.4.1/../../../../arm-none-eabi/lib/armv7e-m/fpu\libc_nano.a(lib_a-mprec.o)
                0x0800724a                __mcmp
 .text.__mdiff  0x08007282       0xbe d:/gcc_arm/5.4 2016q3/bin/../lib/gcc/arm-none-eabi/5.4.1/../../../../arm-none-eabi/lib/armv7e-m/fpu\libc_nano.a(lib_a-mprec.o)
                0x08007282                __mdiff
 .text.__d2b    0x08007340       0x9c d:/gcc_arm/5.4 2016q3/bin/../lib/gcc/arm-none-eabi/5.4.1/../../../../arm-none-eabi/lib/armv7e-m/fpu\libc_nano.a(lib_a-mprec.o)
                0x08007340                __d2b
 .text._calloc_r
                0x080073dc       0x1c d:/gcc_arm/5.4 2016q3/bin/../lib/gcc/arm-none-eabi/5.4.1/../../../../arm-none-eabi/lib/armv7e-m/fpu\libc_nano.a(lib_a-nano-callocr.o)
                0x080073dc                _calloc_r
 .text.__ssputs_r
                0x080073f8       0xb2 d:/gcc_arm/5.4 2016q3/bin/../lib/gcc/arm-none-eabi/5.4.1/../../../../arm-none-eabi/lib/armv7e-m/fpu\libc_nano.a(lib_a-nano-svfprintf.o)
                0x080073f8                __ssputs_r
 *fill*         0x080074aa        0x2 
 .text._svfprintf_r
                0x080074ac      0x1e8 d:/gcc_arm/5.4 2016q3/bin/../lib/gcc/arm-none-eabi/5.4.1/../../../../arm-none-eabi/lib/armv7e-m/fpu\libc_nano.a(lib_a-nano-svfprintf.o)
                0x080074ac                _svfiprintf_r
                0x080074ac                _svfprintf_r
 .text.__ascii_mbtowc
                0x08007694       0x24 d:/gcc_arm/5.4 2016q3/bin/../lib/gcc/arm-none-eabi/5.4.1/../../../../arm-none-eabi/lib/armv7e-m/fpu\libc_nano.a(lib_a-mbtowc_r.o)
                0x08007694                __ascii_mbtowc
 .text.memmove  0x080076b8       0x36 d:/gcc_arm/5.4 2016q3/bin/../lib/gcc/arm-none-eabi/5.4.1/../../../../arm-none-eabi/lib/armv7e-m/fpu\libc_nano.a(lib_a-memmove.o)
                0x080076b8                memmove
 .text._realloc_r
                0x080076ee       0x4c d:/gcc_arm/5.4 2016q3/bin/../lib/gcc/arm-none-eabi/5.4.1/../../../../arm-none-eabi/lib/armv7e-m/fpu\libc_nano.a(lib_a-nano-reallocr.o)
                0x080076ee                _realloc_r
 .text.__ascii_wctomb
                0x0800773a       0x1a d:/gcc_arm/5.4 2016q3/bin/../lib/gcc/arm-none-eabi/5.4.1/../../../../arm-none-eabi/lib/armv7e-m/fpu\libc_nano.a(lib_a-wctomb_r.o)
                0x0800773a                __ascii_wctomb
 .text._malloc_usable_size_r
                0x08007754       0x14 d:/gcc_arm/5.4 2016q3/bin/../lib/gcc/arm-none-eabi/5.4.1/../../../../arm-none-eabi/lib/armv7e-m/fpu\libc_nano.a(lib_a-nano-msizer.o)
                0x08007754                _malloc_usable_size_r
 .text._sbrk    0x08007768       0x1c d:/gcc_arm/5.4 2016q3/bin/../lib/gcc/arm-none-eabi/5.4.1/../../../../arm-none-eabi/lib/armv7e-m/fpu\libnosys.a(sbrk.o)
                0x08007768                _sbrk
 *(.glue_7)
 .glue_7        0x08007784        0x0 linker stubs
 *(.glue_7t)
 .glue_7t       0x08007784        0x0 linker stubs
 *(.eh_frame)
 .eh_frame      0x08007784        0x0 d:/gcc_arm/5.4 2016q3/bin/../lib/gcc/arm-none-eabi/5.4.1/armv7e-m/fpu/crtbegin.o
 *(.init)
 .init          0x08007784        0x4 d:/gcc_arm/5.4 2016q3/bin/../lib/gcc/arm-none-eabi/5.4.1/armv7e-m/fpu/crti.o
                0x08007784                _init
 .init          0x08007788        0x8 d:/gcc_arm/5.4 2016q3/bin/../lib/gcc/arm-none-eabi/5.4.1/armv7e-m/fpu/crtn.o
 *(.fini)
 .fini          0x08007790        0x4 d:/gcc_arm/5.4 2016q3/bin/../lib/gcc/arm-none-eabi/5.4.1/armv7e-m/fpu/crti.o
                0x08007790                _fini
 .fini          0x08007794        0x8 d:/gcc_arm/5.4 2016q3/bin/../lib/gcc/arm-none-eabi/5.4.1/armv7e-m/fpu/crtn.o
                0x0800779c                . = ALIGN (0x4)
                0x0800779c                _etext = .

.vfp11_veneer   0x0800779c        0x0
 .vfp11_veneer  0x0800779c        0x0 linker stubs

.v4_bx          0x0800779c        0x0
 .v4_bx         0x0800779c        0x0 linker stubs

.iplt           0x0800779c        0x0
 .iplt          0x0800779c        0x0 d:/gcc_arm/5.4 2016q3/bin/../lib/gcc/arm-none-eabi/5.4.1/armv7e-m/fpu/crtbegin.o

.rodata         0x080077a0      0xeb0
                0x080077a0                . = ALIGN (0x4)
 *(.rodata)
 *(.rodata*)
 .rodata.Tsk_Handle
                0x080077a0      0x100 Objects/task_manager.o
 .rodata.oled_asc2_1608
                0x080078a0      0x5f0 Objects/oledfont.o
                0x080078a0                oled_asc2_1608
 .rodata.oled_asc2_1206
                0x08007e90      0x474 Objects/oledfont.o
                0x08007e90                oled_asc2_1206
 .rodata.OledEnable_CMD
                0x08008304        0x2 Objects/oled1306.o
                0x08008304                OledEnable_CMD
 *fill*         0x08008306        0x2 
 .rodata.OledDisable_CMD
                0x08008308        0x2 Objects/oled1306.o
                0x08008308                OledDisable_CMD
 *fill*         0x0800830a        0x2 
 .rodata.str1.4
                0x0800830c        0x3 Objects/GenDsp.o
 *fill*         0x0800830f        0x1 
 .rodata.SPI_CLK
                0x08008310        0xc Objects/periph_spi.o
 .rodata.SPI_PORT
                0x0800831c        0xc Objects/periph_spi.o
 .rodata.SPI_IO_Init
                0x08008328        0xc Objects/periph_spi.o
 .rodata.divisorMap
                0x08008334        0xa Objects/periph_spi.o
 *fill*         0x0800833e        0x2 
 .rodata.str1.4
                0x08008340       0x27 Objects/main.o
 *fill*         0x08008367        0x1 
 .rodata.str1.4
                0x08008368       0x28 Objects/Task_Widget.o
                                 0x27 (size before relaxing)
 .rodata.str1.1
                0x08008390       0x12 d:/gcc_arm/5.4 2016q3/bin/../lib/gcc/arm-none-eabi/5.4.1/../../../../arm-none-eabi/lib/armv7e-m/fpu\libc_nano.a(lib_a-nano-vfprintf_float.o)
 .rodata.str1.1
                0x080083a2       0x22 d:/gcc_arm/5.4 2016q3/bin/../lib/gcc/arm-none-eabi/5.4.1/../../../../arm-none-eabi/lib/armv7e-m/fpu\libc_nano.a(lib_a-nano-vfprintf_i.o)
 .rodata.str1.1
                0x080083c4        0xd d:/gcc_arm/5.4 2016q3/bin/../lib/gcc/arm-none-eabi/5.4.1/../../../../arm-none-eabi/lib/armv7e-m/fpu\libc_nano.a(lib_a-dtoa.o)
                                  0xf (size before relaxing)
 *fill*         0x080083d1        0x3 
 .rodata.__sf_fake_stdin
                0x080083d4       0x20 d:/gcc_arm/5.4 2016q3/bin/../lib/gcc/arm-none-eabi/5.4.1/../../../../arm-none-eabi/lib/armv7e-m/fpu\libc_nano.a(lib_a-findfp.o)
                0x080083d4                __sf_fake_stdin
 .rodata.__sf_fake_stdout
                0x080083f4       0x20 d:/gcc_arm/5.4 2016q3/bin/../lib/gcc/arm-none-eabi/5.4.1/../../../../arm-none-eabi/lib/armv7e-m/fpu\libc_nano.a(lib_a-findfp.o)
                0x080083f4                __sf_fake_stdout
 .rodata.__sf_fake_stderr
                0x08008414       0x20 d:/gcc_arm/5.4 2016q3/bin/../lib/gcc/arm-none-eabi/5.4.1/../../../../arm-none-eabi/lib/armv7e-m/fpu\libc_nano.a(lib_a-findfp.o)
                0x08008414                __sf_fake_stderr
 *fill*         0x08008434        0x4 
 .rodata.__mprec_tens
                0x08008438       0xc8 d:/gcc_arm/5.4 2016q3/bin/../lib/gcc/arm-none-eabi/5.4.1/../../../../arm-none-eabi/lib/armv7e-m/fpu\libc_nano.a(lib_a-mprec.o)
                0x08008438                __mprec_tens
 .rodata.__mprec_bigtens
                0x08008500       0x28 d:/gcc_arm/5.4 2016q3/bin/../lib/gcc/arm-none-eabi/5.4.1/../../../../arm-none-eabi/lib/armv7e-m/fpu\libc_nano.a(lib_a-mprec.o)
                0x08008500                __mprec_bigtens
 .rodata.p05.6099
                0x08008528        0xc d:/gcc_arm/5.4 2016q3/bin/../lib/gcc/arm-none-eabi/5.4.1/../../../../arm-none-eabi/lib/armv7e-m/fpu\libc_nano.a(lib_a-mprec.o)
 .rodata.str1.1
                0x08008534       0x11 d:/gcc_arm/5.4 2016q3/bin/../lib/gcc/arm-none-eabi/5.4.1/../../../../arm-none-eabi/lib/armv7e-m/fpu\libc_nano.a(lib_a-nano-svfprintf.o)
 .rodata.str1.1
                0x08008545        0xa d:/gcc_arm/5.4 2016q3/bin/../lib/gcc/arm-none-eabi/5.4.1/../../../../arm-none-eabi/lib/armv7e-m/fpu\libc_nano.a(lib_a-locale.o)
                                  0xb (size before relaxing)
 .rodata._ctype_
                0x0800854f      0x101 d:/gcc_arm/5.4 2016q3/bin/../lib/gcc/arm-none-eabi/5.4.1/../../../../arm-none-eabi/lib/armv7e-m/fpu\libc_nano.a(lib_a-ctype_.o)
                0x0800854f                _ctype_
                0x08008650                . = ALIGN (0x4)

.ARM.extab
 *(.ARM.extab* .gnu.linkonce.armextab.*)

.ARM            0x08008650        0x8
                0x08008650                __exidx_start = .
 *(.ARM.exidx*)
 .ARM.exidx     0x08008650        0x8 d:/gcc_arm/5.4 2016q3/bin/../lib/gcc/arm-none-eabi/5.4.1/armv7e-m/fpu\libgcc.a(_udivmoddi4.o)
                0x08008658                __exidx_end = .

.rel.dyn        0x08008658        0x0
 .rel.iplt      0x08008658        0x0 d:/gcc_arm/5.4 2016q3/bin/../lib/gcc/arm-none-eabi/5.4.1/armv7e-m/fpu/crtbegin.o

.preinit_array  0x08008658        0x0
                0x08008658                PROVIDE (__preinit_array_start, .)
 *(.preinit_array*)
                0x08008658                PROVIDE (__preinit_array_end, .)

.init_array     0x08008658        0x4
                0x08008658                PROVIDE (__init_array_start, .)
 *(SORT(.init_array.*))
 *(.init_array*)
 .init_array    0x08008658        0x4 d:/gcc_arm/5.4 2016q3/bin/../lib/gcc/arm-none-eabi/5.4.1/armv7e-m/fpu/crtbegin.o
                0x0800865c                PROVIDE (__init_array_end, .)

.fini_array     0x0800865c        0x4
                [!provide]                PROVIDE (__fini_array_start, .)
 *(SORT(.fini_array.*))
 *(.fini_array*)
 .fini_array    0x0800865c        0x4 d:/gcc_arm/5.4 2016q3/bin/../lib/gcc/arm-none-eabi/5.4.1/armv7e-m/fpu/crtbegin.o
                [!provide]                PROVIDE (__fini_array_end, .)
                0x08008660                _sidata = LOADADDR (.data)

.data           0x20000000      0x2f0 load address 0x08008660
                0x20000000                . = ALIGN (0x4)
                0x20000000                _sdata = .
 *(.data)
 *(.data*)
 .data.DrvOled  0x20000000       0x1c Objects/oled1306.o
                0x20000000                DrvOled
 .data.SrvOled  0x2000001c       0x10 Objects/SrvOled.o
                0x2000001c                SrvOled
 .data.WidgetFresh_Reg
                0x2000002c        0x1 Objects/widget_mng.o
 *fill*         0x2000002d        0x3 
 .data.WidgetDraw_Interface
                0x20000030       0x1c Objects/widget_mng.o
 .data.Widget_Mng
                0x2000004c       0x1c Objects/widget_mng.o
                0x2000004c                Widget_Mng
 .data.WidgetCtl_Interface
                0x20000068       0x18 Objects/widget_mng.o
 .data.Widget_Config
                0x20000080        0x8 Objects/widget_mng.o
 .data.GenDsp_Interface
                0x20000088       0x28 Objects/GenDsp.o
                0x20000088                GenDsp_Interface
 .data.APBAHBPrescTable
                0x200000b0       0x10 Objects/stm32f4xx_rcc.o
 .data.GenSPI_Drv
                0x200000c0       0x1c Objects/drv_spi.o
                0x200000c0                GenSPI_Drv
 .data.GenGPIO_Drv
                0x200000dc       0x10 Objects/drv_gpio.o
                0x200000dc                GenGPIO_Drv
 .data.USBD_DCD_INT_fops
                0x200000ec        0x4 Objects/usbd_core.o
                0x200000ec                USBD_DCD_INT_fops
 .data.USBD_DCD_INT_cb
                0x200000f0       0x2c Objects/usbd_core.o
                0x200000f0                USBD_DCD_INT_cb
 .data.SystemCoreClock
                0x2000011c        0x4 Objects/system_stm32f4xx.o
                0x2000011c                SystemCoreClock
 .data.impure_data
                0x20000120       0x60 d:/gcc_arm/5.4 2016q3/bin/../lib/gcc/arm-none-eabi/5.4.1/../../../../arm-none-eabi/lib/armv7e-m/fpu\libc_nano.a(lib_a-impure.o)
 .data._impure_ptr
                0x20000180        0x4 d:/gcc_arm/5.4 2016q3/bin/../lib/gcc/arm-none-eabi/5.4.1/../../../../arm-none-eabi/lib/armv7e-m/fpu\libc_nano.a(lib_a-impure.o)
                0x20000180                _impure_ptr
 .data.__global_locale
                0x20000184      0x16c d:/gcc_arm/5.4 2016q3/bin/../lib/gcc/arm-none-eabi/5.4.1/../../../../arm-none-eabi/lib/armv7e-m/fpu\libc_nano.a(lib_a-locale.o)
                0x20000184                __global_locale
                0x200002f0                . = ALIGN (0x4)
                0x200002f0                _edata = .
                0x08008950                _siccmram = LOADADDR (.ccmram)

.jcr            0x200002f0        0x0 load address 0x08008950
 .jcr           0x200002f0        0x0 d:/gcc_arm/5.4 2016q3/bin/../lib/gcc/arm-none-eabi/5.4.1/armv7e-m/fpu/crtbegin.o

.igot.plt       0x200002f0        0x0 load address 0x08008950
 .igot.plt      0x200002f0        0x0 d:/gcc_arm/5.4 2016q3/bin/../lib/gcc/arm-none-eabi/5.4.1/armv7e-m/fpu/crtbegin.o

.ccmram         0x10000000        0x0 load address 0x08008950
                0x10000000                . = ALIGN (0x4)
                0x10000000                _sccmram = .
 *(.ccmram)
 *(.ccmram*)
                0x10000000                . = ALIGN (0x4)
                0x10000000                _eccmram = .
                0x10000000                . = ALIGN (0x4)

.bss            0x200002f0     0xaa8c
                0x200002f0                _sbss = .
                0x200002f0                __bss_start__ = _sbss
 *(.bss)
 .bss           0x200002f0       0x1c d:/gcc_arm/5.4 2016q3/bin/../lib/gcc/arm-none-eabi/5.4.1/armv7e-m/fpu/crtbegin.o
 *(.bss*)
 .bss.cfsr_reg_val
                0x2000030c        0x4 Objects/fault_check.o
                0x2000030c                cfsr_reg_val
 .bss.hardfault_reg_val
                0x20000310        0x4 Objects/fault_check.o
                0x20000310                hardfault_reg_val
 .bss.fac_us    0x20000314        0x1 Objects/delay.o
 *fill*         0x20000315        0x3 
 .bss.SysFrq    0x20000318       0x10 Objects/runtime.o
 .bss.RunTime   0x20000328       0x20 Objects/runtime.o
 .bss.Runtime_Stop_FuncPtr
                0x20000348        0x4 Objects/runtime.o
 .bss.TskHdl_RdyMap
                0x2000034c        0x9 Objects/task_manager.o
 .bss.taskOs_InitState.10061
                0x20000355        0x1 Objects/task_manager.o
 *fill*         0x20000356        0x2 
 .bss.TaskSys_StartTime
                0x20000358        0x8 Objects/task_manager.o
 .bss.TaskSys_Idle_Ocupy
                0x20000360        0x4 Objects/task_manager.o
 .bss.Task_OS_StkMem
                0x20000364     0xa000 Objects/task_manager.o
 .bss.TskHdl_PndMap
                0x2000a364        0x9 Objects/task_manager.o
 *fill*         0x2000a36d        0x3 
 .bss.TaskSys_Idle_US
                0x2000a370        0x4 Objects/task_manager.o
 .bss.TskSys_state
                0x2000a374        0x1 Objects/task_manager.o
 *fill*         0x2000a375        0x3 
 .bss.NxtRunTsk_Ptr
                0x2000a378        0x4 Objects/task_manager.o
                0x2000a378                NxtRunTsk_Ptr
 .bss.TskCrt_RegList
                0x2000a37c       0x18 Objects/task_manager.o
 .bss.PndHstTsk_Ptr
                0x2000a394        0x4 Objects/task_manager.o
                0x2000a394                PndHstTsk_Ptr
 .bss.CurRunTsk_Ptr
                0x2000a398        0x4 Objects/task_manager.o
                0x2000a398                CurRunTsk_Ptr
 .bss.Oled1306Obj
                0x2000a39c       0x1e Objects/SrvOled.o
 *fill*         0x2000a3ba        0x2 
 .bss.RS_IO_Obj
                0x2000a3bc       0x10 Objects/SrvOled.o
 .bss.DC_IO_Obj
                0x2000a3cc       0x10 Objects/SrvOled.o
 .bss.SrvInit_State
                0x2000a3dc        0x1 Objects/SrvOled.o
 *fill*         0x2000a3dd        0x3 
 .bss.BusInit_Structure
                0x2000a3e0        0x6 Objects/SrvOled.o
 *fill*         0x2000a3e6        0x2 
 .bss.CurActive_Widget
                0x2000a3e8        0x4 Objects/widget_mng.o
 .bss.MonitorDataObj
                0x2000a3ec       0x20 Objects/widget_mng.o
                0x2000a3ec                MonitorDataObj
 .bss.Error_Code
                0x2000a40c        0x1 Objects/widget_mng.o
 .bss.reg_checker.6444
                0x2000a40d        0x1 Objects/widget_mng.o
 *fill*         0x2000a40e        0x2 
 .bss.widget_blackboard
                0x2000a410        0x4 Objects/widget_mng.o
 .bss.DspRange  0x2000a414        0x4 Objects/GenDsp.o
                0x2000a414                DspRange
 .bss.USBD_cfg_status
                0x2000a418        0x4 Objects/usbd_req.o
                0x2000a418                USBD_cfg_status
 .bss.USBD_ep_status
                0x2000a41c        0x4 Objects/usbd_req.o
                0x2000a41c                USBD_ep_status
 .bss.USBD_default_cfg
                0x2000a420        0x4 Objects/usbd_req.o
                0x2000a420                USBD_default_cfg
 .bss.cfgidx.9891
                0x2000a424        0x1 Objects/usbd_req.o
 .bss.tasksystem_runstate.9915
                0x2000a425        0x1 Objects/stm32f4xx_it.o
 .bss.change.6475
                0x2000a426        0x1 Objects/Task_Widget.o
 *fill*         0x2000a427        0x1 
 .bss.TaskWidget_Hdl
                0x2000a428        0x4 Objects/Task_Widget.o
                0x2000a428                TaskWidget_Hdl
 .bss.move.6477
                0x2000a42c        0x1 Objects/Task_Widget.o
 .bss.dis.6476  0x2000a42d        0x1 Objects/Task_Widget.o
 .bss.rad.6474  0x2000a42e        0x1 Objects/Task_Widget.o
 .bss.TaskWidget_State
                0x2000a42f        0x1 Objects/Task_Widget.o
 .bss.test1     0x2000a430        0x4 Objects/Task_Widget.o
 .bss.test2     0x2000a434        0x4 Objects/Task_Widget.o
 .bss.test3     0x2000a438        0x4 Objects/Task_Widget.o
 .bss.test4     0x2000a43c        0x4 Objects/Task_Widget.o
 .bss.__malloc_sbrk_start
                0x2000a440        0x4 d:/gcc_arm/5.4 2016q3/bin/../lib/gcc/arm-none-eabi/5.4.1/../../../../arm-none-eabi/lib/armv7e-m/fpu\libc_nano.a(lib_a-nano-mallocr.o)
                0x2000a440                __malloc_sbrk_start
 .bss.__malloc_free_list
                0x2000a444        0x4 d:/gcc_arm/5.4 2016q3/bin/../lib/gcc/arm-none-eabi/5.4.1/../../../../arm-none-eabi/lib/armv7e-m/fpu\libc_nano.a(lib_a-nano-mallocr.o)
                0x2000a444                __malloc_free_list
 .bss.heap_end.4169
                0x2000a448        0x4 d:/gcc_arm/5.4 2016q3/bin/../lib/gcc/arm-none-eabi/5.4.1/../../../../arm-none-eabi/lib/armv7e-m/fpu\libnosys.a(sbrk.o)
 *(COMMON)
 COMMON         0x2000a44c      0x114 Objects/task_manager.o
                0x2000a44c                CurTsk_TCB
                0x2000a454                Task_Ptr
                0x2000a554                Task_OS_ExpStkBase
                0x2000a558                NxtTsk_TCB
 COMMON         0x2000a560      0x804 Objects/tm_stm32f4_usb_vcp.o
                0x2000a560                tm_int_usb_vcp_buf_in
                0x2000a564                tm_int_usb_vcp_buf_num
                0x2000a568                tm_int_usb_vcp_buf_out
                0x2000a56c                TM_INT_USB_VCP_ReceiveBuffer
                0x2000a66c                TM_IRQ_Data
                0x2000a770                USB_OTG_dev
 COMMON         0x2000ad64        0x4 Objects/usbd_core.o
                0x2000ad64                SET_TEST_MODE
 COMMON         0x2000ad68       0x10 Objects/main.o
                0x2000ad68                test2_tsk_hdl
                0x2000ad6c                test3_tsk_hdl
                0x2000ad70                test1_tsk_hdl
                0x2000ad74                test4_tsk_hdl
 COMMON         0x2000ad78        0x4 d:/gcc_arm/5.4 2016q3/bin/../lib/gcc/arm-none-eabi/5.4.1/../../../../arm-none-eabi/lib/armv7e-m/fpu\libc_nano.a(lib_a-reent.o)
                0x2000ad78                errno
                0x2000ad7c                . = ALIGN (0x4)
                0x2000ad7c                _ebss = .
                0x2000ad7c                __bss_end__ = _ebss

._user_heap_stack
                0x2000ad7c      0x604
                0x2000ad80                . = ALIGN (0x8)
 *fill*         0x2000ad7c        0x4 
                0x2000ad80                PROVIDE (end, .)
                [!provide]                PROVIDE (_end, .)
                0x2000af80                . = (. + _Min_Heap_Size)
 *fill*         0x2000ad80      0x200 
                0x2000b380                . = (. + _Min_Stack_Size)
 *fill*         0x2000af80      0x400 
                0x2000b380                . = ALIGN (0x8)

/DISCARD/
 libc.a(*)
 libm.a(*)
 libgcc.a(*)

.ARM.attributes
                0x00000000       0x30
 *(.ARM.attributes)
 .ARM.attributes
                0x00000000       0x22 d:/gcc_arm/5.4 2016q3/bin/../lib/gcc/arm-none-eabi/5.4.1/armv7e-m/fpu/crti.o
 .ARM.attributes
                0x00000022       0x34 d:/gcc_arm/5.4 2016q3/bin/../lib/gcc/arm-none-eabi/5.4.1/armv7e-m/fpu/crtbegin.o
 .ARM.attributes
                0x00000056       0x39 Objects/linked_list.o
 .ARM.attributes
                0x0000008f       0x39 Objects/fault_check.o
 .ARM.attributes
                0x000000c8       0x39 Objects/delay.o
 .ARM.attributes
                0x00000101       0x39 Objects/runtime.o
 .ARM.attributes
                0x0000013a       0x39 Objects/task_manager.o
 .ARM.attributes
                0x00000173       0x39 Objects/oledfont.o
 .ARM.attributes
                0x000001ac       0x39 Objects/oled1306.o
 .ARM.attributes
                0x000001e5       0x39 Objects/SrvOled.o
 .ARM.attributes
                0x0000021e       0x39 Objects/widget_mng.o
 .ARM.attributes
                0x00000257       0x39 Objects/GenDsp.o
 .ARM.attributes
                0x00000290       0x39 Objects/misc.o
 .ARM.attributes
                0x000002c9       0x39 Objects/stm32f4xx_dma.o
 .ARM.attributes
                0x00000302       0x39 Objects/stm32f4xx_exti.o
 .ARM.attributes
                0x0000033b       0x39 Objects/stm32f4xx_gpio.o
 .ARM.attributes
                0x00000374       0x39 Objects/stm32f4xx_rcc.o
 .ARM.attributes
                0x000003ad       0x39 Objects/stm32f4xx_spi.o
 .ARM.attributes
                0x000003e6       0x39 Objects/stm32f4xx_tim.o
 .ARM.attributes
                0x0000041f       0x39 Objects/stm32f4xx_usart.o
 .ARM.attributes
                0x00000458       0x39 Objects/periph_gpio.o
 .ARM.attributes
                0x00000491       0x39 Objects/periph_serial_irq.o
 .ARM.attributes
                0x000004ca       0x39 Objects/periph_spi.o
 .ARM.attributes
                0x00000503       0x39 Objects/periph_timer_irq.o
 .ARM.attributes
                0x0000053c       0x39 Objects/periph_dma_irq.o
 .ARM.attributes
                0x00000575       0x39 Objects/drv_spi.o
 .ARM.attributes
                0x000005ae       0x39 Objects/drv_gpio.o
 .ARM.attributes
                0x000005e7       0x39 Objects/tm_stm32f4_usb_vcp.o
 .ARM.attributes
                0x00000620       0x39 Objects/usb_bsp.o
 .ARM.attributes
                0x00000659       0x39 Objects/usb_core.o
 .ARM.attributes
                0x00000692       0x39 Objects/usb_dcd_int.o
 .ARM.attributes
                0x000006cb       0x39 Objects/usb_dcd.o
 .ARM.attributes
                0x00000704       0x39 Objects/usbd_core.o
 .ARM.attributes
                0x0000073d       0x39 Objects/usbd_ioreq.o
 .ARM.attributes
                0x00000776       0x39 Objects/usbd_req.o
 .ARM.attributes
                0x000007af       0x39 Objects/stm32f4xx_it.o
 .ARM.attributes
                0x000007e8       0x39 Objects/system_stm32f4xx.o
 .ARM.attributes
                0x00000821       0x39 Objects/main.o
 .ARM.attributes
                0x0000085a       0x39 Objects/Task_Widget.o
 .ARM.attributes
                0x00000893       0x21 Objects/startup_stm32f405xx.o
 .ARM.attributes
                0x000008b4       0x34 d:/gcc_arm/5.4 2016q3/bin/../lib/gcc/arm-none-eabi/5.4.1/../../../../arm-none-eabi/lib/armv7e-m/fpu\libc_nano.a(lib_a-impure.o)
 .ARM.attributes
                0x000008e8       0x34 d:/gcc_arm/5.4 2016q3/bin/../lib/gcc/arm-none-eabi/5.4.1/../../../../arm-none-eabi/lib/armv7e-m/fpu\libc_nano.a(lib_a-init.o)
 .ARM.attributes
                0x0000091c       0x34 d:/gcc_arm/5.4 2016q3/bin/../lib/gcc/arm-none-eabi/5.4.1/../../../../arm-none-eabi/lib/armv7e-m/fpu\libc_nano.a(lib_a-malloc.o)
 .ARM.attributes
                0x00000950       0x34 d:/gcc_arm/5.4 2016q3/bin/../lib/gcc/arm-none-eabi/5.4.1/../../../../arm-none-eabi/lib/armv7e-m/fpu\libc_nano.a(lib_a-memcpy-stub.o)
 .ARM.attributes
                0x00000984       0x34 d:/gcc_arm/5.4 2016q3/bin/../lib/gcc/arm-none-eabi/5.4.1/../../../../arm-none-eabi/lib/armv7e-m/fpu\libc_nano.a(lib_a-memset.o)
 .ARM.attributes
                0x000009b8       0x34 d:/gcc_arm/5.4 2016q3/bin/../lib/gcc/arm-none-eabi/5.4.1/../../../../arm-none-eabi/lib/armv7e-m/fpu\libc_nano.a(lib_a-nano-freer.o)
 .ARM.attributes
                0x000009ec       0x34 d:/gcc_arm/5.4 2016q3/bin/../lib/gcc/arm-none-eabi/5.4.1/../../../../arm-none-eabi/lib/armv7e-m/fpu\libc_nano.a(lib_a-nano-mallocr.o)
 .ARM.attributes
                0x00000a20       0x34 d:/gcc_arm/5.4 2016q3/bin/../lib/gcc/arm-none-eabi/5.4.1/../../../../arm-none-eabi/lib/armv7e-m/fpu\libc_nano.a(lib_a-nano-vfprintf_float.o)
 .ARM.attributes
                0x00000a54       0x34 d:/gcc_arm/5.4 2016q3/bin/../lib/gcc/arm-none-eabi/5.4.1/../../../../arm-none-eabi/lib/armv7e-m/fpu\libc_nano.a(lib_a-nano-vfprintf_i.o)
 .ARM.attributes
                0x00000a88       0x34 d:/gcc_arm/5.4 2016q3/bin/../lib/gcc/arm-none-eabi/5.4.1/../../../../arm-none-eabi/lib/armv7e-m/fpu\libc_nano.a(lib_a-sbrkr.o)
 .ARM.attributes
                0x00000abc       0x34 d:/gcc_arm/5.4 2016q3/bin/../lib/gcc/arm-none-eabi/5.4.1/../../../../arm-none-eabi/lib/armv7e-m/fpu\libc_nano.a(lib_a-sprintf.o)
 .ARM.attributes
                0x00000af0       0x1b d:/gcc_arm/5.4 2016q3/bin/../lib/gcc/arm-none-eabi/5.4.1/../../../../arm-none-eabi/lib/armv7e-m/fpu\libc_nano.a(lib_a-strlen.o)
 .ARM.attributes
                0x00000b0b       0x34 d:/gcc_arm/5.4 2016q3/bin/../lib/gcc/arm-none-eabi/5.4.1/../../../../arm-none-eabi/lib/armv7e-m/fpu\libc_nano.a(lib_a-dtoa.o)
 .ARM.attributes
                0x00000b3f       0x34 d:/gcc_arm/5.4 2016q3/bin/../lib/gcc/arm-none-eabi/5.4.1/../../../../arm-none-eabi/lib/armv7e-m/fpu\libc_nano.a(lib_a-findfp.o)
 .ARM.attributes
                0x00000b73       0x34 d:/gcc_arm/5.4 2016q3/bin/../lib/gcc/arm-none-eabi/5.4.1/../../../../arm-none-eabi/lib/armv7e-m/fpu\libc_nano.a(lib_a-localeconv.o)
 .ARM.attributes
                0x00000ba7       0x20 d:/gcc_arm/5.4 2016q3/bin/../lib/gcc/arm-none-eabi/5.4.1/../../../../arm-none-eabi/lib/armv7e-m/fpu\libc_nano.a(lib_a-memchr.o)
 .ARM.attributes
                0x00000bc7       0x34 d:/gcc_arm/5.4 2016q3/bin/../lib/gcc/arm-none-eabi/5.4.1/../../../../arm-none-eabi/lib/armv7e-m/fpu\libc_nano.a(lib_a-mlock.o)
 .ARM.attributes
                0x00000bfb       0x34 d:/gcc_arm/5.4 2016q3/bin/../lib/gcc/arm-none-eabi/5.4.1/../../../../arm-none-eabi/lib/armv7e-m/fpu\libc_nano.a(lib_a-mprec.o)
 .ARM.attributes
                0x00000c2f       0x34 d:/gcc_arm/5.4 2016q3/bin/../lib/gcc/arm-none-eabi/5.4.1/../../../../arm-none-eabi/lib/armv7e-m/fpu\libc_nano.a(lib_a-nano-callocr.o)
 .ARM.attributes
                0x00000c63       0x34 d:/gcc_arm/5.4 2016q3/bin/../lib/gcc/arm-none-eabi/5.4.1/../../../../arm-none-eabi/lib/armv7e-m/fpu\libc_nano.a(lib_a-nano-svfprintf.o)
 .ARM.attributes
                0x00000c97       0x34 d:/gcc_arm/5.4 2016q3/bin/../lib/gcc/arm-none-eabi/5.4.1/../../../../arm-none-eabi/lib/armv7e-m/fpu\libc_nano.a(lib_a-reent.o)
 .ARM.attributes
                0x00000ccb       0x34 d:/gcc_arm/5.4 2016q3/bin/../lib/gcc/arm-none-eabi/5.4.1/../../../../arm-none-eabi/lib/armv7e-m/fpu\libc_nano.a(lib_a-locale.o)
 .ARM.attributes
                0x00000cff       0x34 d:/gcc_arm/5.4 2016q3/bin/../lib/gcc/arm-none-eabi/5.4.1/../../../../arm-none-eabi/lib/armv7e-m/fpu\libc_nano.a(lib_a-mbtowc_r.o)
 .ARM.attributes
                0x00000d33       0x34 d:/gcc_arm/5.4 2016q3/bin/../lib/gcc/arm-none-eabi/5.4.1/../../../../arm-none-eabi/lib/armv7e-m/fpu\libc_nano.a(lib_a-memmove.o)
 .ARM.attributes
                0x00000d67       0x34 d:/gcc_arm/5.4 2016q3/bin/../lib/gcc/arm-none-eabi/5.4.1/../../../../arm-none-eabi/lib/armv7e-m/fpu\libc_nano.a(lib_a-nano-reallocr.o)
 .ARM.attributes
                0x00000d9b       0x34 d:/gcc_arm/5.4 2016q3/bin/../lib/gcc/arm-none-eabi/5.4.1/../../../../arm-none-eabi/lib/armv7e-m/fpu\libc_nano.a(lib_a-wctomb_r.o)
 .ARM.attributes
                0x00000dcf       0x34 d:/gcc_arm/5.4 2016q3/bin/../lib/gcc/arm-none-eabi/5.4.1/../../../../arm-none-eabi/lib/armv7e-m/fpu\libc_nano.a(lib_a-ctype_.o)
 .ARM.attributes
                0x00000e03       0x34 d:/gcc_arm/5.4 2016q3/bin/../lib/gcc/arm-none-eabi/5.4.1/../../../../arm-none-eabi/lib/armv7e-m/fpu\libc_nano.a(lib_a-nano-msizer.o)
 .ARM.attributes
                0x00000e37       0x34 d:/gcc_arm/5.4 2016q3/bin/../lib/gcc/arm-none-eabi/5.4.1/../../../../arm-none-eabi/lib/armv7e-m/fpu\libnosys.a(sbrk.o)
 .ARM.attributes
                0x00000e6b       0x22 d:/gcc_arm/5.4 2016q3/bin/../lib/gcc/arm-none-eabi/5.4.1/armv7e-m/fpu\libgcc.a(_arm_addsubdf3.o)
 .ARM.attributes
                0x00000e8d       0x22 d:/gcc_arm/5.4 2016q3/bin/../lib/gcc/arm-none-eabi/5.4.1/armv7e-m/fpu\libgcc.a(_arm_muldivdf3.o)
 .ARM.attributes
                0x00000eaf       0x22 d:/gcc_arm/5.4 2016q3/bin/../lib/gcc/arm-none-eabi/5.4.1/armv7e-m/fpu\libgcc.a(_arm_cmpdf2.o)
 .ARM.attributes
                0x00000ed1       0x22 d:/gcc_arm/5.4 2016q3/bin/../lib/gcc/arm-none-eabi/5.4.1/armv7e-m/fpu\libgcc.a(_arm_unorddf2.o)
 .ARM.attributes
                0x00000ef3       0x22 d:/gcc_arm/5.4 2016q3/bin/../lib/gcc/arm-none-eabi/5.4.1/armv7e-m/fpu\libgcc.a(_arm_fixdfsi.o)
 .ARM.attributes
                0x00000f15       0x22 d:/gcc_arm/5.4 2016q3/bin/../lib/gcc/arm-none-eabi/5.4.1/armv7e-m/fpu\libgcc.a(_arm_fixunsdfsi.o)
 .ARM.attributes
                0x00000f37       0x22 d:/gcc_arm/5.4 2016q3/bin/../lib/gcc/arm-none-eabi/5.4.1/armv7e-m/fpu\libgcc.a(_arm_addsubsf3.o)
 .ARM.attributes
                0x00000f59       0x22 d:/gcc_arm/5.4 2016q3/bin/../lib/gcc/arm-none-eabi/5.4.1/armv7e-m/fpu\libgcc.a(_aeabi_uldivmod.o)
 .ARM.attributes
                0x00000f7b       0x34 d:/gcc_arm/5.4 2016q3/bin/../lib/gcc/arm-none-eabi/5.4.1/armv7e-m/fpu\libgcc.a(_udivmoddi4.o)
 .ARM.attributes
                0x00000faf       0x22 d:/gcc_arm/5.4 2016q3/bin/../lib/gcc/arm-none-eabi/5.4.1/armv7e-m/fpu\libgcc.a(_dvmd_tls.o)
 .ARM.attributes
                0x00000fd1       0x22 d:/gcc_arm/5.4 2016q3/bin/../lib/gcc/arm-none-eabi/5.4.1/armv7e-m/fpu/crtn.o
OUTPUT(Objects/BitRTOS.elf elf32-littlearm)

.debug_info     0x00000000    0x1e460
 .debug_info    0x00000000      0x7b8 Objects/linked_list.o
 .debug_info    0x000007b8      0x43f Objects/fault_check.o
 .debug_info    0x00000bf7      0x288 Objects/delay.o
 .debug_info    0x00000e7f      0xc15 Objects/runtime.o
 .debug_info    0x00001a94     0x170d Objects/task_manager.o
 .debug_info    0x000031a1       0xe0 Objects/oledfont.o
 .debug_info    0x00003281      0xa9f Objects/oled1306.o
 .debug_info    0x00003d20      0xb59 Objects/SrvOled.o
 .debug_info    0x00004879     0x1995 Objects/widget_mng.o
 .debug_info    0x0000620e      0xd20 Objects/GenDsp.o
 .debug_info    0x00006f2e      0x5d2 Objects/misc.o
 .debug_info    0x00007500      0x7c3 Objects/stm32f4xx_dma.o
 .debug_info    0x00007cc3      0x389 Objects/stm32f4xx_exti.o
 .debug_info    0x0000804c      0x8aa Objects/stm32f4xx_gpio.o
 .debug_info    0x000088f6      0xfcd Objects/stm32f4xx_rcc.o
 .debug_info    0x000098c3      0xd93 Objects/stm32f4xx_spi.o
 .debug_info    0x0000a656     0x230a Objects/stm32f4xx_tim.o
 .debug_info    0x0000c960      0xc56 Objects/stm32f4xx_usart.o
 .debug_info    0x0000d5b6      0xf55 Objects/periph_gpio.o
 .debug_info    0x0000e50b      0x893 Objects/periph_serial_irq.o
 .debug_info    0x0000ed9e      0x9d7 Objects/periph_spi.o
 .debug_info    0x0000f775      0x425 Objects/periph_timer_irq.o
 .debug_info    0x0000fb9a       0xdf Objects/periph_dma_irq.o
 .debug_info    0x0000fc79      0x558 Objects/drv_spi.o
 .debug_info    0x000101d1      0x473 Objects/drv_gpio.o
 .debug_info    0x00010644     0x123d Objects/tm_stm32f4_usb_vcp.o
 .debug_info    0x00011881     0x1377 Objects/usb_bsp.o
 .debug_info    0x00012bf8     0x2987 Objects/usb_core.o
 .debug_info    0x0001557f     0x2416 Objects/usb_dcd_int.o
 .debug_info    0x00017995     0x145c Objects/usb_dcd.o
 .debug_info    0x00018df1     0x145d Objects/usbd_core.o
 .debug_info    0x0001a24e      0xf5e Objects/usbd_ioreq.o
 .debug_info    0x0001b1ac     0x16bc Objects/usbd_req.o
 .debug_info    0x0001c868      0x4b4 Objects/stm32f4xx_it.o
 .debug_info    0x0001cd1c      0x6bc Objects/system_stm32f4xx.o
 .debug_info    0x0001d3d8      0x794 Objects/main.o
 .debug_info    0x0001db6c      0x89f Objects/Task_Widget.o
 .debug_info    0x0001e40b       0x55 Objects/startup_stm32f405xx.o

.debug_abbrev   0x00000000     0x49b7
 .debug_abbrev  0x00000000      0x247 Objects/linked_list.o
 .debug_abbrev  0x00000247      0x169 Objects/fault_check.o
 .debug_abbrev  0x000003b0      0x129 Objects/delay.o
 .debug_abbrev  0x000004d9      0x2db Objects/runtime.o
 .debug_abbrev  0x000007b4      0x444 Objects/task_manager.o
 .debug_abbrev  0x00000bf8       0x5d Objects/oledfont.o
 .debug_abbrev  0x00000c55      0x218 Objects/oled1306.o
 .debug_abbrev  0x00000e6d      0x234 Objects/SrvOled.o
 .debug_abbrev  0x000010a1      0x316 Objects/widget_mng.o
 .debug_abbrev  0x000013b7      0x221 Objects/GenDsp.o
 .debug_abbrev  0x000015d8      0x156 Objects/misc.o
 .debug_abbrev  0x0000172e      0x1af Objects/stm32f4xx_dma.o
 .debug_abbrev  0x000018dd      0x1e5 Objects/stm32f4xx_exti.o
 .debug_abbrev  0x00001ac2      0x219 Objects/stm32f4xx_gpio.o
 .debug_abbrev  0x00001cdb      0x21c Objects/stm32f4xx_rcc.o
 .debug_abbrev  0x00001ef7      0x1e8 Objects/stm32f4xx_spi.o
 .debug_abbrev  0x000020df      0x1dd Objects/stm32f4xx_tim.o
 .debug_abbrev  0x000022bc      0x1f4 Objects/stm32f4xx_usart.o
 .debug_abbrev  0x000024b0      0x1e4 Objects/periph_gpio.o
 .debug_abbrev  0x00002694      0x132 Objects/periph_serial_irq.o
 .debug_abbrev  0x000027c6      0x1e2 Objects/periph_spi.o
 .debug_abbrev  0x000029a8       0xfa Objects/periph_timer_irq.o
 .debug_abbrev  0x00002aa2       0x69 Objects/periph_dma_irq.o
 .debug_abbrev  0x00002b0b      0x13e Objects/drv_spi.o
 .debug_abbrev  0x00002c49      0x1a6 Objects/drv_gpio.o
 .debug_abbrev  0x00002def      0x2c2 Objects/tm_stm32f4_usb_vcp.o
 .debug_abbrev  0x000030b1      0x232 Objects/usb_bsp.o
 .debug_abbrev  0x000032e3      0x386 Objects/usb_core.o
 .debug_abbrev  0x00003669      0x28f Objects/usb_dcd_int.o
 .debug_abbrev  0x000038f8      0x294 Objects/usb_dcd.o
 .debug_abbrev  0x00003b8c      0x2ec Objects/usbd_core.o
 .debug_abbrev  0x00003e78      0x1d0 Objects/usbd_ioreq.o
 .debug_abbrev  0x00004048      0x317 Objects/usbd_req.o
 .debug_abbrev  0x0000435f      0x1fa Objects/stm32f4xx_it.o
 .debug_abbrev  0x00004559      0x158 Objects/system_stm32f4xx.o
 .debug_abbrev  0x000046b1      0x185 Objects/main.o
 .debug_abbrev  0x00004836      0x16f Objects/Task_Widget.o
 .debug_abbrev  0x000049a5       0x12 Objects/startup_stm32f405xx.o

.debug_loc      0x00000000     0xd3b5
 .debug_loc     0x00000000      0xa15 Objects/linked_list.o
 .debug_loc     0x00000a15       0x76 Objects/fault_check.o
 .debug_loc     0x00000a8b      0x157 Objects/delay.o
 .debug_loc     0x00000be2      0x274 Objects/runtime.o
 .debug_loc     0x00000e56      0xab0 Objects/task_manager.o
 .debug_loc     0x00001906      0x3c3 Objects/oled1306.o
 .debug_loc     0x00001cc9      0x28f Objects/SrvOled.o
 .debug_loc     0x00001f58      0xed7 Objects/widget_mng.o
 .debug_loc     0x00002e2f      0xb19 Objects/GenDsp.o
 .debug_loc     0x00003948      0x1d5 Objects/misc.o
 .debug_loc     0x00003b1d      0x450 Objects/stm32f4xx_dma.o
 .debug_loc     0x00003f6d      0x170 Objects/stm32f4xx_exti.o
 .debug_loc     0x000040dd      0x409 Objects/stm32f4xx_gpio.o
 .debug_loc     0x000044e6      0xc2f Objects/stm32f4xx_rcc.o
 .debug_loc     0x00005115      0x794 Objects/stm32f4xx_spi.o
 .debug_loc     0x000058a9     0x1d2e Objects/stm32f4xx_tim.o
 .debug_loc     0x000075d7      0x821 Objects/stm32f4xx_usart.o
 .debug_loc     0x00007df8      0x6a7 Objects/periph_gpio.o
 .debug_loc     0x0000849f       0xda Objects/periph_serial_irq.o
 .debug_loc     0x00008579      0x556 Objects/periph_spi.o
 .debug_loc     0x00008acf       0x60 Objects/periph_timer_irq.o
 .debug_loc     0x00008b2f      0x2d7 Objects/drv_spi.o
 .debug_loc     0x00008e06      0x1f2 Objects/drv_gpio.o
 .debug_loc     0x00008ff8      0x403 Objects/tm_stm32f4_usb_vcp.o
 .debug_loc     0x000093fb      0x173 Objects/usb_bsp.o
 .debug_loc     0x0000956e     0x1315 Objects/usb_core.o
 .debug_loc     0x0000a883      0x8f6 Objects/usb_dcd_int.o
 .debug_loc     0x0000b179      0x85f Objects/usb_dcd.o
 .debug_loc     0x0000b9d8      0x5a0 Objects/usbd_core.o
 .debug_loc     0x0000bf78      0x2f0 Objects/usbd_ioreq.o
 .debug_loc     0x0000c268      0xd24 Objects/usbd_req.o
 .debug_loc     0x0000cf8c       0x6c Objects/stm32f4xx_it.o
 .debug_loc     0x0000cff8      0x17e Objects/system_stm32f4xx.o
 .debug_loc     0x0000d176      0x15c Objects/main.o
 .debug_loc     0x0000d2d2       0xe3 Objects/Task_Widget.o

.debug_aranges  0x00000000     0x15c8
 .debug_aranges
                0x00000000       0xa8 Objects/linked_list.o
 .debug_aranges
                0x000000a8       0x28 Objects/fault_check.o
 .debug_aranges
                0x000000d0       0x30 Objects/delay.o
 .debug_aranges
                0x00000100       0xb0 Objects/runtime.o
 .debug_aranges
                0x000001b0      0x160 Objects/task_manager.o
 .debug_aranges
                0x00000310       0x18 Objects/oledfont.o
 .debug_aranges
                0x00000328       0x58 Objects/oled1306.o
 .debug_aranges
                0x00000380       0x70 Objects/SrvOled.o
 .debug_aranges
                0x000003f0      0x100 Objects/widget_mng.o
 .debug_aranges
                0x000004f0       0x70 Objects/GenDsp.o
 .debug_aranges
                0x00000560       0x40 Objects/misc.o
 .debug_aranges
                0x000005a0       0xb0 Objects/stm32f4xx_dma.o
 .debug_aranges
                0x00000650       0x58 Objects/stm32f4xx_exti.o
 .debug_aranges
                0x000006a8       0x88 Objects/stm32f4xx_gpio.o
 .debug_aranges
                0x00000730      0x1c0 Objects/stm32f4xx_rcc.o
 .debug_aranges
                0x000008f0       0xe0 Objects/stm32f4xx_spi.o
 .debug_aranges
                0x000009d0      0x2f8 Objects/stm32f4xx_tim.o
 .debug_aranges
                0x00000cc8      0x100 Objects/stm32f4xx_usart.o
 .debug_aranges
                0x00000dc8       0xe0 Objects/periph_gpio.o
 .debug_aranges
                0x00000ea8       0x38 Objects/periph_serial_irq.o
 .debug_aranges
                0x00000ee0       0x58 Objects/periph_spi.o
 .debug_aranges
                0x00000f38       0x30 Objects/periph_timer_irq.o
 .debug_aranges
                0x00000f68       0x30 Objects/periph_dma_irq.o
 .debug_aranges
                0x00000f98       0x50 Objects/drv_spi.o
 .debug_aranges
                0x00000fe8       0x38 Objects/drv_gpio.o
 .debug_aranges
                0x00001020       0x98 Objects/tm_stm32f4_usb_vcp.o
 .debug_aranges
                0x000010b8       0x48 Objects/usb_bsp.o
 .debug_aranges
                0x00001100      0x138 Objects/usb_core.o
 .debug_aranges
                0x00001238       0x80 Objects/usb_dcd_int.o
 .debug_aranges
                0x000012b8       0x80 Objects/usb_dcd.o
 .debug_aranges
                0x00001338       0x88 Objects/usbd_core.o
 .debug_aranges
                0x000013c0       0x50 Objects/usbd_ioreq.o
 .debug_aranges
                0x00001410       0x88 Objects/usbd_req.o
 .debug_aranges
                0x00001498       0x60 Objects/stm32f4xx_it.o
 .debug_aranges
                0x000014f8       0x30 Objects/system_stm32f4xx.o
 .debug_aranges
                0x00001528       0x48 Objects/main.o
 .debug_aranges
                0x00001570       0x30 Objects/Task_Widget.o
 .debug_aranges
                0x000015a0       0x28 Objects/startup_stm32f405xx.o

.debug_ranges   0x00000000     0x14f0
 .debug_ranges  0x00000000       0x98 Objects/linked_list.o
 .debug_ranges  0x00000098       0x18 Objects/fault_check.o
 .debug_ranges  0x000000b0       0x20 Objects/delay.o
 .debug_ranges  0x000000d0       0xa0 Objects/runtime.o
 .debug_ranges  0x00000170      0x168 Objects/task_manager.o
 .debug_ranges  0x000002d8       0x78 Objects/oled1306.o
 .debug_ranges  0x00000350       0x60 Objects/SrvOled.o
 .debug_ranges  0x000003b0      0x1d8 Objects/widget_mng.o
 .debug_ranges  0x00000588       0xb8 Objects/GenDsp.o
 .debug_ranges  0x00000640       0x30 Objects/misc.o
 .debug_ranges  0x00000670       0xa0 Objects/stm32f4xx_dma.o
 .debug_ranges  0x00000710       0x48 Objects/stm32f4xx_exti.o
 .debug_ranges  0x00000758       0x78 Objects/stm32f4xx_gpio.o
 .debug_ranges  0x000007d0      0x1b0 Objects/stm32f4xx_rcc.o
 .debug_ranges  0x00000980       0xd0 Objects/stm32f4xx_spi.o
 .debug_ranges  0x00000a50      0x2e8 Objects/stm32f4xx_tim.o
 .debug_ranges  0x00000d38       0xf0 Objects/stm32f4xx_usart.o
 .debug_ranges  0x00000e28       0xd0 Objects/periph_gpio.o
 .debug_ranges  0x00000ef8       0x28 Objects/periph_serial_irq.o
 .debug_ranges  0x00000f20       0x48 Objects/periph_spi.o
 .debug_ranges  0x00000f68       0x20 Objects/periph_timer_irq.o
 .debug_ranges  0x00000f88       0x20 Objects/periph_dma_irq.o
 .debug_ranges  0x00000fa8       0x40 Objects/drv_spi.o
 .debug_ranges  0x00000fe8       0x28 Objects/drv_gpio.o
 .debug_ranges  0x00001010       0x88 Objects/tm_stm32f4_usb_vcp.o
 .debug_ranges  0x00001098       0x38 Objects/usb_bsp.o
 .debug_ranges  0x000010d0      0x128 Objects/usb_core.o
 .debug_ranges  0x000011f8       0x70 Objects/usb_dcd_int.o
 .debug_ranges  0x00001268       0x70 Objects/usb_dcd.o
 .debug_ranges  0x000012d8       0x78 Objects/usbd_core.o
 .debug_ranges  0x00001350       0x40 Objects/usbd_ioreq.o
 .debug_ranges  0x00001390       0x78 Objects/usbd_req.o
 .debug_ranges  0x00001408       0x50 Objects/stm32f4xx_it.o
 .debug_ranges  0x00001458       0x20 Objects/system_stm32f4xx.o
 .debug_ranges  0x00001478       0x38 Objects/main.o
 .debug_ranges  0x000014b0       0x20 Objects/Task_Widget.o
 .debug_ranges  0x000014d0       0x20 Objects/startup_stm32f405xx.o

.debug_line     0x00000000     0x6486
 .debug_line    0x00000000      0x2e5 Objects/linked_list.o
 .debug_line    0x000002e5      0x144 Objects/fault_check.o
 .debug_line    0x00000429      0x137 Objects/delay.o
 .debug_line    0x00000560      0x2aa Objects/runtime.o
 .debug_line    0x0000080a      0x5ee Objects/task_manager.o
 .debug_line    0x00000df8       0xc0 Objects/oledfont.o