Archive member included to satisfy reference by file (symbol)

/home/bt0/stm32/compile-tool/gcc-arm-none-eabi-8-2018-q4-major-linux/gcc-arm-none-eabi-8-2018-q4-major/bin/../lib/gcc/arm-none-eabi/8.2.1/../../../../arm-none-eabi/lib/thumb/v7e-m+fp/hard/libc_nano.a(lib_a-exit.o)
                              /home/bt0/stm32/compile-tool/gcc-arm-none-eabi-8-2018-q4-major-linux/gcc-arm-none-eabi-8-2018-q4-major/bin/../lib/gcc/arm-none-eabi/8.2.1/../../../../arm-none-eabi/lib/thumb/v7e-m+fp/hard/crt0.o (exit)
/home/bt0/stm32/compile-tool/gcc-arm-none-eabi-8-2018-q4-major-linux/gcc-arm-none-eabi-8-2018-q4-major/bin/../lib/gcc/arm-none-eabi/8.2.1/../../../../arm-none-eabi/lib/thumb/v7e-m+fp/hard/libc_nano.a(lib_a-impure.o)
                              /home/bt0/stm32/compile-tool/gcc-arm-none-eabi-8-2018-q4-major-linux/gcc-arm-none-eabi-8-2018-q4-major/bin/../lib/gcc/arm-none-eabi/8.2.1/../../../../arm-none-eabi/lib/thumb/v7e-m+fp/hard/libc_nano.a(lib_a-exit.o) (_global_impure_ptr)
/home/bt0/stm32/compile-tool/gcc-arm-none-eabi-8-2018-q4-major-linux/gcc-arm-none-eabi-8-2018-q4-major/bin/../lib/gcc/arm-none-eabi/8.2.1/../../../../arm-none-eabi/lib/thumb/v7e-m+fp/hard/libc_nano.a(lib_a-init.o)
                              /home/bt0/stm32/compile-tool/gcc-arm-none-eabi-8-2018-q4-major-linux/gcc-arm-none-eabi-8-2018-q4-major/bin/../lib/gcc/arm-none-eabi/8.2.1/../../../../arm-none-eabi/lib/thumb/v7e-m+fp/hard/crt0.o (__libc_init_array)
/home/bt0/stm32/compile-tool/gcc-arm-none-eabi-8-2018-q4-major-linux/gcc-arm-none-eabi-8-2018-q4-major/bin/../lib/gcc/arm-none-eabi/8.2.1/../../../../arm-none-eabi/lib/thumb/v7e-m+fp/hard/libc_nano.a(lib_a-malloc.o)
                              Objects/task_manager.o (malloc)
/home/bt0/stm32/compile-tool/gcc-arm-none-eabi-8-2018-q4-major-linux/gcc-arm-none-eabi-8-2018-q4-major/bin/../lib/gcc/arm-none-eabi/8.2.1/../../../../arm-none-eabi/lib/thumb/v7e-m+fp/hard/libc_nano.a(lib_a-memcpy-stub.o)
                              Objects/widget_mng.o (memcpy)
/home/bt0/stm32/compile-tool/gcc-arm-none-eabi-8-2018-q4-major-linux/gcc-arm-none-eabi-8-2018-q4-major/bin/../lib/gcc/arm-none-eabi/8.2.1/../../../../arm-none-eabi/lib/thumb/v7e-m+fp/hard/libc_nano.a(lib_a-memset.o)
                              /home/bt0/stm32/compile-tool/gcc-arm-none-eabi-8-2018-q4-major-linux/gcc-arm-none-eabi-8-2018-q4-major/bin/../lib/gcc/arm-none-eabi/8.2.1/../../../../arm-none-eabi/lib/thumb/v7e-m+fp/hard/crt0.o (memset)
/home/bt0/stm32/compile-tool/gcc-arm-none-eabi-8-2018-q4-major-linux/gcc-arm-none-eabi-8-2018-q4-major/bin/../lib/gcc/arm-none-eabi/8.2.1/../../../../arm-none-eabi/lib/thumb/v7e-m+fp/hard/libc_nano.a(lib_a-nano-freer.o)
                              /home/bt0/stm32/compile-tool/gcc-arm-none-eabi-8-2018-q4-major-linux/gcc-arm-none-eabi-8-2018-q4-major/bin/../lib/gcc/arm-none-eabi/8.2.1/../../../../arm-none-eabi/lib/thumb/v7e-m+fp/hard/libc_nano.a(lib_a-malloc.o) (_free_r)
/home/bt0/stm32/compile-tool/gcc-arm-none-eabi-8-2018-q4-major-linux/gcc-arm-none-eabi-8-2018-q4-major/bin/../lib/gcc/arm-none-eabi/8.2.1/../../../../arm-none-eabi/lib/thumb/v7e-m+fp/hard/libc_nano.a(lib_a-nano-mallocr.o)
                              /home/bt0/stm32/compile-tool/gcc-arm-none-eabi-8-2018-q4-major-linux/gcc-arm-none-eabi-8-2018-q4-major/bin/../lib/gcc/arm-none-eabi/8.2.1/../../../../arm-none-eabi/lib/thumb/v7e-m+fp/hard/libc_nano.a(lib_a-malloc.o) (_malloc_r)
/home/bt0/stm32/compile-tool/gcc-arm-none-eabi-8-2018-q4-major-linux/gcc-arm-none-eabi-8-2018-q4-major/bin/../lib/gcc/arm-none-eabi/8.2.1/../../../../arm-none-eabi/lib/thumb/v7e-m+fp/hard/libc_nano.a(lib_a-nano-vfprintf_float.o)
                              (_printf_float)
/home/bt0/stm32/compile-tool/gcc-arm-none-eabi-8-2018-q4-major-linux/gcc-arm-none-eabi-8-2018-q4-major/bin/../lib/gcc/arm-none-eabi/8.2.1/../../../../arm-none-eabi/lib/thumb/v7e-m+fp/hard/libc_nano.a(lib_a-nano-vfprintf_i.o)
                              /home/bt0/stm32/compile-tool/gcc-arm-none-eabi-8-2018-q4-major-linux/gcc-arm-none-eabi-8-2018-q4-major/bin/../lib/gcc/arm-none-eabi/8.2.1/../../../../arm-none-eabi/lib/thumb/v7e-m+fp/hard/libc_nano.a(lib_a-nano-vfprintf_float.o) (_printf_common)
/home/bt0/stm32/compile-tool/gcc-arm-none-eabi-8-2018-q4-major-linux/gcc-arm-none-eabi-8-2018-q4-major/bin/../lib/gcc/arm-none-eabi/8.2.1/../../../../arm-none-eabi/lib/thumb/v7e-m+fp/hard/libc_nano.a(lib_a-puts.o)
                              Objects/binary_tree.o (puts)
/home/bt0/stm32/compile-tool/gcc-arm-none-eabi-8-2018-q4-major-linux/gcc-arm-none-eabi-8-2018-q4-major/bin/../lib/gcc/arm-none-eabi/8.2.1/../../../../arm-none-eabi/lib/thumb/v7e-m+fp/hard/libc_nano.a(lib_a-sbrkr.o)
                              /home/bt0/stm32/compile-tool/gcc-arm-none-eabi-8-2018-q4-major-linux/gcc-arm-none-eabi-8-2018-q4-major/bin/../lib/gcc/arm-none-eabi/8.2.1/../../../../arm-none-eabi/lib/thumb/v7e-m+fp/hard/libc_nano.a(lib_a-nano-mallocr.o) (_sbrk_r)
[...]
Memory Configuration

Name             Origin             Length             Attributes
RAM              0x0000000020000000 0x0000000000020000 xrw
CCMRAM           0x0000000010000000 0x0000000000010000 xrw
FLASH            0x0000000008000000 0x0000000000100000 xr
*default*        0x0000000000000000 0xffffffffffffffff

Linker script and memory map

LOAD /home/bt0/stm32/compile-tool/gcc-arm-none-eabi-8-2018-q4-major-linux/gcc-arm-none-eabi-8-2018-q4-major/bin/../lib/gcc/arm-none-eabi/8.2.1/thumb/v7e-m+fp/hard/crti.o
LOAD /home/bt0/stm32/compile-tool/gcc-arm-none-eabi-8-2018-q4-major-linux/gcc-arm-none-eabi-8-2018-q4-major/bin/../lib/gcc/arm-none-eabi/8.2.1/thumb/v7e-m+fp/hard/crtbegin.o
LOAD /home/bt0/stm32/compile-tool/gcc-arm-none-eabi-8-2018-q4-major-linux/gcc-arm-none-eabi-8-2018-q4-major/bin/../lib/gcc/arm-none-eabi/8.2.1/../../../../arm-none-eabi/lib/thumb/v7e-m+fp/hard/crt0.o
LOAD Objects/queue.o
LOAD Objects/linked_list.o
LOAD Objects/binary_tree.o
LOAD Objects/fault_check.o
LOAD Objects/delay.o
LOAD Objects/runtime.o
LOAD Objects/task_manager.o
LOAD Objects/reboot.o
LOAD Objects/sys.o
LOAD Objects/mmu.o
LOAD Objects/crc16.o
LOAD Objects/oledfont.o
LOAD Objects/oled1306.o
LOAD Objects/SrvOled.o
LOAD Objects/widget_mng.o
LOAD Objects/UI_Controller.o
LOAD Objects/GenDsp.o
LOAD Objects/misc.o
LOAD Objects/stm32f4xx_adc.o
LOAD Objects/stm32f4xx_can.o
LOAD Objects/stm32f4xx_cec.o
LOAD Objects/stm32f4xx_crc.o
LOAD Objects/stm32f4xx_cryp_aes.o
LOAD Objects/stm32f4xx_cryp_des.o
LOAD Objects/stm32f4xx_cryp_tdes.o
LOAD Objects/stm32f4xx_cryp.o
LOAD Objects/stm32f4xx_dac.o
LOAD Objects/stm32f4xx_dbgmcu.o
LOAD Objects/stm32f4xx_dcmi.o
LOAD Objects/stm32f4xx_dfsdm.o
LOAD Objects/stm32f4xx_dma.o
LOAD Objects/stm32f4xx_dma2d.o
LOAD Objects/stm32f4xx_dsi.o
LOAD Objects/stm32f4xx_exti.o
LOAD Objects/stm32f4xx_flash_ramfunc.o
LOAD Objects/stm32f4xx_flash.o
LOAD Objects/stm32f4xx_fmpi2c.o
LOAD Objects/stm32f4xx_gpio.o
LOAD Objects/stm32f4xx_hash_md5.o
LOAD Objects/stm32f4xx_hash_sha1.o
LOAD Objects/stm32f4xx_hash.o
LOAD Objects/stm32f4xx_i2c.o
LOAD Objects/stm32f4xx_iwdg.o
LOAD Objects/stm32f4xx_lptim.o
LOAD Objects/stm32f4xx_ltdc.o
LOAD Objects/stm32f4xx_pwr.o
LOAD Objects/stm32f4xx_qspi.o
LOAD Objects/stm32f4xx_rcc.o
LOAD Objects/stm32f4xx_rng.o
LOAD Objects/stm32f4xx_rtc.o
LOAD Objects/stm32f4xx_sai.o
LOAD Objects/stm32f4xx_sdio.o
LOAD Objects/stm32f4xx_spdifrx.o
LOAD Objects/stm32f4xx_spi.o
LOAD Objects/stm32f4xx_syscfg.o
LOAD Objects/stm32f4xx_tim.o
LOAD Objects/stm32f4xx_usart.o
LOAD Objects/stm32f4xx_wwdg.o
LOAD Objects/periph_dma.o
LOAD Objects/periph_flash.o
LOAD Objects/periph_gpio.o
LOAD Objects/periph_iic.o
LOAD Objects/periph_nvic.o
LOAD Objects/periph_serial_irq.o
LOAD Objects/periph_serial.o
LOAD Objects/periph_spi.o
LOAD Objects/periph_timer_irq.o
LOAD Objects/periph_timer.o
LOAD Objects/periph_dma_irq.o
LOAD Objects/periph_adc.o
LOAD Objects/drv_adc.o
LOAD Objects/drv_spi.o
LOAD Objects/drv_gpio.o
LOAD Objects/drv_serial.o
LOAD Objects/drv_timer.o
LOAD Objects/vcp.o
LOAD Objects/tm_stm32f4_usb_vcp.o
LOAD Objects/usb_bsp.o
LOAD Objects/usb_core.o
LOAD Objects/usb_dcd_int.o
LOAD Objects/usb_dcd.o
LOAD Objects/usbd_cdc_core.o
LOAD Objects/usbd_cdc_vcp.o
LOAD Objects/usbd_core.o
LOAD Objects/usbd_desc.o
LOAD Objects/usbd_ioreq.o
LOAD Objects/usbd_req.o
LOAD Objects/usbd_usr.o
LOAD Objects/stm32f4xx_it.o
LOAD Objects/system_stm32f4xx.o
LOAD Objects/main.o
LOAD Objects/Task_Widget.o
LOAD Objects/Task_Input.o
LOAD Objects/Input_IO_Def.o
LOAD Objects/Dev_5DirButton.o
LOAD Objects/Dev_Button.o
LOAD Objects/Dev_Toggle.o
LOAD Objects/Dev_Encoder.o
LOAD Objects/Dev_Gimbal.o
LOAD Objects/startup_stm32f405xx.o
LOAD /home/bt0/stm32/compile-tool/gcc-arm-none-eabi-8-2018-q4-major-linux/gcc-arm-none-eabi-8-2018-q4-major/bin/../lib/gcc/arm-none-eabi/8.2.1/../../../../arm-none-eabi/lib/thumb/v7e-m+fp/hard/libc_nano.a
LOAD /home/bt0/stm32/compile-tool/gcc-arm-none-eabi-8-2018-q4-major-linux/gcc-arm-none-eabi-8-2018-q4-major/bin/../lib/gcc/arm-none-eabi/8.2.1/../../../../arm-none-eabi/lib/thumb/v7e-m+fp/hard/libm.a
LOAD /home/bt0/stm32/compile-tool/gcc-arm-none-eabi-8-2018-q4-major-linux/gcc-arm-none-eabi-8-2018-q4-major/bin/../lib/gcc/arm-none-eabi/8.2.1/../../../../arm-none-eabi/lib/thumb/v7e-m+fp/hard/libnosys.a
START GROUP
LOAD /home/bt0/stm32/compile-tool/gcc-arm-none-eabi-8-2018-q4-major-linux/gcc-arm-none-eabi-8-2018-q4-major/bin/../lib/gcc/arm-none-eabi/8.2.1/thumb/v7e-m+fp/hard/libgcc.a
LOAD /home/bt0/stm32/compile-tool/gcc-arm-none-eabi-8-2018-q4-major-linux/gcc-arm-none-eabi-8-2018-q4-major/bin/../lib/gcc/arm-none-eabi/8.2.1/../../../../arm-none-eabi/lib/thumb/v7e-m+fp/hard/libc_nano.a
END GROUP
START GROUP
LOAD /home/bt0/stm32/compile-tool/gcc-arm-none-eabi-8-2018-q4-major-linux/gcc-arm-none-eabi-8-2018-q4-major/bin/../lib/gcc/arm-none-eabi/8.2.1/thumb/v7e-m+fp/hard/libgcc.a
LOAD /home/bt0/stm32/compile-tool/gcc-arm-none-eabi-8-2018-q4-major-linux/gcc-arm-none-eabi-8-2018-q4-major/bin/../lib/gcc/arm-none-eabi/8.2.1/../../../../arm-none-eabi/lib/thumb/v7e-m+fp/hard/libc_nano.a
END GROUP
LOAD /home/bt0/stm32/compile-tool/gcc-arm-none-eabi-8-2018-q4-major-linux/gcc-arm-none-eabi-8-2018-q4-major/bin/../lib/gcc/arm-none-eabi/8.2.1/thumb/v7e-m+fp/hard/crtend.o
LOAD /home/bt0/stm32/compile-tool/gcc-arm-none-eabi-8-2018-q4-major-linux/gcc-arm-none-eabi-8-2018-q4-major/bin/../lib/gcc/arm-none-eabi/8.2.1/thumb/v7e-m+fp/hard/crtn.o
                0x0000000020020000                _estack = 0x20020000
                0x0000000000000200                _Min_Heap_Size = 0x200
                0x0000000000000400                _Min_Stack_Size = 0x400

.isr_vector     0x0000000008000000      0x188
                0x0000000008000000                . = ALIGN (0x4)
 *(.isr_vector)
 .isr_vector    0x0000000008000000      0x188 Objects/startup_stm32f405xx.o
                0x0000000008000000                g_pfnVectors
                0x0000000008000188                . = ALIGN (0x4)

.text           0x0000000008000190     0x917c
                0x0000000008000190                . = ALIGN (0x4)
 *(.text)
 .text          0x0000000008000190       0x40 /home/bt0/stm32/compile-tool/gcc-arm-none-eabi-8-2018-q4-major-linux/gcc-arm-none-eabi-8-2018-q4-major/bin/../lib/gcc/arm-none-eabi/8.2.1/thumb/v7e-m+fp/hard/crtbegin.o
 .text          0x00000000080001d0       0x10 /home/bt0/stm32/compile-tool/gcc-arm-none-eabi-8-2018-q4-major-linux/gcc-arm-none-eabi-8-2018-q4-major/bin/../lib/gcc/arm-none-eabi/8.2.1/../../../../arm-none-eabi/lib/thumb/v7e-m+fp/hard/libc_nano.a(lib_a-strlen.o)
                0x00000000080001d0                strlen
 .text          0x00000000080001e0       0xa0 /home/bt0/stm32/compile-tool/gcc-arm-none-eabi-8-2018-q4-major-linux/gcc-arm-none-eabi-8-2018-q4-major/bin/../lib/gcc/arm-none-eabi/8.2.1/../../../../arm-none-eabi/lib/thumb/v7e-m+fp/hard/libc_nano.a(lib_a-memchr.o)
                0x00000000080001e0                memchr
 .text          0x0000000008000280      0x378 /home/bt0/stm32/compile-tool/gcc-arm-none-eabi-8-2018-q4-major-linux/gcc-arm-none-eabi-8-2018-q4-major/bin/../lib/gcc/arm-none-eabi/8.2.1/thumb/v7e-m+fp/hard/libgcc.a(_arm_addsubdf3.o)
                0x0000000008000280                __aeabi_drsub
                0x0000000008000288                __aeabi_dsub
                0x0000000008000288                __subdf3
                0x000000000800028c                __adddf3
                0x000000000800028c                __aeabi_dadd
                0x0000000008000504                __aeabi_ui2d
                0x0000000008000504                __floatunsidf
                0x0000000008000524                __floatsidf
                0x0000000008000524                __aeabi_i2d
                0x0000000008000548                __extendsfdf2
                0x0000000008000548                __aeabi_f2d
                0x000000000800058c                __aeabi_ul2d
                0x000000000800058c                __floatundidf
                0x000000000800059c                __floatdidf
                0x000000000800059c                __aeabi_l2d
 .text          0x00000000080005f8      0x424 /home/bt0/stm32/compile-tool/gcc-arm-none-eabi-8-2018-q4-major-linux/gcc-arm-none-eabi-8-2018-q4-major/bin/../lib/gcc/arm-none-eabi/8.2.1/thumb/v7e-m+fp/hard/libgcc.a(_arm_muldivdf3.o)
                0x00000000080005f8                __aeabi_dmul
                0x00000000080005f8                __muldf3
                0x000000000800084c                __aeabi_ddiv
                0x000000000800084c                __divdf3
 .text          0x0000000008000a1c      0x110 /home/bt0/stm32/compile-tool/gcc-arm-none-eabi-8-2018-q4-major-linux/gcc-arm-none-eabi-8-2018-q4-major/bin/../lib/gcc/arm-none-eabi/8.2.1/thumb/v7e-m+fp/hard/libgcc.a(_arm_cmpdf2.o)
                0x0000000008000a1c                __gtdf2
                0x0000000008000a1c                __gedf2
                0x0000000008000a24                __ltdf2
                0x0000000008000a24                __ledf2
                0x0000000008000a2c                __cmpdf2
                0x0000000008000a2c                __eqdf2
                0x0000000008000a2c                __nedf2
                0x0000000008000aa8                __aeabi_cdrcmple
                0x0000000008000ab8                __aeabi_cdcmple
                0x0000000008000ab8                __aeabi_cdcmpeq
                0x0000000008000ac8                __aeabi_dcmpeq
                0x0000000008000adc                __aeabi_dcmplt
                0x0000000008000af0                __aeabi_dcmple
                0x0000000008000b04                __aeabi_dcmpge
                0x0000000008000b18                __aeabi_dcmpgt
 .text          0x0000000008000b2c       0x2c /home/bt0/stm32/compile-tool/gcc-arm-none-eabi-8-2018-q4-major-linux/gcc-arm-none-eabi-8-2018-q4-major/bin/../lib/gcc/arm-none-eabi/8.2.1/thumb/v7e-m+fp/hard/libgcc.a(_arm_unorddf2.o)
                0x0000000008000b2c                __aeabi_dcmpun
                0x0000000008000b2c                __unorddf2
 .text          0x0000000008000b58       0x50 /home/bt0/stm32/compile-tool/gcc-arm-none-eabi-8-2018-q4-major-linux/gcc-arm-none-eabi-8-2018-q4-major/bin/../lib/gcc/arm-none-eabi/8.2.1/thumb/v7e-m+fp/hard/libgcc.a(_arm_fixdfsi.o)
                0x0000000008000b58                __fixdfsi
                0x0000000008000b58                __aeabi_d2iz
 .text          0x0000000008000ba8       0x40 /home/bt0/stm32/compile-tool/gcc-arm-none-eabi-8-2018-q4-major-linux/gcc-arm-none-eabi-8-2018-q4-major/bin/../lib/gcc/arm-none-eabi/8.2.1/thumb/v7e-m+fp/hard/libgcc.a(_arm_fixunsdfsi.o)
                0x0000000008000ba8                __fixunsdfsi
                0x0000000008000ba8                __aeabi_d2uiz
 .text          0x0000000008000be8      0x21c /home/bt0/stm32/compile-tool/gcc-arm-none-eabi-8-2018-q4-major-linux/gcc-arm-none-eabi-8-2018-q4-major/bin/../lib/gcc/arm-none-eabi/8.2.1/thumb/v7e-m+fp/hard/libgcc.a(_arm_addsubsf3.o)
                0x0000000008000be8                __aeabi_frsub
                0x0000000008000bf0                __subsf3
                0x0000000008000bf0                __aeabi_fsub
                0x0000000008000bf4                __aeabi_fadd
                0x0000000008000bf4                __addsf3
                0x0000000008000d54                __aeabi_ui2f
                0x0000000008000d54                __floatunsisf
                0x0000000008000d5c                __aeabi_i2f
                0x0000000008000d5c                __floatsisf
                0x0000000008000d78                __floatundisf
                0x0000000008000d78                __aeabi_ul2f
                0x0000000008000d88                __floatdisf
                0x0000000008000d88                __aeabi_l2f
 .text          0x0000000008000e04       0x30 /home/bt0/stm32/compile-tool/gcc-arm-none-eabi-8-2018-q4-major-linux/gcc-arm-none-eabi-8-2018-q4-major/bin/../lib/gcc/arm-none-eabi/8.2.1/thumb/v7e-m+fp/hard/libgcc.a(_aeabi_uldivmod.o)
                0x0000000008000e04                __aeabi_uldivmod
 .text          0x0000000008000e34      0x2d0 /home/bt0/stm32/compile-tool/gcc-arm-none-eabi-8-2018-q4-major-linux/gcc-arm-none-eabi-8-2018-q4-major/bin/../lib/gcc/arm-none-eabi/8.2.1/thumb/v7e-m+fp/hard/libgcc.a(_udivmoddi4.o)
                0x0000000008000e34                __udivmoddi4
 .text          0x0000000008001104        0x4 /home/bt0/stm32/compile-tool/gcc-arm-none-eabi-8-2018-q4-major-linux/gcc-arm-none-eabi-8-2018-q4-major/bin/../lib/gcc/arm-none-eabi/8.2.1/thumb/v7e-m+fp/hard/libgcc.a(_dvmd_tls.o)
                0x0000000008001104                __aeabi_ldiv0
                0x0000000008001104                __aeabi_idiv0
 *(.text*)
 .text.Item_SwapLRData
                0x0000000008001108        0xa Objects/linked_list.o
 .text.List_Init
                0x0000000008001112       0x36 Objects/linked_list.o
                0x0000000008001112                List_Init
 .text.List_ItemClear
                0x0000000008001148       0x14 Objects/linked_list.o
                0x0000000008001148                List_ItemClear
 .text.List_ItemInit
                0x000000000800115c       0x10 Objects/linked_list.o
                0x000000000800115c                List_ItemInit
 .text.List_InsertToPrv
                0x000000000800116c       0x14 Objects/linked_list.o
                0x000000000800116c                List_InsertToPrv
 .text.List_InsertByOrder
                0x0000000008001180       0x14 Objects/linked_list.o
                0x0000000008001180                List_InsertByOrder
 .text.List_InsertByCondition
                0x0000000008001194       0x42 Objects/linked_list.o
                0x0000000008001194                List_InsertByCondition
 .text.List_Insert_Item
                0x00000000080011d6       0x30 Objects/linked_list.o
                0x00000000080011d6                List_Insert_Item
 .text.List_traverse
                0x0000000008001206       0x42 Objects/linked_list.o
                0x0000000008001206                List_traverse
 .text.List_Delete_Item
                0x0000000008001248       0x48 Objects/linked_list.o
                0x0000000008001248                List_Delete_Item
 .text.Get_CfsrReg_Value
                0x0000000008001290       0x14 Objects/fault_check.o
                0x0000000008001290                Get_CfsrReg_Value
 .text.Get_FaultReg_Value
                0x00000000080012a4       0x60 Objects/fault_check.o
                0x00000000080012a4                Get_FaultReg_Value
 .text.delay_us
                0x0000000008001304       0x40 Objects/delay.o
                0x0000000008001304                delay_us
 .text.delay_ms
                0x0000000008001344       0x14 Objects/delay.o
                0x0000000008001344                delay_ms
 .text.Runtime_Set_start_Callback
                0x0000000008001358        0xc Objects/runtime.o
                0x0000000008001358                Runtime_Set_start_Callback
 .text.Runtime_Set_stop_Callback
                0x0000000008001364        0xc Objects/runtime.o
                0x0000000008001364                Runtime_Set_stop_Callback
 .text.Runtime_Set_tick_Callback
                0x0000000008001370        0xc Objects/runtime.o
                0x0000000008001370                Runtime_Set_tick_Callback
 *fill*         0x000000000800137c        0x4 
 .text.Runtime_Config
                0x0000000008001380       0x9c Objects/runtime.o
                0x0000000008001380                Runtime_Config
 .text.Runtime_Start
                0x000000000800141c       0x14 Objects/runtime.o
                0x000000000800141c                Runtime_Start
 .text.RuntimeObj_Reset
                0x0000000008001430        0xa Objects/runtime.o
                0x0000000008001430                RuntimeObj_Reset
 .text.Get_TimeDifference_Between
                0x000000000800143a       0x20 Objects/runtime.o
                0x000000000800143a                Get_TimeDifference_Between
 *fill*         0x000000000800145a        0x2 
 .text.Runtime_Tick
                0x000000000800145c       0x48 Objects/runtime.o
                0x000000000800145c                Runtime_Tick
 .text.Get_CurrentRunningUs
                0x00000000080014a4        0xc Objects/runtime.o
                0x00000000080014a4                Get_CurrentRunningUs
 .text.Get_CurrentRunningMs
                0x00000000080014b0       0x18 Objects/runtime.o
                0x00000000080014b0                Get_CurrentRunningMs
 .text.Get_TargetRunTime
                0x00000000080014c8       0x1c Objects/runtime.o
                0x00000000080014c8                Get_TargetRunTime
 .text.RuntimeObj_CompareWithCurrent
                0x00000000080014e4       0x1c Objects/runtime.o
                0x00000000080014e4                RuntimeObj_CompareWithCurrent
 .text.Task_Exit
                0x0000000008001500        0x2 Objects/task_manager.o
 *fill*         0x0000000008001502        0x2 
 .text.Task_SetReady
                0x0000000008001504       0x34 Objects/task_manager.o
 .text.Task_ClearPending
                0x0000000008001538       0x38 Objects/task_manager.o
 .text.Task_ClearReady
                0x0000000008001570       0x38 Objects/task_manager.o
 .text.Task_SetPendSVPro
                0x00000000080015a8       0x20 Objects/task_manager.o
 .text.Task_PriorityCompare
                0x00000000080015c8       0x4a Objects/task_manager.o
                0x00000000080015c8                Task_PriorityCompare
 .text.ReSet_Task_Data
                0x0000000008001612       0x5a Objects/task_manager.o
 .text.TaskSys_Init
                0x000000000800166c       0x8c Objects/task_manager.o
 .text.Task_SetStkPtr_Val
                0x00000000080016f8       0x58 Objects/task_manager.o
 .text.Task_Idle
                0x0000000008001750       0x58 Objects/task_manager.o
 .text.Task_Exec
                0x00000000080017a8       0xd8 Objects/task_manager.o
 .text.Task_Caller
                0x0000000008001880       0x38 Objects/task_manager.o
                0x0000000008001880                Task_Caller
 .text.Task_CrtList_TraversePoll_callback
                0x00000000080018b8       0x34 Objects/task_manager.o
 .text.Task_SetPending
                0x00000000080018ec       0x34 Objects/task_manager.o
                0x00000000080018ec                Task_SetPending
 .text.Task_SwitchStack
                0x0000000008001920       0x18 Objects/task_manager.o
                0x0000000008001920                Task_SwitchStack
 .text.Task_Get_HighestRank_PndTask
                0x0000000008001938       0x5c Objects/task_manager.o
                0x0000000008001938                Task_Get_HighestRank_PndTask
 *fill*         0x0000000008001994        0xc 
 .text.Task_Load
                0x00000000080019a0       0x24 Objects/task_manager.o
                0x00000000080019a0                Task_Load
 .text.Load_FirstTask
                0x00000000080019c4        0x8 Objects/task_manager.o
                0x00000000080019c4                Load_FirstTask
 *fill*         0x00000000080019cc        0x4 
 .text.Task_SwitchContext
                0x00000000080019d0       0x60 Objects/task_manager.o
                0x00000000080019d0                Task_SwitchContext
 .text.Task_Get_HighestRank_RdyTask
                0x0000000008001a30       0x5c Objects/task_manager.o
                0x0000000008001a30                Task_Get_HighestRank_RdyTask
 .text.Task_TriggerPendSV
                0x0000000008001a8c       0x10 Objects/task_manager.o
                0x0000000008001a8c                Task_TriggerPendSV
 .text.Task_Scheduler
                0x0000000008001a9c      0x168 Objects/task_manager.o
                0x0000000008001a9c                Task_Scheduler
 *fill*         0x0000000008001c04        0x4 
 .text.Task_Create
                0x0000000008001c08      0x230 Objects/task_manager.o
                0x0000000008001c08                Task_Create
 .text.TaskSystem_Start
                0x0000000008001e38       0x70 Objects/task_manager.o
                0x0000000008001e38                TaskSystem_Start
 .text.TaskSys_Set_State
                0x0000000008001ea8        0xc Objects/task_manager.o
                0x0000000008001ea8                TaskSys_Set_State
 .text.MMU_Init
                0x0000000008001eb4       0x64 Objects/mmu.o
 .text.MMU_InsertFreeBlock
                0x0000000008001f18       0x74 Objects/mmu.o
 .text.MMU_Malloc
                0x0000000008001f8c       0xcc Objects/mmu.o
                0x0000000008001f8c                MMU_Malloc
 .text.MMU_Free
                0x0000000008002058       0x60 Objects/mmu.o
                0x0000000008002058                MMU_Free
 .text.Oled_TransmitByte
                0x00000000080020b8       0x2c Objects/oled1306.o
 .text.Oled_EnableControl
                0x00000000080020e4       0x38 Objects/oled1306.o
 .text.Oled_Clear
                0x000000000800211c       0x4c Objects/oled1306.o
 .text.Oled_GetMax_Width
                0x0000000008002168        0x4 Objects/oled1306.o
 .text.Oled_GetMax_Height
                0x000000000800216c        0x4 Objects/oled1306.o
 .text.Oled_MapUpdate
                0x0000000008002170       0x78 Objects/oled1306.o
 .text.Oled_SetBright
                0x00000000080021e8        0x4 Objects/oled1306.o
 .text.Oled_Init
                0x00000000080021ec      0x13c Objects/oled1306.o
 .text.SrvOled_BusInit
                0x0000000008002328       0x30 Objects/SrvOled.o
 .text.SrvOled_BusTransmit
                0x0000000008002358       0x1c Objects/SrvOled.o
 .text.SrvOled_DCPin_Init
                0x0000000008002374       0x38 Objects/SrvOled.o
 .text.SrvOled_RSPin_Init
                0x00000000080023ac       0x38 Objects/SrvOled.o
 .text.SrvOled_DCPin_Ctl
                0x00000000080023e4       0x24 Objects/SrvOled.o
 .text.SrvOled_RSPin_Ctl
                0x0000000008002408       0x24 Objects/SrvOled.o
 .text.SrvOled_PreInit
                0x000000000800242c       0x4c Objects/SrvOled.o
 .text.SrvOled_Init
                0x0000000008002478       0x30 Objects/SrvOled.o
 .text.SrvOled_Fresh
                0x00000000080024a8       0x24 Objects/SrvOled.o
 .text.SrvOled_GetDev_DspRange
                0x00000000080024cc       0x30 Objects/SrvOled.o
 .text.SrvOled_SetBright
                0x00000000080024fc       0x14 Objects/SrvOled.o
 .text.Widget_ConfigDisplay_RoutateDir
                0x0000000008002510        0xc Objects/widget_mng.o
 .text.Widget_ConfigDisplay_MirrorDir
                0x000000000800251c        0xc Objects/widget_mng.o
 .text.Widget_MirrorBlackboard
                0x0000000008002528      0x13c Objects/widget_mng.o
 .text.Widget_CtlInterface
                0x0000000008002664       0x14 Objects/widget_mng.o
 .text.GetCur_Active_Widget
                0x0000000008002678        0xc Objects/widget_mng.o
 .text.Widget_DrawInterface
                0x0000000008002684       0x10 Objects/widget_mng.o
 .text.Widget_DspStatus
                0x0000000008002694       0x18 Objects/widget_mng.o
 .text.Widget_MoveTo
                0x00000000080026ac       0x1c Objects/widget_mng.o
 .text.Widget_ClearBlackBoard
                0x00000000080026c8       0x58 Objects/widget_mng.o
 .text.Widget_SetErrorState
                0x0000000008002720       0x14 Objects/widget_mng.o
 .text.Widget_GetFreshState
                0x0000000008002734        0xc Objects/widget_mng.o
 .text.Widget_SetFreshState
                0x0000000008002740       0x1c Objects/widget_mng.o
 .text.Widget_ClearFreshState
                0x000000000800275c       0x14 Objects/widget_mng.o
 .text.Widget_DrawPoint
                0x0000000008002770       0x38 Objects/widget_mng.o
 .text.Widget_DrawNum
                0x00000000080027a8       0x48 Objects/widget_mng.o
 .text.Widget_DrawChr
                0x00000000080027f0       0x48 Objects/widget_mng.o
 .text.Widget_DrawStr
                0x0000000008002838       0x48 Objects/widget_mng.o
 .text.Widget_DrawLine
                0x0000000008002880       0x48 Objects/widget_mng.o
 .text.Widget_DrawCircle
                0x00000000080028c8       0x44 Objects/widget_mng.o
 .text.Widget_DrawRectangle
                0x000000000800290c       0x48 Objects/widget_mng.o
 .text.Widget_FreshAll
                0x0000000008002954      0x114 Objects/widget_mng.o
 .text.Widget_Fusion
                0x0000000008002a68       0xdc Objects/widget_mng.o
 .text.Widget_Clear
                0x0000000008002b44       0x30 Objects/widget_mng.o
 .text.Widget_CheckFlashTrigger
                0x0000000008002b74       0x20 Objects/widget_mng.o
 .text.Widget_Deleted
                0x0000000008002b94       0x6c Objects/widget_mng.o
 .text.Widget_Create
                0x0000000008002c00      0x180 Objects/widget_mng.o
 .text.Widget_Hide
                0x0000000008002d80       0x48 Objects/widget_mng.o
 .text.Widget_Show
                0x0000000008002dc8       0x7c Objects/widget_mng.o
 .text.GenDsp_SetRange
                0x0000000008002e44       0x18 Objects/GenDsp.o
 .text.GenDsp_DrawPoint
                0x0000000008002e5c       0x38 Objects/GenDsp.o
 .text.GenDsp_DrawChar
                0x0000000008002e94       0xc8 Objects/GenDsp.o
 .text.GenDsp_DrawStr
                0x0000000008002f5c       0x3e Objects/GenDsp.o
 .text.GenDsp_GetStrLen
                0x0000000008002f9a       0x12 Objects/GenDsp.o
 .text.GenDsp_DrawLen
                0x0000000008002fac       0xcc Objects/GenDsp.o
 .text.GenDsp_Draw_Circle_Section
                0x0000000008003078       0xc4 Objects/GenDsp.o
 .text.GenDsp_Draw_Circle
                0x000000000800313c       0x7e Objects/GenDsp.o
 .text.GenDsp_DrawCircle
                0x00000000080031ba       0x10 Objects/GenDsp.o
 .text.GenDsp_DrawRectangle
                0x00000000080031ca       0x6c Objects/GenDsp.o
 *fill*         0x0000000008003236        0x2 
 .text.GenDsp_DrawNum
                0x0000000008003238       0x34 Objects/GenDsp.o
 .text.NVIC_PriorityGroupConfig
                0x000000000800326c       0x14 Objects/misc.o
                0x000000000800326c                NVIC_PriorityGroupConfig
 .text.NVIC_Init
                0x0000000008003280       0x64 Objects/misc.o
                0x0000000008003280                NVIC_Init
 .text.SysTick_CLKSourceConfig
                0x00000000080032e4       0x20 Objects/misc.o
                0x00000000080032e4                SysTick_CLKSourceConfig
 .text.DMA_DeInit
                0x0000000008003304      0x158 Objects/stm32f4xx_dma.o
                0x0000000008003304                DMA_DeInit
 .text.DMA_Init
                0x000000000800345c       0x58 Objects/stm32f4xx_dma.o
                0x000000000800345c                DMA_Init
 .text.DMA_Cmd  0x00000000080034b4       0x16 Objects/stm32f4xx_dma.o
                0x00000000080034b4                DMA_Cmd
 .text.DMA_SetCurrDataCounter
                0x00000000080034ca        0x4 Objects/stm32f4xx_dma.o
                0x00000000080034ca                DMA_SetCurrDataCounter
 .text.DMA_GetCurrDataCounter
                0x00000000080034ce        0x6 Objects/stm32f4xx_dma.o
                0x00000000080034ce                DMA_GetCurrDataCounter
 .text.DMA_GetCmdStatus
                0x00000000080034d4       0x10 Objects/stm32f4xx_dma.o
                0x00000000080034d4                DMA_GetCmdStatus
 .text.DMA_GetFlagStatus
                0x00000000080034e4       0x38 Objects/stm32f4xx_dma.o
                0x00000000080034e4                DMA_GetFlagStatus
 .text.DMA_ClearFlag
                0x000000000800351c       0x34 Objects/stm32f4xx_dma.o
                0x000000000800351c                DMA_ClearFlag
 .text.EXTI_ClearITPendingBit
                0x0000000008003550        0xc Objects/stm32f4xx_exti.o
                0x0000000008003550                EXTI_ClearITPendingBit
 .text.GPIO_Init
                0x000000000800355c       0x8a Objects/stm32f4xx_gpio.o
                0x000000000800355c                GPIO_Init
 .text.GPIO_ReadInputDataBit
                0x00000000080035e6        0xe Objects/stm32f4xx_gpio.o
                0x00000000080035e6                GPIO_ReadInputDataBit
 .text.GPIO_SetBits
                0x00000000080035f4        0x4 Objects/stm32f4xx_gpio.o
                0x00000000080035f4                GPIO_SetBits
 .text.GPIO_ResetBits
                0x00000000080035f8        0x4 Objects/stm32f4xx_gpio.o
                0x00000000080035f8                GPIO_ResetBits
 .text.GPIO_PinAFConfig
                0x00000000080035fc       0x2e Objects/stm32f4xx_gpio.o
                0x00000000080035fc                GPIO_PinAFConfig
 *fill*         0x000000000800362a        0x2 
 .text.RCC_GetClocksFreq
                0x000000000800362c       0xb8 Objects/stm32f4xx_rcc.o
                0x000000000800362c                RCC_GetClocksFreq
 .text.RCC_AHB1PeriphClockCmd
                0x00000000080036e4       0x1c Objects/stm32f4xx_rcc.o
                0x00000000080036e4                RCC_AHB1PeriphClockCmd
 .text.RCC_AHB2PeriphClockCmd
                0x0000000008003700       0x1c Objects/stm32f4xx_rcc.o
                0x0000000008003700                RCC_AHB2PeriphClockCmd
 .text.RCC_APB1PeriphClockCmd
                0x000000000800371c       0x1c Objects/stm32f4xx_rcc.o
                0x000000000800371c                RCC_APB1PeriphClockCmd
 .text.RCC_APB2PeriphClockCmd
                0x0000000008003738       0x1c Objects/stm32f4xx_rcc.o
                0x0000000008003738                RCC_APB2PeriphClockCmd
 .text.RCC_APB1PeriphResetCmd
                0x0000000008003754       0x1c Objects/stm32f4xx_rcc.o
                0x0000000008003754                RCC_APB1PeriphResetCmd
 .text.RCC_APB2PeriphResetCmd
                0x0000000008003770       0x1c Objects/stm32f4xx_rcc.o
                0x0000000008003770                RCC_APB2PeriphResetCmd
 .text.SPI_I2S_DeInit
                0x000000000800378c       0xc4 Objects/stm32f4xx_spi.o
                0x000000000800378c                SPI_I2S_DeInit
 .text.SPI_Init
                0x0000000008003850       0x4c Objects/stm32f4xx_spi.o
                0x0000000008003850                SPI_Init
 .text.SPI_Cmd  0x000000000800389c       0x1a Objects/stm32f4xx_spi.o
                0x000000000800389c                SPI_Cmd
 .text.SPI_I2S_ReceiveData
                0x00000000080038b6        0x4 Objects/stm32f4xx_spi.o
                0x00000000080038b6                SPI_I2S_ReceiveData
 .text.SPI_I2S_SendData
                0x00000000080038ba        0x4 Objects/stm32f4xx_spi.o
                0x00000000080038ba                SPI_I2S_SendData
 .text.SPI_I2S_GetFlagStatus
                0x00000000080038be        0xe Objects/stm32f4xx_spi.o
                0x00000000080038be                SPI_I2S_GetFlagStatus
 .text.TIM_GetITStatus
                0x00000000080038cc       0x18 Objects/stm32f4xx_tim.o
                0x00000000080038cc                TIM_GetITStatus
 .text.TIM_ClearITPendingBit
                0x00000000080038e4        0x8 Objects/stm32f4xx_tim.o
                0x00000000080038e4                TIM_ClearITPendingBit
 .text.USART_DeInit
                0x00000000080038ec       0xfc Objects/stm32f4xx_usart.o
                0x00000000080038ec                USART_DeInit
 .text.USART_Init
                0x00000000080039e8       0xd0 Objects/stm32f4xx_usart.o
                0x00000000080039e8                USART_Init
 .text.USART_Cmd
                0x0000000008003ab8       0x1a Objects/stm32f4xx_usart.o
                0x0000000008003ab8                USART_Cmd
 .text.USART_SendData
                0x0000000008003ad2        0x8 Objects/stm32f4xx_usart.o
                0x0000000008003ad2                USART_SendData
 .text.USART_ReceiveData
                0x0000000008003ada        0x8 Objects/stm32f4xx_usart.o
                0x0000000008003ada                USART_ReceiveData
 .text.USART_DMACmd
                0x0000000008003ae2       0x14 Objects/stm32f4xx_usart.o
                0x0000000008003ae2                USART_DMACmd
 .text.USART_ITConfig
                0x0000000008003af6       0x3a Objects/stm32f4xx_usart.o
                0x0000000008003af6                USART_ITConfig
 .text.USART_GetFlagStatus
                0x0000000008003b30        0xe Objects/stm32f4xx_usart.o
                0x0000000008003b30                USART_GetFlagStatus
 .text.USART_GetITStatus
                0x0000000008003b3e       0x46 Objects/stm32f4xx_usart.o
                0x0000000008003b3e                USART_GetITStatus
 .text.USART_ClearITPendingBit
                0x0000000008003b84       0x10 Objects/stm32f4xx_usart.o
                0x0000000008003b84                USART_ClearITPendingBit
 .text.periph_DMA_Serial
                0x0000000008003b94       0x52 Objects/periph_dma.o
                0x0000000008003b94                periph_DMA_Serial
 .text.periph_DMA_WithoutIRQ_Init
                0x0000000008003be6       0x30 Objects/periph_dma.o
                0x0000000008003be6                periph_DMA_WithoutIRQ_Init
 *fill*         0x0000000008003c16        0x2 
 .text.periph_Get_DMA_IRQCallback
                0x0000000008003c18       0x10 Objects/periph_dma.o
                0x0000000008003c18                periph_Get_DMA_IRQCallback
 .text.GPIO_USART1_IO_Init
                0x0000000008003c28       0x50 Objects/periph_gpio.o
                0x0000000008003c28                GPIO_USART1_IO_Init
 .text.GPIO_USART2_IO_Init
                0x0000000008003c78       0x50 Objects/periph_gpio.o
                0x0000000008003c78                GPIO_USART2_IO_Init
 .text.GPIO_USART3_IO_Init
                0x0000000008003cc8       0x50 Objects/periph_gpio.o
                0x0000000008003cc8                GPIO_USART3_IO_Init
 .text.GPIO_USART6_IO_Init
                0x0000000008003d18       0x50 Objects/periph_gpio.o
                0x0000000008003d18                GPIO_USART6_IO_Init
 .text.GPIO_SPI1_IO_Init
                0x0000000008003d68       0x58 Objects/periph_gpio.o
                0x0000000008003d68                GPIO_SPI1_IO_Init
 .text.GPIO_SPI2_IO_Init
                0x0000000008003dc0       0x78 Objects/periph_gpio.o
                0x0000000008003dc0                GPIO_SPI2_IO_Init
 .text.GPIO_SPI3_IO_Init
                0x0000000008003e38       0x58 Objects/periph_gpio.o
                0x0000000008003e38                GPIO_SPI3_IO_Init
 .text.GPIO_IO_Encoder_Init
                0x0000000008003e90       0x42 Objects/periph_gpio.o
                0x0000000008003e90                GPIO_IO_Encoder_Init
 .text.GPIO_IO_Output_Init
                0x0000000008003ed2       0x32 Objects/periph_gpio.o
                0x0000000008003ed2                GPIO_IO_Output_Init
 .text.GPIO_IO_Input_Init
                0x0000000008003f04       0x30 Objects/periph_gpio.o
                0x0000000008003f04                GPIO_IO_Input_Init
 .text.GPIO_Get_IO_LEVEL
                0x0000000008003f34        0x8 Objects/periph_gpio.o
                0x0000000008003f34                GPIO_Get_IO_LEVEL
 .text.GPIO_Set_IO_LEVEL
                0x0000000008003f3c       0x14 Objects/periph_gpio.o
                0x0000000008003f3c                GPIO_Set_IO_LEVEL
 .text.periph_nvic_Structure_Setting
                0x0000000008003f50       0x20 Objects/periph_nvic.o
                0x0000000008003f50                periph_nvic_Structure_Setting
 .text.USART1_IRQHandler
                0x0000000008003f70       0x84 Objects/periph_serial_irq.o
                0x0000000008003f70                USART1_IRQHandler
 .text.USART2_IRQHandler
                0x0000000008003ff4       0x84 Objects/periph_serial_irq.o
                0x0000000008003ff4                USART2_IRQHandler
 .text.USART3_IRQHandler
                0x0000000008004078       0x84 Objects/periph_serial_irq.o
                0x0000000008004078                USART3_IRQHandler
 .text.USART6_IRQHandler
                0x00000000080040fc       0x84 Objects/periph_serial_irq.o
                0x00000000080040fc                USART6_IRQHandler
 .text.USART_Structure_Normal_Setting
                0x0000000008004180       0x12 Objects/periph_serial.o
 .text.USART_Structure_SBus_Setting
                0x0000000008004192       0x1e Objects/periph_serial.o
 .text.Serial_Get_IRQ_RxCallback
                0x00000000080041b0       0x14 Objects/periph_serial.o
                0x00000000080041b0                Serial_Get_IRQ_RxCallback
 .text.Serial_Set_IRQ_Callback
                0x00000000080041c4       0x18 Objects/periph_serial.o
                0x00000000080041c4                Serial_Set_IRQ_Callback
 .text.Serial_IRQ_RX_Init
                0x00000000080041dc       0x84 Objects/periph_serial.o
                0x00000000080041dc                Serial_IRQ_RX_Init
 .text.Serial_DMA_RX_Init
                0x0000000008004260       0xf8 Objects/periph_serial.o
                0x0000000008004260                Serial_DMA_RX_Init
 .text.Serial_Deinit
                0x0000000008004358       0x6c Objects/periph_serial.o
                0x0000000008004358                Serial_Deinit
 .text.Serial_DMA_RXTX_Init
                0x00000000080043c4      0x140 Objects/periph_serial.o
                0x00000000080043c4                Serial_DMA_RXTX_Init
 .text.Serial_SendBuff
                0x0000000008004504       0x40 Objects/periph_serial.o
                0x0000000008004504                Serial_SendBuff
 .text.Serial_DMA_SendBuff
                0x0000000008004544       0x30 Objects/periph_serial.o
                0x0000000008004544                Serial_DMA_SendBuff
 .text.Serial_DMA_WaitFinish
                0x0000000008004574       0x34 Objects/periph_serial.o
                0x0000000008004574                Serial_DMA_WaitFinish
 .text.periph_SPI_DeInit
                0x00000000080045a8       0x14 Objects/periph_spi.o
                0x00000000080045a8                periph_SPI_DeInit
 .text.periph_SPI_Init
                0x00000000080045bc       0xa0 Objects/periph_spi.o
                0x00000000080045bc                periph_SPI_Init
 .text.periph_SPI_SetSpeed
                0x000000000800465c       0x38 Objects/periph_spi.o
                0x000000000800465c                periph_SPI_SetSpeed
 .text.periph_SPI_WriteByte
                0x0000000008004694       0x38 Objects/periph_spi.o
                0x0000000008004694                periph_SPI_WriteByte
 .text.periph_SPI_ReadByte
                0x00000000080046cc       0x64 Objects/periph_spi.o
                0x00000000080046cc                periph_SPI_ReadByte
 .text.periph_SPI_ReadWriteByte
                0x0000000008004730       0x6c Objects/periph_spi.o
                0x0000000008004730                periph_SPI_ReadWriteByte
 .text.periph_SPI_Transfer
                0x000000000800479c       0x90 Objects/periph_spi.o
                0x000000000800479c                periph_SPI_Transfer
 .text.TIM2_IRQHandler
                0x000000000800482c       0x1e Objects/periph_timer_irq.o
                0x000000000800482c                TIM2_IRQHandler
 *fill*         0x000000000800484a        0x2 
 .text.TIM3_IRQHandler
                0x000000000800484c       0x20 Objects/periph_timer_irq.o
                0x000000000800484c                TIM3_IRQHandler
 .text.TIM4_IRQHandler
                0x000000000800486c       0x20 Objects/periph_timer_irq.o
                0x000000000800486c                TIM4_IRQHandler
 .text.DMA1_Stream6_IRQHandler
                0x000000000800488c       0x18 Objects/periph_dma_irq.o
                0x000000000800488c                DMA1_Stream6_IRQHandler
 .text.DMA1_Stream3_IRQHandler
                0x00000000080048a4       0x18 Objects/periph_dma_irq.o
                0x00000000080048a4                DMA1_Stream3_IRQHandler
 .text.DMA2_Stream7_IRQHandler
                0x00000000080048bc       0x18 Objects/periph_dma_irq.o
                0x00000000080048bc                DMA2_Stream7_IRQHandler
 .text.DrvSpi_Transfer
                0x00000000080048d4       0x10 Objects/drv_spi.o
 .text.DrvSpi_transmit_receive
                0x00000000080048e4        0xa Objects/drv_spi.o
 .text.DrvSpi_Receive
                0x00000000080048ee        0xa Objects/drv_spi.o
 .text.DrvSpi_Transmit
                0x00000000080048f8        0xa Objects/drv_spi.o
 .text.DrvSpi_SetSpeed
                0x0000000008004902        0xc Objects/drv_spi.o
 .text.DrvSpi_Close
                0x000000000800490e        0xa Objects/drv_spi.o
 .text.DrvSpi_Open
                0x0000000008004918       0x10 Objects/drv_spi.o
 .text.DrvGPIO_Close
                0x0000000008004928        0x2 Objects/drv_gpio.o
 .text.DrvGPIO_Get
                0x000000000800492a       0x1e Objects/drv_gpio.o
 .text.DrvGPIO_Control
                0x0000000008004948       0x26 Objects/drv_gpio.o
 .text.DrvGPIO_Open
                0x000000000800496e       0x42 Objects/drv_gpio.o
 .text.DrvSerial_Write
                0x00000000080049b0       0x68 Objects/drv_serial.o
 .text.DrvSerial_Ctl
                0x0000000008004a18      0x108 Objects/drv_serial.o
 .text.VCP_Init
                0x0000000008004b20        0x8 Objects/vcp.o
                0x0000000008004b20                VCP_Init
 .text.TM_INT_USB_VCP_AddReceived
                0x0000000008004b28       0x44 Objects/tm_stm32f4_usb_vcp.o
                0x0000000008004b28                TM_INT_USB_VCP_AddReceived
 .text.TM_USB_VCP_Set_IRQ
                0x0000000008004b6c       0x44 Objects/tm_stm32f4_usb_vcp.o
                0x0000000008004b6c                TM_USB_VCP_Set_IRQ
 .text.TM_USB_VCP_Get_IRQState
                0x0000000008004bb0        0xc Objects/tm_stm32f4_usb_vcp.o
                0x0000000008004bb0                TM_USB_VCP_Get_IRQState
 .text.TM_USB_VCP_Reset_IRQ
                0x0000000008004bbc       0x28 Objects/tm_stm32f4_usb_vcp.o
                0x0000000008004bbc                TM_USB_VCP_Reset_IRQ
 .text.TM_USB_VCP_Init
                0x0000000008004be4       0x54 Objects/tm_stm32f4_usb_vcp.o
                0x0000000008004be4                TM_USB_VCP_Init
 .text.USB_OTG_BSP_Init
                0x0000000008004c38       0xa4 Objects/usb_bsp.o
                0x0000000008004c38                USB_OTG_BSP_Init
 .text.USB_OTG_BSP_EnableInterrupt
                0x0000000008004cdc       0x2e Objects/usb_bsp.o
                0x0000000008004cdc                USB_OTG_BSP_EnableInterrupt
 *fill*         0x0000000008004d0a        0x2 
 .text.USB_OTG_BSP_uDelay
                0x0000000008004d0c       0x24 Objects/usb_bsp.o
                0x0000000008004d0c                USB_OTG_BSP_uDelay
 .text.USB_OTG_BSP_mDelay
                0x0000000008004d30        0x2 Objects/usb_bsp.o
                0x0000000008004d30                USB_OTG_BSP_mDelay
 .text.OTG_FS_WKUP_IRQHandler
                0x0000000008004d32        0xc Objects/usb_bsp.o
                0x0000000008004d32                OTG_FS_WKUP_IRQHandler
 *fill*         0x0000000008004d3e        0x2 
 .text.OTG_FS_IRQHandler
                0x0000000008004d40       0x10 Objects/usb_bsp.o
                0x0000000008004d40                OTG_FS_IRQHandler
 .text.USB_OTG_EnableCommonInt
                0x0000000008004d50       0x1c Objects/usb_core.o
 .text.USB_OTG_CoreReset
                0x0000000008004d6c       0x58 Objects/usb_core.o
 .text.USB_OTG_WritePacket
                0x0000000008004dc4       0x2a Objects/usb_core.o
                0x0000000008004dc4                USB_OTG_WritePacket
 .text.USB_OTG_ReadPacket
                0x0000000008004dee       0x22 Objects/usb_core.o
                0x0000000008004dee                USB_OTG_ReadPacket
 .text.USB_OTG_SelectCore
                0x0000000008004e10       0xd4 Objects/usb_core.o
                0x0000000008004e10                USB_OTG_SelectCore
 .text.USB_OTG_CoreInit
                0x0000000008004ee4       0x90 Objects/usb_core.o
                0x0000000008004ee4                USB_OTG_CoreInit
 .text.USB_OTG_EnableGlobalInt
                0x0000000008004f74        0xe Objects/usb_core.o
                0x0000000008004f74                USB_OTG_EnableGlobalInt
 .text.USB_OTG_DisableGlobalInt
                0x0000000008004f82        0xe Objects/usb_core.o
                0x0000000008004f82                USB_OTG_DisableGlobalInt
 .text.USB_OTG_FlushTxFifo
                0x0000000008004f90       0x48 Objects/usb_core.o
                0x0000000008004f90                USB_OTG_FlushTxFifo
 .text.USB_OTG_FlushRxFifo
                0x0000000008004fd8       0x40 Objects/usb_core.o
                0x0000000008004fd8                USB_OTG_FlushRxFifo
 .text.USB_OTG_SetCurrentMode
                0x0000000008005018       0x2a Objects/usb_core.o
                0x0000000008005018                USB_OTG_SetCurrentMode
 .text.USB_OTG_GetMode
                0x0000000008005042        0xa Objects/usb_core.o
                0x0000000008005042                USB_OTG_GetMode
 .text.USB_OTG_IsDeviceMode
                0x000000000800504c       0x10 Objects/usb_core.o
                0x000000000800504c                USB_OTG_IsDeviceMode
 .text.USB_OTG_ReadCoreItr
                0x000000000800505c        0xa Objects/usb_core.o
                0x000000000800505c                USB_OTG_ReadCoreItr
 .text.USB_OTG_InitDevSpeed
                0x0000000008005066        0xc Objects/usb_core.o
                0x0000000008005066                USB_OTG_InitDevSpeed
 .text.USB_OTG_EnableDevInt
                0x0000000008005072       0x38 Objects/usb_core.o
                0x0000000008005072                USB_OTG_EnableDevInt
 .text.USB_OTG_CoreInitDev
                0x00000000080050aa      0x138 Objects/usb_core.o
                0x00000000080050aa                USB_OTG_CoreInitDev
 .text.USB_OTG_GetDeviceSpeed
                0x00000000080051e2       0x22 Objects/usb_core.o
                0x00000000080051e2                USB_OTG_GetDeviceSpeed
 .text.USB_OTG_EP0Activate
                0x0000000008005204       0x2c Objects/usb_core.o
                0x0000000008005204                USB_OTG_EP0Activate
 .text.USB_OTG_EPActivate
                0x0000000008005230       0x62 Objects/usb_core.o
                0x0000000008005230                USB_OTG_EPActivate
 .text.USB_OTG_EPDeactivate
                0x0000000008005292       0x48 Objects/usb_core.o
                0x0000000008005292                USB_OTG_EPDeactivate
 .text.USB_OTG_EPStartXfer
                0x00000000080052da      0x134 Objects/usb_core.o
                0x00000000080052da                USB_OTG_EPStartXfer
 .text.USB_OTG_EP0StartXfer
                0x000000000800540e      0x12c Objects/usb_core.o
                0x000000000800540e                USB_OTG_EP0StartXfer
 .text.USB_OTG_EPSetStall
                0x000000000800553a       0x3a Objects/usb_core.o
                0x000000000800553a                USB_OTG_EPSetStall
 .text.USB_OTG_EPClearStall
                0x0000000008005574       0x38 Objects/usb_core.o
                0x0000000008005574                USB_OTG_EPClearStall
 .text.USB_OTG_ReadDevAllOutEp_itr
                0x00000000080055ac        0xc Objects/usb_core.o
                0x00000000080055ac                USB_OTG_ReadDevAllOutEp_itr
 .text.USB_OTG_ReadDevOutEP_itr
                0x00000000080055b8       0x12 Objects/usb_core.o
                0x00000000080055b8                USB_OTG_ReadDevOutEP_itr
 .text.USB_OTG_ReadDevAllInEPItr
                0x00000000080055ca        0xc Objects/usb_core.o
                0x00000000080055ca                USB_OTG_ReadDevAllInEPItr
 .text.USB_OTG_EP0_OutStart
                0x00000000080055d6       0x44 Objects/usb_core.o
                0x00000000080055d6                USB_OTG_EP0_OutStart
 *fill*         0x000000000800561a        0x2 
 .text.DCD_HandleResume_ISR
                0x000000000800561c       0x40 Objects/usb_dcd_int.o
 .text.DCD_HandleUSBSuspend_ISR
                0x000000000800565c       0x78 Objects/usb_dcd_int.o
 .text.DCD_HandleSof_ISR
                0x00000000080056d4       0x1c Objects/usb_dcd_int.o
 .text.DCD_IsoINIncomplete_ISR
                0x00000000080056f0       0x1c Objects/usb_dcd_int.o
 .text.DCD_IsoOUTIncomplete_ISR
                0x000000000800570c       0x1c Objects/usb_dcd_int.o
 .text.DCD_ReadDevInEP
                0x0000000008005728       0x22 Objects/usb_dcd_int.o
 *fill*         0x000000000800574a        0x2 
 .text.DCD_HandleOutEP_ISR
                0x000000000800574c       0xcc Objects/usb_dcd_int.o
 .text.DCD_WriteEmptyTxFifo
                0x0000000008005818       0xac Objects/usb_dcd_int.o
 .text.DCD_HandleInEP_ISR
                0x00000000080058c4       0xe4 Objects/usb_dcd_int.o
 .text.DCD_HandleRxStatusQueueLevel_ISR
                0x00000000080059a8       0x8e Objects/usb_dcd_int.o
 *fill*         0x0000000008005a36        0x2 
 .text.DCD_HandleUsbReset_ISR
                0x0000000008005a38       0x98 Objects/usb_dcd_int.o
 .text.DCD_HandleEnumDone_ISR
                0x0000000008005ad0       0x46 Objects/usb_dcd_int.o
 .text.USBD_OTG_ISR_Handler
                0x0000000008005b16       0xdc Objects/usb_dcd_int.o
                0x0000000008005b16                USBD_OTG_ISR_Handler
 .text.DCD_Init
                0x0000000008005bf2       0x9c Objects/usb_dcd.o
                0x0000000008005bf2                DCD_Init
 .text.DCD_EP_Open
                0x0000000008005c8e       0x54 Objects/usb_dcd.o
                0x0000000008005c8e                DCD_EP_Open
 .text.DCD_EP_Close
                0x0000000008005ce2       0x42 Objects/usb_dcd.o
                0x0000000008005ce2                DCD_EP_Close
 .text.DCD_EP_PrepareRx
                0x0000000008005d24       0x5c Objects/usb_dcd.o
                0x0000000008005d24                DCD_EP_PrepareRx
 .text.DCD_EP_Tx
                0x0000000008005d80       0x46 Objects/usb_dcd.o
                0x0000000008005d80                DCD_EP_Tx
 .text.DCD_EP_Stall
                0x0000000008005dc6       0x42 Objects/usb_dcd.o
                0x0000000008005dc6                DCD_EP_Stall
 .text.DCD_EP_ClrStall
                0x0000000008005e08       0x42 Objects/usb_dcd.o
                0x0000000008005e08                DCD_EP_ClrStall
 .text.DCD_EP_SetAddress
                0x0000000008005e4a       0x16 Objects/usb_dcd.o
                0x0000000008005e4a                DCD_EP_SetAddress
 .text.usbd_cdc_EP0_RxReady
                0x0000000008005e60       0x30 Objects/usbd_cdc_core.o
 .text.USBD_cdc_GetCfgDesc
                0x0000000008005e90        0xc Objects/usbd_cdc_core.o
 .text.Handle_USBAsynchXfer
                0x0000000008005e9c       0x98 Objects/usbd_cdc_core.o
 .text.usbd_cdc_SOF
                0x0000000008005f34       0x24 Objects/usbd_cdc_core.o
 .text.usbd_cdc_DataIn
                0x0000000008005f58       0x64 Objects/usbd_cdc_core.o
 .text.usbd_cdc_DataOut
                0x0000000008005fbc       0x34 Objects/usbd_cdc_core.o
 .text.usbd_cdc_Setup
                0x0000000008005ff0       0xd4 Objects/usbd_cdc_core.o
 .text.usbd_cdc_DeInit
                0x00000000080060c4       0x28 Objects/usbd_cdc_core.o
 .text.usbd_cdc_Init
                0x00000000080060ec       0x54 Objects/usbd_cdc_core.o
 .text.VCP_Init
                0x0000000008006140        0x4 Objects/usbd_cdc_vcp.o
 .text.VCP_DeInit
                0x0000000008006144        0x4 Objects/usbd_cdc_vcp.o
 .text.VCP_Ctrl
                0x0000000008006148       0x5c Objects/usbd_cdc_vcp.o
 .text.VCP_DataTx
                0x00000000080061a4       0x40 Objects/usbd_cdc_vcp.o
                0x00000000080061a4                VCP_DataTx
 .text.VCP_DataRx
                0x00000000080061e4       0x2a Objects/usbd_cdc_vcp.o
                0x00000000080061e4                VCP_DataRx
 *fill*         0x000000000800620e        0x2 
 .text.USBD_RunTestMode
                0x0000000008006210       0x10 Objects/usbd_core.o
 .text.USBD_Resume
                0x0000000008006220       0x16 Objects/usbd_core.o
 .text.USBD_Suspend
                0x0000000008006236       0x1c Objects/usbd_core.o
 .text.USBD_SOF
                0x0000000008006252       0x10 Objects/usbd_core.o
 .text.USBD_IsoINIncomplete
                0x0000000008006262        0xe Objects/usbd_core.o
 .text.USBD_IsoOUTIncomplete
                0x0000000008006270        0xe Objects/usbd_core.o
 .text.USBD_Reset
                0x000000000800627e       0x2e Objects/usbd_core.o
 .text.USBD_SetupStage
                0x00000000080062ac       0x4e Objects/usbd_core.o
 .text.USBD_DataInStage
                0x00000000080062fa       0xbc Objects/usbd_core.o
 .text.USBD_DataOutStage
                0x00000000080063b6       0x80 Objects/usbd_core.o
 .text.USBD_Init
                0x0000000008006436       0x34 Objects/usbd_core.o
                0x0000000008006436                USBD_Init
 .text.USBD_SetCfg
                0x000000000800646a       0x18 Objects/usbd_core.o
                0x000000000800646a                USBD_SetCfg
 .text.USBD_ClrCfg
                0x0000000008006482        0xe Objects/usbd_core.o
                0x0000000008006482                USBD_ClrCfg
 .text.USBD_USR_DeviceDescriptor
                0x0000000008006490        0xc Objects/usbd_desc.o
                0x0000000008006490                USBD_USR_DeviceDescriptor
 .text.USBD_USR_LangIDStrDescriptor
                0x000000000800649c        0xc Objects/usbd_desc.o
                0x000000000800649c                USBD_USR_LangIDStrDescriptor
 .text.USBD_USR_ProductStrDescriptor
                0x00000000080064a8       0x1c Objects/usbd_desc.o
                0x00000000080064a8                USBD_USR_ProductStrDescriptor
 .text.USBD_USR_ManufacturerStrDescriptor
                0x00000000080064c4       0x1c Objects/usbd_desc.o
                0x00000000080064c4                USBD_USR_ManufacturerStrDescriptor
 .text.USBD_USR_SerialStrDescriptor
                0x00000000080064e0       0x1c Objects/usbd_desc.o
                0x00000000080064e0                USBD_USR_SerialStrDescriptor
 .text.USBD_USR_ConfigStrDescriptor
                0x00000000080064fc       0x1c Objects/usbd_desc.o
                0x00000000080064fc                USBD_USR_ConfigStrDescriptor
 .text.USBD_USR_InterfaceStrDescriptor
                0x0000000008006518       0x1c Objects/usbd_desc.o
                0x0000000008006518                USBD_USR_InterfaceStrDescriptor
 .text.USBD_CtlSendData
                0x0000000008006534       0x20 Objects/usbd_ioreq.o
                0x0000000008006534                USBD_CtlSendData
 .text.USBD_CtlContinueSendData
                0x0000000008006554       0x10 Objects/usbd_ioreq.o
                0x0000000008006554                USBD_CtlContinueSendData
 .text.USBD_CtlPrepareRx
                0x0000000008006564       0x20 Objects/usbd_ioreq.o
                0x0000000008006564                USBD_CtlPrepareRx
 .text.USBD_CtlContinueRx
                0x0000000008006584       0x10 Objects/usbd_ioreq.o
                0x0000000008006584                USBD_CtlContinueRx
 .text.USBD_CtlSendStatus
                0x0000000008006594       0x1e Objects/usbd_ioreq.o
                0x0000000008006594                USBD_CtlSendStatus
 .text.USBD_CtlReceiveStatus
                0x00000000080065b2       0x1e Objects/usbd_ioreq.o
                0x00000000080065b2                USBD_CtlReceiveStatus
 .text.USBD_GetLen
                0x00000000080065d0       0x12 Objects/usbd_req.o
 *fill*         0x00000000080065e2        0x2 
 .text.USBD_SetFeature
                0x00000000080065e4       0x80 Objects/usbd_req.o
 .text.USBD_ParseSetupRequest
                0x0000000008006664       0x44 Objects/usbd_req.o
                0x0000000008006664                USBD_ParseSetupRequest
 .text.USBD_CtlError
                0x00000000080066a8       0x1a Objects/usbd_req.o
                0x00000000080066a8                USBD_CtlError
 .text.USBD_GetDescriptor
                0x00000000080066c2      0x10c Objects/usbd_req.o
 .text.USBD_SetAddress
                0x00000000080067ce       0x4a Objects/usbd_req.o
 .text.USBD_SetConfig
                0x0000000008006818       0x8c Objects/usbd_req.o
 .text.USBD_GetConfig
                0x00000000080068a4       0x3c Objects/usbd_req.o
 .text.USBD_GetStatus
                0x00000000080068e0       0x34 Objects/usbd_req.o
 .text.USBD_ClrFeature
                0x0000000008006914       0x30 Objects/usbd_req.o
 .text.USBD_StdDevReq
                0x0000000008006944       0x48 Objects/usbd_req.o
                0x0000000008006944                USBD_StdDevReq
 .text.USBD_StdItfReq
                0x000000000800698c       0x36 Objects/usbd_req.o
                0x000000000800698c                USBD_StdItfReq
 *fill*         0x00000000080069c2        0x2 
 .text.USBD_StdEPReq
                0x00000000080069c4      0x128 Objects/usbd_req.o
                0x00000000080069c4                USBD_StdEPReq
 .text.USBD_GetString
                0x0000000008006aec       0x38 Objects/usbd_req.o
                0x0000000008006aec                USBD_GetString
 .text.USBD_USR_Init
                0x0000000008006b24        0xc Objects/usbd_usr.o
                0x0000000008006b24                USBD_USR_Init
 .text.USBD_USR_DeviceReset
                0x0000000008006b30        0xc Objects/usbd_usr.o
                0x0000000008006b30                USBD_USR_DeviceReset
 .text.USBD_USR_DeviceConfigured
                0x0000000008006b3c        0xc Objects/usbd_usr.o
                0x0000000008006b3c                USBD_USR_DeviceConfigured
 .text.USBD_USR_DeviceSuspended
                0x0000000008006b48        0xc Objects/usbd_usr.o
                0x0000000008006b48                USBD_USR_DeviceSuspended
 .text.USBD_USR_DeviceResumed
                0x0000000008006b54        0xc Objects/usbd_usr.o
                0x0000000008006b54                USBD_USR_DeviceResumed
 .text.USBD_USR_DeviceConnected
                0x0000000008006b60        0xc Objects/usbd_usr.o
                0x0000000008006b60                USBD_USR_DeviceConnected
 .text.USBD_USR_DeviceDisconnected
                0x0000000008006b6c        0xc Objects/usbd_usr.o
                0x0000000008006b6c                USBD_USR_DeviceDisconnected
 .text.NMI_Handler
                0x0000000008006b78        0x2 Objects/stm32f4xx_it.o
                0x0000000008006b78                NMI_Handler
 .text.HardFault_Handler
                0x0000000008006b7a       0x14 Objects/stm32f4xx_it.o
                0x0000000008006b7a                HardFault_Handler
 .text.MemManage_Handler
                0x0000000008006b8e        0x2 Objects/stm32f4xx_it.o
                0x0000000008006b8e                MemManage_Handler
 .text.BusFault_Handler
                0x0000000008006b90        0x2 Objects/stm32f4xx_it.o
                0x0000000008006b90                BusFault_Handler
 .text.UsageFault_Handler
                0x0000000008006b92        0x2 Objects/stm32f4xx_it.o
                0x0000000008006b92                UsageFault_Handler
 .text.SVC_Handler
                0x0000000008006b94        0x2 Objects/stm32f4xx_it.o
                0x0000000008006b94                SVC_Handler
 .text.DebugMon_Handler
                0x0000000008006b96        0x2 Objects/stm32f4xx_it.o
                0x0000000008006b96                DebugMon_Handler
 .text.PendSV_Handler
                0x0000000008006b98       0x24 Objects/stm32f4xx_it.o
                0x0000000008006b98                PendSV_Handler
 .text.SysTick_Handler
                0x0000000008006bbc        0x8 Objects/stm32f4xx_it.o
                0x0000000008006bbc                SysTick_Handler
 .text.SetSysClock
                0x0000000008006bc4       0xc4 Objects/system_stm32f4xx.o
 .text.SystemInit
                0x0000000008006c88       0x50 Objects/system_stm32f4xx.o
                0x0000000008006c88                SystemInit
 .text.Task_test_1
                0x0000000008006cd8       0x20 Objects/main.o
                0x0000000008006cd8                Task_test_1
 .text.Task_test_2
                0x0000000008006cf8       0x20 Objects/main.o
                0x0000000008006cf8                Task_test_2
 .text.Task_test_3
                0x0000000008006d18       0x20 Objects/main.o
                0x0000000008006d18                Task_test_3
 .text.Task_Serial_Test
                0x0000000008006d38       0x94 Objects/main.o
                0x0000000008006d38                Task_Serial_Test
 .text.main     0x0000000008006dcc      0x148 Objects/main.o
                0x0000000008006dcc                main
 .text.TaskWidget_Init
                0x0000000008006f14       0x90 Objects/Task_Widget.o
 .text.TestWidget_Dynamic_Dsp
                0x0000000008006fa4      0x1cc Objects/Task_Widget.o
 .text.TaskWidget_Core
                0x0000000008007170       0x54 Objects/Task_Widget.o
                0x0000000008007170                TaskWidget_Core
 .text.Reset_Handler
                0x00000000080071c4       0x50 Objects/startup_stm32f405xx.o
                0x00000000080071c4                Reset_Handler
 .text.Default_Handler
                0x0000000008007214        0x2 Objects/startup_stm32f405xx.o
                0x0000000008007214                RTC_Alarm_IRQHandler
                0x0000000008007214                HASH_RNG_IRQHandler
                0x0000000008007214                EXTI2_IRQHandler
                0x0000000008007214                TIM8_CC_IRQHandler
                0x0000000008007214                TIM1_CC_IRQHandler
                0x0000000008007214                DMA2_Stream5_IRQHandler
                0x0000000008007214                DMA1_Stream5_IRQHandler
                0x0000000008007214                PVD_IRQHandler
                0x0000000008007214                SDIO_IRQHandler
                0x0000000008007214                TAMP_STAMP_IRQHandler
                0x0000000008007214                CAN2_RX1_IRQHandler
                0x0000000008007214                EXTI3_IRQHandler
                0x0000000008007214                TIM8_TRG_COM_TIM14_IRQHandler
                0x0000000008007214                TIM1_UP_TIM10_IRQHandler
                0x0000000008007214                TIM8_UP_TIM13_IRQHandler
                0x0000000008007214                I2C3_ER_IRQHandler
                0x0000000008007214                EXTI0_IRQHandler
                0x0000000008007214                I2C2_EV_IRQHandler
                0x0000000008007214                DMA1_Stream2_IRQHandler
                0x0000000008007214                CAN1_RX0_IRQHandler
                0x0000000008007214                FPU_IRQHandler
                0x0000000008007214                OTG_HS_WKUP_IRQHandler
                0x0000000008007214                CAN2_SCE_IRQHandler
                0x0000000008007214                DMA2_Stream2_IRQHandler
                0x0000000008007214                SPI1_IRQHandler
                0x0000000008007214                TIM6_DAC_IRQHandler
                0x0000000008007214                TIM1_BRK_TIM9_IRQHandler
                0x0000000008007214                CAN2_RX0_IRQHandler
                0x0000000008007214                DMA2_Stream3_IRQHandler
                0x0000000008007214                CAN1_RX1_IRQHandler
                0x0000000008007214                UART5_IRQHandler
                0x0000000008007214                DMA2_Stream0_IRQHandler
                0x0000000008007214                I2C1_EV_IRQHandler
                0x0000000008007214                DMA1_Stream1_IRQHandler
                0x0000000008007214                UART4_IRQHandler
                0x0000000008007214                RCC_IRQHandler
                0x0000000008007214                TIM8_BRK_TIM12_IRQHandler
                0x0000000008007214                Default_Handler
                0x0000000008007214                EXTI15_10_IRQHandler
                0x0000000008007214                ADC_IRQHandler
                0x0000000008007214                DMA1_Stream7_IRQHandler
                0x0000000008007214                TIM7_IRQHandler
                0x0000000008007214                CAN2_TX_IRQHandler
                0x0000000008007214                TIM5_IRQHandler
                0x0000000008007214                I2C3_EV_IRQHandler
                0x0000000008007214                EXTI9_5_IRQHandler
                0x0000000008007214                RTC_WKUP_IRQHandler
                0x0000000008007214                SPI2_IRQHandler
                0x0000000008007214                OTG_HS_EP1_IN_IRQHandler
                0x0000000008007214                DMA1_Stream0_IRQHandler
                0x0000000008007214                CAN1_TX_IRQHandler
                0x0000000008007214                EXTI4_IRQHandler
                0x0000000008007214                FSMC_IRQHandler
                0x0000000008007214                OTG_HS_EP1_OUT_IRQHandler
                0x0000000008007214                WWDG_IRQHandler
                0x0000000008007214                TIM1_TRG_COM_TIM11_IRQHandler
                0x0000000008007214                OTG_HS_IRQHandler
                0x0000000008007214                EXTI1_IRQHandler
                0x0000000008007214                I2C2_ER_IRQHandler
                0x0000000008007214                DMA2_Stream1_IRQHandler
                0x0000000008007214                CAN1_SCE_IRQHandler
                0x0000000008007214                FLASH_IRQHandler
                0x0000000008007214                DMA2_Stream4_IRQHandler
                0x0000000008007214                SPI3_IRQHandler
                0x0000000008007214                DMA1_Stream4_IRQHandler
                0x0000000008007214                I2C1_ER_IRQHandler
                0x0000000008007214                DMA2_Stream6_IRQHandler
 *fill*         0x0000000008007216        0x2 
 .text.__libc_init_array
                0x0000000008007218       0x48 /home/bt0/stm32/compile-tool/gcc-arm-none-eabi-8-2018-q4-major-linux/gcc-arm-none-eabi-8-2018-q4-major/bin/../lib/gcc/arm-none-eabi/8.2.1/../../../../arm-none-eabi/lib/thumb/v7e-m+fp/hard/libc_nano.a(lib_a-init.o)
                0x0000000008007218                __libc_init_array
 .text.malloc   0x0000000008007260       0x10 /home/bt0/stm32/compile-tool/gcc-arm-none-eabi-8-2018-q4-major-linux/gcc-arm-none-eabi-8-2018-q4-major/bin/../lib/gcc/arm-none-eabi/8.2.1/../../../../arm-none-eabi/lib/thumb/v7e-m+fp/hard/libc_nano.a(lib_a-malloc.o)
                0x0000000008007260                malloc
 .text.free     0x0000000008007270       0x10 /home/bt0/stm32/compile-tool/gcc-arm-none-eabi-8-2018-q4-major-linux/gcc-arm-none-eabi-8-2018-q4-major/bin/../lib/gcc/arm-none-eabi/8.2.1/../../../../arm-none-eabi/lib/thumb/v7e-m+fp/hard/libc_nano.a(lib_a-malloc.o)
                0x0000000008007270                free
 .text.memcpy   0x0000000008007280       0x1c /home/bt0/stm32/compile-tool/gcc-arm-none-eabi-8-2018-q4-major-linux/gcc-arm-none-eabi-8-2018-q4-major/bin/../lib/gcc/arm-none-eabi/8.2.1/../../../../arm-none-eabi/lib/thumb/v7e-m+fp/hard/libc_nano.a(lib_a-memcpy-stub.o)
                0x0000000008007280                memcpy
 .text.memset   0x000000000800729c       0x10 /home/bt0/stm32/compile-tool/gcc-arm-none-eabi-8-2018-q4-major-linux/gcc-arm-none-eabi-8-2018-q4-major/bin/../lib/gcc/arm-none-eabi/8.2.1/../../../../arm-none-eabi/lib/thumb/v7e-m+fp/hard/libc_nano.a(lib_a-memset.o)
                0x000000000800729c                memset
 .text._free_r  0x00000000080072ac       0x9c /home/bt0/stm32/compile-tool/gcc-arm-none-eabi-8-2018-q4-major-linux/gcc-arm-none-eabi-8-2018-q4-major/bin/../lib/gcc/arm-none-eabi/8.2.1/../../../../arm-none-eabi/lib/thumb/v7e-m+fp/hard/libc_nano.a(lib_a-nano-freer.o)
                0x00000000080072ac                _free_r
 .text._malloc_r
                0x0000000008007348       0xb4 /home/bt0/stm32/compile-tool/gcc-arm-none-eabi-8-2018-q4-major-linux/gcc-arm-none-eabi-8-2018-q4-major/bin/../lib/gcc/arm-none-eabi/8.2.1/../../../../arm-none-eabi/lib/thumb/v7e-m+fp/hard/libc_nano.a(lib_a-nano-mallocr.o)
                0x0000000008007348                _malloc_r
 .text.__cvt    0x00000000080073fc       0xba /home/bt0/stm32/compile-tool/gcc-arm-none-eabi-8-2018-q4-major-linux/gcc-arm-none-eabi-8-2018-q4-major/bin/../lib/gcc/arm-none-eabi/8.2.1/../../../../arm-none-eabi/lib/thumb/v7e-m+fp/hard/libc_nano.a(lib_a-nano-vfprintf_float.o)
                0x00000000080073fc                __cvt
 .text.__exponent
                0x00000000080074b6       0x64 /home/bt0/stm32/compile-tool/gcc-arm-none-eabi-8-2018-q4-major-linux/gcc-arm-none-eabi-8-2018-q4-major/bin/../lib/gcc/arm-none-eabi/8.2.1/../../../../arm-none-eabi/lib/thumb/v7e-m+fp/hard/libc_nano.a(lib_a-nano-vfprintf_float.o)
                0x00000000080074b6                __exponent
 *fill*         0x000000000800751a        0x2 
 .text._printf_float
                0x000000000800751c      0x45c /home/bt0/stm32/compile-tool/gcc-arm-none-eabi-8-2018-q4-major-linux/gcc-arm-none-eabi-8-2018-q4-major/bin/../lib/gcc/arm-none-eabi/8.2.1/../../../../arm-none-eabi/lib/thumb/v7e-m+fp/hard/libc_nano.a(lib_a-nano-vfprintf_float.o)
                0x000000000800751c                _printf_float
 .text._printf_common
                0x0000000008007978       0xea /home/bt0/stm32/compile-tool/gcc-arm-none-eabi-8-2018-q4-major-linux/gcc-arm-none-eabi-8-2018-q4-major/bin/../lib/gcc/arm-none-eabi/8.2.1/../../../../arm-none-eabi/lib/thumb/v7e-m+fp/hard/libc_nano.a(lib_a-nano-vfprintf_i.o)
                0x0000000008007978                _printf_common
 *fill*         0x0000000008007a62        0x2 
 .text._printf_i
                0x0000000008007a64      0x228 /home/bt0/stm32/compile-tool/gcc-arm-none-eabi-8-2018-q4-major-linux/gcc-arm-none-eabi-8-2018-q4-major/bin/../lib/gcc/arm-none-eabi/8.2.1/../../../../arm-none-eabi/lib/thumb/v7e-m+fp/hard/libc_nano.a(lib_a-nano-vfprintf_i.o)
                0x0000000008007a64                _printf_i
 .text._sbrk_r  0x0000000008007c8c       0x20 /home/bt0/stm32/compile-tool/gcc-arm-none-eabi-8-2018-q4-major-linux/gcc-arm-none-eabi-8-2018-q4-major/bin/../lib/gcc/arm-none-eabi/8.2.1/../../../../arm-none-eabi/lib/thumb/v7e-m+fp/hard/libc_nano.a(lib_a-sbrkr.o)
                0x0000000008007c8c                _sbrk_r
 .text.sprintf  0x0000000008007cac       0x40 /home/bt0/stm32/compile-tool/gcc-arm-none-eabi-8-2018-q4-major-linux/gcc-arm-none-eabi-8-2018-q4-major/bin/../lib/gcc/arm-none-eabi/8.2.1/../../../../arm-none-eabi/lib/thumb/v7e-m+fp/hard/libc_nano.a(lib_a-sprintf.o)
                0x0000000008007cac                sprintf
                0x0000000008007cac                siprintf
 .text.quorem   0x0000000008007cec      0x112 /home/bt0/stm32/compile-tool/gcc-arm-none-eabi-8-2018-q4-major-linux/gcc-arm-none-eabi-8-2018-q4-major/bin/../lib/gcc/arm-none-eabi/8.2.1/../../../../arm-none-eabi/lib/thumb/v7e-m+fp/hard/libc_nano.a(lib_a-dtoa.o)
 *fill*         0x0000000008007dfe        0x2 
 .text._dtoa_r  0x0000000008007e00      0xb74 /home/bt0/stm32/compile-tool/gcc-arm-none-eabi-8-2018-q4-major-linux/gcc-arm-none-eabi-8-2018-q4-major/bin/../lib/gcc/arm-none-eabi/8.2.1/../../../../arm-none-eabi/lib/thumb/v7e-m+fp/hard/libc_nano.a(lib_a-dtoa.o)
                0x0000000008007e00                _dtoa_r
 .text._localeconv_r
                0x0000000008008974        0x8 /home/bt0/stm32/compile-tool/gcc-arm-none-eabi-8-2018-q4-major-linux/gcc-arm-none-eabi-8-2018-q4-major/bin/../lib/gcc/arm-none-eabi/8.2.1/../../../../arm-none-eabi/lib/thumb/v7e-m+fp/hard/libc_nano.a(lib_a-localeconv.o)
                0x0000000008008974                _localeconv_r
 .text.__retarget_lock_acquire_recursive
                0x000000000800897c        0x2 /home/bt0/stm32/compile-tool/gcc-arm-none-eabi-8-2018-q4-major-linux/gcc-arm-none-eabi-8-2018-q4-major/bin/../lib/gcc/arm-none-eabi/8.2.1/../../../../arm-none-eabi/lib/thumb/v7e-m+fp/hard/libc_nano.a(lib_a-lock.o)
                0x000000000800897c                __retarget_lock_acquire_recursive
 .text.__retarget_lock_release_recursive
                0x000000000800897e        0x2 /home/bt0/stm32/compile-tool/gcc-arm-none-eabi-8-2018-q4-major-linux/gcc-arm-none-eabi-8-2018-q4-major/bin/../lib/gcc/arm-none-eabi/8.2.1/../../../../arm-none-eabi/lib/thumb/v7e-m+fp/hard/libc_nano.a(lib_a-lock.o)
                0x000000000800897e                __retarget_lock_release_recursive
 .text.__malloc_lock
                0x0000000008008980        0xc /home/bt0/stm32/compile-tool/gcc-arm-none-eabi-8-2018-q4-major-linux/gcc-arm-none-eabi-8-2018-q4-major/bin/../lib/gcc/arm-none-eabi/8.2.1/../../../../arm-none-eabi/lib/thumb/v7e-m+fp/hard/libc_nano.a(lib_a-mlock.o)
                0x0000000008008980                __malloc_lock
 .text.__malloc_unlock
                0x000000000800898c        0xc /home/bt0/stm32/compile-tool/gcc-arm-none-eabi-8-2018-q4-major-linux/gcc-arm-none-eabi-8-2018-q4-major/bin/../lib/gcc/arm-none-eabi/8.2.1/../../../../arm-none-eabi/lib/thumb/v7e-m+fp/hard/libc_nano.a(lib_a-mlock.o)
                0x000000000800898c                __malloc_unlock
 .text._Balloc  0x0000000008008998       0x68 /home/bt0/stm32/compile-tool/gcc-arm-none-eabi-8-2018-q4-major-linux/gcc-arm-none-eabi-8-2018-q4-major/bin/../lib/gcc/arm-none-eabi/8.2.1/../../../../arm-none-eabi/lib/thumb/v7e-m+fp/hard/libc_nano.a(lib_a-mprec.o)
                0x0000000008008998                _Balloc
 .text._Bfree   0x0000000008008a00       0x2e /home/bt0/stm32/compile-tool/gcc-arm-none-eabi-8-2018-q4-major-linux/gcc-arm-none-eabi-8-2018-q4-major/bin/../lib/gcc/arm-none-eabi/8.2.1/../../../../arm-none-eabi/lib/thumb/v7e-m+fp/hard/libc_nano.a(lib_a-mprec.o)
                0x0000000008008a00                _Bfree
 .text.__multadd
                0x0000000008008a2e       0x76 /home/bt0/stm32/compile-tool/gcc-arm-none-eabi-8-2018-q4-major-linux/gcc-arm-none-eabi-8-2018-q4-major/bin/../lib/gcc/arm-none-eabi/8.2.1/../../../../arm-none-eabi/lib/thumb/v7e-m+fp/hard/libc_nano.a(lib_a-mprec.o)
                0x0000000008008a2e                __multadd
 .text.__hi0bits
                0x0000000008008aa4       0x40 /home/bt0/stm32/compile-tool/gcc-arm-none-eabi-8-2018-q4-major-linux/gcc-arm-none-eabi-8-2018-q4-major/bin/../lib/gcc/arm-none-eabi/8.2.1/../../../../arm-none-eabi/lib/thumb/v7e-m+fp/hard/libc_nano.a(lib_a-mprec.o)
                0x0000000008008aa4                __hi0bits
 .text.__lo0bits
                0x0000000008008ae4       0x60 /home/bt0/stm32/compile-tool/gcc-arm-none-eabi-8-2018-q4-major-linux/gcc-arm-none-eabi-8-2018-q4-major/bin/../lib/gcc/arm-none-eabi/8.2.1/../../../../arm-none-eabi/lib/thumb/v7e-m+fp/hard/libc_nano.a(lib_a-mprec.o)
                0x0000000008008ae4                __lo0bits
 .text.__i2b    0x0000000008008b44       0x12 /home/bt0/stm32/compile-tool/gcc-arm-none-eabi-8-2018-q4-major-linux/gcc-arm-none-eabi-8-2018-q4-major/bin/../lib/gcc/arm-none-eabi/8.2.1/../../../../arm-none-eabi/lib/thumb/v7e-m+fp/hard/libc_nano.a(lib_a-mprec.o)
                0x0000000008008b44                __i2b
 .text.__multiply
                0x0000000008008b56      0x120 /home/bt0/stm32/compile-tool/gcc-arm-none-eabi-8-2018-q4-major-linux/gcc-arm-none-eabi-8-2018-q4-major/bin/../lib/gcc/arm-none-eabi/8.2.1/../../../../arm-none-eabi/lib/thumb/v7e-m+fp/hard/libc_nano.a(lib_a-mprec.o)
                0x0000000008008b56                __multiply
 *fill*         0x0000000008008c76        0x2 
 .text.__pow5mult
                0x0000000008008c78       0x9c /home/bt0/stm32/compile-tool/gcc-arm-none-eabi-8-2018-q4-major-linux/gcc-arm-none-eabi-8-2018-q4-major/bin/../lib/gcc/arm-none-eabi/8.2.1/../../../../arm-none-eabi/lib/thumb/v7e-m+fp/hard/libc_nano.a(lib_a-mprec.o)
                0x0000000008008c78                __pow5mult
 .text.__lshift
                0x0000000008008d14       0xa6 /home/bt0/stm32/compile-tool/gcc-arm-none-eabi-8-2018-q4-major-linux/gcc-arm-none-eabi-8-2018-q4-major/bin/../lib/gcc/arm-none-eabi/8.2.1/../../../../arm-none-eabi/lib/thumb/v7e-m+fp/hard/libc_nano.a(lib_a-mprec.o)
                0x0000000008008d14                __lshift
 .text.__mcmp   0x0000000008008dba       0x34 /home/bt0/stm32/compile-tool/gcc-arm-none-eabi-8-2018-q4-major-linux/gcc-arm-none-eabi-8-2018-q4-major/bin/../lib/gcc/arm-none-eabi/8.2.1/../../../../arm-none-eabi/lib/thumb/v7e-m+fp/hard/libc_nano.a(lib_a-mprec.o)
                0x0000000008008dba                __mcmp
 .text.__mdiff  0x0000000008008dee       0xba /home/bt0/stm32/compile-tool/gcc-arm-none-eabi-8-2018-q4-major-linux/gcc-arm-none-eabi-8-2018-q4-major/bin/../lib/gcc/arm-none-eabi/8.2.1/../../../../arm-none-eabi/lib/thumb/v7e-m+fp/hard/libc_nano.a(lib_a-mprec.o)
                0x0000000008008dee                __mdiff
 .text.__d2b    0x0000000008008ea8       0x9c /home/bt0/stm32/compile-tool/gcc-arm-none-eabi-8-2018-q4-major-linux/gcc-arm-none-eabi-8-2018-q4-major/bin/../lib/gcc/arm-none-eabi/8.2.1/../../../../arm-none-eabi/lib/thumb/v7e-m+fp/hard/libc_nano.a(lib_a-mprec.o)
                0x0000000008008ea8                __d2b
 .text._calloc_r
                0x0000000008008f44       0x1c /home/bt0/stm32/compile-tool/gcc-arm-none-eabi-8-2018-q4-major-linux/gcc-arm-none-eabi-8-2018-q4-major/bin/../lib/gcc/arm-none-eabi/8.2.1/../../../../arm-none-eabi/lib/thumb/v7e-m+fp/hard/libc_nano.a(lib_a-nano-callocr.o)
                0x0000000008008f44                _calloc_r
 .text.__ssputs_r
                0x0000000008008f60       0xb6 /home/bt0/stm32/compile-tool/gcc-arm-none-eabi-8-2018-q4-major-linux/gcc-arm-none-eabi-8-2018-q4-major/bin/../lib/gcc/arm-none-eabi/8.2.1/../../../../arm-none-eabi/lib/thumb/v7e-m+fp/hard/libc_nano.a(lib_a-nano-svfprintf.o)
                0x0000000008008f60                __ssputs_r
 *fill*         0x0000000008009016        0x2 
 .text._svfprintf_r
                0x0000000008009018      0x1f0 /home/bt0/stm32/compile-tool/gcc-arm-none-eabi-8-2018-q4-major-linux/gcc-arm-none-eabi-8-2018-q4-major/bin/../lib/gcc/arm-none-eabi/8.2.1/../../../../arm-none-eabi/lib/thumb/v7e-m+fp/hard/libc_nano.a(lib_a-nano-svfprintf.o)
                0x0000000008009018                _svfprintf_r
                0x0000000008009018                _svfiprintf_r
 .text.__ascii_mbtowc
                0x0000000008009208       0x24 /home/bt0/stm32/compile-tool/gcc-arm-none-eabi-8-2018-q4-major-linux/gcc-arm-none-eabi-8-2018-q4-major/bin/../lib/gcc/arm-none-eabi/8.2.1/../../../../arm-none-eabi/lib/thumb/v7e-m+fp/hard/libc_nano.a(lib_a-mbtowc_r.o)
                0x0000000008009208                __ascii_mbtowc
 .text.memmove  0x000000000800922c       0x34 /home/bt0/stm32/compile-tool/gcc-arm-none-eabi-8-2018-q4-major-linux/gcc-arm-none-eabi-8-2018-q4-major/bin/../lib/gcc/arm-none-eabi/8.2.1/../../../../arm-none-eabi/lib/thumb/v7e-m+fp/hard/libc_nano.a(lib_a-memmove.o)
                0x000000000800922c                memmove
 .text._realloc_r
                0x0000000008009260       0x4c /home/bt0/stm32/compile-tool/gcc-arm-none-eabi-8-2018-q4-major-linux/gcc-arm-none-eabi-8-2018-q4-major/bin/../lib/gcc/arm-none-eabi/8.2.1/../../../../arm-none-eabi/lib/thumb/v7e-m+fp/hard/libc_nano.a(lib_a-nano-reallocr.o)
                0x0000000008009260                _realloc_r
 .text.__ascii_wctomb
                0x00000000080092ac       0x1a /home/bt0/stm32/compile-tool/gcc-arm-none-eabi-8-2018-q4-major-linux/gcc-arm-none-eabi-8-2018-q4-major/bin/../lib/gcc/arm-none-eabi/8.2.1/../../../../arm-none-eabi/lib/thumb/v7e-m+fp/hard/libc_nano.a(lib_a-wctomb_r.o)
                0x00000000080092ac                __ascii_wctomb
 .text._malloc_usable_size_r
                0x00000000080092c6       0x10 /home/bt0/stm32/compile-tool/gcc-arm-none-eabi-8-2018-q4-major-linux/gcc-arm-none-eabi-8-2018-q4-major/bin/../lib/gcc/arm-none-eabi/8.2.1/../../../../arm-none-eabi/lib/thumb/v7e-m+fp/hard/libc_nano.a(lib_a-nano-msizer.o)
                0x00000000080092c6                _malloc_usable_size_r
 *fill*         0x00000000080092d6        0x2 
 .text._sbrk    0x00000000080092d8       0x1c /home/bt0/stm32/compile-tool/gcc-arm-none-eabi-8-2018-q4-major-linux/gcc-arm-none-eabi-8-2018-q4-major/bin/../lib/gcc/arm-none-eabi/8.2.1/../../../../arm-none-eabi/lib/thumb/v7e-m+fp/hard/libnosys.a(sbrk.o)
                0x00000000080092d8                _sbrk
 *(.glue_7)
 .glue_7        0x00000000080092f4        0x0 linker stubs
 *(.glue_7t)
 .glue_7t       0x00000000080092f4        0x0 linker stubs
 *(.eh_frame)
 .eh_frame      0x00000000080092f4        0x0 /home/bt0/stm32/compile-tool/gcc-arm-none-eabi-8-2018-q4-major-linux/gcc-arm-none-eabi-8-2018-q4-major/bin/../lib/gcc/arm-none-eabi/8.2.1/thumb/v7e-m+fp/hard/crtbegin.o
 *(.init)
 .init          0x00000000080092f4        0x4 /home/bt0/stm32/compile-tool/gcc-arm-none-eabi-8-2018-q4-major-linux/gcc-arm-none-eabi-8-2018-q4-major/bin/../lib/gcc/arm-none-eabi/8.2.1/thumb/v7e-m+fp/hard/crti.o
                0x00000000080092f4                _init
 .init          0x00000000080092f8        0x8 /home/bt0/stm32/compile-tool/gcc-arm-none-eabi-8-2018-q4-major-linux/gcc-arm-none-eabi-8-2018-q4-major/bin/../lib/gcc/arm-none-eabi/8.2.1/thumb/v7e-m+fp/hard/crtn.o
 *(.fini)
 .fini          0x0000000008009300        0x4 /home/bt0/stm32/compile-tool/gcc-arm-none-eabi-8-2018-q4-major-linux/gcc-arm-none-eabi-8-2018-q4-major/bin/../lib/gcc/arm-none-eabi/8.2.1/thumb/v7e-m+fp/hard/crti.o
                0x0000000008009300                _fini
 .fini          0x0000000008009304        0x8 /home/bt0/stm32/compile-tool/gcc-arm-none-eabi-8-2018-q4-major-linux/gcc-arm-none-eabi-8-2018-q4-major/bin/../lib/gcc/arm-none-eabi/8.2.1/thumb/v7e-m+fp/hard/crtn.o
                0x000000000800930c                . = ALIGN (0x4)
                0x000000000800930c                _etext = .

.vfp11_veneer   0x000000000800930c        0x0
 .vfp11_veneer  0x000000000800930c        0x0 linker stubs

.v4_bx          0x000000000800930c        0x0
 .v4_bx         0x000000000800930c        0x0 linker stubs

.iplt           0x000000000800930c        0x0
 .iplt          0x000000000800930c        0x0 /home/bt0/stm32/compile-tool/gcc-arm-none-eabi-8-2018-q4-major-linux/gcc-arm-none-eabi-8-2018-q4-major/bin/../lib/gcc/arm-none-eabi/8.2.1/thumb/v7e-m+fp/hard/crtbegin.o

.rodata         0x0000000008009310      0xfc0
                0x0000000008009310                . = ALIGN (0x4)
 *(.rodata)
 *(.rodata*)
 .rodata.Tsk_Handle
                0x0000000008009310      0x100 Objects/task_manager.o
 .rodata.oled_asc2_1206
                0x0000000008009410      0x474 Objects/oledfont.o
                0x0000000008009410                oled_asc2_1206
 .rodata.oled_asc2_1608
                0x0000000008009884      0x5f0 Objects/oledfont.o
                0x0000000008009884                oled_asc2_1608
 .rodata.OledDisable_CMD
                0x0000000008009e74        0x2 Objects/oled1306.o
                0x0000000008009e74                OledDisable_CMD
 *fill*         0x0000000008009e76        0x2 
 .rodata.OledEnable_CMD
                0x0000000008009e78        0x2 Objects/oled1306.o
                0x0000000008009e78                OledEnable_CMD
 *fill*         0x0000000008009e7a        0x2 
 .rodata.GenDsp_DrawNum.str1.4
                0x0000000008009e7c        0x3 Objects/GenDsp.o
 *fill*         0x0000000008009e7f        0x1 
 .rodata.DMA_TX_FinishFlag
                0x0000000008009e80       0x10 Objects/periph_serial.o
 .rodata.RCC_APBPeriphClockCmd
                0x0000000008009e90       0x10 Objects/periph_serial.o
 .rodata.RCC_APBPeriph_SerialCLK
                0x0000000008009ea0       0x10 Objects/periph_serial.o
 .rodata.Serial_DMA_CLK
                0x0000000008009eb0       0x10 Objects/periph_serial.o
 .rodata.Serial_DMA_RX_Channel
                0x0000000008009ec0       0x10 Objects/periph_serial.o
 .rodata.Serial_DMA_RX_Stream
                0x0000000008009ed0       0x10 Objects/periph_serial.o
 .rodata.Serial_DMA_TX_Channel
                0x0000000008009ee0       0x10 Objects/periph_serial.o
 .rodata.Serial_DMA_TX_Stream
                0x0000000008009ef0       0x10 Objects/periph_serial.o
 .rodata.Serial_IO_Init
                0x0000000008009f00       0x10 Objects/periph_serial.o
 .rodata.Serial_RX_IRQ_Channel
                0x0000000008009f10        0x4 Objects/periph_serial.o
 .rodata.Serial_Structure_Setting
                0x0000000008009f14        0x8 Objects/periph_serial.o
 .rodata.SPI_CLK
                0x0000000008009f1c        0xc Objects/periph_spi.o
 .rodata.SPI_IO_Init
                0x0000000008009f28        0xc Objects/periph_spi.o
 .rodata.SPI_PORT
                0x0000000008009f34        0xc Objects/periph_spi.o
 .rodata.divisorMap
                0x0000000008009f40        0xa Objects/periph_spi.o
 *fill*         0x0000000008009f4a        0x2 
 .rodata.USBD_USR_ConfigStrDescriptor.str1.4
                0x0000000008009f4c        0xb Objects/usbd_desc.o
 *fill*         0x0000000008009f57        0x1 
 .rodata.USBD_USR_InterfaceStrDescriptor.str1.4
                0x0000000008009f58        0xe Objects/usbd_desc.o
 *fill*         0x0000000008009f66        0x2 
 .rodata.USBD_USR_ManufacturerStrDescriptor.str1.4
                0x0000000008009f68        0x5 Objects/usbd_desc.o
 *fill*         0x0000000008009f6d        0x3 
 .rodata.USBD_USR_ProductStrDescriptor.str1.4
                0x0000000008009f70       0x16 Objects/usbd_desc.o
 *fill*         0x0000000008009f86        0x2 
 .rodata.USBD_USR_SerialStrDescriptor.str1.4
                0x0000000008009f88        0xd Objects/usbd_desc.o
 *fill*         0x0000000008009f95        0x3 
 .rodata.Task_Serial_Test.str1.4
                0x0000000008009f98       0x29 Objects/main.o
 *fill*         0x0000000008009fc1        0x3 
 .rodata.main.str1.4
                0x0000000008009fc4       0x27 Objects/main.o
 *fill*         0x0000000008009feb        0x1 
 .rodata.TaskWidget_Init.str1.4
                0x0000000008009fec       0x1e Objects/Task_Widget.o
 *fill*         0x000000000800a00a        0x2 
 .rodata.TestWidget_Dynamic_Dsp.str1.4
                0x000000000800a00c        0x8 Objects/Task_Widget.o
                                          0x7 (size before relaxing)
 .rodata._printf_float.str1.1
                0x000000000800a014       0x12 /home/bt0/stm32/compile-tool/gcc-arm-none-eabi-8-2018-q4-major-linux/gcc-arm-none-eabi-8-2018-q4-major/bin/../lib/gcc/arm-none-eabi/8.2.1/../../../../arm-none-eabi/lib/thumb/v7e-m+fp/hard/libc_nano.a(lib_a-nano-vfprintf_float.o)
 .rodata._printf_i.str1.1
                0x000000000800a026       0x22 /home/bt0/stm32/compile-tool/gcc-arm-none-eabi-8-2018-q4-major-linux/gcc-arm-none-eabi-8-2018-q4-major/bin/../lib/gcc/arm-none-eabi/8.2.1/../../../../arm-none-eabi/lib/thumb/v7e-m+fp/hard/libc_nano.a(lib_a-nano-vfprintf_i.o)
 .rodata._dtoa_r.str1.1
                0x000000000800a048        0xd /home/bt0/stm32/compile-tool/gcc-arm-none-eabi-8-2018-q4-major-linux/gcc-arm-none-eabi-8-2018-q4-major/bin/../lib/gcc/arm-none-eabi/8.2.1/../../../../arm-none-eabi/lib/thumb/v7e-m+fp/hard/libc_nano.a(lib_a-dtoa.o)
                                          0xf (size before relaxing)
 *fill*         0x000000000800a055        0x3 
 .rodata.__sf_fake_stderr
                0x000000000800a058       0x20 /home/bt0/stm32/compile-tool/gcc-arm-none-eabi-8-2018-q4-major-linux/gcc-arm-none-eabi-8-2018-q4-major/bin/../lib/gcc/arm-none-eabi/8.2.1/../../../../arm-none-eabi/lib/thumb/v7e-m+fp/hard/libc_nano.a(lib_a-findfp.o)
                0x000000000800a058                __sf_fake_stderr
 .rodata.__sf_fake_stdin
                0x000000000800a078       0x20 /home/bt0/stm32/compile-tool/gcc-arm-none-eabi-8-2018-q4-major-linux/gcc-arm-none-eabi-8-2018-q4-major/bin/../lib/gcc/arm-none-eabi/8.2.1/../../../../arm-none-eabi/lib/thumb/v7e-m+fp/hard/libc_nano.a(lib_a-findfp.o)
                0x000000000800a078                __sf_fake_stdin
 .rodata.__sf_fake_stdout
                0x000000000800a098       0x20 /home/bt0/stm32/compile-tool/gcc-arm-none-eabi-8-2018-q4-major-linux/gcc-arm-none-eabi-8-2018-q4-major/bin/../lib/gcc/arm-none-eabi/8.2.1/../../../../arm-none-eabi/lib/thumb/v7e-m+fp/hard/libc_nano.a(lib_a-findfp.o)
                0x000000000800a098                __sf_fake_stdout
 .rodata.__mprec_bigtens
                0x000000000800a0b8       0x28 /home/bt0/stm32/compile-tool/gcc-arm-none-eabi-8-2018-q4-major-linux/gcc-arm-none-eabi-8-2018-q4-major/bin/../lib/gcc/arm-none-eabi/8.2.1/../../../../arm-none-eabi/lib/thumb/v7e-m+fp/hard/libc_nano.a(lib_a-mprec.o)
                0x000000000800a0b8                __mprec_bigtens
 .rodata.__mprec_tens
                0x000000000800a0e0       0xc8 /home/bt0/stm32/compile-tool/gcc-arm-none-eabi-8-2018-q4-major-linux/gcc-arm-none-eabi-8-2018-q4-major/bin/../lib/gcc/arm-none-eabi/8.2.1/../../../../arm-none-eabi/lib/thumb/v7e-m+fp/hard/libc_nano.a(lib_a-mprec.o)
                0x000000000800a0e0                __mprec_tens
 .rodata.p05.7454
                0x000000000800a1a8        0xc /home/bt0/stm32/compile-tool/gcc-arm-none-eabi-8-2018-q4-major-linux/gcc-arm-none-eabi-8-2018-q4-major/bin/../lib/gcc/arm-none-eabi/8.2.1/../../../../arm-none-eabi/lib/thumb/v7e-m+fp/hard/libc_nano.a(lib_a-mprec.o)
 .rodata._svfprintf_r.str1.1
                0x000000000800a1b4       0x11 /home/bt0/stm32/compile-tool/gcc-arm-none-eabi-8-2018-q4-major-linux/gcc-arm-none-eabi-8-2018-q4-major/bin/../lib/gcc/arm-none-eabi/8.2.1/../../../../arm-none-eabi/lib/thumb/v7e-m+fp/hard/libc_nano.a(lib_a-nano-svfprintf.o)
 .rodata._setlocale_r.str1.1
                0x000000000800a1c5        0x8 /home/bt0/stm32/compile-tool/gcc-arm-none-eabi-8-2018-q4-major-linux/gcc-arm-none-eabi-8-2018-q4-major/bin/../lib/gcc/arm-none-eabi/8.2.1/../../../../arm-none-eabi/lib/thumb/v7e-m+fp/hard/libc_nano.a(lib_a-locale.o)
                                          0x9 (size before relaxing)
 .rodata.str1.1
                0x000000000800a1cd        0x2 /home/bt0/stm32/compile-tool/gcc-arm-none-eabi-8-2018-q4-major-linux/gcc-arm-none-eabi-8-2018-q4-major/bin/../lib/gcc/arm-none-eabi/8.2.1/../../../../arm-none-eabi/lib/thumb/v7e-m+fp/hard/libc_nano.a(lib_a-locale.o)
 .rodata._ctype_
                0x000000000800a1cf      0x101 /home/bt0/stm32/compile-tool/gcc-arm-none-eabi-8-2018-q4-major-linux/gcc-arm-none-eabi-8-2018-q4-major/bin/../lib/gcc/arm-none-eabi/8.2.1/../../../../arm-none-eabi/lib/thumb/v7e-m+fp/hard/libc_nano.a(lib_a-ctype_.o)
                0x000000000800a1cf                _ctype_
                0x000000000800a2d0                . = ALIGN (0x4)

.ARM.extab
 *(.ARM.extab* .gnu.linkonce.armextab.*)

.ARM            0x000000000800a2d0        0x8
                0x000000000800a2d0                __exidx_start = .
 *(.ARM.exidx*)
 .ARM.exidx     0x000000000800a2d0        0x8 /home/bt0/stm32/compile-tool/gcc-arm-none-eabi-8-2018-q4-major-linux/gcc-arm-none-eabi-8-2018-q4-major/bin/../lib/gcc/arm-none-eabi/8.2.1/thumb/v7e-m+fp/hard/libgcc.a(_udivmoddi4.o)
                0x000000000800a2d8                __exidx_end = .

.rel.dyn        0x000000000800a2d8        0x0
 .rel.iplt      0x000000000800a2d8        0x0 /home/bt0/stm32/compile-tool/gcc-arm-none-eabi-8-2018-q4-major-linux/gcc-arm-none-eabi-8-2018-q4-major/bin/../lib/gcc/arm-none-eabi/8.2.1/thumb/v7e-m+fp/hard/crtbegin.o

.preinit_array  0x000000000800a2d8        0x0
                0x000000000800a2d8                PROVIDE (__preinit_array_start = .)
 *(.preinit_array*)
                0x000000000800a2d8                PROVIDE (__preinit_array_end = .)

.init_array     0x000000000800a2d8        0x4
                0x000000000800a2d8                PROVIDE (__init_array_start = .)
 *(SORT_BY_NAME(.init_array.*))
 *(.init_array*)
 .init_array    0x000000000800a2d8        0x4 /home/bt0/stm32/compile-tool/gcc-arm-none-eabi-8-2018-q4-major-linux/gcc-arm-none-eabi-8-2018-q4-major/bin/../lib/gcc/arm-none-eabi/8.2.1/thumb/v7e-m+fp/hard/crtbegin.o
                0x000000000800a2dc                PROVIDE (__init_array_end = .)

.fini_array     0x000000000800a2dc        0x4
                [!provide]                        PROVIDE (__fini_array_start = .)
 *(SORT_BY_NAME(.fini_array.*))
 *(.fini_array*)
 .fini_array    0x000000000800a2dc        0x4 /home/bt0/stm32/compile-tool/gcc-arm-none-eabi-8-2018-q4-major-linux/gcc-arm-none-eabi-8-2018-q4-major/bin/../lib/gcc/arm-none-eabi/8.2.1/thumb/v7e-m+fp/hard/crtbegin.o
                [!provide]                        PROVIDE (__fini_array_end = .)
                0x000000000800a2e0                _sidata = LOADADDR (.data)

.data           0x0000000020000000      0x3ec load address 0x000000000800a2e0
                0x0000000020000000                . = ALIGN (0x4)
                0x0000000020000000                _sdata = .
 *(.data)
 *(.data*)
 .data.DrvOled  0x0000000020000000       0x1c Objects/oled1306.o
                0x0000000020000000                DrvOled
 .data.SrvOled  0x000000002000001c       0x10 Objects/SrvOled.o
                0x000000002000001c                SrvOled
 .data.WidgetCtl_Interface
                0x000000002000002c       0x18 Objects/widget_mng.o
 .data.WidgetDraw_Interface
                0x0000000020000044       0x1c Objects/widget_mng.o
 .data.WidgetFresh_Reg
                0x0000000020000060        0x1 Objects/widget_mng.o
 *fill*         0x0000000020000061        0x3 
 .data.Widget_Config
                0x0000000020000064        0x8 Objects/widget_mng.o
 .data.Widget_Mng
                0x000000002000006c       0x18 Objects/widget_mng.o
                0x000000002000006c                Widget_Mng
 .data.GenDsp_Interface
                0x0000000020000084       0x28 Objects/GenDsp.o
                0x0000000020000084                GenDsp_Interface
 .data.APBAHBPrescTable
                0x00000000200000ac       0x10 Objects/stm32f4xx_rcc.o
 .data.Serial_Port
                0x00000000200000bc       0x10 Objects/periph_serial.o
                0x00000000200000bc                Serial_Port
 .data.GenSPI_Drv
                0x00000000200000cc       0x1c Objects/drv_spi.o
                0x00000000200000cc                GenSPI_Drv
 .data.DrvGPIO  0x00000000200000e8       0x10 Objects/drv_gpio.o
                0x00000000200000e8                DrvGPIO
 .data.DrvSerial