ARM GAS  C:\Users\huav\AppData\Local\Temp\cccwjXEF.s 			page 1


   1              		.cpu cortex-m4
   2              		.eabi_attribute 27, 1
   3              		.eabi_attribute 28, 1
   4              		.eabi_attribute 20, 1
   5              		.eabi_attribute 21, 1
   6              		.eabi_attribute 23, 3
   7              		.eabi_attribute 24, 1
   8              		.eabi_attribute 25, 1
   9              		.eabi_attribute 26, 1
  10              		.eabi_attribute 30, 1
  11              		.eabi_attribute 34, 1
  12              		.eabi_attribute 18, 4
  13              		.file	"drv_gpio.c"
  14              		.text
  15              	.Ltext0:
  16              		.cfi_sections	.debug_frame
  17              		.section	.text.DrvGPIO_Close,"ax",%progbits
  18              		.align	1
  19              		.arch armv7e-m
  20              		.syntax unified
  21              		.thumb
  22              		.thumb_func
  23              		.fpu fpv4-sp-d16
  25              	DrvGPIO_Close:
  26              	.LVL0:
  27              	.LFB124:
  28              		.file 1 "Drv/drv_gpio.c"
   1:Drv/drv_gpio.c **** #include "drv_gpio.h"
   2:Drv/drv_gpio.c **** #include "periph_gpio.h"
   3:Drv/drv_gpio.c **** 
   4:Drv/drv_gpio.c **** /* internal function define */
   5:Drv/drv_gpio.c **** 
   6:Drv/drv_gpio.c **** /* external function define */
   7:Drv/drv_gpio.c **** static bool DrvGPIO_Open(DrvGPIO_Obj_TypeDef *Obj, DrvGPIO_CTL_TypeDef type);
   8:Drv/drv_gpio.c **** static bool DrvGPIO_Close(DrvGPIO_Obj_TypeDef *Obj);
   9:Drv/drv_gpio.c **** static bool DrvGPIO_Control(DrvGPIO_Obj_TypeDef *Obj, DrvGPIO_IO_Level_TypeDef level);
  10:Drv/drv_gpio.c **** static DrvGPIO_IO_Level_TypeDef DrvGPIO_Get(DrvGPIO_Obj_TypeDef *Obj);
  11:Drv/drv_gpio.c **** 
  12:Drv/drv_gpio.c **** DrvGPIO_GenProcFunc_TypeDef GenGPIO_Drv = {
  13:Drv/drv_gpio.c ****     .open = DrvGPIO_Open,
  14:Drv/drv_gpio.c ****     .close = DrvGPIO_Close,
  15:Drv/drv_gpio.c ****     .set = DrvGPIO_Control,
  16:Drv/drv_gpio.c ****     .get = DrvGPIO_Get,
  17:Drv/drv_gpio.c **** };
  18:Drv/drv_gpio.c **** 
  19:Drv/drv_gpio.c **** static bool DrvGPIO_Open(DrvGPIO_Obj_TypeDef *Obj, DrvGPIO_CTL_TypeDef type)
  20:Drv/drv_gpio.c **** {
  21:Drv/drv_gpio.c ****     Obj->IO_Type = type;
  22:Drv/drv_gpio.c **** 
  23:Drv/drv_gpio.c ****     switch ((uint8_t)type)
  24:Drv/drv_gpio.c ****     {
  25:Drv/drv_gpio.c ****     case GPIO_Output:
  26:Drv/drv_gpio.c ****         GPIO_IO_Output_Init(Obj->CLK, Obj->Pin, Obj->Port);
  27:Drv/drv_gpio.c ****         break;
  28:Drv/drv_gpio.c **** 
  29:Drv/drv_gpio.c ****     case GPIO_Input:
  30:Drv/drv_gpio.c ****         GPIO_IO_Input_Init(Obj->CLK, Obj->Pin, Obj->Port);
ARM GAS  C:\Users\huav\AppData\Local\Temp\cccwjXEF.s 			page 2


  31:Drv/drv_gpio.c ****         break;
  32:Drv/drv_gpio.c **** 
  33:Drv/drv_gpio.c ****     default:
  34:Drv/drv_gpio.c ****         break;
  35:Drv/drv_gpio.c ****     }
  36:Drv/drv_gpio.c **** }
  37:Drv/drv_gpio.c **** 
  38:Drv/drv_gpio.c **** static bool DrvGPIO_Close(DrvGPIO_Obj_TypeDef *Obj)
  39:Drv/drv_gpio.c **** {
  29              		.loc 1 39 1 view -0
  30              		.cfi_startproc
  31              		@ args = 0, pretend = 0, frame = 0
  32              		@ frame_needed = 0, uses_anonymous_args = 0
  33              		@ link register save eliminated.
  40:Drv/drv_gpio.c **** }
  34              		.loc 1 40 1 view .LVU1
  35              	.LVL1:
  36              		.loc 1 40 1 is_stmt 0 view .LVU2
  37 0000 7047     		bx	lr
  38              		.cfi_endproc
  39              	.LFE124:
  41              		.section	.text.DrvGPIO_Get,"ax",%progbits
  42              		.align	1
  43              		.syntax unified
  44              		.thumb
  45              		.thumb_func
  46              		.fpu fpv4-sp-d16
  48              	DrvGPIO_Get:
  49              	.LVL2:
  50              	.LFB126:
  41:Drv/drv_gpio.c **** 
  42:Drv/drv_gpio.c **** static bool DrvGPIO_Control(DrvGPIO_Obj_TypeDef *Obj, DrvGPIO_IO_Level_TypeDef level)
  43:Drv/drv_gpio.c **** {
  44:Drv/drv_gpio.c ****     if (Obj->IO_Type != GPIO_Output)
  45:Drv/drv_gpio.c ****         return false;
  46:Drv/drv_gpio.c **** 
  47:Drv/drv_gpio.c ****     if (level == GPIO_LOW)
  48:Drv/drv_gpio.c ****     {
  49:Drv/drv_gpio.c ****         GPIO_Set_IO_LEVEL(Obj->Port, Obj->Pin, LO);
  50:Drv/drv_gpio.c ****     }
  51:Drv/drv_gpio.c ****     else
  52:Drv/drv_gpio.c ****         GPIO_Set_IO_LEVEL(Obj->Port, Obj->Pin, HI);
  53:Drv/drv_gpio.c **** }
  54:Drv/drv_gpio.c **** 
  55:Drv/drv_gpio.c **** static DrvGPIO_IO_Level_TypeDef DrvGPIO_Get(DrvGPIO_Obj_TypeDef *Obj)
  56:Drv/drv_gpio.c **** {
  51              		.loc 1 56 1 is_stmt 1 view -0
  52              		.cfi_startproc
  53              		@ args = 0, pretend = 0, frame = 0
  54              		@ frame_needed = 0, uses_anonymous_args = 0
  55              		.loc 1 56 1 is_stmt 0 view .LVU4
  56 0000 10B5     		push	{r4, lr}
  57              	.LCFI0:
  58              		.cfi_def_cfa_offset 8
  59              		.cfi_offset 4, -8
  60              		.cfi_offset 14, -4
  57:Drv/drv_gpio.c ****     if (Obj->IO_Type != GPIO_Input)
ARM GAS  C:\Users\huav\AppData\Local\Temp\cccwjXEF.s 			page 3


  61              		.loc 1 57 5 is_stmt 1 view .LVU5
  62              		.loc 1 57 12 is_stmt 0 view .LVU6
  63 0002 047B     		ldrb	r4, [r0, #12]	@ zero_extendqisi2
  64              		.loc 1 57 8 view .LVU7
  65 0004 012C     		cmp	r4, #1
  66 0006 02D0     		beq	.L6
  58:Drv/drv_gpio.c ****         return GPIO_ERR;
  67              		.loc 1 58 16 view .LVU8
  68 0008 0024     		movs	r4, #0
  69              	.LVL3:
  70              	.L3:
  59:Drv/drv_gpio.c **** 
  60:Drv/drv_gpio.c ****     if (GPIO_Get_IO_LEVEL(Obj->Port, Obj->Pin))
  61:Drv/drv_gpio.c ****     {
  62:Drv/drv_gpio.c ****         return GPIO_HIGH;
  63:Drv/drv_gpio.c ****     }
  64:Drv/drv_gpio.c ****     else
  65:Drv/drv_gpio.c ****         return GPIO_LOW;
  66:Drv/drv_gpio.c **** }
  71              		.loc 1 66 1 view .LVU9
  72 000a 2046     		mov	r0, r4
  73 000c 10BD     		pop	{r4, pc}
  74              	.LVL4:
  75              	.L6:
  60:Drv/drv_gpio.c ****     {
  76              		.loc 1 60 5 is_stmt 1 view .LVU10
  60:Drv/drv_gpio.c ****     {
  77              		.loc 1 60 9 is_stmt 0 view .LVU11
  78 000e 8188     		ldrh	r1, [r0, #4]
  79 0010 8068     		ldr	r0, [r0, #8]
  80              	.LVL5:
  60:Drv/drv_gpio.c ****     {
  81              		.loc 1 60 9 view .LVU12
  82 0012 FFF7FEFF 		bl	GPIO_Get_IO_LEVEL
  83              	.LVL6:
  60:Drv/drv_gpio.c ****     {
  84              		.loc 1 60 8 view .LVU13
  85 0016 0028     		cmp	r0, #0
  86 0018 F7D0     		beq	.L3
  62:Drv/drv_gpio.c ****     }
  87              		.loc 1 62 16 view .LVU14
  88 001a 0224     		movs	r4, #2
  89 001c F5E7     		b	.L3
  90              		.cfi_endproc
  91              	.LFE126:
  93              		.section	.text.DrvGPIO_Control,"ax",%progbits
  94              		.align	1
  95              		.syntax unified
  96              		.thumb
  97              		.thumb_func
  98              		.fpu fpv4-sp-d16
 100              	DrvGPIO_Control:
 101              	.LVL7:
 102              	.LFB125:
  43:Drv/drv_gpio.c ****     if (Obj->IO_Type != GPIO_Output)
 103              		.loc 1 43 1 is_stmt 1 view -0
 104              		.cfi_startproc
ARM GAS  C:\Users\huav\AppData\Local\Temp\cccwjXEF.s 			page 4


 105              		@ args = 0, pretend = 0, frame = 0
 106              		@ frame_needed = 0, uses_anonymous_args = 0
  43:Drv/drv_gpio.c ****     if (Obj->IO_Type != GPIO_Output)
 107              		.loc 1 43 1 is_stmt 0 view .LVU16
 108 0000 08B5     		push	{r3, lr}
 109              	.LCFI1:
 110              		.cfi_def_cfa_offset 8
 111              		.cfi_offset 3, -8
 112              		.cfi_offset 14, -4
  44:Drv/drv_gpio.c ****         return false;
 113              		.loc 1 44 5 is_stmt 1 view .LVU17
  44:Drv/drv_gpio.c ****         return false;
 114              		.loc 1 44 12 is_stmt 0 view .LVU18
 115 0002 037B     		ldrb	r3, [r0, #12]	@ zero_extendqisi2
  44:Drv/drv_gpio.c ****         return false;
 116              		.loc 1 44 8 view .LVU19
 117 0004 3BB9     		cbnz	r3, .L12
  47:Drv/drv_gpio.c ****     {
 118              		.loc 1 47 5 is_stmt 1 view .LVU20
  47:Drv/drv_gpio.c ****     {
 119              		.loc 1 47 8 is_stmt 0 view .LVU21
 120 0006 0129     		cmp	r1, #1
 121 0008 07D0     		beq	.L13
  52:Drv/drv_gpio.c **** }
 122              		.loc 1 52 9 is_stmt 1 view .LVU22
 123 000a 0022     		movs	r2, #0
 124 000c 8188     		ldrh	r1, [r0, #4]
 125              	.LVL8:
  52:Drv/drv_gpio.c **** }
 126              		.loc 1 52 9 is_stmt 0 view .LVU23
 127 000e 8068     		ldr	r0, [r0, #8]
 128              	.LVL9:
  52:Drv/drv_gpio.c **** }
 129              		.loc 1 52 9 view .LVU24
 130 0010 FFF7FEFF 		bl	GPIO_Set_IO_LEVEL
 131              	.LVL10:
 132              	.L7:
  53:Drv/drv_gpio.c **** 
 133              		.loc 1 53 1 view .LVU25
 134 0014 08BD     		pop	{r3, pc}
 135              	.LVL11:
 136              	.L12:
  45:Drv/drv_gpio.c **** 
 137              		.loc 1 45 9 is_stmt 1 view .LVU26
  45:Drv/drv_gpio.c **** 
 138              		.loc 1 45 16 is_stmt 0 view .LVU27
 139 0016 0020     		movs	r0, #0
 140              	.LVL12:
  45:Drv/drv_gpio.c **** 
 141              		.loc 1 45 16 view .LVU28
 142 0018 FCE7     		b	.L7
 143              	.LVL13:
 144              	.L13:
  49:Drv/drv_gpio.c ****     }
 145              		.loc 1 49 9 is_stmt 1 view .LVU29
 146 001a 0122     		movs	r2, #1
 147 001c 8188     		ldrh	r1, [r0, #4]
ARM GAS  C:\Users\huav\AppData\Local\Temp\cccwjXEF.s 			page 5


 148              	.LVL14:
  49:Drv/drv_gpio.c ****     }
 149              		.loc 1 49 9 is_stmt 0 view .LVU30
 150 001e 8068     		ldr	r0, [r0, #8]
 151              	.LVL15:
  49:Drv/drv_gpio.c ****     }
 152              		.loc 1 49 9 view .LVU31
 153 0020 FFF7FEFF 		bl	GPIO_Set_IO_LEVEL
 154              	.LVL16:
 155 0024 F6E7     		b	.L7
 156              		.cfi_endproc
 157              	.LFE125:
 159              		.section	.text.DrvGPIO_Open,"ax",%progbits
 160              		.align	1
 161              		.syntax unified
 162              		.thumb
 163              		.thumb_func
 164              		.fpu fpv4-sp-d16
 166              	DrvGPIO_Open:
 167              	.LVL17:
 168              	.LFB123:
  20:Drv/drv_gpio.c ****     Obj->IO_Type = type;
 169              		.loc 1 20 1 is_stmt 1 view -0
 170              		.cfi_startproc
 171              		@ args = 0, pretend = 0, frame = 0
 172              		@ frame_needed = 0, uses_anonymous_args = 0
  20:Drv/drv_gpio.c ****     Obj->IO_Type = type;
 173              		.loc 1 20 1 is_stmt 0 view .LVU33
 174 0000 08B5     		push	{r3, lr}
 175              	.LCFI2:
 176              		.cfi_def_cfa_offset 8
 177              		.cfi_offset 3, -8
 178              		.cfi_offset 14, -4
  21:Drv/drv_gpio.c **** 
 179              		.loc 1 21 5 is_stmt 1 view .LVU34
  21:Drv/drv_gpio.c **** 
 180              		.loc 1 21 18 is_stmt 0 view .LVU35
 181 0002 0173     		strb	r1, [r0, #12]
  23:Drv/drv_gpio.c ****     {
 182              		.loc 1 23 5 is_stmt 1 view .LVU36
 183 0004 11B1     		cbz	r1, .L15
 184 0006 0129     		cmp	r1, #1
 185 0008 06D0     		beq	.L16
 186              	.LVL18:
 187              	.L17:
  36:Drv/drv_gpio.c **** 
 188              		.loc 1 36 1 is_stmt 0 view .LVU37
 189 000a 08BD     		pop	{r3, pc}
 190              	.LVL19:
 191              	.L15:
  26:Drv/drv_gpio.c ****         break;
 192              		.loc 1 26 9 is_stmt 1 view .LVU38
 193 000c 8268     		ldr	r2, [r0, #8]
 194 000e 8188     		ldrh	r1, [r0, #4]
 195              	.LVL20:
  26:Drv/drv_gpio.c ****         break;
 196              		.loc 1 26 9 is_stmt 0 view .LVU39
ARM GAS  C:\Users\huav\AppData\Local\Temp\cccwjXEF.s 			page 6


 197 0010 0068     		ldr	r0, [r0]
 198              	.LVL21:
  26:Drv/drv_gpio.c ****         break;
 199              		.loc 1 26 9 view .LVU40
 200 0012 FFF7FEFF 		bl	GPIO_IO_Output_Init
 201              	.LVL22:
  27:Drv/drv_gpio.c **** 
 202              		.loc 1 27 9 is_stmt 1 view .LVU41
 203 0016 F8E7     		b	.L17
 204              	.LVL23:
 205              	.L16:
  30:Drv/drv_gpio.c ****         break;
 206              		.loc 1 30 9 view .LVU42
 207 0018 8268     		ldr	r2, [r0, #8]
 208 001a 8188     		ldrh	r1, [r0, #4]
 209              	.LVL24:
  30:Drv/drv_gpio.c ****         break;
 210              		.loc 1 30 9 is_stmt 0 view .LVU43
 211 001c 0068     		ldr	r0, [r0]
 212              	.LVL25:
  30:Drv/drv_gpio.c ****         break;
 213              		.loc 1 30 9 view .LVU44
 214 001e FFF7FEFF 		bl	GPIO_IO_Input_Init
 215              	.LVL26:
  31:Drv/drv_gpio.c **** 
 216              		.loc 1 31 9 is_stmt 1 view .LVU45
 217 0022 F2E7     		b	.L17
 218              		.cfi_endproc
 219              	.LFE123:
 221              		.global	GenGPIO_Drv
 222              		.section	.data.GenGPIO_Drv,"aw"
 223              		.align	2
 226              	GenGPIO_Drv:
 227 0000 00000000 		.word	DrvGPIO_Open
 228 0004 00000000 		.word	DrvGPIO_Close
 229 0008 00000000 		.word	DrvGPIO_Control
 230 000c 00000000 		.word	DrvGPIO_Get
 231              		.text
 232              	.Letext0:
 233              		.file 2 "c:\\program files (x86)\\gnu arm embedded toolchain\\10 2020-q4-major\\arm-none-eabi\\inc
 234              		.file 3 "c:\\program files (x86)\\gnu arm embedded toolchain\\10 2020-q4-major\\arm-none-eabi\\inc
 235              		.file 4 "USER/stm32f4xx.h"
 236              		.file 5 "Bsp/periph_gpio.h"
 237              		.file 6 "Drv/drv_gpio.h"
ARM GAS  C:\Users\huav\AppData\Local\Temp\cccwjXEF.s 			page 7


DEFINED SYMBOLS
                            *ABS*:00000000 drv_gpio.c
C:\Users\huav\AppData\Local\Temp\cccwjXEF.s:18     .text.DrvGPIO_Close:00000000 $t
C:\Users\huav\AppData\Local\Temp\cccwjXEF.s:25     .text.DrvGPIO_Close:00000000 DrvGPIO_Close
C:\Users\huav\AppData\Local\Temp\cccwjXEF.s:42     .text.DrvGPIO_Get:00000000 $t
C:\Users\huav\AppData\Local\Temp\cccwjXEF.s:48     .text.DrvGPIO_Get:00000000 DrvGPIO_Get
C:\Users\huav\AppData\Local\Temp\cccwjXEF.s:94     .text.DrvGPIO_Control:00000000 $t
C:\Users\huav\AppData\Local\Temp\cccwjXEF.s:100    .text.DrvGPIO_Control:00000000 DrvGPIO_Control
C:\Users\huav\AppData\Local\Temp\cccwjXEF.s:160    .text.DrvGPIO_Open:00000000 $t
C:\Users\huav\AppData\Local\Temp\cccwjXEF.s:166    .text.DrvGPIO_Open:00000000 DrvGPIO_Open
C:\Users\huav\AppData\Local\Temp\cccwjXEF.s:226    .data.GenGPIO_Drv:00000000 GenGPIO_Drv
C:\Users\huav\AppData\Local\Temp\cccwjXEF.s:223    .data.GenGPIO_Drv:00000000 $d

UNDEFINED SYMBOLS
GPIO_Get_IO_LEVEL
GPIO_Set_IO_LEVEL
GPIO_IO_Output_Init
GPIO_IO_Input_Init
