ARM GAS  /var/folders/lx/hc4sn_b53233_zkc9xbbl97r0000gp/T//ccRFp2XN.s 			page 1


   1              		.cpu cortex-m4
   2              		.eabi_attribute 27, 1
   3              		.eabi_attribute 28, 1
   4              		.eabi_attribute 20, 1
   5              		.eabi_attribute 21, 1
   6              		.eabi_attribute 23, 3
   7              		.eabi_attribute 24, 1
   8              		.eabi_attribute 25, 1
   9              		.eabi_attribute 26, 1
  10              		.eabi_attribute 30, 1
  11              		.eabi_attribute 34, 1
  12              		.eabi_attribute 18, 4
  13              		.file	"linked_list.c"
  14              		.text
  15              	.Ltext0:
  16              		.cfi_sections	.debug_frame
  17              		.section	.text.Item_SwapLRData,"ax",%progbits
  18              		.align	1
  19              		.arch armv7e-m
  20              		.syntax unified
  21              		.thumb
  22              		.thumb_func
  23              		.fpu fpv4-sp-d16
  25              	Item_SwapLRData:
  26              	.LVL0:
  27              	.LFB1:
  28              		.file 1 "SYS/data_structure/linked_list.c"
   1:SYS/data_structure/linked_list.c **** #include "linked_list.h"
   2:SYS/data_structure/linked_list.c **** #include <string.h>
   3:SYS/data_structure/linked_list.c **** 
   4:SYS/data_structure/linked_list.c **** void List_Init(list_obj *list, item_obj *first_item, list_arrangement_mode mode, item_compare_callb
   5:SYS/data_structure/linked_list.c **** {
   6:SYS/data_structure/linked_list.c ****     if ((first_item != NULL) && (first_item->data != NULL))
   7:SYS/data_structure/linked_list.c ****     {
   8:SYS/data_structure/linked_list.c ****         list->data = first_item->data;
   9:SYS/data_structure/linked_list.c ****         list->nxt = first_item->nxt;
  10:SYS/data_structure/linked_list.c **** 
  11:SYS/data_structure/linked_list.c ****         first_item->compare_callback = callback;
  12:SYS/data_structure/linked_list.c ****         first_item->mode = mode;
  13:SYS/data_structure/linked_list.c ****     }
  14:SYS/data_structure/linked_list.c ****     else
  15:SYS/data_structure/linked_list.c ****         list->nxt = NULL;
  16:SYS/data_structure/linked_list.c **** 
  17:SYS/data_structure/linked_list.c ****     list->mode = mode;
  18:SYS/data_structure/linked_list.c ****     list->compare_callback = callback;
  19:SYS/data_structure/linked_list.c **** 
  20:SYS/data_structure/linked_list.c ****     list->prv = NULL;
  21:SYS/data_structure/linked_list.c **** }
  22:SYS/data_structure/linked_list.c **** 
  23:SYS/data_structure/linked_list.c **** static void Item_SwapLRData(item_obj *item_L, item_obj *item_R)
  24:SYS/data_structure/linked_list.c **** {
  29              		.loc 1 24 1 view -0
  30              		.cfi_startproc
  31              		@ args = 0, pretend = 0, frame = 0
  32              		@ frame_needed = 0, uses_anonymous_args = 0
  33              		@ link register save eliminated.
  25:SYS/data_structure/linked_list.c ****     void *data_tmp;
ARM GAS  /var/folders/lx/hc4sn_b53233_zkc9xbbl97r0000gp/T//ccRFp2XN.s 			page 2


  34              		.loc 1 25 5 view .LVU1
  26:SYS/data_structure/linked_list.c **** 
  27:SYS/data_structure/linked_list.c ****     data_tmp = item_L->data;
  35              		.loc 1 27 5 view .LVU2
  36              		.loc 1 27 14 is_stmt 0 view .LVU3
  37 0000 0369     		ldr	r3, [r0, #16]
  38              	.LVL1:
  28:SYS/data_structure/linked_list.c ****     item_L->data = item_R->data;
  39              		.loc 1 28 5 is_stmt 1 view .LVU4
  40              		.loc 1 28 26 is_stmt 0 view .LVU5
  41 0002 0A69     		ldr	r2, [r1, #16]
  42              		.loc 1 28 18 view .LVU6
  43 0004 0261     		str	r2, [r0, #16]
  29:SYS/data_structure/linked_list.c ****     item_R->data = data_tmp;
  44              		.loc 1 29 5 is_stmt 1 view .LVU7
  45              		.loc 1 29 18 is_stmt 0 view .LVU8
  46 0006 0B61     		str	r3, [r1, #16]
  30:SYS/data_structure/linked_list.c **** }
  47              		.loc 1 30 1 view .LVU9
  48 0008 7047     		bx	lr
  49              		.cfi_endproc
  50              	.LFE1:
  52              		.section	.text.List_Init,"ax",%progbits
  53              		.align	1
  54              		.global	List_Init
  55              		.syntax unified
  56              		.thumb
  57              		.thumb_func
  58              		.fpu fpv4-sp-d16
  60              	List_Init:
  61              	.LVL2:
  62              	.LFB0:
   5:SYS/data_structure/linked_list.c ****     if ((first_item != NULL) && (first_item->data != NULL))
  63              		.loc 1 5 1 is_stmt 1 view -0
  64              		.cfi_startproc
  65              		@ args = 0, pretend = 0, frame = 0
  66              		@ frame_needed = 0, uses_anonymous_args = 0
  67              		@ link register save eliminated.
   6:SYS/data_structure/linked_list.c ****     {
  68              		.loc 1 6 5 view .LVU11
   6:SYS/data_structure/linked_list.c ****     {
  69              		.loc 1 6 8 is_stmt 0 view .LVU12
  70 0000 8C46     		mov	ip, r1
  71 0002 51B1     		cbz	r1, .L3
   6:SYS/data_structure/linked_list.c ****     {
  72              		.loc 1 6 44 discriminator 1 view .LVU13
  73 0004 0969     		ldr	r1, [r1, #16]
  74              	.LVL3:
   6:SYS/data_structure/linked_list.c ****     {
  75              		.loc 1 6 30 discriminator 1 view .LVU14
  76 0006 41B1     		cbz	r1, .L3
   8:SYS/data_structure/linked_list.c ****         list->nxt = first_item->nxt;
  77              		.loc 1 8 9 is_stmt 1 view .LVU15
   8:SYS/data_structure/linked_list.c ****         list->nxt = first_item->nxt;
  78              		.loc 1 8 20 is_stmt 0 view .LVU16
  79 0008 0161     		str	r1, [r0, #16]
   9:SYS/data_structure/linked_list.c **** 
ARM GAS  /var/folders/lx/hc4sn_b53233_zkc9xbbl97r0000gp/T//ccRFp2XN.s 			page 3


  80              		.loc 1 9 9 is_stmt 1 view .LVU17
   9:SYS/data_structure/linked_list.c **** 
  81              		.loc 1 9 31 is_stmt 0 view .LVU18
  82 000a DCF80C10 		ldr	r1, [ip, #12]
   9:SYS/data_structure/linked_list.c **** 
  83              		.loc 1 9 19 view .LVU19
  84 000e C160     		str	r1, [r0, #12]
  11:SYS/data_structure/linked_list.c ****         first_item->mode = mode;
  85              		.loc 1 11 9 is_stmt 1 view .LVU20
  11:SYS/data_structure/linked_list.c ****         first_item->mode = mode;
  86              		.loc 1 11 38 is_stmt 0 view .LVU21
  87 0010 CCF80430 		str	r3, [ip, #4]
  12:SYS/data_structure/linked_list.c ****     }
  88              		.loc 1 12 9 is_stmt 1 view .LVU22
  12:SYS/data_structure/linked_list.c ****     }
  89              		.loc 1 12 26 is_stmt 0 view .LVU23
  90 0014 8CF80020 		strb	r2, [ip]
  91 0018 01E0     		b	.L4
  92              	.L3:
  15:SYS/data_structure/linked_list.c **** 
  93              		.loc 1 15 9 is_stmt 1 view .LVU24
  15:SYS/data_structure/linked_list.c **** 
  94              		.loc 1 15 19 is_stmt 0 view .LVU25
  95 001a 0021     		movs	r1, #0
  96 001c C160     		str	r1, [r0, #12]
  97              	.L4:
  17:SYS/data_structure/linked_list.c ****     list->compare_callback = callback;
  98              		.loc 1 17 5 is_stmt 1 view .LVU26
  17:SYS/data_structure/linked_list.c ****     list->compare_callback = callback;
  99              		.loc 1 17 16 is_stmt 0 view .LVU27
 100 001e 0270     		strb	r2, [r0]
  18:SYS/data_structure/linked_list.c **** 
 101              		.loc 1 18 5 is_stmt 1 view .LVU28
  18:SYS/data_structure/linked_list.c **** 
 102              		.loc 1 18 28 is_stmt 0 view .LVU29
 103 0020 4360     		str	r3, [r0, #4]
  20:SYS/data_structure/linked_list.c **** }
 104              		.loc 1 20 5 is_stmt 1 view .LVU30
  20:SYS/data_structure/linked_list.c **** }
 105              		.loc 1 20 15 is_stmt 0 view .LVU31
 106 0022 0023     		movs	r3, #0
 107              	.LVL4:
  20:SYS/data_structure/linked_list.c **** }
 108              		.loc 1 20 15 view .LVU32
 109 0024 8360     		str	r3, [r0, #8]
  21:SYS/data_structure/linked_list.c **** 
 110              		.loc 1 21 1 view .LVU33
 111 0026 7047     		bx	lr
 112              		.cfi_endproc
 113              	.LFE0:
 115              		.section	.text.List_CheckAt,"ax",%progbits
 116              		.align	1
 117              		.global	List_CheckAt
 118              		.syntax unified
 119              		.thumb
 120              		.thumb_func
 121              		.fpu fpv4-sp-d16
ARM GAS  /var/folders/lx/hc4sn_b53233_zkc9xbbl97r0000gp/T//ccRFp2XN.s 			page 4


 123              	List_CheckAt:
 124              	.LVL5:
 125              	.LFB3:
  31:SYS/data_structure/linked_list.c **** 
  32:SYS/data_structure/linked_list.c **** static void List_ItemSwapLRItem(item_obj *item)
  33:SYS/data_structure/linked_list.c **** {
  34:SYS/data_structure/linked_list.c ****     item_obj *item_tmp = NULL;
  35:SYS/data_structure/linked_list.c **** 
  36:SYS/data_structure/linked_list.c ****     if (item != NULL)
  37:SYS/data_structure/linked_list.c ****     {
  38:SYS/data_structure/linked_list.c ****         item_tmp = item->prv;
  39:SYS/data_structure/linked_list.c **** 
  40:SYS/data_structure/linked_list.c ****         item->prv = item->nxt;
  41:SYS/data_structure/linked_list.c ****         item->nxt = item_tmp;
  42:SYS/data_structure/linked_list.c ****     }
  43:SYS/data_structure/linked_list.c **** }
  44:SYS/data_structure/linked_list.c **** 
  45:SYS/data_structure/linked_list.c **** //minimun check pos is 1
  46:SYS/data_structure/linked_list.c **** item_obj *List_CheckAt(list_obj *list, uint16_t layer)
  47:SYS/data_structure/linked_list.c **** {
 126              		.loc 1 47 1 is_stmt 1 view -0
 127              		.cfi_startproc
 128              		@ args = 0, pretend = 0, frame = 0
 129              		@ frame_needed = 0, uses_anonymous_args = 0
  48:SYS/data_structure/linked_list.c ****     item_obj *item_tmp = NULL;
 130              		.loc 1 48 5 view .LVU35
  49:SYS/data_structure/linked_list.c **** 
  50:SYS/data_structure/linked_list.c ****     if (layer == 1)
 131              		.loc 1 50 5 view .LVU36
 132              		.loc 1 50 8 is_stmt 0 view .LVU37
 133 0000 0129     		cmp	r1, #1
 134 0002 07D0     		beq	.L10
  51:SYS/data_structure/linked_list.c ****     {
  52:SYS/data_structure/linked_list.c ****         return list;
  53:SYS/data_structure/linked_list.c ****     }
  54:SYS/data_structure/linked_list.c **** 
  55:SYS/data_structure/linked_list.c ****     if (layer < MINIMUN_SEARCH_POS)
 135              		.loc 1 55 5 is_stmt 1 view .LVU38
 136              		.loc 1 55 8 is_stmt 0 view .LVU39
 137 0004 21B1     		cbz	r1, .L8
  47:SYS/data_structure/linked_list.c ****     item_obj *item_tmp = NULL;
 138              		.loc 1 47 1 view .LVU40
 139 0006 08B5     		push	{r3, lr}
 140              	.LCFI0:
 141              		.cfi_def_cfa_offset 8
 142              		.cfi_offset 3, -8
 143              		.cfi_offset 14, -4
  56:SYS/data_structure/linked_list.c ****     {
  57:SYS/data_structure/linked_list.c ****         return NULL;
  58:SYS/data_structure/linked_list.c ****     }
  59:SYS/data_structure/linked_list.c ****     else
  60:SYS/data_structure/linked_list.c ****     {
  61:SYS/data_structure/linked_list.c ****         item_tmp = (item_obj *)List_CheckAt(list->nxt, layer--);
 144              		.loc 1 61 9 is_stmt 1 view .LVU41
 145              	.LVL6:
 146              		.loc 1 61 20 is_stmt 0 view .LVU42
 147 0008 C068     		ldr	r0, [r0, #12]
ARM GAS  /var/folders/lx/hc4sn_b53233_zkc9xbbl97r0000gp/T//ccRFp2XN.s 			page 5


 148              	.LVL7:
 149              		.loc 1 61 20 view .LVU43
 150 000a FFF7FEFF 		bl	List_CheckAt
 151              	.LVL8:
  62:SYS/data_structure/linked_list.c ****     }
  63:SYS/data_structure/linked_list.c **** 
  64:SYS/data_structure/linked_list.c ****     return item_tmp;
 152              		.loc 1 64 5 is_stmt 1 view .LVU44
  65:SYS/data_structure/linked_list.c **** }
 153              		.loc 1 65 1 is_stmt 0 view .LVU45
 154 000e 08BD     		pop	{r3, pc}
 155              	.LVL9:
 156              	.L8:
 157              	.LCFI1:
 158              		.cfi_def_cfa_offset 0
 159              		.cfi_restore 3
 160              		.cfi_restore 14
  57:SYS/data_structure/linked_list.c ****     }
 161              		.loc 1 57 16 view .LVU46
 162 0010 0020     		movs	r0, #0
 163              	.LVL10:
  57:SYS/data_structure/linked_list.c ****     }
 164              		.loc 1 57 16 view .LVU47
 165 0012 7047     		bx	lr
 166              	.LVL11:
 167              	.L10:
 168              		.loc 1 65 1 view .LVU48
 169 0014 7047     		bx	lr
 170              		.cfi_endproc
 171              	.LFE3:
 173              		.section	.text.List_Chk_FirstItem,"ax",%progbits
 174              		.align	1
 175              		.global	List_Chk_FirstItem
 176              		.syntax unified
 177              		.thumb
 178              		.thumb_func
 179              		.fpu fpv4-sp-d16
 181              	List_Chk_FirstItem:
 182              	.LVL12:
 183              	.LFB4:
  66:SYS/data_structure/linked_list.c **** 
  67:SYS/data_structure/linked_list.c **** item_obj *List_Chk_FirstItem(list_obj *list)
  68:SYS/data_structure/linked_list.c **** {
 184              		.loc 1 68 1 is_stmt 1 view -0
 185              		.cfi_startproc
 186              		@ args = 0, pretend = 0, frame = 0
 187              		@ frame_needed = 0, uses_anonymous_args = 0
 188              		.loc 1 68 1 is_stmt 0 view .LVU50
 189 0000 08B5     		push	{r3, lr}
 190              	.LCFI2:
 191              		.cfi_def_cfa_offset 8
 192              		.cfi_offset 3, -8
 193              		.cfi_offset 14, -4
  69:SYS/data_structure/linked_list.c ****     if (list != NULL)
 194              		.loc 1 69 5 is_stmt 1 view .LVU51
 195              		.loc 1 69 8 is_stmt 0 view .LVU52
 196 0002 0346     		mov	r3, r0
ARM GAS  /var/folders/lx/hc4sn_b53233_zkc9xbbl97r0000gp/T//ccRFp2XN.s 			page 6


 197 0004 20B1     		cbz	r0, .L14
  70:SYS/data_structure/linked_list.c ****     {
  71:SYS/data_structure/linked_list.c ****         if (list->prv == NULL)
 198              		.loc 1 71 9 is_stmt 1 view .LVU53
 199              		.loc 1 71 17 is_stmt 0 view .LVU54
 200 0006 8068     		ldr	r0, [r0, #8]
 201              	.LVL13:
 202              		.loc 1 71 12 view .LVU55
 203 0008 10B1     		cbz	r0, .L14
  72:SYS/data_structure/linked_list.c ****         {
  73:SYS/data_structure/linked_list.c ****             return list;
  74:SYS/data_structure/linked_list.c ****         }
  75:SYS/data_structure/linked_list.c ****         else
  76:SYS/data_structure/linked_list.c ****             return List_Chk_FirstItem(list->prv);
 204              		.loc 1 76 13 is_stmt 1 view .LVU56
 205              		.loc 1 76 20 is_stmt 0 view .LVU57
 206 000a FFF7FEFF 		bl	List_Chk_FirstItem
 207              	.LVL14:
 208              		.loc 1 76 20 view .LVU58
 209 000e 0346     		mov	r3, r0
 210              	.L14:
  77:SYS/data_structure/linked_list.c ****     }
  78:SYS/data_structure/linked_list.c **** 
  79:SYS/data_structure/linked_list.c ****     return NULL;
  80:SYS/data_structure/linked_list.c **** }
 211              		.loc 1 80 1 view .LVU59
 212 0010 1846     		mov	r0, r3
 213 0012 08BD     		pop	{r3, pc}
 214              		.cfi_endproc
 215              	.LFE4:
 217              		.section	.text.List_Chk_LastItem,"ax",%progbits
 218              		.align	1
 219              		.global	List_Chk_LastItem
 220              		.syntax unified
 221              		.thumb
 222              		.thumb_func
 223              		.fpu fpv4-sp-d16
 225              	List_Chk_LastItem:
 226              	.LVL15:
 227              	.LFB5:
  81:SYS/data_structure/linked_list.c **** 
  82:SYS/data_structure/linked_list.c **** item_obj *List_Chk_LastItem(list_obj *list)
  83:SYS/data_structure/linked_list.c **** {
 228              		.loc 1 83 1 is_stmt 1 view -0
 229              		.cfi_startproc
 230              		@ args = 0, pretend = 0, frame = 0
 231              		@ frame_needed = 0, uses_anonymous_args = 0
 232              		.loc 1 83 1 is_stmt 0 view .LVU61
 233 0000 08B5     		push	{r3, lr}
 234              	.LCFI3:
 235              		.cfi_def_cfa_offset 8
 236              		.cfi_offset 3, -8
 237              		.cfi_offset 14, -4
  84:SYS/data_structure/linked_list.c ****     if (list != NULL)
 238              		.loc 1 84 5 is_stmt 1 view .LVU62
 239              		.loc 1 84 8 is_stmt 0 view .LVU63
 240 0002 0346     		mov	r3, r0
ARM GAS  /var/folders/lx/hc4sn_b53233_zkc9xbbl97r0000gp/T//ccRFp2XN.s 			page 7


 241 0004 20B1     		cbz	r0, .L17
  85:SYS/data_structure/linked_list.c ****     {
  86:SYS/data_structure/linked_list.c ****         if (list->nxt == NULL)
 242              		.loc 1 86 9 is_stmt 1 view .LVU64
 243              		.loc 1 86 17 is_stmt 0 view .LVU65
 244 0006 C068     		ldr	r0, [r0, #12]
 245              	.LVL16:
 246              		.loc 1 86 12 view .LVU66
 247 0008 10B1     		cbz	r0, .L17
  87:SYS/data_structure/linked_list.c ****         {
  88:SYS/data_structure/linked_list.c ****             return list;
  89:SYS/data_structure/linked_list.c ****         }
  90:SYS/data_structure/linked_list.c ****         else
  91:SYS/data_structure/linked_list.c ****             return List_Chk_LastItem(list->nxt);
 248              		.loc 1 91 13 is_stmt 1 view .LVU67
 249              		.loc 1 91 20 is_stmt 0 view .LVU68
 250 000a FFF7FEFF 		bl	List_Chk_LastItem
 251              	.LVL17:
 252              		.loc 1 91 20 view .LVU69
 253 000e 0346     		mov	r3, r0
 254              	.L17:
  92:SYS/data_structure/linked_list.c ****     }
  93:SYS/data_structure/linked_list.c **** 
  94:SYS/data_structure/linked_list.c ****     return NULL;
  95:SYS/data_structure/linked_list.c **** }
 255              		.loc 1 95 1 view .LVU70
 256 0010 1846     		mov	r0, r3
 257 0012 08BD     		pop	{r3, pc}
 258              		.cfi_endproc
 259              	.LFE5:
 261              		.section	.text.List_ItemClear,"ax",%progbits
 262              		.align	1
 263              		.global	List_ItemClear
 264              		.syntax unified
 265              		.thumb
 266              		.thumb_func
 267              		.fpu fpv4-sp-d16
 269              	List_ItemClear:
 270              	.LVL18:
 271              	.LFB6:
  96:SYS/data_structure/linked_list.c **** 
  97:SYS/data_structure/linked_list.c **** list_error_code List_ItemClear(item_obj *item)
  98:SYS/data_structure/linked_list.c **** {
 272              		.loc 1 98 1 is_stmt 1 view -0
 273              		.cfi_startproc
 274              		@ args = 0, pretend = 0, frame = 0
 275              		@ frame_needed = 0, uses_anonymous_args = 0
 276              		@ link register save eliminated.
  99:SYS/data_structure/linked_list.c ****     if (item != NULL)
 277              		.loc 1 99 5 view .LVU72
 278              		.loc 1 99 8 is_stmt 0 view .LVU73
 279 0000 0346     		mov	r3, r0
 280 0002 20B1     		cbz	r0, .L21
 100:SYS/data_structure/linked_list.c ****     {
 101:SYS/data_structure/linked_list.c ****         item->data = NULL;
 281              		.loc 1 101 9 is_stmt 1 view .LVU74
 282              		.loc 1 101 20 is_stmt 0 view .LVU75
ARM GAS  /var/folders/lx/hc4sn_b53233_zkc9xbbl97r0000gp/T//ccRFp2XN.s 			page 8


 283 0004 0020     		movs	r0, #0
 284              	.LVL19:
 285              		.loc 1 101 20 view .LVU76
 286 0006 1861     		str	r0, [r3, #16]
 102:SYS/data_structure/linked_list.c ****         item->prv = NULL;
 287              		.loc 1 102 9 is_stmt 1 view .LVU77
 288              		.loc 1 102 19 is_stmt 0 view .LVU78
 289 0008 9860     		str	r0, [r3, #8]
 103:SYS/data_structure/linked_list.c ****         item->nxt = NULL;
 290              		.loc 1 103 9 is_stmt 1 view .LVU79
 291              		.loc 1 103 19 is_stmt 0 view .LVU80
 292 000a D860     		str	r0, [r3, #12]
 104:SYS/data_structure/linked_list.c **** 
 105:SYS/data_structure/linked_list.c ****         return list_no_error;
 293              		.loc 1 105 9 is_stmt 1 view .LVU81
 294              		.loc 1 105 16 is_stmt 0 view .LVU82
 295 000c 7047     		bx	lr
 296              	.LVL20:
 297              	.L21:
 106:SYS/data_structure/linked_list.c ****     }
 107:SYS/data_structure/linked_list.c **** 
 108:SYS/data_structure/linked_list.c ****     return list_obj_error;
 298              		.loc 1 108 12 view .LVU83
 299 000e 6FF00100 		mvn	r0, #1
 300              	.LVL21:
 109:SYS/data_structure/linked_list.c **** }
 301              		.loc 1 109 1 view .LVU84
 302 0012 7047     		bx	lr
 303              		.cfi_endproc
 304              	.LFE6:
 306              		.section	.text.List_ItemInit,"ax",%progbits
 307              		.align	1
 308              		.global	List_ItemInit
 309              		.syntax unified
 310              		.thumb
 311              		.thumb_func
 312              		.fpu fpv4-sp-d16
 314              	List_ItemInit:
 315              	.LVL22:
 316              	.LFB7:
 110:SYS/data_structure/linked_list.c **** 
 111:SYS/data_structure/linked_list.c **** void List_ItemInit(item_obj *obj, void *arg)
 112:SYS/data_structure/linked_list.c **** {
 317              		.loc 1 112 1 is_stmt 1 view -0
 318              		.cfi_startproc
 319              		@ args = 0, pretend = 0, frame = 0
 320              		@ frame_needed = 0, uses_anonymous_args = 0
 321              		.loc 1 112 1 is_stmt 0 view .LVU86
 322 0000 38B5     		push	{r3, r4, r5, lr}
 323              	.LCFI4:
 324              		.cfi_def_cfa_offset 16
 325              		.cfi_offset 3, -16
 326              		.cfi_offset 4, -12
 327              		.cfi_offset 5, -8
 328              		.cfi_offset 14, -4
 329 0002 0446     		mov	r4, r0
 330 0004 0D46     		mov	r5, r1
ARM GAS  /var/folders/lx/hc4sn_b53233_zkc9xbbl97r0000gp/T//ccRFp2XN.s 			page 9


 113:SYS/data_structure/linked_list.c ****     if (List_ItemClear(obj) == list_no_error)
 331              		.loc 1 113 5 is_stmt 1 view .LVU87
 332              		.loc 1 113 9 is_stmt 0 view .LVU88
 333 0006 FFF7FEFF 		bl	List_ItemClear
 334              	.LVL23:
 335              		.loc 1 113 8 view .LVU89
 336 000a 00B9     		cbnz	r0, .L22
 114:SYS/data_structure/linked_list.c ****     {
 115:SYS/data_structure/linked_list.c ****         obj->data = arg;
 337              		.loc 1 115 9 is_stmt 1 view .LVU90
 338              		.loc 1 115 19 is_stmt 0 view .LVU91
 339 000c 2561     		str	r5, [r4, #16]
 340              	.L22:
 116:SYS/data_structure/linked_list.c ****     }
 117:SYS/data_structure/linked_list.c **** }
 341              		.loc 1 117 1 view .LVU92
 342 000e 38BD     		pop	{r3, r4, r5, pc}
 343              		.loc 1 117 1 view .LVU93
 344              		.cfi_endproc
 345              	.LFE7:
 347              		.section	.text.List_InsertByOrder,"ax",%progbits
 348              		.align	1
 349              		.global	List_InsertByOrder
 350              		.syntax unified
 351              		.thumb
 352              		.thumb_func
 353              		.fpu fpv4-sp-d16
 355              	List_InsertByOrder:
 356              	.LVL24:
 357              	.LFB8:
 118:SYS/data_structure/linked_list.c **** 
 119:SYS/data_structure/linked_list.c **** void List_InsertByOrder(list_obj *list, item_obj *item)
 120:SYS/data_structure/linked_list.c **** {
 358              		.loc 1 120 1 is_stmt 1 view -0
 359              		.cfi_startproc
 360              		@ args = 0, pretend = 0, frame = 0
 361              		@ frame_needed = 0, uses_anonymous_args = 0
 362              		.loc 1 120 1 is_stmt 0 view .LVU95
 363 0000 08B5     		push	{r3, lr}
 364              	.LCFI5:
 365              		.cfi_def_cfa_offset 8
 366              		.cfi_offset 3, -8
 367              		.cfi_offset 14, -4
 368 0002 0346     		mov	r3, r0
 121:SYS/data_structure/linked_list.c ****     if (list->nxt != NULL)
 369              		.loc 1 121 5 is_stmt 1 view .LVU96
 370              		.loc 1 121 13 is_stmt 0 view .LVU97
 371 0004 C068     		ldr	r0, [r0, #12]
 372              	.LVL25:
 373              		.loc 1 121 8 view .LVU98
 374 0006 10B1     		cbz	r0, .L26
 122:SYS/data_structure/linked_list.c ****     {
 123:SYS/data_structure/linked_list.c ****         List_InsertByOrder(list->nxt, item);
 375              		.loc 1 123 9 is_stmt 1 view .LVU99
 376 0008 FFF7FEFF 		bl	List_InsertByOrder
 377              	.LVL26:
 378              	.L25:
ARM GAS  /var/folders/lx/hc4sn_b53233_zkc9xbbl97r0000gp/T//ccRFp2XN.s 			page 10


 124:SYS/data_structure/linked_list.c ****     }
 125:SYS/data_structure/linked_list.c ****     else
 126:SYS/data_structure/linked_list.c ****     {
 127:SYS/data_structure/linked_list.c ****         list->nxt = item;
 128:SYS/data_structure/linked_list.c ****         item->prv = list;
 129:SYS/data_structure/linked_list.c ****     }
 130:SYS/data_structure/linked_list.c **** }
 379              		.loc 1 130 1 is_stmt 0 view .LVU100
 380 000c 08BD     		pop	{r3, pc}
 381              	.LVL27:
 382              	.L26:
 127:SYS/data_structure/linked_list.c ****         item->prv = list;
 383              		.loc 1 127 9 is_stmt 1 view .LVU101
 127:SYS/data_structure/linked_list.c ****         item->prv = list;
 384              		.loc 1 127 19 is_stmt 0 view .LVU102
 385 000e D960     		str	r1, [r3, #12]
 128:SYS/data_structure/linked_list.c ****     }
 386              		.loc 1 128 9 is_stmt 1 view .LVU103
 128:SYS/data_structure/linked_list.c ****     }
 387              		.loc 1 128 19 is_stmt 0 view .LVU104
 388 0010 8B60     		str	r3, [r1, #8]
 389              		.loc 1 130 1 view .LVU105
 390 0012 FBE7     		b	.L25
 391              		.cfi_endproc
 392              	.LFE8:
 394              		.section	.text.List_InsertByCondition,"ax",%progbits
 395              		.align	1
 396              		.global	List_InsertByCondition
 397              		.syntax unified
 398              		.thumb
 399              		.thumb_func
 400              		.fpu fpv4-sp-d16
 402              	List_InsertByCondition:
 403              	.LVL28:
 404              	.LFB9:
 131:SYS/data_structure/linked_list.c **** 
 132:SYS/data_structure/linked_list.c **** void List_InsertByCondition(list_obj *list, item_obj *item)
 133:SYS/data_structure/linked_list.c **** {
 405              		.loc 1 133 1 is_stmt 1 view -0
 406              		.cfi_startproc
 407              		@ args = 0, pretend = 0, frame = 0
 408              		@ frame_needed = 0, uses_anonymous_args = 0
 409              		.loc 1 133 1 is_stmt 0 view .LVU107
 410 0000 38B5     		push	{r3, r4, r5, lr}
 411              	.LCFI6:
 412              		.cfi_def_cfa_offset 16
 413              		.cfi_offset 3, -16
 414              		.cfi_offset 4, -12
 415              		.cfi_offset 5, -8
 416              		.cfi_offset 14, -4
 134:SYS/data_structure/linked_list.c ****     if ((list->compare_callback != NULL) && (list->data != NULL) && (item->data != NULL))
 417              		.loc 1 134 5 is_stmt 1 view .LVU108
 418              		.loc 1 134 14 is_stmt 0 view .LVU109
 419 0002 4368     		ldr	r3, [r0, #4]
 420              		.loc 1 134 8 view .LVU110
 421 0004 7BB1     		cbz	r3, .L29
 422 0006 0446     		mov	r4, r0
ARM GAS  /var/folders/lx/hc4sn_b53233_zkc9xbbl97r0000gp/T//ccRFp2XN.s 			page 11


 423 0008 0D46     		mov	r5, r1
 424              		.loc 1 134 50 discriminator 1 view .LVU111
 425 000a 0069     		ldr	r0, [r0, #16]
 426              	.LVL29:
 427              		.loc 1 134 42 discriminator 1 view .LVU112
 428 000c 58B1     		cbz	r0, .L29
 429              		.loc 1 134 74 discriminator 2 view .LVU113
 430 000e 0969     		ldr	r1, [r1, #16]
 431              	.LVL30:
 432              		.loc 1 134 66 discriminator 2 view .LVU114
 433 0010 49B1     		cbz	r1, .L29
 434              	.LBB2:
 135:SYS/data_structure/linked_list.c ****     {
 136:SYS/data_structure/linked_list.c ****         volatile void *cmp_out = list->compare_callback(list->data, item->data);
 435              		.loc 1 136 9 is_stmt 1 view .LVU115
 436              		.loc 1 136 34 is_stmt 0 view .LVU116
 437 0012 9847     		blx	r3
 438              	.LVL31:
 137:SYS/data_structure/linked_list.c **** 
 138:SYS/data_structure/linked_list.c ****         if (cmp_out == NULL)
 439              		.loc 1 138 9 is_stmt 1 view .LVU117
 440              		.loc 1 138 12 is_stmt 0 view .LVU118
 441 0014 38B1     		cbz	r0, .L29
 139:SYS/data_structure/linked_list.c ****         {
 140:SYS/data_structure/linked_list.c ****             return;
 141:SYS/data_structure/linked_list.c ****         }
 142:SYS/data_structure/linked_list.c **** 
 143:SYS/data_structure/linked_list.c ****         if (cmp_out == item->data)
 442              		.loc 1 143 9 is_stmt 1 view .LVU119
 443              		.loc 1 143 28 is_stmt 0 view .LVU120
 444 0016 2A69     		ldr	r2, [r5, #16]
 445              		.loc 1 143 12 view .LVU121
 446 0018 8242     		cmp	r2, r0
 447 001a 05D0     		beq	.L34
 448              	.LVL32:
 449              	.L31:
 450              		.loc 1 143 12 view .LVU122
 451              	.LBE2:
 144:SYS/data_structure/linked_list.c ****         {
 145:SYS/data_structure/linked_list.c ****             Item_SwapLRData(list, item);
 146:SYS/data_structure/linked_list.c ****         }
 147:SYS/data_structure/linked_list.c ****     }
 148:SYS/data_structure/linked_list.c ****     else
 149:SYS/data_structure/linked_list.c ****         return;
 150:SYS/data_structure/linked_list.c **** 
 151:SYS/data_structure/linked_list.c ****     if (list->nxt != NULL)
 452              		.loc 1 151 5 is_stmt 1 view .LVU123
 453              		.loc 1 151 13 is_stmt 0 view .LVU124
 454 001c E068     		ldr	r0, [r4, #12]
 455              		.loc 1 151 8 view .LVU125
 456 001e 40B1     		cbz	r0, .L32
 152:SYS/data_structure/linked_list.c ****     {
 153:SYS/data_structure/linked_list.c ****         List_InsertByCondition(list->nxt, item);
 457              		.loc 1 153 9 is_stmt 1 view .LVU126
 458 0020 2946     		mov	r1, r5
 459 0022 FFF7FEFF 		bl	List_InsertByCondition
 460              	.LVL33:
ARM GAS  /var/folders/lx/hc4sn_b53233_zkc9xbbl97r0000gp/T//ccRFp2XN.s 			page 12


 461              	.L29:
 154:SYS/data_structure/linked_list.c ****     }
 155:SYS/data_structure/linked_list.c ****     else
 156:SYS/data_structure/linked_list.c ****     {
 157:SYS/data_structure/linked_list.c ****         list->nxt = item;
 158:SYS/data_structure/linked_list.c ****         item->prv = list;
 159:SYS/data_structure/linked_list.c ****         item->nxt = NULL;
 160:SYS/data_structure/linked_list.c ****     }
 161:SYS/data_structure/linked_list.c **** }
 462              		.loc 1 161 1 is_stmt 0 view .LVU127
 463 0026 38BD     		pop	{r3, r4, r5, pc}
 464              	.LVL34:
 465              	.L34:
 466              	.LBB3:
 145:SYS/data_structure/linked_list.c ****         }
 467              		.loc 1 145 13 is_stmt 1 view .LVU128
 468 0028 2946     		mov	r1, r5
 469 002a 2046     		mov	r0, r4
 470              	.LVL35:
 145:SYS/data_structure/linked_list.c ****         }
 471              		.loc 1 145 13 is_stmt 0 view .LVU129
 472 002c FFF7FEFF 		bl	Item_SwapLRData
 473              	.LVL36:
 474 0030 F4E7     		b	.L31
 475              	.L32:
 145:SYS/data_structure/linked_list.c ****         }
 476              		.loc 1 145 13 view .LVU130
 477              	.LBE3:
 157:SYS/data_structure/linked_list.c ****         item->prv = list;
 478              		.loc 1 157 9 is_stmt 1 view .LVU131
 157:SYS/data_structure/linked_list.c ****         item->prv = list;
 479              		.loc 1 157 19 is_stmt 0 view .LVU132
 480 0032 E560     		str	r5, [r4, #12]
 158:SYS/data_structure/linked_list.c ****         item->nxt = NULL;
 481              		.loc 1 158 9 is_stmt 1 view .LVU133
 158:SYS/data_structure/linked_list.c ****         item->nxt = NULL;
 482              		.loc 1 158 19 is_stmt 0 view .LVU134
 483 0034 AC60     		str	r4, [r5, #8]
 159:SYS/data_structure/linked_list.c ****     }
 484              		.loc 1 159 9 is_stmt 1 view .LVU135
 159:SYS/data_structure/linked_list.c ****     }
 485              		.loc 1 159 19 is_stmt 0 view .LVU136
 486 0036 0023     		movs	r3, #0
 487 0038 EB60     		str	r3, [r5, #12]
 488 003a F4E7     		b	.L29
 489              		.cfi_endproc
 490              	.LFE9:
 492              		.section	.text.List_Insert_Item,"ax",%progbits
 493              		.align	1
 494              		.global	List_Insert_Item
 495              		.syntax unified
 496              		.thumb
 497              		.thumb_func
 498              		.fpu fpv4-sp-d16
 500              	List_Insert_Item:
 501              	.LVL37:
 502              	.LFB10:
ARM GAS  /var/folders/lx/hc4sn_b53233_zkc9xbbl97r0000gp/T//ccRFp2XN.s 			page 13


 162:SYS/data_structure/linked_list.c **** 
 163:SYS/data_structure/linked_list.c **** void List_Insert_Item(list_obj *list, item_obj *item)
 164:SYS/data_structure/linked_list.c **** {
 503              		.loc 1 164 1 is_stmt 1 view -0
 504              		.cfi_startproc
 505              		@ args = 0, pretend = 0, frame = 0
 506              		@ frame_needed = 0, uses_anonymous_args = 0
 165:SYS/data_structure/linked_list.c ****     if ((list != NULL) && (item != NULL))
 507              		.loc 1 165 5 view .LVU138
 508              		.loc 1 165 8 is_stmt 0 view .LVU139
 509 0000 78B1     		cbz	r0, .L40
 164:SYS/data_structure/linked_list.c ****     if ((list != NULL) && (item != NULL))
 510              		.loc 1 164 1 discriminator 1 view .LVU140
 511 0002 08B5     		push	{r3, lr}
 512              	.LCFI7:
 513              		.cfi_def_cfa_offset 8
 514              		.cfi_offset 3, -8
 515              		.cfi_offset 14, -4
 516              		.loc 1 165 24 discriminator 1 view .LVU141
 517 0004 31B1     		cbz	r1, .L35
 166:SYS/data_structure/linked_list.c ****     {
 167:SYS/data_structure/linked_list.c ****         item->compare_callback = list->compare_callback;
 518              		.loc 1 167 9 is_stmt 1 view .LVU142
 519              		.loc 1 167 38 is_stmt 0 view .LVU143
 520 0006 4268     		ldr	r2, [r0, #4]
 521              		.loc 1 167 32 view .LVU144
 522 0008 4A60     		str	r2, [r1, #4]
 168:SYS/data_structure/linked_list.c ****         item->mode = list->mode;
 523              		.loc 1 168 9 is_stmt 1 view .LVU145
 524              		.loc 1 168 26 is_stmt 0 view .LVU146
 525 000a 0278     		ldrb	r2, [r0]	@ zero_extendqisi2
 526              		.loc 1 168 20 view .LVU147
 527 000c 0A70     		strb	r2, [r1]
 169:SYS/data_structure/linked_list.c **** 
 170:SYS/data_structure/linked_list.c ****         switch (list->mode)
 528              		.loc 1 170 9 is_stmt 1 view .LVU148
 529 000e 12B1     		cbz	r2, .L37
 530 0010 012A     		cmp	r2, #1
 531 0012 03D0     		beq	.L38
 532              	.LVL38:
 533              	.L35:
 171:SYS/data_structure/linked_list.c ****         {
 172:SYS/data_structure/linked_list.c ****         case by_order:
 173:SYS/data_structure/linked_list.c ****             List_InsertByOrder(list, item);
 174:SYS/data_structure/linked_list.c ****             break;
 175:SYS/data_structure/linked_list.c ****         case by_condition:
 176:SYS/data_structure/linked_list.c ****             List_InsertByCondition(list, item);
 177:SYS/data_structure/linked_list.c ****             break;
 178:SYS/data_structure/linked_list.c **** 
 179:SYS/data_structure/linked_list.c ****         default:
 180:SYS/data_structure/linked_list.c ****             return;
 181:SYS/data_structure/linked_list.c ****             break;
 182:SYS/data_structure/linked_list.c ****         }
 183:SYS/data_structure/linked_list.c ****     }
 184:SYS/data_structure/linked_list.c **** }
 534              		.loc 1 184 1 is_stmt 0 view .LVU149
 535 0014 08BD     		pop	{r3, pc}
ARM GAS  /var/folders/lx/hc4sn_b53233_zkc9xbbl97r0000gp/T//ccRFp2XN.s 			page 14


 536              	.LVL39:
 537              	.L37:
 173:SYS/data_structure/linked_list.c ****             break;
 538              		.loc 1 173 13 is_stmt 1 view .LVU150
 539 0016 FFF7FEFF 		bl	List_InsertByOrder
 540              	.LVL40:
 174:SYS/data_structure/linked_list.c ****         case by_condition:
 541              		.loc 1 174 13 view .LVU151
 542 001a FBE7     		b	.L35
 543              	.LVL41:
 544              	.L38:
 176:SYS/data_structure/linked_list.c ****             break;
 545              		.loc 1 176 13 view .LVU152
 546 001c FFF7FEFF 		bl	List_InsertByCondition
 547              	.LVL42:
 177:SYS/data_structure/linked_list.c **** 
 548              		.loc 1 177 13 view .LVU153
 181:SYS/data_structure/linked_list.c ****         }
 549              		.loc 1 181 13 view .LVU154
 177:SYS/data_structure/linked_list.c **** 
 550              		.loc 1 177 13 is_stmt 0 view .LVU155
 551 0020 F8E7     		b	.L35
 552              	.LVL43:
 553              	.L40:
 554              	.LCFI8:
 555              		.cfi_def_cfa_offset 0
 556              		.cfi_restore 3
 557              		.cfi_restore 14
 177:SYS/data_structure/linked_list.c **** 
 558              		.loc 1 177 13 view .LVU156
 559 0022 7047     		bx	lr
 560              		.cfi_endproc
 561              	.LFE10:
 563              		.section	.text.List_traverse,"ax",%progbits
 564              		.align	1
 565              		.global	List_traverse
 566              		.syntax unified
 567              		.thumb
 568              		.thumb_func
 569              		.fpu fpv4-sp-d16
 571              	List_traverse:
 572              	.LVL44:
 573              	.LFB11:
 185:SYS/data_structure/linked_list.c **** 
 186:SYS/data_structure/linked_list.c **** list_error_code List_traverse(list_obj *list, list_traverse_callback callback, void *arg)
 187:SYS/data_structure/linked_list.c **** {
 574              		.loc 1 187 1 is_stmt 1 view -0
 575              		.cfi_startproc
 576              		@ args = 0, pretend = 0, frame = 0
 577              		@ frame_needed = 0, uses_anonymous_args = 0
 188:SYS/data_structure/linked_list.c ****     if (list != NULL)
 578              		.loc 1 188 5 view .LVU158
 579              		.loc 1 188 8 is_stmt 0 view .LVU159
 580 0000 70B1     		cbz	r0, .L46
 187:SYS/data_structure/linked_list.c ****     if (list != NULL)
 581              		.loc 1 187 1 view .LVU160
 582 0002 70B5     		push	{r4, r5, r6, lr}
ARM GAS  /var/folders/lx/hc4sn_b53233_zkc9xbbl97r0000gp/T//ccRFp2XN.s 			page 15


 583              	.LCFI9:
 584              		.cfi_def_cfa_offset 16
 585              		.cfi_offset 4, -16
 586              		.cfi_offset 5, -12
 587              		.cfi_offset 6, -8
 588              		.cfi_offset 14, -4
 589 0004 0C46     		mov	r4, r1
 590 0006 1546     		mov	r5, r2
 591 0008 0646     		mov	r6, r0
 189:SYS/data_structure/linked_list.c ****     {
 190:SYS/data_structure/linked_list.c ****         if (list->nxt != NULL)
 592              		.loc 1 190 9 is_stmt 1 view .LVU161
 593              		.loc 1 190 17 is_stmt 0 view .LVU162
 594 000a C068     		ldr	r0, [r0, #12]
 595              	.LVL45:
 596              		.loc 1 190 12 view .LVU163
 597 000c 08B1     		cbz	r0, .L45
 191:SYS/data_structure/linked_list.c ****         {
 192:SYS/data_structure/linked_list.c ****             List_traverse(list->nxt, callback, arg);
 598              		.loc 1 192 13 is_stmt 1 view .LVU164
 599 000e FFF7FEFF 		bl	List_traverse
 600              	.LVL46:
 601              	.L45:
 193:SYS/data_structure/linked_list.c ****         }
 194:SYS/data_structure/linked_list.c **** 
 195:SYS/data_structure/linked_list.c ****         if (callback != NULL)
 602              		.loc 1 195 9 view .LVU165
 603              		.loc 1 195 12 is_stmt 0 view .LVU166
 604 0012 44B1     		cbz	r4, .L47
 196:SYS/data_structure/linked_list.c ****         {
 197:SYS/data_structure/linked_list.c ****             callback(list, list->data, arg);
 605              		.loc 1 197 13 is_stmt 1 view .LVU167
 606 0014 2A46     		mov	r2, r5
 607 0016 3169     		ldr	r1, [r6, #16]
 608 0018 3046     		mov	r0, r6
 609 001a A047     		blx	r4
 610              	.LVL47:
 198:SYS/data_structure/linked_list.c ****         }
 199:SYS/data_structure/linked_list.c ****     }
 200:SYS/data_structure/linked_list.c ****     else
 201:SYS/data_structure/linked_list.c ****         return list_obj_error;
 202:SYS/data_structure/linked_list.c **** 
 203:SYS/data_structure/linked_list.c ****     return list_no_error;
 611              		.loc 1 203 12 is_stmt 0 view .LVU168
 612 001c 0020     		movs	r0, #0
 613              	.L44:
 204:SYS/data_structure/linked_list.c **** }
 614              		.loc 1 204 1 view .LVU169
 615 001e 70BD     		pop	{r4, r5, r6, pc}
 616              	.LVL48:
 617              	.L46:
 618              	.LCFI10:
 619              		.cfi_def_cfa_offset 0
 620              		.cfi_restore 4
 621              		.cfi_restore 5
 622              		.cfi_restore 6
 623              		.cfi_restore 14
ARM GAS  /var/folders/lx/hc4sn_b53233_zkc9xbbl97r0000gp/T//ccRFp2XN.s 			page 16


 201:SYS/data_structure/linked_list.c **** 
 624              		.loc 1 201 16 view .LVU170
 625 0020 6FF00100 		mvn	r0, #1
 626              	.LVL49:
 627              		.loc 1 204 1 view .LVU171
 628 0024 7047     		bx	lr
 629              	.LVL50:
 630              	.L47:
 631              	.LCFI11:
 632              		.cfi_def_cfa_offset 16
 633              		.cfi_offset 4, -16
 634              		.cfi_offset 5, -12
 635              		.cfi_offset 6, -8
 636              		.cfi_offset 14, -4
 203:SYS/data_structure/linked_list.c **** }
 637              		.loc 1 203 12 view .LVU172
 638 0026 0020     		movs	r0, #0
 639 0028 F9E7     		b	.L44
 640              		.cfi_endproc
 641              	.LFE11:
 643              		.section	.text.List_DecBelowID,"ax",%progbits
 644              		.align	1
 645              		.global	List_DecBelowID
 646              		.syntax unified
 647              		.thumb
 648              		.thumb_func
 649              		.fpu fpv4-sp-d16
 651              	List_DecBelowID:
 652              	.LVL51:
 653              	.LFB12:
 205:SYS/data_structure/linked_list.c **** 
 206:SYS/data_structure/linked_list.c **** list_error_code List_DecBelowID(item_obj *obj)
 207:SYS/data_structure/linked_list.c **** {
 654              		.loc 1 207 1 is_stmt 1 view -0
 655              		.cfi_startproc
 656              		@ args = 0, pretend = 0, frame = 0
 657              		@ frame_needed = 0, uses_anonymous_args = 0
 208:SYS/data_structure/linked_list.c ****     if (obj != NULL)
 658              		.loc 1 208 5 view .LVU174
 659              		.loc 1 208 8 is_stmt 0 view .LVU175
 660 0000 28B1     		cbz	r0, .L54
 207:SYS/data_structure/linked_list.c ****     if (obj != NULL)
 661              		.loc 1 207 1 view .LVU176
 662 0002 08B5     		push	{r3, lr}
 663              	.LCFI12:
 664              		.cfi_def_cfa_offset 8
 665              		.cfi_offset 3, -8
 666              		.cfi_offset 14, -4
 209:SYS/data_structure/linked_list.c ****     {
 210:SYS/data_structure/linked_list.c ****         List_DecBelowID(obj->nxt);
 667              		.loc 1 210 9 is_stmt 1 view .LVU177
 668 0004 C068     		ldr	r0, [r0, #12]
 669              	.LVL52:
 670              		.loc 1 210 9 is_stmt 0 view .LVU178
 671 0006 FFF7FEFF 		bl	List_DecBelowID
 672              	.LVL53:
 211:SYS/data_structure/linked_list.c **** 
ARM GAS  /var/folders/lx/hc4sn_b53233_zkc9xbbl97r0000gp/T//ccRFp2XN.s 			page 17


 212:SYS/data_structure/linked_list.c ****         return item_no_error;
 673              		.loc 1 212 9 is_stmt 1 view .LVU179
 674              		.loc 1 212 16 is_stmt 0 view .LVU180
 675 000a 0020     		movs	r0, #0
 213:SYS/data_structure/linked_list.c ****     }
 214:SYS/data_structure/linked_list.c **** 
 215:SYS/data_structure/linked_list.c ****     return item_obj_error;
 216:SYS/data_structure/linked_list.c **** }
 676              		.loc 1 216 1 view .LVU181
 677 000c 08BD     		pop	{r3, pc}
 678              	.LVL54:
 679              	.L54:
 680              	.LCFI13:
 681              		.cfi_def_cfa_offset 0
 682              		.cfi_restore 3
 683              		.cfi_restore 14
 215:SYS/data_structure/linked_list.c **** }
 684              		.loc 1 215 12 view .LVU182
 685 000e 4FF0FF30 		mov	r0, #-1
 686              	.LVL55:
 687              		.loc 1 216 1 view .LVU183
 688 0012 7047     		bx	lr
 689              		.cfi_endproc
 690              	.LFE12:
 692              		.section	.text.List_Delete_Item,"ax",%progbits
 693              		.align	1
 694              		.global	List_Delete_Item
 695              		.syntax unified
 696              		.thumb
 697              		.thumb_func
 698              		.fpu fpv4-sp-d16
 700              	List_Delete_Item:
 701              	.LVL56:
 702              	.LFB13:
 217:SYS/data_structure/linked_list.c **** 
 218:SYS/data_structure/linked_list.c **** list_error_code List_Delete_Item(item_obj *item, item_datareset_callback callback)
 219:SYS/data_structure/linked_list.c **** {
 703              		.loc 1 219 1 is_stmt 1 view -0
 704              		.cfi_startproc
 705              		@ args = 0, pretend = 0, frame = 0
 706              		@ frame_needed = 0, uses_anonymous_args = 0
 220:SYS/data_structure/linked_list.c ****     if (item != NULL)
 707              		.loc 1 220 5 view .LVU185
 708              		.loc 1 220 8 is_stmt 0 view .LVU186
 709 0000 F0B1     		cbz	r0, .L65
 219:SYS/data_structure/linked_list.c ****     if (item != NULL)
 710              		.loc 1 219 1 view .LVU187
 711 0002 08B5     		push	{r3, lr}
 712              	.LCFI14:
 713              		.cfi_def_cfa_offset 8
 714              		.cfi_offset 3, -8
 715              		.cfi_offset 14, -4
 716 0004 0346     		mov	r3, r0
 221:SYS/data_structure/linked_list.c ****     {
 222:SYS/data_structure/linked_list.c ****         if ((item->prv != NULL) && (item->nxt != NULL))
 717              		.loc 1 222 9 is_stmt 1 view .LVU188
 718              		.loc 1 222 18 is_stmt 0 view .LVU189
ARM GAS  /var/folders/lx/hc4sn_b53233_zkc9xbbl97r0000gp/T//ccRFp2XN.s 			page 18


 719 0006 8268     		ldr	r2, [r0, #8]
 720              		.loc 1 222 12 view .LVU190
 721 0008 62B1     		cbz	r2, .L61
 722              		.loc 1 222 41 discriminator 1 view .LVU191
 723 000a C068     		ldr	r0, [r0, #12]
 724              	.LVL57:
 725              		.loc 1 222 33 discriminator 1 view .LVU192
 726 000c 50B1     		cbz	r0, .L61
 223:SYS/data_structure/linked_list.c ****         {
 224:SYS/data_structure/linked_list.c ****             item->prv->nxt = item->nxt;
 727              		.loc 1 224 13 is_stmt 1 view .LVU193
 728              		.loc 1 224 28 is_stmt 0 view .LVU194
 729 000e D060     		str	r0, [r2, #12]
 225:SYS/data_structure/linked_list.c ****             item->nxt->prv = item->prv;
 730              		.loc 1 225 13 is_stmt 1 view .LVU195
 731              		.loc 1 225 34 is_stmt 0 view .LVU196
 732 0010 9A68     		ldr	r2, [r3, #8]
 733              		.loc 1 225 28 view .LVU197
 734 0012 8260     		str	r2, [r0, #8]
 226:SYS/data_structure/linked_list.c ****             item->prv = NULL;
 735              		.loc 1 226 13 is_stmt 1 view .LVU198
 736              		.loc 1 226 23 is_stmt 0 view .LVU199
 737 0014 0022     		movs	r2, #0
 738 0016 9A60     		str	r2, [r3, #8]
 227:SYS/data_structure/linked_list.c ****             item->nxt = NULL;
 739              		.loc 1 227 13 is_stmt 1 view .LVU200
 740              		.loc 1 227 23 is_stmt 0 view .LVU201
 741 0018 DA60     		str	r2, [r3, #12]
 742              	.LVL58:
 743              	.L62:
 228:SYS/data_structure/linked_list.c ****         }
 229:SYS/data_structure/linked_list.c ****         else if ((item->prv != NULL) && (item->nxt == NULL))
 230:SYS/data_structure/linked_list.c ****         {
 231:SYS/data_structure/linked_list.c ****             item->prv->nxt = NULL;
 232:SYS/data_structure/linked_list.c ****             item->prv = NULL;
 233:SYS/data_structure/linked_list.c ****             item->nxt = NULL;
 234:SYS/data_structure/linked_list.c ****         }
 235:SYS/data_structure/linked_list.c ****         else if ((item->prv == NULL) && (item->nxt != NULL))
 236:SYS/data_structure/linked_list.c ****         {
 237:SYS/data_structure/linked_list.c ****             item = item->nxt;
 238:SYS/data_structure/linked_list.c ****         }
 239:SYS/data_structure/linked_list.c **** 
 240:SYS/data_structure/linked_list.c ****         if (callback != NULL)
 744              		.loc 1 240 9 is_stmt 1 view .LVU202
 745              		.loc 1 240 12 is_stmt 0 view .LVU203
 746 001a 09B1     		cbz	r1, .L64
 241:SYS/data_structure/linked_list.c ****         {
 242:SYS/data_structure/linked_list.c ****             callback(item->data);
 747              		.loc 1 242 13 is_stmt 1 view .LVU204
 748 001c 1869     		ldr	r0, [r3, #16]
 749 001e 8847     		blx	r1
 750              	.LVL59:
 751              	.L64:
 243:SYS/data_structure/linked_list.c ****         }
 244:SYS/data_structure/linked_list.c **** 
 245:SYS/data_structure/linked_list.c ****         return list_no_error;
 752              		.loc 1 245 9 view .LVU205
ARM GAS  /var/folders/lx/hc4sn_b53233_zkc9xbbl97r0000gp/T//ccRFp2XN.s 			page 19


 753              		.loc 1 245 16 is_stmt 0 view .LVU206
 754 0020 0020     		movs	r0, #0
 246:SYS/data_structure/linked_list.c ****     }
 247:SYS/data_structure/linked_list.c **** 
 248:SYS/data_structure/linked_list.c ****     return list_obj_error;
 249:SYS/data_structure/linked_list.c **** }
 755              		.loc 1 249 1 view .LVU207
 756 0022 08BD     		pop	{r3, pc}
 757              	.LVL60:
 758              	.L61:
 229:SYS/data_structure/linked_list.c ****         {
 759              		.loc 1 229 14 is_stmt 1 view .LVU208
 229:SYS/data_structure/linked_list.c ****         {
 760              		.loc 1 229 17 is_stmt 0 view .LVU209
 761 0024 0AB1     		cbz	r2, .L63
 229:SYS/data_structure/linked_list.c ****         {
 762              		.loc 1 229 46 discriminator 1 view .LVU210
 763 0026 D868     		ldr	r0, [r3, #12]
 229:SYS/data_structure/linked_list.c ****         {
 764              		.loc 1 229 38 discriminator 1 view .LVU211
 765 0028 30B1     		cbz	r0, .L71
 766              	.L63:
 235:SYS/data_structure/linked_list.c ****         {
 767              		.loc 1 235 14 is_stmt 1 view .LVU212
 235:SYS/data_structure/linked_list.c ****         {
 768              		.loc 1 235 17 is_stmt 0 view .LVU213
 769 002a 002A     		cmp	r2, #0
 770 002c F5D1     		bne	.L62
 235:SYS/data_structure/linked_list.c ****         {
 771              		.loc 1 235 46 discriminator 1 view .LVU214
 772 002e DA68     		ldr	r2, [r3, #12]
 235:SYS/data_structure/linked_list.c ****         {
 773              		.loc 1 235 38 discriminator 1 view .LVU215
 774 0030 002A     		cmp	r2, #0
 775 0032 F2D0     		beq	.L62
 237:SYS/data_structure/linked_list.c ****         }
 776              		.loc 1 237 18 view .LVU216
 777 0034 1346     		mov	r3, r2
 778              	.LVL61:
 237:SYS/data_structure/linked_list.c ****         }
 779              		.loc 1 237 18 view .LVU217
 780 0036 F0E7     		b	.L62
 781              	.LVL62:
 782              	.L71:
 231:SYS/data_structure/linked_list.c ****             item->prv = NULL;
 783              		.loc 1 231 13 is_stmt 1 view .LVU218
 231:SYS/data_structure/linked_list.c ****             item->prv = NULL;
 784              		.loc 1 231 28 is_stmt 0 view .LVU219
 785 0038 D060     		str	r0, [r2, #12]
 232:SYS/data_structure/linked_list.c ****             item->nxt = NULL;
 786              		.loc 1 232 13 is_stmt 1 view .LVU220
 232:SYS/data_structure/linked_list.c ****             item->nxt = NULL;
 787              		.loc 1 232 23 is_stmt 0 view .LVU221
 788 003a 9860     		str	r0, [r3, #8]
 233:SYS/data_structure/linked_list.c ****         }
 789              		.loc 1 233 13 is_stmt 1 view .LVU222
 233:SYS/data_structure/linked_list.c ****         }
ARM GAS  /var/folders/lx/hc4sn_b53233_zkc9xbbl97r0000gp/T//ccRFp2XN.s 			page 20


 790              		.loc 1 233 23 is_stmt 0 view .LVU223
 791 003c D860     		str	r0, [r3, #12]
 792 003e ECE7     		b	.L62
 793              	.LVL63:
 794              	.L65:
 795              	.LCFI15:
 796              		.cfi_def_cfa_offset 0
 797              		.cfi_restore 3
 798              		.cfi_restore 14
 248:SYS/data_structure/linked_list.c **** }
 799              		.loc 1 248 12 view .LVU224
 800 0040 6FF00100 		mvn	r0, #1
 801              	.LVL64:
 802              		.loc 1 249 1 view .LVU225
 803 0044 7047     		bx	lr
 804              		.cfi_endproc
 805              	.LFE13:
 807              		.section	.text.List_PopFirst,"ax",%progbits
 808              		.align	1
 809              		.global	List_PopFirst
 810              		.syntax unified
 811              		.thumb
 812              		.thumb_func
 813              		.fpu fpv4-sp-d16
 815              	List_PopFirst:
 816              	.LVL65:
 817              	.LFB14:
 250:SYS/data_structure/linked_list.c **** 
 251:SYS/data_structure/linked_list.c **** item_obj *List_PopFirst(list_obj *list)
 252:SYS/data_structure/linked_list.c **** {
 818              		.loc 1 252 1 is_stmt 1 view -0
 819              		.cfi_startproc
 820              		@ args = 0, pretend = 0, frame = 0
 821              		@ frame_needed = 0, uses_anonymous_args = 0
 822              		.loc 1 252 1 is_stmt 0 view .LVU227
 823 0000 08B5     		push	{r3, lr}
 824              	.LCFI16:
 825              		.cfi_def_cfa_offset 8
 826              		.cfi_offset 3, -8
 827              		.cfi_offset 14, -4
 253:SYS/data_structure/linked_list.c ****     item_obj *item_tmp = NULL;
 828              		.loc 1 253 5 is_stmt 1 view .LVU228
 829              	.LVL66:
 254:SYS/data_structure/linked_list.c **** 
 255:SYS/data_structure/linked_list.c ****     if (list != NULL)
 830              		.loc 1 255 5 view .LVU229
 831              		.loc 1 255 8 is_stmt 0 view .LVU230
 832 0002 0346     		mov	r3, r0
 833 0004 28B1     		cbz	r0, .L72
 256:SYS/data_structure/linked_list.c ****     {
 257:SYS/data_structure/linked_list.c ****         if (list->prv != NULL)
 834              		.loc 1 257 9 is_stmt 1 view .LVU231
 835              		.loc 1 257 17 is_stmt 0 view .LVU232
 836 0006 8068     		ldr	r0, [r0, #8]
 837              	.LVL67:
 838              		.loc 1 257 12 view .LVU233
 839 0008 20B9     		cbnz	r0, .L77
ARM GAS  /var/folders/lx/hc4sn_b53233_zkc9xbbl97r0000gp/T//ccRFp2XN.s 			page 21


 258:SYS/data_structure/linked_list.c ****         {
 259:SYS/data_structure/linked_list.c ****             List_PopFirst(list->prv);
 260:SYS/data_structure/linked_list.c ****         }
 261:SYS/data_structure/linked_list.c ****         else
 262:SYS/data_structure/linked_list.c ****         {
 263:SYS/data_structure/linked_list.c ****             item_tmp = list;
 840              		.loc 1 263 13 is_stmt 1 view .LVU234
 841              	.LVL68:
 264:SYS/data_structure/linked_list.c ****             item_tmp->nxt = NULL;
 842              		.loc 1 264 13 view .LVU235
 843              		.loc 1 264 27 is_stmt 0 view .LVU236
 844 000a 0022     		movs	r2, #0
 845 000c DA60     		str	r2, [r3, #12]
 265:SYS/data_structure/linked_list.c **** 
 266:SYS/data_structure/linked_list.c ****             list = list->nxt;
 846              		.loc 1 266 13 is_stmt 1 view .LVU237
 847              	.LVL69:
 267:SYS/data_structure/linked_list.c ****             list->prv = NULL;
 848              		.loc 1 267 13 view .LVU238
 849              		.loc 1 267 23 is_stmt 0 view .LVU239
 850 000e 9260     		str	r2, [r2, #8]
 263:SYS/data_structure/linked_list.c ****             item_tmp->nxt = NULL;
 851              		.loc 1 263 22 view .LVU240
 852 0010 1846     		mov	r0, r3
 853              	.LVL70:
 854              	.L72:
 268:SYS/data_structure/linked_list.c ****         }
 269:SYS/data_structure/linked_list.c ****     }
 270:SYS/data_structure/linked_list.c **** 
 271:SYS/data_structure/linked_list.c ****     return item_tmp;
 272:SYS/data_structure/linked_list.c **** }
 855              		.loc 1 272 1 view .LVU241
 856 0012 08BD     		pop	{r3, pc}
 857              	.LVL71:
 858              	.L77:
 259:SYS/data_structure/linked_list.c ****         }
 859              		.loc 1 259 13 is_stmt 1 view .LVU242
 860 0014 FFF7FEFF 		bl	List_PopFirst
 861              	.LVL72:
 253:SYS/data_structure/linked_list.c **** 
 862              		.loc 1 253 15 is_stmt 0 view .LVU243
 863 0018 0020     		movs	r0, #0
 864 001a FAE7     		b	.L72
 865              		.cfi_endproc
 866              	.LFE14:
 868              		.section	.text.List_GetFront_Len,"ax",%progbits
 869              		.align	1
 870              		.global	List_GetFront_Len
 871              		.syntax unified
 872              		.thumb
 873              		.thumb_func
 874              		.fpu fpv4-sp-d16
 876              	List_GetFront_Len:
 877              	.LVL73:
 878              	.LFB15:
 273:SYS/data_structure/linked_list.c **** 
 274:SYS/data_structure/linked_list.c **** int16_t List_GetFront_Len(item_obj *list)
ARM GAS  /var/folders/lx/hc4sn_b53233_zkc9xbbl97r0000gp/T//ccRFp2XN.s 			page 22


 275:SYS/data_structure/linked_list.c **** {
 879              		.loc 1 275 1 is_stmt 1 view -0
 880              		.cfi_startproc
 881              		@ args = 0, pretend = 0, frame = 0
 882              		@ frame_needed = 0, uses_anonymous_args = 0
 276:SYS/data_structure/linked_list.c ****     int16_t fnt_len = 0;
 883              		.loc 1 276 5 view .LVU245
 277:SYS/data_structure/linked_list.c **** 
 278:SYS/data_structure/linked_list.c ****     if (list != NULL)
 884              		.loc 1 278 5 view .LVU246
 885              		.loc 1 278 8 is_stmt 0 view .LVU247
 886 0000 38B1     		cbz	r0, .L80
 275:SYS/data_structure/linked_list.c ****     int16_t fnt_len = 0;
 887              		.loc 1 275 1 view .LVU248
 888 0002 08B5     		push	{r3, lr}
 889              	.LCFI17:
 890              		.cfi_def_cfa_offset 8
 891              		.cfi_offset 3, -8
 892              		.cfi_offset 14, -4
 279:SYS/data_structure/linked_list.c ****     {
 280:SYS/data_structure/linked_list.c ****         if (list->prv == NULL)
 893              		.loc 1 280 9 is_stmt 1 view .LVU249
 894              		.loc 1 280 17 is_stmt 0 view .LVU250
 895 0004 8068     		ldr	r0, [r0, #8]
 896              	.LVL74:
 897              		.loc 1 280 12 view .LVU251
 898 0006 38B1     		cbz	r0, .L81
 281:SYS/data_structure/linked_list.c ****         {
 282:SYS/data_structure/linked_list.c ****             return 0;
 283:SYS/data_structure/linked_list.c ****         }
 284:SYS/data_structure/linked_list.c ****         else
 285:SYS/data_structure/linked_list.c ****         {
 286:SYS/data_structure/linked_list.c ****             fnt_len = List_GetFront_Len(list->prv);
 899              		.loc 1 286 13 is_stmt 1 view .LVU252
 900              		.loc 1 286 23 is_stmt 0 view .LVU253
 901 0008 FFF7FEFF 		bl	List_GetFront_Len
 902              	.LVL75:
 287:SYS/data_structure/linked_list.c ****             fnt_len++;
 903              		.loc 1 287 13 is_stmt 1 view .LVU254
 904              		.loc 1 287 20 is_stmt 0 view .LVU255
 905 000c 0130     		adds	r0, r0, #1
 906              	.LVL76:
 907              		.loc 1 287 20 view .LVU256
 908 000e 00B2     		sxth	r0, r0
 909              	.LVL77:
 288:SYS/data_structure/linked_list.c ****         }
 289:SYS/data_structure/linked_list.c ****     }
 290:SYS/data_structure/linked_list.c ****     else
 291:SYS/data_structure/linked_list.c ****         return list_obj_error;
 292:SYS/data_structure/linked_list.c **** 
 293:SYS/data_structure/linked_list.c ****     return fnt_len;
 910              		.loc 1 293 5 is_stmt 1 view .LVU257
 911              	.L79:
 294:SYS/data_structure/linked_list.c **** }
 912              		.loc 1 294 1 is_stmt 0 view .LVU258
 913 0010 08BD     		pop	{r3, pc}
 914              	.LVL78:
ARM GAS  /var/folders/lx/hc4sn_b53233_zkc9xbbl97r0000gp/T//ccRFp2XN.s 			page 23


 915              	.L80:
 916              	.LCFI18:
 917              		.cfi_def_cfa_offset 0
 918              		.cfi_restore 3
 919              		.cfi_restore 14
 291:SYS/data_structure/linked_list.c **** 
 920              		.loc 1 291 16 view .LVU259
 921 0012 6FF00100 		mvn	r0, #1
 922              	.LVL79:
 923              		.loc 1 294 1 view .LVU260
 924 0016 7047     		bx	lr
 925              	.L81:
 926              	.LCFI19:
 927              		.cfi_def_cfa_offset 8
 928              		.cfi_offset 3, -8
 929              		.cfi_offset 14, -4
 282:SYS/data_structure/linked_list.c ****         }
 930              		.loc 1 282 20 view .LVU261
 931 0018 0020     		movs	r0, #0
 932 001a F9E7     		b	.L79
 933              		.cfi_endproc
 934              	.LFE15:
 936              		.section	.text.List_GetBack_Len,"ax",%progbits
 937              		.align	1
 938              		.global	List_GetBack_Len
 939              		.syntax unified
 940              		.thumb
 941              		.thumb_func
 942              		.fpu fpv4-sp-d16
 944              	List_GetBack_Len:
 945              	.LVL80:
 946              	.LFB16:
 295:SYS/data_structure/linked_list.c **** 
 296:SYS/data_structure/linked_list.c **** int16_t List_GetBack_Len(item_obj *list)
 297:SYS/data_structure/linked_list.c **** {
 947              		.loc 1 297 1 is_stmt 1 view -0
 948              		.cfi_startproc
 949              		@ args = 0, pretend = 0, frame = 0
 950              		@ frame_needed = 0, uses_anonymous_args = 0
 298:SYS/data_structure/linked_list.c ****     uint16_t bck_len = 0;
 951              		.loc 1 298 5 view .LVU263
 299:SYS/data_structure/linked_list.c **** 
 300:SYS/data_structure/linked_list.c ****     if (list != NULL)
 952              		.loc 1 300 5 view .LVU264
 953              		.loc 1 300 8 is_stmt 0 view .LVU265
 954 0000 40B1     		cbz	r0, .L88
 297:SYS/data_structure/linked_list.c ****     uint16_t bck_len = 0;
 955              		.loc 1 297 1 view .LVU266
 956 0002 08B5     		push	{r3, lr}
 957              	.LCFI20:
 958              		.cfi_def_cfa_offset 8
 959              		.cfi_offset 3, -8
 960              		.cfi_offset 14, -4
 301:SYS/data_structure/linked_list.c ****     {
 302:SYS/data_structure/linked_list.c ****         if (list->nxt == NULL)
 961              		.loc 1 302 9 is_stmt 1 view .LVU267
 962              		.loc 1 302 17 is_stmt 0 view .LVU268
ARM GAS  /var/folders/lx/hc4sn_b53233_zkc9xbbl97r0000gp/T//ccRFp2XN.s 			page 24


 963 0004 C068     		ldr	r0, [r0, #12]
 964              	.LVL81:
 965              		.loc 1 302 12 view .LVU269
 966 0006 40B1     		cbz	r0, .L89
 303:SYS/data_structure/linked_list.c ****         {
 304:SYS/data_structure/linked_list.c ****             return 0;
 305:SYS/data_structure/linked_list.c ****         }
 306:SYS/data_structure/linked_list.c ****         else
 307:SYS/data_structure/linked_list.c ****         {
 308:SYS/data_structure/linked_list.c ****             bck_len = List_GetBack_Len(list->nxt);
 967              		.loc 1 308 13 is_stmt 1 view .LVU270
 968              		.loc 1 308 23 is_stmt 0 view .LVU271
 969 0008 FFF7FEFF 		bl	List_GetBack_Len
 970              	.LVL82:
 971              		.loc 1 308 21 view .LVU272
 972 000c 80B2     		uxth	r0, r0
 973              	.LVL83:
 309:SYS/data_structure/linked_list.c ****             bck_len++;
 974              		.loc 1 309 13 is_stmt 1 view .LVU273
 975              		.loc 1 309 20 is_stmt 0 view .LVU274
 976 000e 0130     		adds	r0, r0, #1
 977              	.LVL84:
 310:SYS/data_structure/linked_list.c ****         }
 311:SYS/data_structure/linked_list.c ****     }
 312:SYS/data_structure/linked_list.c ****     else
 313:SYS/data_structure/linked_list.c ****         return list_obj_error;
 314:SYS/data_structure/linked_list.c **** 
 315:SYS/data_structure/linked_list.c ****     return bck_len;
 978              		.loc 1 315 5 is_stmt 1 view .LVU275
 979              		.loc 1 315 12 is_stmt 0 view .LVU276
 980 0010 00B2     		sxth	r0, r0
 981              	.LVL85:
 982              	.L87:
 316:SYS/data_structure/linked_list.c **** }
 983              		.loc 1 316 1 view .LVU277
 984 0012 08BD     		pop	{r3, pc}
 985              	.LVL86:
 986              	.L88:
 987              	.LCFI21:
 988              		.cfi_def_cfa_offset 0
 989              		.cfi_restore 3
 990              		.cfi_restore 14
 313:SYS/data_structure/linked_list.c **** 
 991              		.loc 1 313 16 view .LVU278
 992 0014 6FF00100 		mvn	r0, #1
 993              	.LVL87:
 994              		.loc 1 316 1 view .LVU279
 995 0018 7047     		bx	lr
 996              	.L89:
 997              	.LCFI22:
 998              		.cfi_def_cfa_offset 8
 999              		.cfi_offset 3, -8
 1000              		.cfi_offset 14, -4
 304:SYS/data_structure/linked_list.c ****         }
 1001              		.loc 1 304 20 view .LVU280
 1002 001a 0020     		movs	r0, #0
 1003 001c F9E7     		b	.L87
ARM GAS  /var/folders/lx/hc4sn_b53233_zkc9xbbl97r0000gp/T//ccRFp2XN.s 			page 25


 1004              		.cfi_endproc
 1005              	.LFE16:
 1007              		.section	.text.List_GetLen,"ax",%progbits
 1008              		.align	1
 1009              		.global	List_GetLen
 1010              		.syntax unified
 1011              		.thumb
 1012              		.thumb_func
 1013              		.fpu fpv4-sp-d16
 1015              	List_GetLen:
 1016              	.LVL88:
 1017              	.LFB17:
 317:SYS/data_structure/linked_list.c **** 
 318:SYS/data_structure/linked_list.c **** int16_t List_GetLen(list_obj *list)
 319:SYS/data_structure/linked_list.c **** {
 1018              		.loc 1 319 1 is_stmt 1 view -0
 1019              		.cfi_startproc
 1020              		@ args = 0, pretend = 0, frame = 0
 1021              		@ frame_needed = 0, uses_anonymous_args = 0
 320:SYS/data_structure/linked_list.c ****     uint16_t len = 0;
 1022              		.loc 1 320 5 view .LVU282
 321:SYS/data_structure/linked_list.c **** 
 322:SYS/data_structure/linked_list.c ****     if (list != NULL)
 1023              		.loc 1 322 5 view .LVU283
 1024              		.loc 1 322 8 is_stmt 0 view .LVU284
 1025 0000 58B1     		cbz	r0, .L96
 319:SYS/data_structure/linked_list.c ****     uint16_t len = 0;
 1026              		.loc 1 319 1 view .LVU285
 1027 0002 38B5     		push	{r3, r4, r5, lr}
 1028              	.LCFI23:
 1029              		.cfi_def_cfa_offset 16
 1030              		.cfi_offset 3, -16
 1031              		.cfi_offset 4, -12
 1032              		.cfi_offset 5, -8
 1033              		.cfi_offset 14, -4
 1034 0004 0546     		mov	r5, r0
 323:SYS/data_structure/linked_list.c ****     {
 324:SYS/data_structure/linked_list.c ****         len = List_GetFront_Len(list);
 1035              		.loc 1 324 9 is_stmt 1 view .LVU286
 1036              		.loc 1 324 15 is_stmt 0 view .LVU287
 1037 0006 FFF7FEFF 		bl	List_GetFront_Len
 1038              	.LVL89:
 1039              		.loc 1 324 13 view .LVU288
 1040 000a 84B2     		uxth	r4, r0
 1041              	.LVL90:
 325:SYS/data_structure/linked_list.c ****         len += List_GetBack_Len(list);
 1042              		.loc 1 325 9 is_stmt 1 view .LVU289
 1043              		.loc 1 325 16 is_stmt 0 view .LVU290
 1044 000c 2846     		mov	r0, r5
 1045 000e FFF7FEFF 		bl	List_GetBack_Len
 1046              	.LVL91:
 1047              		.loc 1 325 13 view .LVU291
 1048 0012 14FA80F0 		uxtah	r0, r4, r0
 1049              	.LVL92:
 326:SYS/data_structure/linked_list.c ****     }
 327:SYS/data_structure/linked_list.c ****     else
 328:SYS/data_structure/linked_list.c ****         return list_obj_error;
ARM GAS  /var/folders/lx/hc4sn_b53233_zkc9xbbl97r0000gp/T//ccRFp2XN.s 			page 26


 329:SYS/data_structure/linked_list.c **** 
 330:SYS/data_structure/linked_list.c ****     return len;
 1050              		.loc 1 330 5 is_stmt 1 view .LVU292
 1051              		.loc 1 330 12 is_stmt 0 view .LVU293
 1052 0016 00B2     		sxth	r0, r0
 331:SYS/data_structure/linked_list.c **** }
 1053              		.loc 1 331 1 view .LVU294
 1054 0018 38BD     		pop	{r3, r4, r5, pc}
 1055              	.LVL93:
 1056              	.L96:
 1057              	.LCFI24:
 1058              		.cfi_def_cfa_offset 0
 1059              		.cfi_restore 3
 1060              		.cfi_restore 4
 1061              		.cfi_restore 5
 1062              		.cfi_restore 14
 328:SYS/data_structure/linked_list.c **** 
 1063              		.loc 1 328 16 view .LVU295
 1064 001a 6FF00100 		mvn	r0, #1
 1065              	.LVL94:
 1066              		.loc 1 331 1 view .LVU296
 1067 001e 7047     		bx	lr
 1068              		.cfi_endproc
 1069              	.LFE17:
 1071              		.text
 1072              	.Letext0:
 1073              		.file 2 "/usr/local/arm-none-eabi-gcc/gcc-arm-none-eabi-10-2020-q4-major/arm-none-eabi/include/mac
 1074              		.file 3 "/usr/local/arm-none-eabi-gcc/gcc-arm-none-eabi-10-2020-q4-major/arm-none-eabi/include/sys
 1075              		.file 4 "SYS/data_structure/linked_list.h"
ARM GAS  /var/folders/lx/hc4sn_b53233_zkc9xbbl97r0000gp/T//ccRFp2XN.s 			page 27


DEFINED SYMBOLS
                            *ABS*:0000000000000000 linked_list.c
/var/folders/lx/hc4sn_b53233_zkc9xbbl97r0000gp/T//ccRFp2XN.s:18     .text.Item_SwapLRData:0000000000000000 $t
/var/folders/lx/hc4sn_b53233_zkc9xbbl97r0000gp/T//ccRFp2XN.s:25     .text.Item_SwapLRData:0000000000000000 Item_SwapLRData
/var/folders/lx/hc4sn_b53233_zkc9xbbl97r0000gp/T//ccRFp2XN.s:53     .text.List_Init:0000000000000000 $t
/var/folders/lx/hc4sn_b53233_zkc9xbbl97r0000gp/T//ccRFp2XN.s:60     .text.List_Init:0000000000000000 List_Init
/var/folders/lx/hc4sn_b53233_zkc9xbbl97r0000gp/T//ccRFp2XN.s:116    .text.List_CheckAt:0000000000000000 $t
/var/folders/lx/hc4sn_b53233_zkc9xbbl97r0000gp/T//ccRFp2XN.s:123    .text.List_CheckAt:0000000000000000 List_CheckAt
/var/folders/lx/hc4sn_b53233_zkc9xbbl97r0000gp/T//ccRFp2XN.s:174    .text.List_Chk_FirstItem:0000000000000000 $t
/var/folders/lx/hc4sn_b53233_zkc9xbbl97r0000gp/T//ccRFp2XN.s:181    .text.List_Chk_FirstItem:0000000000000000 List_Chk_FirstItem
/var/folders/lx/hc4sn_b53233_zkc9xbbl97r0000gp/T//ccRFp2XN.s:218    .text.List_Chk_LastItem:0000000000000000 $t
/var/folders/lx/hc4sn_b53233_zkc9xbbl97r0000gp/T//ccRFp2XN.s:225    .text.List_Chk_LastItem:0000000000000000 List_Chk_LastItem
/var/folders/lx/hc4sn_b53233_zkc9xbbl97r0000gp/T//ccRFp2XN.s:262    .text.List_ItemClear:0000000000000000 $t
/var/folders/lx/hc4sn_b53233_zkc9xbbl97r0000gp/T//ccRFp2XN.s:269    .text.List_ItemClear:0000000000000000 List_ItemClear
/var/folders/lx/hc4sn_b53233_zkc9xbbl97r0000gp/T//ccRFp2XN.s:307    .text.List_ItemInit:0000000000000000 $t
/var/folders/lx/hc4sn_b53233_zkc9xbbl97r0000gp/T//ccRFp2XN.s:314    .text.List_ItemInit:0000000000000000 List_ItemInit
/var/folders/lx/hc4sn_b53233_zkc9xbbl97r0000gp/T//ccRFp2XN.s:348    .text.List_InsertByOrder:0000000000000000 $t
/var/folders/lx/hc4sn_b53233_zkc9xbbl97r0000gp/T//ccRFp2XN.s:355    .text.List_InsertByOrder:0000000000000000 List_InsertByOrder
/var/folders/lx/hc4sn_b53233_zkc9xbbl97r0000gp/T//ccRFp2XN.s:395    .text.List_InsertByCondition:0000000000000000 $t
/var/folders/lx/hc4sn_b53233_zkc9xbbl97r0000gp/T//ccRFp2XN.s:402    .text.List_InsertByCondition:0000000000000000 List_InsertByCondition
/var/folders/lx/hc4sn_b53233_zkc9xbbl97r0000gp/T//ccRFp2XN.s:493    .text.List_Insert_Item:0000000000000000 $t
/var/folders/lx/hc4sn_b53233_zkc9xbbl97r0000gp/T//ccRFp2XN.s:500    .text.List_Insert_Item:0000000000000000 List_Insert_Item
/var/folders/lx/hc4sn_b53233_zkc9xbbl97r0000gp/T//ccRFp2XN.s:564    .text.List_traverse:0000000000000000 $t
/var/folders/lx/hc4sn_b53233_zkc9xbbl97r0000gp/T//ccRFp2XN.s:571    .text.List_traverse:0000000000000000 List_traverse
/var/folders/lx/hc4sn_b53233_zkc9xbbl97r0000gp/T//ccRFp2XN.s:644    .text.List_DecBelowID:0000000000000000 $t
/var/folders/lx/hc4sn_b53233_zkc9xbbl97r0000gp/T//ccRFp2XN.s:651    .text.List_DecBelowID:0000000000000000 List_DecBelowID
/var/folders/lx/hc4sn_b53233_zkc9xbbl97r0000gp/T//ccRFp2XN.s:693    .text.List_Delete_Item:0000000000000000 $t
/var/folders/lx/hc4sn_b53233_zkc9xbbl97r0000gp/T//ccRFp2XN.s:700    .text.List_Delete_Item:0000000000000000 List_Delete_Item
/var/folders/lx/hc4sn_b53233_zkc9xbbl97r0000gp/T//ccRFp2XN.s:808    .text.List_PopFirst:0000000000000000 $t
/var/folders/lx/hc4sn_b53233_zkc9xbbl97r0000gp/T//ccRFp2XN.s:815    .text.List_PopFirst:0000000000000000 List_PopFirst
/var/folders/lx/hc4sn_b53233_zkc9xbbl97r0000gp/T//ccRFp2XN.s:869    .text.List_GetFront_Len:0000000000000000 $t
/var/folders/lx/hc4sn_b53233_zkc9xbbl97r0000gp/T//ccRFp2XN.s:876    .text.List_GetFront_Len:0000000000000000 List_GetFront_Len
/var/folders/lx/hc4sn_b53233_zkc9xbbl97r0000gp/T//ccRFp2XN.s:937    .text.List_GetBack_Len:0000000000000000 $t
/var/folders/lx/hc4sn_b53233_zkc9xbbl97r0000gp/T//ccRFp2XN.s:944    .text.List_GetBack_Len:0000000000000000 List_GetBack_Len
/var/folders/lx/hc4sn_b53233_zkc9xbbl97r0000gp/T//ccRFp2XN.s:1008   .text.List_GetLen:0000000000000000 $t
/var/folders/lx/hc4sn_b53233_zkc9xbbl97r0000gp/T//ccRFp2XN.s:1015   .text.List_GetLen:0000000000000000 List_GetLen

NO UNDEFINED SYMBOLS
