ARM GAS  /var/folders/lx/hc4sn_b53233_zkc9xbbl97r0000gp/T//ccv2nZAK.s 			page 1


   1              		.cpu cortex-m4
   2              		.eabi_attribute 27, 1
   3              		.eabi_attribute 28, 1
   4              		.eabi_attribute 20, 1
   5              		.eabi_attribute 21, 1
   6              		.eabi_attribute 23, 3
   7              		.eabi_attribute 24, 1
   8              		.eabi_attribute 25, 1
   9              		.eabi_attribute 26, 1
  10              		.eabi_attribute 30, 1
  11              		.eabi_attribute 34, 1
  12              		.eabi_attribute 18, 4
  13              		.file	"linked_list.c"
  14              		.text
  15              	.Ltext0:
  16              		.cfi_sections	.debug_frame
  17              		.section	.text.Item_SwapLRData,"ax",%progbits
  18              		.align	1
  19              		.arch armv7e-m
  20              		.syntax unified
  21              		.thumb
  22              		.thumb_func
  23              		.fpu fpv4-sp-d16
  25              	Item_SwapLRData:
  26              	.LVL0:
  27              	.LFB1:
  28              		.file 1 "SYS/data_structure/linked_list.c"
   1:SYS/data_structure/linked_list.c **** #include "linked_list.h"
   2:SYS/data_structure/linked_list.c **** #include <string.h>
   3:SYS/data_structure/linked_list.c **** 
   4:SYS/data_structure/linked_list.c **** void List_Init(list_obj *list, item_obj *first_item, list_arrangement_mode mode, item_compare_callb
   5:SYS/data_structure/linked_list.c **** {
   6:SYS/data_structure/linked_list.c ****     if ((first_item != NULL) && (first_item->data != NULL))
   7:SYS/data_structure/linked_list.c ****     {
   8:SYS/data_structure/linked_list.c ****         list->data = first_item->data;
   9:SYS/data_structure/linked_list.c ****         list->nxt = first_item->nxt;
  10:SYS/data_structure/linked_list.c **** 
  11:SYS/data_structure/linked_list.c ****         first_item->compare_callback = callback;
  12:SYS/data_structure/linked_list.c ****         first_item->mode = mode;
  13:SYS/data_structure/linked_list.c ****     }
  14:SYS/data_structure/linked_list.c ****     else
  15:SYS/data_structure/linked_list.c ****         list->nxt = NULL;
  16:SYS/data_structure/linked_list.c **** 
  17:SYS/data_structure/linked_list.c ****     list->mode = mode;
  18:SYS/data_structure/linked_list.c ****     list->compare_callback = callback;
  19:SYS/data_structure/linked_list.c **** 
  20:SYS/data_structure/linked_list.c ****     list->prv = NULL;
  21:SYS/data_structure/linked_list.c **** }
  22:SYS/data_structure/linked_list.c **** 
  23:SYS/data_structure/linked_list.c **** static void Item_SwapLRData(item_obj *item_L, item_obj *item_R)
  24:SYS/data_structure/linked_list.c **** {
  29              		.loc 1 24 1 view -0
  30              		.cfi_startproc
  31              		@ args = 0, pretend = 0, frame = 0
  32              		@ frame_needed = 0, uses_anonymous_args = 0
  33              		@ link register save eliminated.
  25:SYS/data_structure/linked_list.c ****     void *data_tmp;
ARM GAS  /var/folders/lx/hc4sn_b53233_zkc9xbbl97r0000gp/T//ccv2nZAK.s 			page 2


  34              		.loc 1 25 5 view .LVU1
  26:SYS/data_structure/linked_list.c **** 
  27:SYS/data_structure/linked_list.c ****     data_tmp = item_L->data;
  35              		.loc 1 27 5 view .LVU2
  36              		.loc 1 27 14 is_stmt 0 view .LVU3
  37 0000 0369     		ldr	r3, [r0, #16]
  38              	.LVL1:
  28:SYS/data_structure/linked_list.c ****     item_L->data = item_R->data;
  39              		.loc 1 28 5 is_stmt 1 view .LVU4
  40              		.loc 1 28 26 is_stmt 0 view .LVU5
  41 0002 0A69     		ldr	r2, [r1, #16]
  42              		.loc 1 28 18 view .LVU6
  43 0004 0261     		str	r2, [r0, #16]
  29:SYS/data_structure/linked_list.c ****     item_R->data = data_tmp;
  44              		.loc 1 29 5 is_stmt 1 view .LVU7
  45              		.loc 1 29 18 is_stmt 0 view .LVU8
  46 0006 0B61     		str	r3, [r1, #16]
  30:SYS/data_structure/linked_list.c **** }
  47              		.loc 1 30 1 view .LVU9
  48 0008 7047     		bx	lr
  49              		.cfi_endproc
  50              	.LFE1:
  52              		.section	.text.List_Init,"ax",%progbits
  53              		.align	1
  54              		.global	List_Init
  55              		.syntax unified
  56              		.thumb
  57              		.thumb_func
  58              		.fpu fpv4-sp-d16
  60              	List_Init:
  61              	.LVL2:
  62              	.LFB0:
   5:SYS/data_structure/linked_list.c ****     if ((first_item != NULL) && (first_item->data != NULL))
  63              		.loc 1 5 1 is_stmt 1 view -0
  64              		.cfi_startproc
  65              		@ args = 0, pretend = 0, frame = 0
  66              		@ frame_needed = 0, uses_anonymous_args = 0
  67              		@ link register save eliminated.
   6:SYS/data_structure/linked_list.c ****     {
  68              		.loc 1 6 5 view .LVU11
   6:SYS/data_structure/linked_list.c ****     {
  69              		.loc 1 6 8 is_stmt 0 view .LVU12
  70 0000 8C46     		mov	ip, r1
  71 0002 51B1     		cbz	r1, .L3
   6:SYS/data_structure/linked_list.c ****     {
  72              		.loc 1 6 44 discriminator 1 view .LVU13
  73 0004 0969     		ldr	r1, [r1, #16]
  74              	.LVL3:
   6:SYS/data_structure/linked_list.c ****     {
  75              		.loc 1 6 30 discriminator 1 view .LVU14
  76 0006 41B1     		cbz	r1, .L3
   8:SYS/data_structure/linked_list.c ****         list->nxt = first_item->nxt;
  77              		.loc 1 8 9 is_stmt 1 view .LVU15
   8:SYS/data_structure/linked_list.c ****         list->nxt = first_item->nxt;
  78              		.loc 1 8 20 is_stmt 0 view .LVU16
  79 0008 0161     		str	r1, [r0, #16]
   9:SYS/data_structure/linked_list.c **** 
ARM GAS  /var/folders/lx/hc4sn_b53233_zkc9xbbl97r0000gp/T//ccv2nZAK.s 			page 3


  80              		.loc 1 9 9 is_stmt 1 view .LVU17
   9:SYS/data_structure/linked_list.c **** 
  81              		.loc 1 9 31 is_stmt 0 view .LVU18
  82 000a DCF80C10 		ldr	r1, [ip, #12]
   9:SYS/data_structure/linked_list.c **** 
  83              		.loc 1 9 19 view .LVU19
  84 000e C160     		str	r1, [r0, #12]
  11:SYS/data_structure/linked_list.c ****         first_item->mode = mode;
  85              		.loc 1 11 9 is_stmt 1 view .LVU20
  11:SYS/data_structure/linked_list.c ****         first_item->mode = mode;
  86              		.loc 1 11 38 is_stmt 0 view .LVU21
  87 0010 CCF80430 		str	r3, [ip, #4]
  12:SYS/data_structure/linked_list.c ****     }
  88              		.loc 1 12 9 is_stmt 1 view .LVU22
  12:SYS/data_structure/linked_list.c ****     }
  89              		.loc 1 12 26 is_stmt 0 view .LVU23
  90 0014 8CF80020 		strb	r2, [ip]
  91 0018 01E0     		b	.L4
  92              	.L3:
  15:SYS/data_structure/linked_list.c **** 
  93              		.loc 1 15 9 is_stmt 1 view .LVU24
  15:SYS/data_structure/linked_list.c **** 
  94              		.loc 1 15 19 is_stmt 0 view .LVU25
  95 001a 0021     		movs	r1, #0
  96 001c C160     		str	r1, [r0, #12]
  97              	.L4:
  17:SYS/data_structure/linked_list.c ****     list->compare_callback = callback;
  98              		.loc 1 17 5 is_stmt 1 view .LVU26
  17:SYS/data_structure/linked_list.c ****     list->compare_callback = callback;
  99              		.loc 1 17 16 is_stmt 0 view .LVU27
 100 001e 0270     		strb	r2, [r0]
  18:SYS/data_structure/linked_list.c **** 
 101              		.loc 1 18 5 is_stmt 1 view .LVU28
  18:SYS/data_structure/linked_list.c **** 
 102              		.loc 1 18 28 is_stmt 0 view .LVU29
 103 0020 4360     		str	r3, [r0, #4]
  20:SYS/data_structure/linked_list.c **** }
 104              		.loc 1 20 5 is_stmt 1 view .LVU30
  20:SYS/data_structure/linked_list.c **** }
 105              		.loc 1 20 15 is_stmt 0 view .LVU31
 106 0022 0023     		movs	r3, #0
 107              	.LVL4:
  20:SYS/data_structure/linked_list.c **** }
 108              		.loc 1 20 15 view .LVU32
 109 0024 8360     		str	r3, [r0, #8]
  21:SYS/data_structure/linked_list.c **** 
 110              		.loc 1 21 1 view .LVU33
 111 0026 7047     		bx	lr
 112              		.cfi_endproc
 113              	.LFE0:
 115              		.section	.text.List_CheckAt,"ax",%progbits
 116              		.align	1
 117              		.global	List_CheckAt
 118              		.syntax unified
 119              		.thumb
 120              		.thumb_func
 121              		.fpu fpv4-sp-d16
ARM GAS  /var/folders/lx/hc4sn_b53233_zkc9xbbl97r0000gp/T//ccv2nZAK.s 			page 4


 123              	List_CheckAt:
 124              	.LVL5:
 125              	.LFB3:
  31:SYS/data_structure/linked_list.c **** 
  32:SYS/data_structure/linked_list.c **** static void List_ItemSwapLRItem(item_obj *item)
  33:SYS/data_structure/linked_list.c **** {
  34:SYS/data_structure/linked_list.c ****     item_obj *item_tmp = NULL;
  35:SYS/data_structure/linked_list.c **** 
  36:SYS/data_structure/linked_list.c ****     if (item != NULL)
  37:SYS/data_structure/linked_list.c ****     {
  38:SYS/data_structure/linked_list.c ****         item_tmp = item->prv;
  39:SYS/data_structure/linked_list.c **** 
  40:SYS/data_structure/linked_list.c ****         item->prv = item->nxt;
  41:SYS/data_structure/linked_list.c ****         item->nxt = item_tmp;
  42:SYS/data_structure/linked_list.c ****     }
  43:SYS/data_structure/linked_list.c **** }
  44:SYS/data_structure/linked_list.c **** 
  45:SYS/data_structure/linked_list.c **** //minimun check pos is 1
  46:SYS/data_structure/linked_list.c **** item_obj *List_CheckAt(list_obj *list, uint16_t layer)
  47:SYS/data_structure/linked_list.c **** {
 126              		.loc 1 47 1 is_stmt 1 view -0
 127              		.cfi_startproc
 128              		@ args = 0, pretend = 0, frame = 0
 129              		@ frame_needed = 0, uses_anonymous_args = 0
  48:SYS/data_structure/linked_list.c ****     item_obj *item_tmp = NULL;
 130              		.loc 1 48 5 view .LVU35
  49:SYS/data_structure/linked_list.c **** 
  50:SYS/data_structure/linked_list.c ****     if (layer == 1)
 131              		.loc 1 50 5 view .LVU36
 132              		.loc 1 50 8 is_stmt 0 view .LVU37
 133 0000 0129     		cmp	r1, #1
 134 0002 07D0     		beq	.L10
  51:SYS/data_structure/linked_list.c ****     {
  52:SYS/data_structure/linked_list.c ****         return list;
  53:SYS/data_structure/linked_list.c ****     }
  54:SYS/data_structure/linked_list.c **** 
  55:SYS/data_structure/linked_list.c ****     if (layer < MINIMUN_SEARCH_POS)
 135              		.loc 1 55 5 is_stmt 1 view .LVU38
 136              		.loc 1 55 8 is_stmt 0 view .LVU39
 137 0004 21B1     		cbz	r1, .L8
  47:SYS/data_structure/linked_list.c ****     item_obj *item_tmp = NULL;
 138              		.loc 1 47 1 view .LVU40
 139 0006 08B5     		push	{r3, lr}
 140              	.LCFI0:
 141              		.cfi_def_cfa_offset 8
 142              		.cfi_offset 3, -8
 143              		.cfi_offset 14, -4
  56:SYS/data_structure/linked_list.c ****     {
  57:SYS/data_structure/linked_list.c ****         return NULL;
  58:SYS/data_structure/linked_list.c ****     }
  59:SYS/data_structure/linked_list.c ****     else
  60:SYS/data_structure/linked_list.c ****     {
  61:SYS/data_structure/linked_list.c ****         item_tmp = (item_obj *)List_CheckAt(list->nxt, layer--);
 144              		.loc 1 61 9 is_stmt 1 view .LVU41
 145              	.LVL6:
 146              		.loc 1 61 20 is_stmt 0 view .LVU42
 147 0008 C068     		ldr	r0, [r0, #12]
ARM GAS  /var/folders/lx/hc4sn_b53233_zkc9xbbl97r0000gp/T//ccv2nZAK.s 			page 5


 148              	.LVL7:
 149              		.loc 1 61 20 view .LVU43
 150 000a FFF7FEFF 		bl	List_CheckAt
 151              	.LVL8:
  62:SYS/data_structure/linked_list.c ****     }
  63:SYS/data_structure/linked_list.c **** 
  64:SYS/data_structure/linked_list.c ****     return item_tmp;
 152              		.loc 1 64 5 is_stmt 1 view .LVU44
  65:SYS/data_structure/linked_list.c **** }
 153              		.loc 1 65 1 is_stmt 0 view .LVU45
 154 000e 08BD     		pop	{r3, pc}
 155              	.LVL9:
 156              	.L8:
 157              	.LCFI1:
 158              		.cfi_def_cfa_offset 0
 159              		.cfi_restore 3
 160              		.cfi_restore 14
  57:SYS/data_structure/linked_list.c ****     }
 161              		.loc 1 57 16 view .LVU46
 162 0010 0020     		movs	r0, #0
 163              	.LVL10:
  57:SYS/data_structure/linked_list.c ****     }
 164              		.loc 1 57 16 view .LVU47
 165 0012 7047     		bx	lr
 166              	.LVL11:
 167              	.L10:
 168              		.loc 1 65 1 view .LVU48
 169 0014 7047     		bx	lr
 170              		.cfi_endproc
 171              	.LFE3:
 173              		.section	.text.List_Chk_FirstItem,"ax",%progbits
 174              		.align	1
 175              		.global	List_Chk_FirstItem
 176              		.syntax unified
 177              		.thumb
 178              		.thumb_func
 179              		.fpu fpv4-sp-d16
 181              	List_Chk_FirstItem:
 182              	.LVL12:
 183              	.LFB4:
  66:SYS/data_structure/linked_list.c **** 
  67:SYS/data_structure/linked_list.c **** item_obj *List_Chk_FirstItem(list_obj *list)
  68:SYS/data_structure/linked_list.c **** {
 184              		.loc 1 68 1 is_stmt 1 view -0
 185              		.cfi_startproc
 186              		@ args = 0, pretend = 0, frame = 0
 187              		@ frame_needed = 0, uses_anonymous_args = 0
 188              		.loc 1 68 1 is_stmt 0 view .LVU50
 189 0000 08B5     		push	{r3, lr}
 190              	.LCFI2:
 191              		.cfi_def_cfa_offset 8
 192              		.cfi_offset 3, -8
 193              		.cfi_offset 14, -4
  69:SYS/data_structure/linked_list.c ****     if (list != NULL)
 194              		.loc 1 69 5 is_stmt 1 view .LVU51
 195              		.loc 1 69 8 is_stmt 0 view .LVU52
 196 0002 0346     		mov	r3, r0
ARM GAS  /var/folders/lx/hc4sn_b53233_zkc9xbbl97r0000gp/T//ccv2nZAK.s 			page 6


 197 0004 20B1     		cbz	r0, .L14
  70:SYS/data_structure/linked_list.c ****     {
  71:SYS/data_structure/linked_list.c ****         if (list->prv == NULL)
 198              		.loc 1 71 9 is_stmt 1 view .LVU53
 199              		.loc 1 71 17 is_stmt 0 view .LVU54
 200 0006 8068     		ldr	r0, [r0, #8]
 201              	.LVL13:
 202              		.loc 1 71 12 view .LVU55
 203 0008 10B1     		cbz	r0, .L14
  72:SYS/data_structure/linked_list.c ****         {
  73:SYS/data_structure/linked_list.c ****             return list;
  74:SYS/data_structure/linked_list.c ****         }
  75:SYS/data_structure/linked_list.c ****         else
  76:SYS/data_structure/linked_list.c ****             return List_Chk_FirstItem(list->prv);
 204              		.loc 1 76 13 is_stmt 1 view .LVU56
 205              		.loc 1 76 20 is_stmt 0 view .LVU57
 206 000a FFF7FEFF 		bl	List_Chk_FirstItem
 207              	.LVL14:
 208              		.loc 1 76 20 view .LVU58
 209 000e 0346     		mov	r3, r0
 210              	.L14:
  77:SYS/data_structure/linked_list.c ****     }
  78:SYS/data_structure/linked_list.c **** 
  79:SYS/data_structure/linked_list.c ****     return NULL;
  80:SYS/data_structure/linked_list.c **** }
 211              		.loc 1 80 1 view .LVU59
 212 0010 1846     		mov	r0, r3
 213 0012 08BD     		pop	{r3, pc}
 214              		.cfi_endproc
 215              	.LFE4:
 217              		.section	.text.List_Chk_LastItem,"ax",%progbits
 218              		.align	1
 219              		.global	List_Chk_LastItem
 220              		.syntax unified
 221              		.thumb
 222              		.thumb_func
 223              		.fpu fpv4-sp-d16
 225              	List_Chk_LastItem:
 226              	.LVL15:
 227              	.LFB5:
  81:SYS/data_structure/linked_list.c **** 
  82:SYS/data_structure/linked_list.c **** item_obj *List_Chk_LastItem(list_obj *list)
  83:SYS/data_structure/linked_list.c **** {
 228              		.loc 1 83 1 is_stmt 1 view -0
 229              		.cfi_startproc
 230              		@ args = 0, pretend = 0, frame = 0
 231              		@ frame_needed = 0, uses_anonymous_args = 0
 232              		.loc 1 83 1 is_stmt 0 view .LVU61
 233 0000 08B5     		push	{r3, lr}
 234              	.LCFI3:
 235              		.cfi_def_cfa_offset 8
 236              		.cfi_offset 3, -8
 237              		.cfi_offset 14, -4
  84:SYS/data_structure/linked_list.c ****     if (list != NULL)
 238              		.loc 1 84 5 is_stmt 1 view .LVU62
 239              		.loc 1 84 8 is_stmt 0 view .LVU63
 240 0002 0346     		mov	r3, r0
ARM GAS  /var/folders/lx/hc4sn_b53233_zkc9xbbl97r0000gp/T//ccv2nZAK.s 			page 7


 241 0004 20B1     		cbz	r0, .L17
  85:SYS/data_structure/linked_list.c ****     {
  86:SYS/data_structure/linked_list.c ****         if (list->nxt == NULL)
 242              		.loc 1 86 9 is_stmt 1 view .LVU64
 243              		.loc 1 86 17 is_stmt 0 view .LVU65
 244 0006 C068     		ldr	r0, [r0, #12]
 245              	.LVL16:
 246              		.loc 1 86 12 view .LVU66
 247 0008 10B1     		cbz	r0, .L17
  87:SYS/data_structure/linked_list.c ****         {
  88:SYS/data_structure/linked_list.c ****             return list;
  89:SYS/data_structure/linked_list.c ****         }
  90:SYS/data_structure/linked_list.c ****         else
  91:SYS/data_structure/linked_list.c ****             return List_Chk_LastItem(list->nxt);
 248              		.loc 1 91 13 is_stmt 1 view .LVU67
 249              		.loc 1 91 20 is_stmt 0 view .LVU68
 250 000a FFF7FEFF 		bl	List_Chk_LastItem
 251              	.LVL17:
 252              		.loc 1 91 20 view .LVU69
 253 000e 0346     		mov	r3, r0
 254              	.L17:
  92:SYS/data_structure/linked_list.c ****     }
  93:SYS/data_structure/linked_list.c **** 
  94:SYS/data_structure/linked_list.c ****     return NULL;
  95:SYS/data_structure/linked_list.c **** }
 255              		.loc 1 95 1 view .LVU70
 256 0010 1846     		mov	r0, r3
 257 0012 08BD     		pop	{r3, pc}
 258              		.cfi_endproc
 259              	.LFE5:
 261              		.section	.text.List_ItemClear,"ax",%progbits
 262              		.align	1
 263              		.global	List_ItemClear
 264              		.syntax unified
 265              		.thumb
 266              		.thumb_func
 267              		.fpu fpv4-sp-d16
 269              	List_ItemClear:
 270              	.LVL18:
 271              	.LFB6:
  96:SYS/data_structure/linked_list.c **** 
  97:SYS/data_structure/linked_list.c **** list_error_code List_ItemClear(item_obj *item)
  98:SYS/data_structure/linked_list.c **** {
 272              		.loc 1 98 1 is_stmt 1 view -0
 273              		.cfi_startproc
 274              		@ args = 0, pretend = 0, frame = 0
 275              		@ frame_needed = 0, uses_anonymous_args = 0
 276              		@ link register save eliminated.
  99:SYS/data_structure/linked_list.c ****     if (item != NULL)
 277              		.loc 1 99 5 view .LVU72
 278              		.loc 1 99 8 is_stmt 0 view .LVU73
 279 0000 0346     		mov	r3, r0
 280 0002 20B1     		cbz	r0, .L21
 100:SYS/data_structure/linked_list.c ****     {
 101:SYS/data_structure/linked_list.c ****         item->data = NULL;
 281              		.loc 1 101 9 is_stmt 1 view .LVU74
 282              		.loc 1 101 20 is_stmt 0 view .LVU75
ARM GAS  /var/folders/lx/hc4sn_b53233_zkc9xbbl97r0000gp/T//ccv2nZAK.s 			page 8


 283 0004 0020     		movs	r0, #0
 284              	.LVL19:
 285              		.loc 1 101 20 view .LVU76
 286 0006 1861     		str	r0, [r3, #16]
 102:SYS/data_structure/linked_list.c ****         item->prv = NULL;
 287              		.loc 1 102 9 is_stmt 1 view .LVU77
 288              		.loc 1 102 19 is_stmt 0 view .LVU78
 289 0008 9860     		str	r0, [r3, #8]
 103:SYS/data_structure/linked_list.c ****         item->nxt = NULL;
 290              		.loc 1 103 9 is_stmt 1 view .LVU79
 291              		.loc 1 103 19 is_stmt 0 view .LVU80
 292 000a D860     		str	r0, [r3, #12]
 104:SYS/data_structure/linked_list.c **** 
 105:SYS/data_structure/linked_list.c ****         return list_no_error;
 293              		.loc 1 105 9 is_stmt 1 view .LVU81
 294              		.loc 1 105 16 is_stmt 0 view .LVU82
 295 000c 7047     		bx	lr
 296              	.LVL20:
 297              	.L21:
 106:SYS/data_structure/linked_list.c ****     }
 107:SYS/data_structure/linked_list.c **** 
 108:SYS/data_structure/linked_list.c ****     return list_obj_error;
 298              		.loc 1 108 12 view .LVU83
 299 000e 6FF00100 		mvn	r0, #1
 300              	.LVL21:
 109:SYS/data_structure/linked_list.c **** }
 301              		.loc 1 109 1 view .LVU84
 302 0012 7047     		bx	lr
 303              		.cfi_endproc
 304              	.LFE6:
 306              		.section	.text.List_ItemInit,"ax",%progbits
 307              		.align	1
 308              		.global	List_ItemInit
 309              		.syntax unified
 310              		.thumb
 311              		.thumb_func
 312              		.fpu fpv4-sp-d16
 314              	List_ItemInit:
 315              	.LVL22:
 316              	.LFB7:
 110:SYS/data_structure/linked_list.c **** 
 111:SYS/data_structure/linked_list.c **** void List_ItemInit(item_obj *obj, void *arg)
 112:SYS/data_structure/linked_list.c **** {
 317              		.loc 1 112 1 is_stmt 1 view -0
 318              		.cfi_startproc
 319              		@ args = 0, pretend = 0, frame = 0
 320              		@ frame_needed = 0, uses_anonymous_args = 0
 321              		.loc 1 112 1 is_stmt 0 view .LVU86
 322 0000 38B5     		push	{r3, r4, r5, lr}
 323              	.LCFI4:
 324              		.cfi_def_cfa_offset 16
 325              		.cfi_offset 3, -16
 326              		.cfi_offset 4, -12
 327              		.cfi_offset 5, -8
 328              		.cfi_offset 14, -4
 329 0002 0446     		mov	r4, r0
 330 0004 0D46     		mov	r5, r1
ARM GAS  /var/folders/lx/hc4sn_b53233_zkc9xbbl97r0000gp/T//ccv2nZAK.s 			page 9


 113:SYS/data_structure/linked_list.c ****     if (List_ItemClear(obj) == list_no_error)
 331              		.loc 1 113 5 is_stmt 1 view .LVU87
 332              		.loc 1 113 9 is_stmt 0 view .LVU88
 333 0006 FFF7FEFF 		bl	List_ItemClear
 334              	.LVL23:
 335              		.loc 1 113 8 view .LVU89
 336 000a 00B9     		cbnz	r0, .L22
 114:SYS/data_structure/linked_list.c ****     {
 115:SYS/data_structure/linked_list.c ****         obj->data = arg;
 337              		.loc 1 115 9 is_stmt 1 view .LVU90
 338              		.loc 1 115 19 is_stmt 0 view .LVU91
 339 000c 2561     		str	r5, [r4, #16]
 340              	.L22:
 116:SYS/data_structure/linked_list.c ****     }
 117:SYS/data_structure/linked_list.c **** }
 341              		.loc 1 117 1 view .LVU92
 342 000e 38BD     		pop	{r3, r4, r5, pc}
 343              		.loc 1 117 1 view .LVU93
 344              		.cfi_endproc
 345              	.LFE7:
 347              		.section	.text.List_InsertToPrv,"ax",%progbits
 348              		.align	1
 349              		.global	List_InsertToPrv
 350              		.syntax unified
 351              		.thumb
 352              		.thumb_func
 353              		.fpu fpv4-sp-d16
 355              	List_InsertToPrv:
 356              	.LVL24:
 357              	.LFB8:
 118:SYS/data_structure/linked_list.c **** 
 119:SYS/data_structure/linked_list.c **** void List_InsertToPrv(list_obj *list, item_obj *item)
 120:SYS/data_structure/linked_list.c **** {
 358              		.loc 1 120 1 is_stmt 1 view -0
 359              		.cfi_startproc
 360              		@ args = 0, pretend = 0, frame = 0
 361              		@ frame_needed = 0, uses_anonymous_args = 0
 362              		.loc 1 120 1 is_stmt 0 view .LVU95
 363 0000 08B5     		push	{r3, lr}
 364              	.LCFI5:
 365              		.cfi_def_cfa_offset 8
 366              		.cfi_offset 3, -8
 367              		.cfi_offset 14, -4
 121:SYS/data_structure/linked_list.c ****     if (list->nxt != NULL)
 368              		.loc 1 121 5 is_stmt 1 view .LVU96
 369              		.loc 1 121 13 is_stmt 0 view .LVU97
 370 0002 C368     		ldr	r3, [r0, #12]
 371              		.loc 1 121 8 view .LVU98
 372 0004 1BB1     		cbz	r3, .L26
 122:SYS/data_structure/linked_list.c ****     {
 123:SYS/data_structure/linked_list.c ****         List_InsertToPrv(list->prv, item);
 373              		.loc 1 123 9 is_stmt 1 view .LVU99
 374 0006 8068     		ldr	r0, [r0, #8]
 375              	.LVL25:
 376              		.loc 1 123 9 is_stmt 0 view .LVU100
 377 0008 FFF7FEFF 		bl	List_InsertToPrv
 378              	.LVL26:
ARM GAS  /var/folders/lx/hc4sn_b53233_zkc9xbbl97r0000gp/T//ccv2nZAK.s 			page 10


 379              	.L25:
 124:SYS/data_structure/linked_list.c ****     }
 125:SYS/data_structure/linked_list.c ****     else
 126:SYS/data_structure/linked_list.c ****     {
 127:SYS/data_structure/linked_list.c ****         list->prv = item;
 128:SYS/data_structure/linked_list.c ****         item->nxt = list;
 129:SYS/data_structure/linked_list.c ****     }
 130:SYS/data_structure/linked_list.c **** }
 380              		.loc 1 130 1 view .LVU101
 381 000c 08BD     		pop	{r3, pc}
 382              	.LVL27:
 383              	.L26:
 127:SYS/data_structure/linked_list.c ****         item->nxt = list;
 384              		.loc 1 127 9 is_stmt 1 view .LVU102
 127:SYS/data_structure/linked_list.c ****         item->nxt = list;
 385              		.loc 1 127 19 is_stmt 0 view .LVU103
 386 000e 8160     		str	r1, [r0, #8]
 128:SYS/data_structure/linked_list.c ****     }
 387              		.loc 1 128 9 is_stmt 1 view .LVU104
 128:SYS/data_structure/linked_list.c ****     }
 388              		.loc 1 128 19 is_stmt 0 view .LVU105
 389 0010 C860     		str	r0, [r1, #12]
 390              		.loc 1 130 1 view .LVU106
 391 0012 FBE7     		b	.L25
 392              		.cfi_endproc
 393              	.LFE8:
 395              		.section	.text.List_InsertByOrder,"ax",%progbits
 396              		.align	1
 397              		.global	List_InsertByOrder
 398              		.syntax unified
 399              		.thumb
 400              		.thumb_func
 401              		.fpu fpv4-sp-d16
 403              	List_InsertByOrder:
 404              	.LVL28:
 405              	.LFB9:
 131:SYS/data_structure/linked_list.c **** 
 132:SYS/data_structure/linked_list.c **** void List_InsertByOrder(list_obj *list, item_obj *item)
 133:SYS/data_structure/linked_list.c **** {
 406              		.loc 1 133 1 is_stmt 1 view -0
 407              		.cfi_startproc
 408              		@ args = 0, pretend = 0, frame = 0
 409              		@ frame_needed = 0, uses_anonymous_args = 0
 410              		.loc 1 133 1 is_stmt 0 view .LVU108
 411 0000 08B5     		push	{r3, lr}
 412              	.LCFI6:
 413              		.cfi_def_cfa_offset 8
 414              		.cfi_offset 3, -8
 415              		.cfi_offset 14, -4
 416 0002 0346     		mov	r3, r0
 134:SYS/data_structure/linked_list.c ****     if (list->nxt != NULL)
 417              		.loc 1 134 5 is_stmt 1 view .LVU109
 418              		.loc 1 134 13 is_stmt 0 view .LVU110
 419 0004 C068     		ldr	r0, [r0, #12]
 420              	.LVL29:
 421              		.loc 1 134 8 view .LVU111
 422 0006 10B1     		cbz	r0, .L30
ARM GAS  /var/folders/lx/hc4sn_b53233_zkc9xbbl97r0000gp/T//ccv2nZAK.s 			page 11


 135:SYS/data_structure/linked_list.c ****     {
 136:SYS/data_structure/linked_list.c ****         List_InsertByOrder(list->nxt, item);
 423              		.loc 1 136 9 is_stmt 1 view .LVU112
 424 0008 FFF7FEFF 		bl	List_InsertByOrder
 425              	.LVL30:
 426              	.L29:
 137:SYS/data_structure/linked_list.c ****     }
 138:SYS/data_structure/linked_list.c ****     else
 139:SYS/data_structure/linked_list.c ****     {
 140:SYS/data_structure/linked_list.c ****         list->nxt = item;
 141:SYS/data_structure/linked_list.c ****         item->prv = list;
 142:SYS/data_structure/linked_list.c ****     }
 143:SYS/data_structure/linked_list.c **** }
 427              		.loc 1 143 1 is_stmt 0 view .LVU113
 428 000c 08BD     		pop	{r3, pc}
 429              	.LVL31:
 430              	.L30:
 140:SYS/data_structure/linked_list.c ****         item->prv = list;
 431              		.loc 1 140 9 is_stmt 1 view .LVU114
 140:SYS/data_structure/linked_list.c ****         item->prv = list;
 432              		.loc 1 140 19 is_stmt 0 view .LVU115
 433 000e D960     		str	r1, [r3, #12]
 141:SYS/data_structure/linked_list.c ****     }
 434              		.loc 1 141 9 is_stmt 1 view .LVU116
 141:SYS/data_structure/linked_list.c ****     }
 435              		.loc 1 141 19 is_stmt 0 view .LVU117
 436 0010 8B60     		str	r3, [r1, #8]
 437              		.loc 1 143 1 view .LVU118
 438 0012 FBE7     		b	.L29
 439              		.cfi_endproc
 440              	.LFE9:
 442              		.section	.text.List_InsertByCondition,"ax",%progbits
 443              		.align	1
 444              		.global	List_InsertByCondition
 445              		.syntax unified
 446              		.thumb
 447              		.thumb_func
 448              		.fpu fpv4-sp-d16
 450              	List_InsertByCondition:
 451              	.LVL32:
 452              	.LFB10:
 144:SYS/data_structure/linked_list.c **** 
 145:SYS/data_structure/linked_list.c **** void List_InsertByCondition(list_obj *list, item_obj *item)
 146:SYS/data_structure/linked_list.c **** {
 453              		.loc 1 146 1 is_stmt 1 view -0
 454              		.cfi_startproc
 455              		@ args = 0, pretend = 0, frame = 0
 456              		@ frame_needed = 0, uses_anonymous_args = 0
 457              		.loc 1 146 1 is_stmt 0 view .LVU120
 458 0000 38B5     		push	{r3, r4, r5, lr}
 459              	.LCFI7:
 460              		.cfi_def_cfa_offset 16
 461              		.cfi_offset 3, -16
 462              		.cfi_offset 4, -12
 463              		.cfi_offset 5, -8
 464              		.cfi_offset 14, -4
 147:SYS/data_structure/linked_list.c ****     if ((list->compare_callback != NULL) && (list->data != NULL) && (item->data != NULL))
ARM GAS  /var/folders/lx/hc4sn_b53233_zkc9xbbl97r0000gp/T//ccv2nZAK.s 			page 12


 465              		.loc 1 147 5 is_stmt 1 view .LVU121
 466              		.loc 1 147 14 is_stmt 0 view .LVU122
 467 0002 4368     		ldr	r3, [r0, #4]
 468              		.loc 1 147 8 view .LVU123
 469 0004 7BB1     		cbz	r3, .L33
 470 0006 0446     		mov	r4, r0
 471 0008 0D46     		mov	r5, r1
 472              		.loc 1 147 50 discriminator 1 view .LVU124
 473 000a 0069     		ldr	r0, [r0, #16]
 474              	.LVL33:
 475              		.loc 1 147 42 discriminator 1 view .LVU125
 476 000c 58B1     		cbz	r0, .L33
 477              		.loc 1 147 74 discriminator 2 view .LVU126
 478 000e 0969     		ldr	r1, [r1, #16]
 479              	.LVL34:
 480              		.loc 1 147 66 discriminator 2 view .LVU127
 481 0010 49B1     		cbz	r1, .L33
 482              	.LBB2:
 148:SYS/data_structure/linked_list.c ****     {
 149:SYS/data_structure/linked_list.c ****         volatile void *cmp_out = list->compare_callback(list->data, item->data);
 483              		.loc 1 149 9 is_stmt 1 view .LVU128
 484              		.loc 1 149 34 is_stmt 0 view .LVU129
 485 0012 9847     		blx	r3
 486              	.LVL35:
 150:SYS/data_structure/linked_list.c **** 
 151:SYS/data_structure/linked_list.c ****         if (cmp_out == NULL)
 487              		.loc 1 151 9 is_stmt 1 view .LVU130
 488              		.loc 1 151 12 is_stmt 0 view .LVU131
 489 0014 38B1     		cbz	r0, .L33
 152:SYS/data_structure/linked_list.c ****         {
 153:SYS/data_structure/linked_list.c ****             return;
 154:SYS/data_structure/linked_list.c ****         }
 155:SYS/data_structure/linked_list.c **** 
 156:SYS/data_structure/linked_list.c ****         if (cmp_out == item->data)
 490              		.loc 1 156 9 is_stmt 1 view .LVU132
 491              		.loc 1 156 28 is_stmt 0 view .LVU133
 492 0016 2A69     		ldr	r2, [r5, #16]
 493              		.loc 1 156 12 view .LVU134
 494 0018 8242     		cmp	r2, r0
 495 001a 05D0     		beq	.L38
 496              	.LVL36:
 497              	.L35:
 498              		.loc 1 156 12 view .LVU135
 499              	.LBE2:
 157:SYS/data_structure/linked_list.c ****         {
 158:SYS/data_structure/linked_list.c ****             Item_SwapLRData(list, item);
 159:SYS/data_structure/linked_list.c ****         }
 160:SYS/data_structure/linked_list.c ****     }
 161:SYS/data_structure/linked_list.c ****     else
 162:SYS/data_structure/linked_list.c ****         return;
 163:SYS/data_structure/linked_list.c **** 
 164:SYS/data_structure/linked_list.c ****     if (list->nxt != NULL)
 500              		.loc 1 164 5 is_stmt 1 view .LVU136
 501              		.loc 1 164 13 is_stmt 0 view .LVU137
 502 001c E068     		ldr	r0, [r4, #12]
 503              		.loc 1 164 8 view .LVU138
 504 001e 40B1     		cbz	r0, .L36
ARM GAS  /var/folders/lx/hc4sn_b53233_zkc9xbbl97r0000gp/T//ccv2nZAK.s 			page 13


 165:SYS/data_structure/linked_list.c ****     {
 166:SYS/data_structure/linked_list.c ****         List_InsertByCondition(list->nxt, item);
 505              		.loc 1 166 9 is_stmt 1 view .LVU139
 506 0020 2946     		mov	r1, r5
 507 0022 FFF7FEFF 		bl	List_InsertByCondition
 508              	.LVL37:
 509              	.L33:
 167:SYS/data_structure/linked_list.c ****     }
 168:SYS/data_structure/linked_list.c ****     else
 169:SYS/data_structure/linked_list.c ****     {
 170:SYS/data_structure/linked_list.c ****         list->nxt = item;
 171:SYS/data_structure/linked_list.c ****         item->prv = list;
 172:SYS/data_structure/linked_list.c ****         item->nxt = NULL;
 173:SYS/data_structure/linked_list.c ****     }
 174:SYS/data_structure/linked_list.c **** }
 510              		.loc 1 174 1 is_stmt 0 view .LVU140
 511 0026 38BD     		pop	{r3, r4, r5, pc}
 512              	.LVL38:
 513              	.L38:
 514              	.LBB3:
 158:SYS/data_structure/linked_list.c ****         }
 515              		.loc 1 158 13 is_stmt 1 view .LVU141
 516 0028 2946     		mov	r1, r5
 517 002a 2046     		mov	r0, r4
 518              	.LVL39:
 158:SYS/data_structure/linked_list.c ****         }
 519              		.loc 1 158 13 is_stmt 0 view .LVU142
 520 002c FFF7FEFF 		bl	Item_SwapLRData
 521              	.LVL40:
 522 0030 F4E7     		b	.L35
 523              	.L36:
 158:SYS/data_structure/linked_list.c ****         }
 524              		.loc 1 158 13 view .LVU143
 525              	.LBE3:
 170:SYS/data_structure/linked_list.c ****         item->prv = list;
 526              		.loc 1 170 9 is_stmt 1 view .LVU144
 170:SYS/data_structure/linked_list.c ****         item->prv = list;
 527              		.loc 1 170 19 is_stmt 0 view .LVU145
 528 0032 E560     		str	r5, [r4, #12]
 171:SYS/data_structure/linked_list.c ****         item->nxt = NULL;
 529              		.loc 1 171 9 is_stmt 1 view .LVU146
 171:SYS/data_structure/linked_list.c ****         item->nxt = NULL;
 530              		.loc 1 171 19 is_stmt 0 view .LVU147
 531 0034 AC60     		str	r4, [r5, #8]
 172:SYS/data_structure/linked_list.c ****     }
 532              		.loc 1 172 9 is_stmt 1 view .LVU148
 172:SYS/data_structure/linked_list.c ****     }
 533              		.loc 1 172 19 is_stmt 0 view .LVU149
 534 0036 0023     		movs	r3, #0
 535 0038 EB60     		str	r3, [r5, #12]
 536 003a F4E7     		b	.L33
 537              		.cfi_endproc
 538              	.LFE10:
 540              		.section	.text.List_Insert_Item,"ax",%progbits
 541              		.align	1
 542              		.global	List_Insert_Item
 543              		.syntax unified
ARM GAS  /var/folders/lx/hc4sn_b53233_zkc9xbbl97r0000gp/T//ccv2nZAK.s 			page 14


 544              		.thumb
 545              		.thumb_func
 546              		.fpu fpv4-sp-d16
 548              	List_Insert_Item:
 549              	.LVL41:
 550              	.LFB11:
 175:SYS/data_structure/linked_list.c **** 
 176:SYS/data_structure/linked_list.c **** void List_Insert_Item(list_obj *list, item_obj *item)
 177:SYS/data_structure/linked_list.c **** {
 551              		.loc 1 177 1 is_stmt 1 view -0
 552              		.cfi_startproc
 553              		@ args = 0, pretend = 0, frame = 0
 554              		@ frame_needed = 0, uses_anonymous_args = 0
 178:SYS/data_structure/linked_list.c ****     if ((list != NULL) && (item != NULL))
 555              		.loc 1 178 5 view .LVU151
 556              		.loc 1 178 8 is_stmt 0 view .LVU152
 557 0000 A0B1     		cbz	r0, .L44
 558              		.loc 1 178 24 discriminator 1 view .LVU153
 559 0002 99B1     		cbz	r1, .L44
 177:SYS/data_structure/linked_list.c ****     if ((list != NULL) && (item != NULL))
 560              		.loc 1 177 1 view .LVU154
 561 0004 08B5     		push	{r3, lr}
 562              	.LCFI8:
 563              		.cfi_def_cfa_offset 8
 564              		.cfi_offset 3, -8
 565              		.cfi_offset 14, -4
 179:SYS/data_structure/linked_list.c ****     {
 180:SYS/data_structure/linked_list.c ****         item->compare_callback = list->compare_callback;
 566              		.loc 1 180 9 is_stmt 1 view .LVU155
 567              		.loc 1 180 38 is_stmt 0 view .LVU156
 568 0006 4368     		ldr	r3, [r0, #4]
 569              		.loc 1 180 32 view .LVU157
 570 0008 4B60     		str	r3, [r1, #4]
 181:SYS/data_structure/linked_list.c ****         item->mode = list->mode;
 571              		.loc 1 181 9 is_stmt 1 view .LVU158
 572              		.loc 1 181 26 is_stmt 0 view .LVU159
 573 000a 0378     		ldrb	r3, [r0]	@ zero_extendqisi2
 574              		.loc 1 181 20 view .LVU160
 575 000c 0B70     		strb	r3, [r1]
 182:SYS/data_structure/linked_list.c **** 
 183:SYS/data_structure/linked_list.c ****         switch (list->mode)
 576              		.loc 1 183 9 is_stmt 1 view .LVU161
 577 000e 012B     		cmp	r3, #1
 578 0010 06D0     		beq	.L41
 579 0012 022B     		cmp	r3, #2
 580 0014 07D0     		beq	.L42
 581 0016 03B1     		cbz	r3, .L47
 582              	.LVL42:
 583              	.L39:
 184:SYS/data_structure/linked_list.c ****         {
 185:SYS/data_structure/linked_list.c ****         case to_front:
 186:SYS/data_structure/linked_list.c ****             List_InsertToPrv(list, item);
 187:SYS/data_structure/linked_list.c ****             break;
 188:SYS/data_structure/linked_list.c **** 
 189:SYS/data_structure/linked_list.c ****         case by_order:
 190:SYS/data_structure/linked_list.c ****             List_InsertByOrder(list, item);
 191:SYS/data_structure/linked_list.c ****             break;
ARM GAS  /var/folders/lx/hc4sn_b53233_zkc9xbbl97r0000gp/T//ccv2nZAK.s 			page 15


 192:SYS/data_structure/linked_list.c **** 
 193:SYS/data_structure/linked_list.c ****         case by_condition:
 194:SYS/data_structure/linked_list.c ****             List_InsertByCondition(list, item);
 195:SYS/data_structure/linked_list.c ****             break;
 196:SYS/data_structure/linked_list.c **** 
 197:SYS/data_structure/linked_list.c ****         default:
 198:SYS/data_structure/linked_list.c ****             return;
 199:SYS/data_structure/linked_list.c ****             break;
 200:SYS/data_structure/linked_list.c ****         }
 201:SYS/data_structure/linked_list.c ****     }
 202:SYS/data_structure/linked_list.c ****     else if ((list == NULL) && (item != NULL))
 203:SYS/data_structure/linked_list.c ****     {
 204:SYS/data_structure/linked_list.c ****         list = item;
 205:SYS/data_structure/linked_list.c ****     }
 206:SYS/data_structure/linked_list.c **** }
 584              		.loc 1 206 1 is_stmt 0 view .LVU162
 585 0018 08BD     		pop	{r3, pc}
 586              	.LVL43:
 587              	.L47:
 186:SYS/data_structure/linked_list.c ****             break;
 588              		.loc 1 186 13 is_stmt 1 view .LVU163
 589 001a FFF7FEFF 		bl	List_InsertToPrv
 590              	.LVL44:
 187:SYS/data_structure/linked_list.c **** 
 591              		.loc 1 187 13 view .LVU164
 592 001e FBE7     		b	.L39
 593              	.LVL45:
 594              	.L41:
 190:SYS/data_structure/linked_list.c ****             break;
 595              		.loc 1 190 13 view .LVU165
 596 0020 FFF7FEFF 		bl	List_InsertByOrder
 597              	.LVL46:
 191:SYS/data_structure/linked_list.c **** 
 598              		.loc 1 191 13 view .LVU166
 599 0024 F8E7     		b	.L39
 600              	.LVL47:
 601              	.L42:
 194:SYS/data_structure/linked_list.c ****             break;
 602              		.loc 1 194 13 view .LVU167
 603 0026 FFF7FEFF 		bl	List_InsertByCondition
 604              	.LVL48:
 195:SYS/data_structure/linked_list.c **** 
 605              		.loc 1 195 13 view .LVU168
 195:SYS/data_structure/linked_list.c **** 
 606              		.loc 1 195 13 is_stmt 0 view .LVU169
 607 002a F5E7     		b	.L39
 608              	.LVL49:
 609              	.L44:
 610              	.LCFI9:
 611              		.cfi_def_cfa_offset 0
 612              		.cfi_restore 3
 613              		.cfi_restore 14
 195:SYS/data_structure/linked_list.c **** 
 614              		.loc 1 195 13 view .LVU170
 615 002c 7047     		bx	lr
 616              		.cfi_endproc
 617              	.LFE11:
ARM GAS  /var/folders/lx/hc4sn_b53233_zkc9xbbl97r0000gp/T//ccv2nZAK.s 			page 16


 619              		.section	.text.List_traverse,"ax",%progbits
 620              		.align	1
 621              		.global	List_traverse
 622              		.syntax unified
 623              		.thumb
 624              		.thumb_func
 625              		.fpu fpv4-sp-d16
 627              	List_traverse:
 628              	.LVL50:
 629              	.LFB13:
 207:SYS/data_structure/linked_list.c **** 
 208:SYS/data_structure/linked_list.c **** list_error_code List_traverse_HaltByCondition(list_obj *list, list_traverse_callback callback, void
 209:SYS/data_structure/linked_list.c **** {
 210:SYS/data_structure/linked_list.c ****     if (list != NULL)
 211:SYS/data_structure/linked_list.c ****     {
 212:SYS/data_structure/linked_list.c ****         if ((callback != NULL) && (cb_serial == pre_callback))
 213:SYS/data_structure/linked_list.c ****         {
 214:SYS/data_structure/linked_list.c ****             if (condition == callback(list, list->data, arg))
 215:SYS/data_structure/linked_list.c ****                 return list_no_error;
 216:SYS/data_structure/linked_list.c ****         }
 217:SYS/data_structure/linked_list.c **** 
 218:SYS/data_structure/linked_list.c ****         if (list->nxt != NULL)
 219:SYS/data_structure/linked_list.c ****         {
 220:SYS/data_structure/linked_list.c ****             List_traverse(list->nxt, callback, arg, cb_serial);
 221:SYS/data_structure/linked_list.c ****         }
 222:SYS/data_structure/linked_list.c **** 
 223:SYS/data_structure/linked_list.c ****         if ((callback != NULL) && (cb_serial == sub_callback))
 224:SYS/data_structure/linked_list.c ****         {
 225:SYS/data_structure/linked_list.c ****             if (condition == callback(list, list->data, arg))
 226:SYS/data_structure/linked_list.c ****                 return list_no_error;
 227:SYS/data_structure/linked_list.c ****         }
 228:SYS/data_structure/linked_list.c ****     }
 229:SYS/data_structure/linked_list.c ****     else
 230:SYS/data_structure/linked_list.c ****         return list_obj_error;
 231:SYS/data_structure/linked_list.c **** 
 232:SYS/data_structure/linked_list.c ****     return list_no_error;
 233:SYS/data_structure/linked_list.c **** }
 234:SYS/data_structure/linked_list.c **** 
 235:SYS/data_structure/linked_list.c **** list_error_code List_traverse(list_obj *list, list_traverse_callback callback, void *arg, listtrv_c
 236:SYS/data_structure/linked_list.c **** {
 630              		.loc 1 236 1 is_stmt 1 view -0
 631              		.cfi_startproc
 632              		@ args = 0, pretend = 0, frame = 0
 633              		@ frame_needed = 0, uses_anonymous_args = 0
 237:SYS/data_structure/linked_list.c ****     if (list != NULL)
 634              		.loc 1 237 5 view .LVU172
 635              		.loc 1 237 8 is_stmt 0 view .LVU173
 636 0000 D0B1     		cbz	r0, .L52
 236:SYS/data_structure/linked_list.c ****     if (list != NULL)
 637              		.loc 1 236 1 view .LVU174
 638 0002 F8B5     		push	{r3, r4, r5, r6, r7, lr}
 639              	.LCFI10:
 640              		.cfi_def_cfa_offset 24
 641              		.cfi_offset 3, -24
 642              		.cfi_offset 4, -20
 643              		.cfi_offset 5, -16
 644              		.cfi_offset 6, -12
ARM GAS  /var/folders/lx/hc4sn_b53233_zkc9xbbl97r0000gp/T//ccv2nZAK.s 			page 17


 645              		.cfi_offset 7, -8
 646              		.cfi_offset 14, -4
 647 0004 0C46     		mov	r4, r1
 648 0006 1646     		mov	r6, r2
 649 0008 1D46     		mov	r5, r3
 650 000a 0746     		mov	r7, r0
 238:SYS/data_structure/linked_list.c ****     {
 239:SYS/data_structure/linked_list.c ****         if ((callback != NULL) && (cb_serial == pre_callback))
 651              		.loc 1 239 9 is_stmt 1 view .LVU175
 652              		.loc 1 239 12 is_stmt 0 view .LVU176
 653 000c 11B1     		cbz	r1, .L50
 654              		.loc 1 239 32 discriminator 1 view .LVU177
 655 000e 0BB9     		cbnz	r3, .L50
 240:SYS/data_structure/linked_list.c ****         {
 241:SYS/data_structure/linked_list.c ****             callback(list, list->data, arg);
 656              		.loc 1 241 13 is_stmt 1 view .LVU178
 657 0010 0169     		ldr	r1, [r0, #16]
 658              	.LVL51:
 659              		.loc 1 241 13 is_stmt 0 view .LVU179
 660 0012 A047     		blx	r4
 661              	.LVL52:
 662              	.L50:
 242:SYS/data_structure/linked_list.c ****         }
 243:SYS/data_structure/linked_list.c **** 
 244:SYS/data_structure/linked_list.c ****         if (list->nxt != NULL)
 663              		.loc 1 244 9 is_stmt 1 view .LVU180
 664              		.loc 1 244 17 is_stmt 0 view .LVU181
 665 0014 F868     		ldr	r0, [r7, #12]
 666              		.loc 1 244 12 view .LVU182
 667 0016 20B1     		cbz	r0, .L51
 245:SYS/data_structure/linked_list.c ****         {
 246:SYS/data_structure/linked_list.c ****             List_traverse(list->nxt, callback, arg, cb_serial);
 668              		.loc 1 246 13 is_stmt 1 view .LVU183
 669 0018 2B46     		mov	r3, r5
 670 001a 3246     		mov	r2, r6
 671 001c 2146     		mov	r1, r4
 672 001e FFF7FEFF 		bl	List_traverse
 673              	.LVL53:
 674              	.L51:
 247:SYS/data_structure/linked_list.c ****         }
 248:SYS/data_structure/linked_list.c **** 
 249:SYS/data_structure/linked_list.c ****         if ((callback != NULL) && (cb_serial == sub_callback))
 675              		.loc 1 249 9 view .LVU184
 676              		.loc 1 249 12 is_stmt 0 view .LVU185
 677 0022 64B1     		cbz	r4, .L53
 678              		.loc 1 249 32 discriminator 1 view .LVU186
 679 0024 012D     		cmp	r5, #1
 680 0026 01D0     		beq	.L59
 250:SYS/data_structure/linked_list.c ****         {
 251:SYS/data_structure/linked_list.c ****             callback(list, list->data, arg);
 252:SYS/data_structure/linked_list.c ****         }
 253:SYS/data_structure/linked_list.c ****     }
 254:SYS/data_structure/linked_list.c ****     else
 255:SYS/data_structure/linked_list.c ****         return list_obj_error;
 256:SYS/data_structure/linked_list.c **** 
 257:SYS/data_structure/linked_list.c ****     return list_no_error;
 681              		.loc 1 257 12 view .LVU187
ARM GAS  /var/folders/lx/hc4sn_b53233_zkc9xbbl97r0000gp/T//ccv2nZAK.s 			page 18


 682 0028 0020     		movs	r0, #0
 683              	.L49:
 258:SYS/data_structure/linked_list.c **** }
 684              		.loc 1 258 1 view .LVU188
 685 002a F8BD     		pop	{r3, r4, r5, r6, r7, pc}
 686              	.LVL54:
 687              	.L59:
 251:SYS/data_structure/linked_list.c ****         }
 688              		.loc 1 251 13 is_stmt 1 view .LVU189
 689 002c 3246     		mov	r2, r6
 690 002e 3969     		ldr	r1, [r7, #16]
 691 0030 3846     		mov	r0, r7
 692 0032 A047     		blx	r4
 693              	.LVL55:
 257:SYS/data_structure/linked_list.c **** }
 694              		.loc 1 257 12 is_stmt 0 view .LVU190
 695 0034 0020     		movs	r0, #0
 696 0036 F8E7     		b	.L49
 697              	.LVL56:
 698              	.L52:
 699              	.LCFI11:
 700              		.cfi_def_cfa_offset 0
 701              		.cfi_restore 3
 702              		.cfi_restore 4
 703              		.cfi_restore 5
 704              		.cfi_restore 6
 705              		.cfi_restore 7
 706              		.cfi_restore 14
 255:SYS/data_structure/linked_list.c **** 
 707              		.loc 1 255 16 view .LVU191
 708 0038 6FF00100 		mvn	r0, #1
 709              	.LVL57:
 710              		.loc 1 258 1 view .LVU192
 711 003c 7047     		bx	lr
 712              	.LVL58:
 713              	.L53:
 714              	.LCFI12:
 715              		.cfi_def_cfa_offset 24
 716              		.cfi_offset 3, -24
 717              		.cfi_offset 4, -20
 718              		.cfi_offset 5, -16
 719              		.cfi_offset 6, -12
 720              		.cfi_offset 7, -8
 721              		.cfi_offset 14, -4
 257:SYS/data_structure/linked_list.c **** }
 722              		.loc 1 257 12 view .LVU193
 723 003e 0020     		movs	r0, #0
 724 0040 F3E7     		b	.L49
 725              		.cfi_endproc
 726              	.LFE13:
 728              		.section	.text.List_traverse_HaltByCondition,"ax",%progbits
 729              		.align	1
 730              		.global	List_traverse_HaltByCondition
 731              		.syntax unified
 732              		.thumb
 733              		.thumb_func
 734              		.fpu fpv4-sp-d16
ARM GAS  /var/folders/lx/hc4sn_b53233_zkc9xbbl97r0000gp/T//ccv2nZAK.s 			page 19


 736              	List_traverse_HaltByCondition:
 737              	.LVL59:
 738              	.LFB12:
 209:SYS/data_structure/linked_list.c ****     if (list != NULL)
 739              		.loc 1 209 1 is_stmt 1 view -0
 740              		.cfi_startproc
 741              		@ args = 4, pretend = 0, frame = 0
 742              		@ frame_needed = 0, uses_anonymous_args = 0
 210:SYS/data_structure/linked_list.c ****     {
 743              		.loc 1 210 5 view .LVU195
 210:SYS/data_structure/linked_list.c ****     {
 744              		.loc 1 210 8 is_stmt 0 view .LVU196
 745 0000 E8B1     		cbz	r0, .L64
 209:SYS/data_structure/linked_list.c ****     if (list != NULL)
 746              		.loc 1 209 1 view .LVU197
 747 0002 F8B5     		push	{r3, r4, r5, r6, r7, lr}
 748              	.LCFI13:
 749              		.cfi_def_cfa_offset 24
 750              		.cfi_offset 3, -24
 751              		.cfi_offset 4, -20
 752              		.cfi_offset 5, -16
 753              		.cfi_offset 6, -12
 754              		.cfi_offset 7, -8
 755              		.cfi_offset 14, -4
 756 0004 0C46     		mov	r4, r1
 757 0006 1646     		mov	r6, r2
 758 0008 1D46     		mov	r5, r3
 759 000a 0746     		mov	r7, r0
 212:SYS/data_structure/linked_list.c ****         {
 760              		.loc 1 212 9 is_stmt 1 view .LVU198
 212:SYS/data_structure/linked_list.c ****         {
 761              		.loc 1 212 12 is_stmt 0 view .LVU199
 762 000c 29B1     		cbz	r1, .L62
 212:SYS/data_structure/linked_list.c ****         {
 763              		.loc 1 212 32 discriminator 1 view .LVU200
 764 000e 23B9     		cbnz	r3, .L62
 214:SYS/data_structure/linked_list.c ****                 return list_no_error;
 765              		.loc 1 214 13 is_stmt 1 view .LVU201
 214:SYS/data_structure/linked_list.c ****                 return list_no_error;
 766              		.loc 1 214 30 is_stmt 0 view .LVU202
 767 0010 0169     		ldr	r1, [r0, #16]
 768              	.LVL60:
 214:SYS/data_structure/linked_list.c ****                 return list_no_error;
 769              		.loc 1 214 30 view .LVU203
 770 0012 A047     		blx	r4
 771              	.LVL61:
 214:SYS/data_structure/linked_list.c ****                 return list_no_error;
 772              		.loc 1 214 16 view .LVU204
 773 0014 069B     		ldr	r3, [sp, #24]
 774 0016 9842     		cmp	r0, r3
 775 0018 14D0     		beq	.L65
 776              	.L62:
 218:SYS/data_structure/linked_list.c ****         {
 777              		.loc 1 218 9 is_stmt 1 view .LVU205
 218:SYS/data_structure/linked_list.c ****         {
 778              		.loc 1 218 17 is_stmt 0 view .LVU206
 779 001a F868     		ldr	r0, [r7, #12]
ARM GAS  /var/folders/lx/hc4sn_b53233_zkc9xbbl97r0000gp/T//ccv2nZAK.s 			page 20


 218:SYS/data_structure/linked_list.c ****         {
 780              		.loc 1 218 12 view .LVU207
 781 001c 20B1     		cbz	r0, .L63
 220:SYS/data_structure/linked_list.c ****         }
 782              		.loc 1 220 13 is_stmt 1 view .LVU208
 783 001e 2B46     		mov	r3, r5
 784 0020 3246     		mov	r2, r6
 785 0022 2146     		mov	r1, r4
 786 0024 FFF7FEFF 		bl	List_traverse
 787              	.LVL62:
 788              	.L63:
 223:SYS/data_structure/linked_list.c ****         {
 789              		.loc 1 223 9 view .LVU209
 223:SYS/data_structure/linked_list.c ****         {
 790              		.loc 1 223 12 is_stmt 0 view .LVU210
 791 0028 74B1     		cbz	r4, .L66
 223:SYS/data_structure/linked_list.c ****         {
 792              		.loc 1 223 32 discriminator 1 view .LVU211
 793 002a 012D     		cmp	r5, #1
 794 002c 01D0     		beq	.L72
 232:SYS/data_structure/linked_list.c **** }
 795              		.loc 1 232 12 view .LVU212
 796 002e 0020     		movs	r0, #0
 797              	.L61:
 233:SYS/data_structure/linked_list.c **** 
 798              		.loc 1 233 1 view .LVU213
 799 0030 F8BD     		pop	{r3, r4, r5, r6, r7, pc}
 800              	.LVL63:
 801              	.L72:
 225:SYS/data_structure/linked_list.c ****                 return list_no_error;
 802              		.loc 1 225 13 is_stmt 1 view .LVU214
 225:SYS/data_structure/linked_list.c ****                 return list_no_error;
 803              		.loc 1 225 30 is_stmt 0 view .LVU215
 804 0032 3246     		mov	r2, r6
 805 0034 3969     		ldr	r1, [r7, #16]
 806 0036 3846     		mov	r0, r7
 807 0038 A047     		blx	r4
 808              	.LVL64:
 232:SYS/data_structure/linked_list.c **** }
 809              		.loc 1 232 12 view .LVU216
 810 003a 0020     		movs	r0, #0
 811 003c F8E7     		b	.L61
 812              	.LVL65:
 813              	.L64:
 814              	.LCFI14:
 815              		.cfi_def_cfa_offset 0
 816              		.cfi_restore 3
 817              		.cfi_restore 4
 818              		.cfi_restore 5
 819              		.cfi_restore 6
 820              		.cfi_restore 7
 821              		.cfi_restore 14
 230:SYS/data_structure/linked_list.c **** 
 822              		.loc 1 230 16 view .LVU217
 823 003e 6FF00100 		mvn	r0, #1
 824              	.LVL66:
 233:SYS/data_structure/linked_list.c **** 
ARM GAS  /var/folders/lx/hc4sn_b53233_zkc9xbbl97r0000gp/T//ccv2nZAK.s 			page 21


 825              		.loc 1 233 1 view .LVU218
 826 0042 7047     		bx	lr
 827              	.LVL67:
 828              	.L65:
 829              	.LCFI15:
 830              		.cfi_def_cfa_offset 24
 831              		.cfi_offset 3, -24
 832              		.cfi_offset 4, -20
 833              		.cfi_offset 5, -16
 834              		.cfi_offset 6, -12
 835              		.cfi_offset 7, -8
 836              		.cfi_offset 14, -4
 215:SYS/data_structure/linked_list.c ****         }
 837              		.loc 1 215 24 view .LVU219
 838 0044 0020     		movs	r0, #0
 839 0046 F3E7     		b	.L61
 840              	.L66:
 232:SYS/data_structure/linked_list.c **** }
 841              		.loc 1 232 12 view .LVU220
 842 0048 0020     		movs	r0, #0
 843 004a F1E7     		b	.L61
 844              		.cfi_endproc
 845              	.LFE12:
 847              		.section	.text.List_DecBelowID,"ax",%progbits
 848              		.align	1
 849              		.global	List_DecBelowID
 850              		.syntax unified
 851              		.thumb
 852              		.thumb_func
 853              		.fpu fpv4-sp-d16
 855              	List_DecBelowID:
 856              	.LVL68:
 857              	.LFB14:
 259:SYS/data_structure/linked_list.c **** 
 260:SYS/data_structure/linked_list.c **** list_error_code List_DecBelowID(item_obj *obj)
 261:SYS/data_structure/linked_list.c **** {
 858              		.loc 1 261 1 is_stmt 1 view -0
 859              		.cfi_startproc
 860              		@ args = 0, pretend = 0, frame = 0
 861              		@ frame_needed = 0, uses_anonymous_args = 0
 262:SYS/data_structure/linked_list.c ****     if (obj != NULL)
 862              		.loc 1 262 5 view .LVU222
 863              		.loc 1 262 8 is_stmt 0 view .LVU223
 864 0000 28B1     		cbz	r0, .L75
 261:SYS/data_structure/linked_list.c ****     if (obj != NULL)
 865              		.loc 1 261 1 view .LVU224
 866 0002 08B5     		push	{r3, lr}
 867              	.LCFI16:
 868              		.cfi_def_cfa_offset 8
 869              		.cfi_offset 3, -8
 870              		.cfi_offset 14, -4
 263:SYS/data_structure/linked_list.c ****     {
 264:SYS/data_structure/linked_list.c ****         List_DecBelowID(obj->nxt);
 871              		.loc 1 264 9 is_stmt 1 view .LVU225
 872 0004 C068     		ldr	r0, [r0, #12]
 873              	.LVL69:
 874              		.loc 1 264 9 is_stmt 0 view .LVU226
ARM GAS  /var/folders/lx/hc4sn_b53233_zkc9xbbl97r0000gp/T//ccv2nZAK.s 			page 22


 875 0006 FFF7FEFF 		bl	List_DecBelowID
 876              	.LVL70:
 265:SYS/data_structure/linked_list.c **** 
 266:SYS/data_structure/linked_list.c ****         return item_no_error;
 877              		.loc 1 266 9 is_stmt 1 view .LVU227
 878              		.loc 1 266 16 is_stmt 0 view .LVU228
 879 000a 0020     		movs	r0, #0
 267:SYS/data_structure/linked_list.c ****     }
 268:SYS/data_structure/linked_list.c **** 
 269:SYS/data_structure/linked_list.c ****     return item_obj_error;
 270:SYS/data_structure/linked_list.c **** }
 880              		.loc 1 270 1 view .LVU229
 881 000c 08BD     		pop	{r3, pc}
 882              	.LVL71:
 883              	.L75:
 884              	.LCFI17:
 885              		.cfi_def_cfa_offset 0
 886              		.cfi_restore 3
 887              		.cfi_restore 14
 269:SYS/data_structure/linked_list.c **** }
 888              		.loc 1 269 12 view .LVU230
 889 000e 4FF0FF30 		mov	r0, #-1
 890              	.LVL72:
 891              		.loc 1 270 1 view .LVU231
 892 0012 7047     		bx	lr
 893              		.cfi_endproc
 894              	.LFE14:
 896              		.section	.text.List_Delete_Item,"ax",%progbits
 897              		.align	1
 898              		.global	List_Delete_Item
 899              		.syntax unified
 900              		.thumb
 901              		.thumb_func
 902              		.fpu fpv4-sp-d16
 904              	List_Delete_Item:
 905              	.LVL73:
 906              	.LFB15:
 271:SYS/data_structure/linked_list.c **** 
 272:SYS/data_structure/linked_list.c **** list_error_code List_Delete_Item(item_obj *item, item_datareset_callback callback)
 273:SYS/data_structure/linked_list.c **** {
 907              		.loc 1 273 1 is_stmt 1 view -0
 908              		.cfi_startproc
 909              		@ args = 0, pretend = 0, frame = 0
 910              		@ frame_needed = 0, uses_anonymous_args = 0
 274:SYS/data_structure/linked_list.c ****     if (item != NULL)
 911              		.loc 1 274 5 view .LVU233
 912              		.loc 1 274 8 is_stmt 0 view .LVU234
 913 0000 F0B1     		cbz	r0, .L86
 273:SYS/data_structure/linked_list.c ****     if (item != NULL)
 914              		.loc 1 273 1 view .LVU235
 915 0002 08B5     		push	{r3, lr}
 916              	.LCFI18:
 917              		.cfi_def_cfa_offset 8
 918              		.cfi_offset 3, -8
 919              		.cfi_offset 14, -4
 920 0004 0346     		mov	r3, r0
 275:SYS/data_structure/linked_list.c ****     {
ARM GAS  /var/folders/lx/hc4sn_b53233_zkc9xbbl97r0000gp/T//ccv2nZAK.s 			page 23


 276:SYS/data_structure/linked_list.c ****         if ((item->prv != NULL) && (item->nxt != NULL))
 921              		.loc 1 276 9 is_stmt 1 view .LVU236
 922              		.loc 1 276 18 is_stmt 0 view .LVU237
 923 0006 8268     		ldr	r2, [r0, #8]
 924              		.loc 1 276 12 view .LVU238
 925 0008 62B1     		cbz	r2, .L82
 926              		.loc 1 276 41 discriminator 1 view .LVU239
 927 000a C068     		ldr	r0, [r0, #12]
 928              	.LVL74:
 929              		.loc 1 276 33 discriminator 1 view .LVU240
 930 000c 50B1     		cbz	r0, .L82
 277:SYS/data_structure/linked_list.c ****         {
 278:SYS/data_structure/linked_list.c ****             item->prv->nxt = item->nxt;
 931              		.loc 1 278 13 is_stmt 1 view .LVU241
 932              		.loc 1 278 28 is_stmt 0 view .LVU242
 933 000e D060     		str	r0, [r2, #12]
 279:SYS/data_structure/linked_list.c ****             item->nxt->prv = item->prv;
 934              		.loc 1 279 13 is_stmt 1 view .LVU243
 935              		.loc 1 279 34 is_stmt 0 view .LVU244
 936 0010 9A68     		ldr	r2, [r3, #8]
 937              		.loc 1 279 28 view .LVU245
 938 0012 8260     		str	r2, [r0, #8]
 280:SYS/data_structure/linked_list.c ****             item->prv = NULL;
 939              		.loc 1 280 13 is_stmt 1 view .LVU246
 940              		.loc 1 280 23 is_stmt 0 view .LVU247
 941 0014 0022     		movs	r2, #0
 942 0016 9A60     		str	r2, [r3, #8]
 281:SYS/data_structure/linked_list.c ****             item->nxt = NULL;
 943              		.loc 1 281 13 is_stmt 1 view .LVU248
 944              		.loc 1 281 23 is_stmt 0 view .LVU249
 945 0018 DA60     		str	r2, [r3, #12]
 946              	.LVL75:
 947              	.L83:
 282:SYS/data_structure/linked_list.c ****         }
 283:SYS/data_structure/linked_list.c ****         else if ((item->prv != NULL) && (item->nxt == NULL))
 284:SYS/data_structure/linked_list.c ****         {
 285:SYS/data_structure/linked_list.c ****             item->prv->nxt = NULL;
 286:SYS/data_structure/linked_list.c ****             item->prv = NULL;
 287:SYS/data_structure/linked_list.c ****             item->nxt = NULL;
 288:SYS/data_structure/linked_list.c ****         }
 289:SYS/data_structure/linked_list.c ****         else if ((item->prv == NULL) && (item->nxt != NULL))
 290:SYS/data_structure/linked_list.c ****         {
 291:SYS/data_structure/linked_list.c ****             item = item->nxt;
 292:SYS/data_structure/linked_list.c ****         }
 293:SYS/data_structure/linked_list.c **** 
 294:SYS/data_structure/linked_list.c ****         if (callback != NULL)
 948              		.loc 1 294 9 is_stmt 1 view .LVU250
 949              		.loc 1 294 12 is_stmt 0 view .LVU251
 950 001a 09B1     		cbz	r1, .L85
 295:SYS/data_structure/linked_list.c ****         {
 296:SYS/data_structure/linked_list.c ****             callback(item->data);
 951              		.loc 1 296 13 is_stmt 1 view .LVU252
 952 001c 1869     		ldr	r0, [r3, #16]
 953 001e 8847     		blx	r1
 954              	.LVL76:
 955              	.L85:
 297:SYS/data_structure/linked_list.c ****         }
ARM GAS  /var/folders/lx/hc4sn_b53233_zkc9xbbl97r0000gp/T//ccv2nZAK.s 			page 24


 298:SYS/data_structure/linked_list.c **** 
 299:SYS/data_structure/linked_list.c ****         return list_no_error;
 956              		.loc 1 299 9 view .LVU253
 957              		.loc 1 299 16 is_stmt 0 view .LVU254
 958 0020 0020     		movs	r0, #0
 300:SYS/data_structure/linked_list.c ****     }
 301:SYS/data_structure/linked_list.c **** 
 302:SYS/data_structure/linked_list.c ****     return list_obj_error;
 303:SYS/data_structure/linked_list.c **** }
 959              		.loc 1 303 1 view .LVU255
 960 0022 08BD     		pop	{r3, pc}
 961              	.LVL77:
 962              	.L82:
 283:SYS/data_structure/linked_list.c ****         {
 963              		.loc 1 283 14 is_stmt 1 view .LVU256
 283:SYS/data_structure/linked_list.c ****         {
 964              		.loc 1 283 17 is_stmt 0 view .LVU257
 965 0024 0AB1     		cbz	r2, .L84
 283:SYS/data_structure/linked_list.c ****         {
 966              		.loc 1 283 46 discriminator 1 view .LVU258
 967 0026 D868     		ldr	r0, [r3, #12]
 283:SYS/data_structure/linked_list.c ****         {
 968              		.loc 1 283 38 discriminator 1 view .LVU259
 969 0028 30B1     		cbz	r0, .L92
 970              	.L84:
 289:SYS/data_structure/linked_list.c ****         {
 971              		.loc 1 289 14 is_stmt 1 view .LVU260
 289:SYS/data_structure/linked_list.c ****         {
 972              		.loc 1 289 17 is_stmt 0 view .LVU261
 973 002a 002A     		cmp	r2, #0
 974 002c F5D1     		bne	.L83
 289:SYS/data_structure/linked_list.c ****         {
 975              		.loc 1 289 46 discriminator 1 view .LVU262
 976 002e DA68     		ldr	r2, [r3, #12]
 289:SYS/data_structure/linked_list.c ****         {
 977              		.loc 1 289 38 discriminator 1 view .LVU263
 978 0030 002A     		cmp	r2, #0
 979 0032 F2D0     		beq	.L83
 291:SYS/data_structure/linked_list.c ****         }
 980              		.loc 1 291 18 view .LVU264
 981 0034 1346     		mov	r3, r2
 982              	.LVL78:
 291:SYS/data_structure/linked_list.c ****         }
 983              		.loc 1 291 18 view .LVU265
 984 0036 F0E7     		b	.L83
 985              	.LVL79:
 986              	.L92:
 285:SYS/data_structure/linked_list.c ****             item->prv = NULL;
 987              		.loc 1 285 13 is_stmt 1 view .LVU266
 285:SYS/data_structure/linked_list.c ****             item->prv = NULL;
 988              		.loc 1 285 28 is_stmt 0 view .LVU267
 989 0038 D060     		str	r0, [r2, #12]
 286:SYS/data_structure/linked_list.c ****             item->nxt = NULL;
 990              		.loc 1 286 13 is_stmt 1 view .LVU268
 286:SYS/data_structure/linked_list.c ****             item->nxt = NULL;
 991              		.loc 1 286 23 is_stmt 0 view .LVU269
 992 003a 9860     		str	r0, [r3, #8]
ARM GAS  /var/folders/lx/hc4sn_b53233_zkc9xbbl97r0000gp/T//ccv2nZAK.s 			page 25


 287:SYS/data_structure/linked_list.c ****         }
 993              		.loc 1 287 13 is_stmt 1 view .LVU270
 287:SYS/data_structure/linked_list.c ****         }
 994              		.loc 1 287 23 is_stmt 0 view .LVU271
 995 003c D860     		str	r0, [r3, #12]
 996 003e ECE7     		b	.L83
 997              	.LVL80:
 998              	.L86:
 999              	.LCFI19:
 1000              		.cfi_def_cfa_offset 0
 1001              		.cfi_restore 3
 1002              		.cfi_restore 14
 302:SYS/data_structure/linked_list.c **** }
 1003              		.loc 1 302 12 view .LVU272
 1004 0040 6FF00100 		mvn	r0, #1
 1005              	.LVL81:
 1006              		.loc 1 303 1 view .LVU273
 1007 0044 7047     		bx	lr
 1008              		.cfi_endproc
 1009              	.LFE15:
 1011              		.section	.text.List_PopFirst,"ax",%progbits
 1012              		.align	1
 1013              		.global	List_PopFirst
 1014              		.syntax unified
 1015              		.thumb
 1016              		.thumb_func
 1017              		.fpu fpv4-sp-d16
 1019              	List_PopFirst:
 1020              	.LVL82:
 1021              	.LFB16:
 304:SYS/data_structure/linked_list.c **** 
 305:SYS/data_structure/linked_list.c **** item_obj *List_PopFirst(list_obj *list)
 306:SYS/data_structure/linked_list.c **** {
 1022              		.loc 1 306 1 is_stmt 1 view -0
 1023              		.cfi_startproc
 1024              		@ args = 0, pretend = 0, frame = 0
 1025              		@ frame_needed = 0, uses_anonymous_args = 0
 1026              		.loc 1 306 1 is_stmt 0 view .LVU275
 1027 0000 08B5     		push	{r3, lr}
 1028              	.LCFI20:
 1029              		.cfi_def_cfa_offset 8
 1030              		.cfi_offset 3, -8
 1031              		.cfi_offset 14, -4
 307:SYS/data_structure/linked_list.c ****     item_obj *item_tmp = NULL;
 1032              		.loc 1 307 5 is_stmt 1 view .LVU276
 1033              	.LVL83:
 308:SYS/data_structure/linked_list.c **** 
 309:SYS/data_structure/linked_list.c ****     if (list != NULL)
 1034              		.loc 1 309 5 view .LVU277
 1035              		.loc 1 309 8 is_stmt 0 view .LVU278
 1036 0002 0346     		mov	r3, r0
 1037 0004 28B1     		cbz	r0, .L93
 310:SYS/data_structure/linked_list.c ****     {
 311:SYS/data_structure/linked_list.c ****         if (list->prv != NULL)
 1038              		.loc 1 311 9 is_stmt 1 view .LVU279
 1039              		.loc 1 311 17 is_stmt 0 view .LVU280
 1040 0006 8068     		ldr	r0, [r0, #8]
ARM GAS  /var/folders/lx/hc4sn_b53233_zkc9xbbl97r0000gp/T//ccv2nZAK.s 			page 26


 1041              	.LVL84:
 1042              		.loc 1 311 12 view .LVU281
 1043 0008 20B9     		cbnz	r0, .L98
 312:SYS/data_structure/linked_list.c ****         {
 313:SYS/data_structure/linked_list.c ****             List_PopFirst(list->prv);
 314:SYS/data_structure/linked_list.c ****         }
 315:SYS/data_structure/linked_list.c ****         else
 316:SYS/data_structure/linked_list.c ****         {
 317:SYS/data_structure/linked_list.c ****             item_tmp = list;
 1044              		.loc 1 317 13 is_stmt 1 view .LVU282
 1045              	.LVL85:
 318:SYS/data_structure/linked_list.c ****             item_tmp->nxt = NULL;
 1046              		.loc 1 318 13 view .LVU283
 1047              		.loc 1 318 27 is_stmt 0 view .LVU284
 1048 000a 0022     		movs	r2, #0
 1049 000c DA60     		str	r2, [r3, #12]
 319:SYS/data_structure/linked_list.c **** 
 320:SYS/data_structure/linked_list.c ****             list = list->nxt;
 1050              		.loc 1 320 13 is_stmt 1 view .LVU285
 1051              	.LVL86:
 321:SYS/data_structure/linked_list.c ****             list->prv = NULL;
 1052              		.loc 1 321 13 view .LVU286
 1053              		.loc 1 321 23 is_stmt 0 view .LVU287
 1054 000e 9260     		str	r2, [r2, #8]
 317:SYS/data_structure/linked_list.c ****             item_tmp->nxt = NULL;
 1055              		.loc 1 317 22 view .LVU288
 1056 0010 1846     		mov	r0, r3
 1057              	.LVL87:
 1058              	.L93:
 322:SYS/data_structure/linked_list.c ****         }
 323:SYS/data_structure/linked_list.c ****     }
 324:SYS/data_structure/linked_list.c **** 
 325:SYS/data_structure/linked_list.c ****     return item_tmp;
 326:SYS/data_structure/linked_list.c **** }
 1059              		.loc 1 326 1 view .LVU289
 1060 0012 08BD     		pop	{r3, pc}
 1061              	.LVL88:
 1062              	.L98:
 313:SYS/data_structure/linked_list.c ****         }
 1063              		.loc 1 313 13 is_stmt 1 view .LVU290
 1064 0014 FFF7FEFF 		bl	List_PopFirst
 1065              	.LVL89:
 307:SYS/data_structure/linked_list.c **** 
 1066              		.loc 1 307 15 is_stmt 0 view .LVU291
 1067 0018 0020     		movs	r0, #0
 1068 001a FAE7     		b	.L93
 1069              		.cfi_endproc
 1070              	.LFE16:
 1072              		.section	.text.List_GetFront_Len,"ax",%progbits
 1073              		.align	1
 1074              		.global	List_GetFront_Len
 1075              		.syntax unified
 1076              		.thumb
 1077              		.thumb_func
 1078              		.fpu fpv4-sp-d16
 1080              	List_GetFront_Len:
 1081              	.LVL90:
ARM GAS  /var/folders/lx/hc4sn_b53233_zkc9xbbl97r0000gp/T//ccv2nZAK.s 			page 27


 1082              	.LFB17:
 327:SYS/data_structure/linked_list.c **** 
 328:SYS/data_structure/linked_list.c **** int16_t List_GetFront_Len(item_obj *list)
 329:SYS/data_structure/linked_list.c **** {
 1083              		.loc 1 329 1 is_stmt 1 view -0
 1084              		.cfi_startproc
 1085              		@ args = 0, pretend = 0, frame = 0
 1086              		@ frame_needed = 0, uses_anonymous_args = 0
 330:SYS/data_structure/linked_list.c ****     int16_t fnt_len = 0;
 1087              		.loc 1 330 5 view .LVU293
 331:SYS/data_structure/linked_list.c **** 
 332:SYS/data_structure/linked_list.c ****     if (list != NULL)
 1088              		.loc 1 332 5 view .LVU294
 1089              		.loc 1 332 8 is_stmt 0 view .LVU295
 1090 0000 38B1     		cbz	r0, .L101
 329:SYS/data_structure/linked_list.c ****     int16_t fnt_len = 0;
 1091              		.loc 1 329 1 view .LVU296
 1092 0002 08B5     		push	{r3, lr}
 1093              	.LCFI21:
 1094              		.cfi_def_cfa_offset 8
 1095              		.cfi_offset 3, -8
 1096              		.cfi_offset 14, -4
 333:SYS/data_structure/linked_list.c ****     {
 334:SYS/data_structure/linked_list.c ****         if (list->prv == NULL)
 1097              		.loc 1 334 9 is_stmt 1 view .LVU297
 1098              		.loc 1 334 17 is_stmt 0 view .LVU298
 1099 0004 8068     		ldr	r0, [r0, #8]
 1100              	.LVL91:
 1101              		.loc 1 334 12 view .LVU299
 1102 0006 38B1     		cbz	r0, .L102
 335:SYS/data_structure/linked_list.c ****         {
 336:SYS/data_structure/linked_list.c ****             return 0;
 337:SYS/data_structure/linked_list.c ****         }
 338:SYS/data_structure/linked_list.c ****         else
 339:SYS/data_structure/linked_list.c ****         {
 340:SYS/data_structure/linked_list.c ****             fnt_len = List_GetFront_Len(list->prv);
 1103              		.loc 1 340 13 is_stmt 1 view .LVU300
 1104              		.loc 1 340 23 is_stmt 0 view .LVU301
 1105 0008 FFF7FEFF 		bl	List_GetFront_Len
 1106              	.LVL92:
 341:SYS/data_structure/linked_list.c ****             fnt_len++;
 1107              		.loc 1 341 13 is_stmt 1 view .LVU302
 1108              		.loc 1 341 20 is_stmt 0 view .LVU303
 1109 000c 0130     		adds	r0, r0, #1
 1110              	.LVL93:
 1111              		.loc 1 341 20 view .LVU304
 1112 000e 00B2     		sxth	r0, r0
 1113              	.LVL94:
 342:SYS/data_structure/linked_list.c ****         }
 343:SYS/data_structure/linked_list.c ****     }
 344:SYS/data_structure/linked_list.c ****     else
 345:SYS/data_structure/linked_list.c ****         return list_obj_error;
 346:SYS/data_structure/linked_list.c **** 
 347:SYS/data_structure/linked_list.c ****     return fnt_len;
 1114              		.loc 1 347 5 is_stmt 1 view .LVU305
 1115              	.L100:
 348:SYS/data_structure/linked_list.c **** }
ARM GAS  /var/folders/lx/hc4sn_b53233_zkc9xbbl97r0000gp/T//ccv2nZAK.s 			page 28


 1116              		.loc 1 348 1 is_stmt 0 view .LVU306
 1117 0010 08BD     		pop	{r3, pc}
 1118              	.LVL95:
 1119              	.L101:
 1120              	.LCFI22:
 1121              		.cfi_def_cfa_offset 0
 1122              		.cfi_restore 3
 1123              		.cfi_restore 14
 345:SYS/data_structure/linked_list.c **** 
 1124              		.loc 1 345 16 view .LVU307
 1125 0012 6FF00100 		mvn	r0, #1
 1126              	.LVL96:
 1127              		.loc 1 348 1 view .LVU308
 1128 0016 7047     		bx	lr
 1129              	.L102:
 1130              	.LCFI23:
 1131              		.cfi_def_cfa_offset 8
 1132              		.cfi_offset 3, -8
 1133              		.cfi_offset 14, -4
 336:SYS/data_structure/linked_list.c ****         }
 1134              		.loc 1 336 20 view .LVU309
 1135 0018 0020     		movs	r0, #0
 1136 001a F9E7     		b	.L100
 1137              		.cfi_endproc
 1138              	.LFE17:
 1140              		.section	.text.List_GetBack_Len,"ax",%progbits
 1141              		.align	1
 1142              		.global	List_GetBack_Len
 1143              		.syntax unified
 1144              		.thumb
 1145              		.thumb_func
 1146              		.fpu fpv4-sp-d16
 1148              	List_GetBack_Len:
 1149              	.LVL97:
 1150              	.LFB18:
 349:SYS/data_structure/linked_list.c **** 
 350:SYS/data_structure/linked_list.c **** int16_t List_GetBack_Len(item_obj *list)
 351:SYS/data_structure/linked_list.c **** {
 1151              		.loc 1 351 1 is_stmt 1 view -0
 1152              		.cfi_startproc
 1153              		@ args = 0, pretend = 0, frame = 0
 1154              		@ frame_needed = 0, uses_anonymous_args = 0
 352:SYS/data_structure/linked_list.c ****     uint16_t bck_len = 0;
 1155              		.loc 1 352 5 view .LVU311
 353:SYS/data_structure/linked_list.c **** 
 354:SYS/data_structure/linked_list.c ****     if (list != NULL)
 1156              		.loc 1 354 5 view .LVU312
 1157              		.loc 1 354 8 is_stmt 0 view .LVU313
 1158 0000 40B1     		cbz	r0, .L109
 351:SYS/data_structure/linked_list.c ****     uint16_t bck_len = 0;
 1159              		.loc 1 351 1 view .LVU314
 1160 0002 08B5     		push	{r3, lr}
 1161              	.LCFI24:
 1162              		.cfi_def_cfa_offset 8
 1163              		.cfi_offset 3, -8
 1164              		.cfi_offset 14, -4
 355:SYS/data_structure/linked_list.c ****     {
ARM GAS  /var/folders/lx/hc4sn_b53233_zkc9xbbl97r0000gp/T//ccv2nZAK.s 			page 29


 356:SYS/data_structure/linked_list.c ****         if (list->nxt == NULL)
 1165              		.loc 1 356 9 is_stmt 1 view .LVU315
 1166              		.loc 1 356 17 is_stmt 0 view .LVU316
 1167 0004 C068     		ldr	r0, [r0, #12]
 1168              	.LVL98:
 1169              		.loc 1 356 12 view .LVU317
 1170 0006 40B1     		cbz	r0, .L110
 357:SYS/data_structure/linked_list.c ****         {
 358:SYS/data_structure/linked_list.c ****             return 0;
 359:SYS/data_structure/linked_list.c ****         }
 360:SYS/data_structure/linked_list.c ****         else
 361:SYS/data_structure/linked_list.c ****         {
 362:SYS/data_structure/linked_list.c ****             bck_len = List_GetBack_Len(list->nxt);
 1171              		.loc 1 362 13 is_stmt 1 view .LVU318
 1172              		.loc 1 362 23 is_stmt 0 view .LVU319
 1173 0008 FFF7FEFF 		bl	List_GetBack_Len
 1174              	.LVL99:
 1175              		.loc 1 362 21 view .LVU320
 1176 000c 80B2     		uxth	r0, r0
 1177              	.LVL100:
 363:SYS/data_structure/linked_list.c ****             bck_len++;
 1178              		.loc 1 363 13 is_stmt 1 view .LVU321
 1179              		.loc 1 363 20 is_stmt 0 view .LVU322
 1180 000e 0130     		adds	r0, r0, #1
 1181              	.LVL101:
 364:SYS/data_structure/linked_list.c ****         }
 365:SYS/data_structure/linked_list.c ****     }
 366:SYS/data_structure/linked_list.c ****     else
 367:SYS/data_structure/linked_list.c ****         return list_obj_error;
 368:SYS/data_structure/linked_list.c **** 
 369:SYS/data_structure/linked_list.c ****     return bck_len;
 1182              		.loc 1 369 5 is_stmt 1 view .LVU323
 1183              		.loc 1 369 12 is_stmt 0 view .LVU324
 1184 0010 00B2     		sxth	r0, r0
 1185              	.LVL102:
 1186              	.L108:
 370:SYS/data_structure/linked_list.c **** }
 1187              		.loc 1 370 1 view .LVU325
 1188 0012 08BD     		pop	{r3, pc}
 1189              	.LVL103:
 1190              	.L109:
 1191              	.LCFI25:
 1192              		.cfi_def_cfa_offset 0
 1193              		.cfi_restore 3
 1194              		.cfi_restore 14
 367:SYS/data_structure/linked_list.c **** 
 1195              		.loc 1 367 16 view .LVU326
 1196 0014 6FF00100 		mvn	r0, #1
 1197              	.LVL104:
 1198              		.loc 1 370 1 view .LVU327
 1199 0018 7047     		bx	lr
 1200              	.L110:
 1201              	.LCFI26:
 1202              		.cfi_def_cfa_offset 8
 1203              		.cfi_offset 3, -8
 1204              		.cfi_offset 14, -4
 358:SYS/data_structure/linked_list.c ****         }
ARM GAS  /var/folders/lx/hc4sn_b53233_zkc9xbbl97r0000gp/T//ccv2nZAK.s 			page 30


 1205              		.loc 1 358 20 view .LVU328
 1206 001a 0020     		movs	r0, #0
 1207 001c F9E7     		b	.L108
 1208              		.cfi_endproc
 1209              	.LFE18:
 1211              		.section	.text.List_GetLen,"ax",%progbits
 1212              		.align	1
 1213              		.global	List_GetLen
 1214              		.syntax unified
 1215              		.thumb
 1216              		.thumb_func
 1217              		.fpu fpv4-sp-d16
 1219              	List_GetLen:
 1220              	.LVL105:
 1221              	.LFB19:
 371:SYS/data_structure/linked_list.c **** 
 372:SYS/data_structure/linked_list.c **** int16_t List_GetLen(list_obj *list)
 373:SYS/data_structure/linked_list.c **** {
 1222              		.loc 1 373 1 is_stmt 1 view -0
 1223              		.cfi_startproc
 1224              		@ args = 0, pretend = 0, frame = 0
 1225              		@ frame_needed = 0, uses_anonymous_args = 0
 374:SYS/data_structure/linked_list.c ****     uint16_t len = 0;
 1226              		.loc 1 374 5 view .LVU330
 375:SYS/data_structure/linked_list.c **** 
 376:SYS/data_structure/linked_list.c ****     if (list != NULL)
 1227              		.loc 1 376 5 view .LVU331
 1228              		.loc 1 376 8 is_stmt 0 view .LVU332
 1229 0000 58B1     		cbz	r0, .L117
 373:SYS/data_structure/linked_list.c ****     uint16_t len = 0;
 1230              		.loc 1 373 1 view .LVU333
 1231 0002 38B5     		push	{r3, r4, r5, lr}
 1232              	.LCFI27:
 1233              		.cfi_def_cfa_offset 16
 1234              		.cfi_offset 3, -16
 1235              		.cfi_offset 4, -12
 1236              		.cfi_offset 5, -8
 1237              		.cfi_offset 14, -4
 1238 0004 0546     		mov	r5, r0
 377:SYS/data_structure/linked_list.c ****     {
 378:SYS/data_structure/linked_list.c ****         len = List_GetFront_Len(list);
 1239              		.loc 1 378 9 is_stmt 1 view .LVU334
 1240              		.loc 1 378 15 is_stmt 0 view .LVU335
 1241 0006 FFF7FEFF 		bl	List_GetFront_Len
 1242              	.LVL106:
 1243              		.loc 1 378 13 view .LVU336
 1244 000a 84B2     		uxth	r4, r0
 1245              	.LVL107:
 379:SYS/data_structure/linked_list.c ****         len += List_GetBack_Len(list);
 1246              		.loc 1 379 9 is_stmt 1 view .LVU337
 1247              		.loc 1 379 16 is_stmt 0 view .LVU338
 1248 000c 2846     		mov	r0, r5
 1249 000e FFF7FEFF 		bl	List_GetBack_Len
 1250              	.LVL108:
 1251              		.loc 1 379 13 view .LVU339
 1252 0012 14FA80F0 		uxtah	r0, r4, r0
 1253              	.LVL109:
ARM GAS  /var/folders/lx/hc4sn_b53233_zkc9xbbl97r0000gp/T//ccv2nZAK.s 			page 31


 380:SYS/data_structure/linked_list.c ****     }
 381:SYS/data_structure/linked_list.c ****     else
 382:SYS/data_structure/linked_list.c ****         return list_obj_error;
 383:SYS/data_structure/linked_list.c **** 
 384:SYS/data_structure/linked_list.c ****     return len;
 1254              		.loc 1 384 5 is_stmt 1 view .LVU340
 1255              		.loc 1 384 12 is_stmt 0 view .LVU341
 1256 0016 00B2     		sxth	r0, r0
 385:SYS/data_structure/linked_list.c **** }
 1257              		.loc 1 385 1 view .LVU342
 1258 0018 38BD     		pop	{r3, r4, r5, pc}
 1259              	.LVL110:
 1260              	.L117:
 1261              	.LCFI28:
 1262              		.cfi_def_cfa_offset 0
 1263              		.cfi_restore 3
 1264              		.cfi_restore 4
 1265              		.cfi_restore 5
 1266              		.cfi_restore 14
 382:SYS/data_structure/linked_list.c **** 
 1267              		.loc 1 382 16 view .LVU343
 1268 001a 6FF00100 		mvn	r0, #1
 1269              	.LVL111:
 1270              		.loc 1 385 1 view .LVU344
 1271 001e 7047     		bx	lr
 1272              		.cfi_endproc
 1273              	.LFE19:
 1275              		.text
 1276              	.Letext0:
 1277              		.file 2 "/usr/local/arm-none-eabi-gcc/gcc-arm-none-eabi-10-2020-q4-major/arm-none-eabi/include/mac
 1278              		.file 3 "/usr/local/arm-none-eabi-gcc/gcc-arm-none-eabi-10-2020-q4-major/arm-none-eabi/include/sys
 1279              		.file 4 "SYS/data_structure/linked_list.h"
ARM GAS  /var/folders/lx/hc4sn_b53233_zkc9xbbl97r0000gp/T//ccv2nZAK.s 			page 32


DEFINED SYMBOLS
                            *ABS*:0000000000000000 linked_list.c
/var/folders/lx/hc4sn_b53233_zkc9xbbl97r0000gp/T//ccv2nZAK.s:18     .text.Item_SwapLRData:0000000000000000 $t
/var/folders/lx/hc4sn_b53233_zkc9xbbl97r0000gp/T//ccv2nZAK.s:25     .text.Item_SwapLRData:0000000000000000 Item_SwapLRData
/var/folders/lx/hc4sn_b53233_zkc9xbbl97r0000gp/T//ccv2nZAK.s:53     .text.List_Init:0000000000000000 $t
/var/folders/lx/hc4sn_b53233_zkc9xbbl97r0000gp/T//ccv2nZAK.s:60     .text.List_Init:0000000000000000 List_Init
/var/folders/lx/hc4sn_b53233_zkc9xbbl97r0000gp/T//ccv2nZAK.s:116    .text.List_CheckAt:0000000000000000 $t
/var/folders/lx/hc4sn_b53233_zkc9xbbl97r0000gp/T//ccv2nZAK.s:123    .text.List_CheckAt:0000000000000000 List_CheckAt
/var/folders/lx/hc4sn_b53233_zkc9xbbl97r0000gp/T//ccv2nZAK.s:174    .text.List_Chk_FirstItem:0000000000000000 $t
/var/folders/lx/hc4sn_b53233_zkc9xbbl97r0000gp/T//ccv2nZAK.s:181    .text.List_Chk_FirstItem:0000000000000000 List_Chk_FirstItem
/var/folders/lx/hc4sn_b53233_zkc9xbbl97r0000gp/T//ccv2nZAK.s:218    .text.List_Chk_LastItem:0000000000000000 $t
/var/folders/lx/hc4sn_b53233_zkc9xbbl97r0000gp/T//ccv2nZAK.s:225    .text.List_Chk_LastItem:0000000000000000 List_Chk_LastItem
/var/folders/lx/hc4sn_b53233_zkc9xbbl97r0000gp/T//ccv2nZAK.s:262    .text.List_ItemClear:0000000000000000 $t
/var/folders/lx/hc4sn_b53233_zkc9xbbl97r0000gp/T//ccv2nZAK.s:269    .text.List_ItemClear:0000000000000000 List_ItemClear
/var/folders/lx/hc4sn_b53233_zkc9xbbl97r0000gp/T//ccv2nZAK.s:307    .text.List_ItemInit:0000000000000000 $t
/var/folders/lx/hc4sn_b53233_zkc9xbbl97r0000gp/T//ccv2nZAK.s:314    .text.List_ItemInit:0000000000000000 List_ItemInit
/var/folders/lx/hc4sn_b53233_zkc9xbbl97r0000gp/T//ccv2nZAK.s:348    .text.List_InsertToPrv:0000000000000000 $t
/var/folders/lx/hc4sn_b53233_zkc9xbbl97r0000gp/T//ccv2nZAK.s:355    .text.List_InsertToPrv:0000000000000000 List_InsertToPrv
/var/folders/lx/hc4sn_b53233_zkc9xbbl97r0000gp/T//ccv2nZAK.s:396    .text.List_InsertByOrder:0000000000000000 $t
/var/folders/lx/hc4sn_b53233_zkc9xbbl97r0000gp/T//ccv2nZAK.s:403    .text.List_InsertByOrder:0000000000000000 List_InsertByOrder
/var/folders/lx/hc4sn_b53233_zkc9xbbl97r0000gp/T//ccv2nZAK.s:443    .text.List_InsertByCondition:0000000000000000 $t
/var/folders/lx/hc4sn_b53233_zkc9xbbl97r0000gp/T//ccv2nZAK.s:450    .text.List_InsertByCondition:0000000000000000 List_InsertByCondition
/var/folders/lx/hc4sn_b53233_zkc9xbbl97r0000gp/T//ccv2nZAK.s:541    .text.List_Insert_Item:0000000000000000 $t
/var/folders/lx/hc4sn_b53233_zkc9xbbl97r0000gp/T//ccv2nZAK.s:548    .text.List_Insert_Item:0000000000000000 List_Insert_Item
/var/folders/lx/hc4sn_b53233_zkc9xbbl97r0000gp/T//ccv2nZAK.s:620    .text.List_traverse:0000000000000000 $t
/var/folders/lx/hc4sn_b53233_zkc9xbbl97r0000gp/T//ccv2nZAK.s:627    .text.List_traverse:0000000000000000 List_traverse
/var/folders/lx/hc4sn_b53233_zkc9xbbl97r0000gp/T//ccv2nZAK.s:729    .text.List_traverse_HaltByCondition:0000000000000000 $t
/var/folders/lx/hc4sn_b53233_zkc9xbbl97r0000gp/T//ccv2nZAK.s:736    .text.List_traverse_HaltByCondition:0000000000000000 List_traverse_HaltByCondition
/var/folders/lx/hc4sn_b53233_zkc9xbbl97r0000gp/T//ccv2nZAK.s:848    .text.List_DecBelowID:0000000000000000 $t
/var/folders/lx/hc4sn_b53233_zkc9xbbl97r0000gp/T//ccv2nZAK.s:855    .text.List_DecBelowID:0000000000000000 List_DecBelowID
/var/folders/lx/hc4sn_b53233_zkc9xbbl97r0000gp/T//ccv2nZAK.s:897    .text.List_Delete_Item:0000000000000000 $t
/var/folders/lx/hc4sn_b53233_zkc9xbbl97r0000gp/T//ccv2nZAK.s:904    .text.List_Delete_Item:0000000000000000 List_Delete_Item
/var/folders/lx/hc4sn_b53233_zkc9xbbl97r0000gp/T//ccv2nZAK.s:1012   .text.List_PopFirst:0000000000000000 $t
/var/folders/lx/hc4sn_b53233_zkc9xbbl97r0000gp/T//ccv2nZAK.s:1019   .text.List_PopFirst:0000000000000000 List_PopFirst
/var/folders/lx/hc4sn_b53233_zkc9xbbl97r0000gp/T//ccv2nZAK.s:1073   .text.List_GetFront_Len:0000000000000000 $t
/var/folders/lx/hc4sn_b53233_zkc9xbbl97r0000gp/T//ccv2nZAK.s:1080   .text.List_GetFront_Len:0000000000000000 List_GetFront_Len
/var/folders/lx/hc4sn_b53233_zkc9xbbl97r0000gp/T//ccv2nZAK.s:1141   .text.List_GetBack_Len:0000000000000000 $t
/var/folders/lx/hc4sn_b53233_zkc9xbbl97r0000gp/T//ccv2nZAK.s:1148   .text.List_GetBack_Len:0000000000000000 List_GetBack_Len
/var/folders/lx/hc4sn_b53233_zkc9xbbl97r0000gp/T//ccv2nZAK.s:1212   .text.List_GetLen:0000000000000000 $t
/var/folders/lx/hc4sn_b53233_zkc9xbbl97r0000gp/T//ccv2nZAK.s:1219   .text.List_GetLen:0000000000000000 List_GetLen

NO UNDEFINED SYMBOLS
