ARM GAS  /var/folders/lx/hc4sn_b53233_zkc9xbbl97r0000gp/T//ccooxqZs.s 			page 1


   1              		.cpu cortex-m4
   2              		.eabi_attribute 27, 1
   3              		.eabi_attribute 28, 1
   4              		.eabi_attribute 20, 1
   5              		.eabi_attribute 21, 1
   6              		.eabi_attribute 23, 3
   7              		.eabi_attribute 24, 1
   8              		.eabi_attribute 25, 1
   9              		.eabi_attribute 26, 1
  10              		.eabi_attribute 30, 1
  11              		.eabi_attribute 34, 1
  12              		.eabi_attribute 18, 4
  13              		.file	"oled1306.c"
  14              		.text
  15              	.Ltext0:
  16              		.cfi_sections	.debug_frame
  17              		.section	.text.Oled_TransmitByte,"ax",%progbits
  18              		.align	1
  19              		.arch armv7e-m
  20              		.syntax unified
  21              		.thumb
  22              		.thumb_func
  23              		.fpu fpv4-sp-d16
  25              	Oled_TransmitByte:
  26              	.LVL0:
  27              	.LFB123:
  28              		.file 1 "Dsp/screen/device/oled1306.c"
   1:Dsp/screen/device/oled1306.c **** #include "oled1306.h"
   2:Dsp/screen/device/oled1306.c **** #include "delay.h"
   3:Dsp/screen/device/oled1306.c **** 
   4:Dsp/screen/device/oled1306.c **** static Pixel_Block_TypeDef blackboard[OLED_MAX_WIDTH][COLUMN_SIZE];
   5:Dsp/screen/device/oled1306.c **** 
   6:Dsp/screen/device/oled1306.c **** /* const static variable */
   7:Dsp/screen/device/oled1306.c **** const uint8_t OledEnable_CMD[2] = {0X14, 0XAF};
   8:Dsp/screen/device/oled1306.c **** const uint8_t OledDisable_CMD[2] = {0X10, 0XAE};
   9:Dsp/screen/device/oled1306.c **** 
  10:Dsp/screen/device/oled1306.c **** /* external funtion for app or midware */
  11:Dsp/screen/device/oled1306.c **** static void Oled_EnableControl(Oled_Obj_TypeDef *Oled_Obj, Oled_Enable_State_List state);
  12:Dsp/screen/device/oled1306.c **** static bool Oled_Init(Oled_Obj_TypeDef *Oled_Obj);
  13:Dsp/screen/device/oled1306.c **** static void Oled_Clear(Oled_Obj_TypeDef *Oled_Obj);
  14:Dsp/screen/device/oled1306.c **** static bool Oled_MapUpdate(Oled_Obj_TypeDef *Oled_Obj, uint8_t **map);
  15:Dsp/screen/device/oled1306.c **** static uint8_t Oled_GetMax_Width(void);
  16:Dsp/screen/device/oled1306.c **** static uint8_t Oled_GetMax_Height(void);
  17:Dsp/screen/device/oled1306.c **** static bool Oled_Refresh(Oled_Obj_TypeDef *Oled_Obj, uint8_t **val);
  18:Dsp/screen/device/oled1306.c **** 
  19:Dsp/screen/device/oled1306.c **** /* internal function */
  20:Dsp/screen/device/oled1306.c **** static void Oled_TransmitByte(Oled_Obj_TypeDef *Oled_Obj, uint8_t data, Oled_Write_Type type);
  21:Dsp/screen/device/oled1306.c **** 
  22:Dsp/screen/device/oled1306.c **** Oled_GenProcFunc_TypeDef DrvOled = {
  23:Dsp/screen/device/oled1306.c **** 	.init = Oled_Init,
  24:Dsp/screen/device/oled1306.c **** 	.enable_set = Oled_EnableControl,
  25:Dsp/screen/device/oled1306.c **** 	.fresh = Oled_Refresh,
  26:Dsp/screen/device/oled1306.c **** 	.clear = Oled_Clear,
  27:Dsp/screen/device/oled1306.c **** 	.get_max_height = Oled_GetMax_Height,
  28:Dsp/screen/device/oled1306.c **** 	.get_max_width = Oled_GetMax_Width,
  29:Dsp/screen/device/oled1306.c **** };
  30:Dsp/screen/device/oled1306.c **** 
ARM GAS  /var/folders/lx/hc4sn_b53233_zkc9xbbl97r0000gp/T//ccooxqZs.s 			page 2


  31:Dsp/screen/device/oled1306.c **** /* device Bsp IO SPI_Bus correspond control Function */
  32:Dsp/screen/device/oled1306.c **** static void Oled_TransmitByte(Oled_Obj_TypeDef *Oled_Obj, uint8_t data, Oled_Write_Type type)
  33:Dsp/screen/device/oled1306.c **** {
  29              		.loc 1 33 1 view -0
  30              		.cfi_startproc
  31              		@ args = 0, pretend = 0, frame = 0
  32              		@ frame_needed = 0, uses_anonymous_args = 0
  33              		.loc 1 33 1 is_stmt 0 view .LVU1
  34 0000 38B5     		push	{r3, r4, r5, lr}
  35              	.LCFI0:
  36              		.cfi_def_cfa_offset 16
  37              		.cfi_offset 3, -16
  38              		.cfi_offset 4, -12
  39              		.cfi_offset 5, -8
  40              		.cfi_offset 14, -4
  41 0002 0446     		mov	r4, r0
  42 0004 0D46     		mov	r5, r1
  34:Dsp/screen/device/oled1306.c **** 	if (type == Oled_Write_CMD)
  43              		.loc 1 34 2 is_stmt 1 view .LVU2
  44              		.loc 1 34 5 is_stmt 0 view .LVU3
  45 0006 4AB9     		cbnz	r2, .L2
  35:Dsp/screen/device/oled1306.c **** 	{
  36:Dsp/screen/device/oled1306.c **** 		Oled_Obj->rs_ctl(Oled_RS_Disable);
  46              		.loc 1 36 3 is_stmt 1 view .LVU4
  47              		.loc 1 36 11 is_stmt 0 view .LVU5
  48 0008 C368     		ldr	r3, [r0, #12]
  49              		.loc 1 36 3 view .LVU6
  50 000a 0120     		movs	r0, #1
  51              	.LVL1:
  52              		.loc 1 36 3 view .LVU7
  53 000c 9847     		blx	r3
  54              	.LVL2:
  55              	.L3:
  37:Dsp/screen/device/oled1306.c **** 	}
  38:Dsp/screen/device/oled1306.c **** 	else
  39:Dsp/screen/device/oled1306.c **** 		Oled_Obj->rs_ctl(Oled_RS_Enable);
  40:Dsp/screen/device/oled1306.c **** 
  41:Dsp/screen/device/oled1306.c **** 	Oled_Obj->bus_transmit(data);
  56              		.loc 1 41 2 is_stmt 1 view .LVU8
  57              		.loc 1 41 10 is_stmt 0 view .LVU9
  58 000e A369     		ldr	r3, [r4, #24]
  59              		.loc 1 41 2 view .LVU10
  60 0010 2846     		mov	r0, r5
  61 0012 9847     		blx	r3
  62              	.LVL3:
  42:Dsp/screen/device/oled1306.c **** 
  43:Dsp/screen/device/oled1306.c **** 	Oled_Obj->rs_ctl(Oled_RS_Disable);
  63              		.loc 1 43 2 is_stmt 1 view .LVU11
  64              		.loc 1 43 10 is_stmt 0 view .LVU12
  65 0014 E368     		ldr	r3, [r4, #12]
  66              		.loc 1 43 2 view .LVU13
  67 0016 0120     		movs	r0, #1
  68 0018 9847     		blx	r3
  69              	.LVL4:
  44:Dsp/screen/device/oled1306.c **** }
  70              		.loc 1 44 1 view .LVU14
  71 001a 38BD     		pop	{r3, r4, r5, pc}
ARM GAS  /var/folders/lx/hc4sn_b53233_zkc9xbbl97r0000gp/T//ccooxqZs.s 			page 3


  72              	.LVL5:
  73              	.L2:
  39:Dsp/screen/device/oled1306.c **** 
  74              		.loc 1 39 3 is_stmt 1 view .LVU15
  39:Dsp/screen/device/oled1306.c **** 
  75              		.loc 1 39 11 is_stmt 0 view .LVU16
  76 001c C368     		ldr	r3, [r0, #12]
  39:Dsp/screen/device/oled1306.c **** 
  77              		.loc 1 39 3 view .LVU17
  78 001e 0020     		movs	r0, #0
  79              	.LVL6:
  39:Dsp/screen/device/oled1306.c **** 
  80              		.loc 1 39 3 view .LVU18
  81 0020 9847     		blx	r3
  82              	.LVL7:
  39:Dsp/screen/device/oled1306.c **** 
  83              		.loc 1 39 3 view .LVU19
  84 0022 F4E7     		b	.L3
  85              		.cfi_endproc
  86              	.LFE123:
  88              		.section	.text.Oled_EnableControl,"ax",%progbits
  89              		.align	1
  90              		.syntax unified
  91              		.thumb
  92              		.thumb_func
  93              		.fpu fpv4-sp-d16
  95              	Oled_EnableControl:
  96              	.LVL8:
  97              	.LFB124:
  45:Dsp/screen/device/oled1306.c **** 
  46:Dsp/screen/device/oled1306.c **** static void Oled_EnableControl(Oled_Obj_TypeDef *Oled_Obj, Oled_Enable_State_List state)
  47:Dsp/screen/device/oled1306.c **** {
  98              		.loc 1 47 1 is_stmt 1 view -0
  99              		.cfi_startproc
 100              		@ args = 0, pretend = 0, frame = 0
 101              		@ frame_needed = 0, uses_anonymous_args = 0
 102              		.loc 1 47 1 is_stmt 0 view .LVU21
 103 0000 38B5     		push	{r3, r4, r5, lr}
 104              	.LCFI1:
 105              		.cfi_def_cfa_offset 16
 106              		.cfi_offset 3, -16
 107              		.cfi_offset 4, -12
 108              		.cfi_offset 5, -8
 109              		.cfi_offset 14, -4
 110 0002 0546     		mov	r5, r0
  48:Dsp/screen/device/oled1306.c **** 	uint8_t *Enb_CMD_Buff;
 111              		.loc 1 48 2 is_stmt 1 view .LVU22
  49:Dsp/screen/device/oled1306.c **** 	Oled_TransmitByte(Oled_Obj, 0X8D, Oled_Write_CMD);
 112              		.loc 1 49 2 view .LVU23
 113 0004 0022     		movs	r2, #0
 114 0006 8D21     		movs	r1, #141
 115              	.LVL9:
 116              		.loc 1 49 2 is_stmt 0 view .LVU24
 117 0008 FFF7FEFF 		bl	Oled_TransmitByte
 118              	.LVL10:
  50:Dsp/screen/device/oled1306.c **** 
  51:Dsp/screen/device/oled1306.c **** 	if (state == Oled_Display_Enable)
ARM GAS  /var/folders/lx/hc4sn_b53233_zkc9xbbl97r0000gp/T//ccooxqZs.s 			page 4


 119              		.loc 1 51 2 is_stmt 1 view .LVU25
 120              	.LBB2:
  52:Dsp/screen/device/oled1306.c **** 	{
  53:Dsp/screen/device/oled1306.c **** 		Enb_CMD_Buff = (uint8_t *)OledEnable_CMD;
  54:Dsp/screen/device/oled1306.c **** 	}
  55:Dsp/screen/device/oled1306.c **** 	else
  56:Dsp/screen/device/oled1306.c **** 		Enb_CMD_Buff = (uint8_t *)OledDisable_CMD;
  57:Dsp/screen/device/oled1306.c **** 
  58:Dsp/screen/device/oled1306.c **** 	for (uint8_t i = 0; i < sizeof(OledEnable_CMD); i++)
 121              		.loc 1 58 15 is_stmt 0 view .LVU26
 122 000c 0024     		movs	r4, #0
 123              	.LBE2:
 124 000e 07E0     		b	.L6
 125              	.LVL11:
 126              	.L7:
 127              	.LBB3:
  59:Dsp/screen/device/oled1306.c **** 	{
  60:Dsp/screen/device/oled1306.c **** 		Oled_TransmitByte(Oled_Obj, OledEnable_CMD[i], Oled_Write_CMD);
 128              		.loc 1 60 3 is_stmt 1 discriminator 3 view .LVU27
 129 0010 0022     		movs	r2, #0
 130 0012 054B     		ldr	r3, .L9
 131 0014 195D     		ldrb	r1, [r3, r4]	@ zero_extendqisi2
 132 0016 2846     		mov	r0, r5
 133 0018 FFF7FEFF 		bl	Oled_TransmitByte
 134              	.LVL12:
  58:Dsp/screen/device/oled1306.c **** 	{
 135              		.loc 1 58 50 discriminator 3 view .LVU28
  58:Dsp/screen/device/oled1306.c **** 	{
 136              		.loc 1 58 51 is_stmt 0 discriminator 3 view .LVU29
 137 001c 0134     		adds	r4, r4, #1
 138              	.LVL13:
  58:Dsp/screen/device/oled1306.c **** 	{
 139              		.loc 1 58 51 discriminator 3 view .LVU30
 140 001e E4B2     		uxtb	r4, r4
 141              	.LVL14:
 142              	.L6:
  58:Dsp/screen/device/oled1306.c **** 	{
 143              		.loc 1 58 22 is_stmt 1 discriminator 1 view .LVU31
  58:Dsp/screen/device/oled1306.c **** 	{
 144              		.loc 1 58 2 is_stmt 0 discriminator 1 view .LVU32
 145 0020 012C     		cmp	r4, #1
 146 0022 F5D9     		bls	.L7
 147              	.LBE3:
  61:Dsp/screen/device/oled1306.c **** 	}
  62:Dsp/screen/device/oled1306.c **** }
 148              		.loc 1 62 1 view .LVU33
 149 0024 38BD     		pop	{r3, r4, r5, pc}
 150              	.LVL15:
 151              	.L10:
 152              		.loc 1 62 1 view .LVU34
 153 0026 00BF     		.align	2
 154              	.L9:
 155 0028 00000000 		.word	.LANCHOR0
 156              		.cfi_endproc
 157              	.LFE124:
 159              		.section	.text.Oled_Clear,"ax",%progbits
 160              		.align	1
ARM GAS  /var/folders/lx/hc4sn_b53233_zkc9xbbl97r0000gp/T//ccooxqZs.s 			page 5


 161              		.syntax unified
 162              		.thumb
 163              		.thumb_func
 164              		.fpu fpv4-sp-d16
 166              	Oled_Clear:
 167              	.LVL16:
 168              	.LFB127:
  63:Dsp/screen/device/oled1306.c **** 
  64:Dsp/screen/device/oled1306.c **** static bool Oled_Init(Oled_Obj_TypeDef *Oled_Obj)
  65:Dsp/screen/device/oled1306.c **** {
  66:Dsp/screen/device/oled1306.c **** 	Oled_Obj->bus_init(Oled_Obj->BusID);
  67:Dsp/screen/device/oled1306.c **** 	Oled_Obj->dc_init();
  68:Dsp/screen/device/oled1306.c **** 	Oled_Obj->rs_init();
  69:Dsp/screen/device/oled1306.c **** 
  70:Dsp/screen/device/oled1306.c **** 	Oled_Obj->rs_ctl(Oled_RS_Disable);
  71:Dsp/screen/device/oled1306.c **** 	delay_ms(100);
  72:Dsp/screen/device/oled1306.c **** 	Oled_Obj->rs_ctl(Oled_RS_Enable);
  73:Dsp/screen/device/oled1306.c **** 
  74:Dsp/screen/device/oled1306.c **** 	Oled_TransmitByte(Oled_Obj, 0xAE, Oled_Write_CMD);
  75:Dsp/screen/device/oled1306.c **** 	Oled_TransmitByte(Oled_Obj, 0xD5, Oled_Write_CMD);
  76:Dsp/screen/device/oled1306.c **** 	Oled_TransmitByte(Oled_Obj, 80, Oled_Write_CMD);
  77:Dsp/screen/device/oled1306.c **** 	Oled_TransmitByte(Oled_Obj, 0xA8, Oled_Write_CMD);
  78:Dsp/screen/device/oled1306.c **** 	Oled_TransmitByte(Oled_Obj, 0X3F, Oled_Write_CMD);
  79:Dsp/screen/device/oled1306.c **** 	Oled_TransmitByte(Oled_Obj, 0xD3, Oled_Write_CMD);
  80:Dsp/screen/device/oled1306.c **** 	Oled_TransmitByte(Oled_Obj, 0X00, Oled_Write_CMD);
  81:Dsp/screen/device/oled1306.c **** 
  82:Dsp/screen/device/oled1306.c **** 	Oled_TransmitByte(Oled_Obj, 0x40, Oled_Write_CMD);
  83:Dsp/screen/device/oled1306.c **** 
  84:Dsp/screen/device/oled1306.c **** 	Oled_TransmitByte(Oled_Obj, 0x8D, Oled_Write_CMD);
  85:Dsp/screen/device/oled1306.c **** 	Oled_TransmitByte(Oled_Obj, 0x14, Oled_Write_CMD);
  86:Dsp/screen/device/oled1306.c **** 	Oled_TransmitByte(Oled_Obj, 0x14, Oled_Write_CMD);
  87:Dsp/screen/device/oled1306.c **** 	Oled_TransmitByte(Oled_Obj, 0x20, Oled_Write_CMD);
  88:Dsp/screen/device/oled1306.c **** 	Oled_TransmitByte(Oled_Obj, 0x02, Oled_Write_CMD);
  89:Dsp/screen/device/oled1306.c **** 
  90:Dsp/screen/device/oled1306.c **** 	Oled_TransmitByte(Oled_Obj, 0xA0, Oled_Write_CMD);
  91:Dsp/screen/device/oled1306.c **** 	Oled_TransmitByte(Oled_Obj, 0xC8, Oled_Write_CMD);
  92:Dsp/screen/device/oled1306.c **** 
  93:Dsp/screen/device/oled1306.c **** 	Oled_TransmitByte(Oled_Obj, 0xDA, Oled_Write_CMD);
  94:Dsp/screen/device/oled1306.c **** 	Oled_TransmitByte(Oled_Obj, 0x12, Oled_Write_CMD);
  95:Dsp/screen/device/oled1306.c **** 
  96:Dsp/screen/device/oled1306.c **** 	Oled_TransmitByte(Oled_Obj, 0x81, Oled_Write_CMD);
  97:Dsp/screen/device/oled1306.c **** 	Oled_TransmitByte(Oled_Obj, 0xEF, Oled_Write_CMD);
  98:Dsp/screen/device/oled1306.c **** 	Oled_TransmitByte(Oled_Obj, 0xD9, Oled_Write_CMD);
  99:Dsp/screen/device/oled1306.c **** 	Oled_TransmitByte(Oled_Obj, 0xf1, Oled_Write_CMD);
 100:Dsp/screen/device/oled1306.c **** 	Oled_TransmitByte(Oled_Obj, 0xDB, Oled_Write_CMD);
 101:Dsp/screen/device/oled1306.c **** 	Oled_TransmitByte(Oled_Obj, 0x30, Oled_Write_CMD);
 102:Dsp/screen/device/oled1306.c **** 
 103:Dsp/screen/device/oled1306.c **** 	Oled_TransmitByte(Oled_Obj, 0xA4, Oled_Write_CMD);
 104:Dsp/screen/device/oled1306.c **** 	Oled_TransmitByte(Oled_Obj, 0xA6, Oled_Write_CMD);
 105:Dsp/screen/device/oled1306.c **** 	Oled_TransmitByte(Oled_Obj, 0xAF, Oled_Write_CMD);
 106:Dsp/screen/device/oled1306.c **** 
 107:Dsp/screen/device/oled1306.c **** 	Oled_Clear(Oled_Obj);
 108:Dsp/screen/device/oled1306.c **** 
 109:Dsp/screen/device/oled1306.c **** 	return true;
 110:Dsp/screen/device/oled1306.c **** }
 111:Dsp/screen/device/oled1306.c **** 
 112:Dsp/screen/device/oled1306.c **** static bool Oled_Refresh(Oled_Obj_TypeDef *Oled_Obj, uint8_t **val)
ARM GAS  /var/folders/lx/hc4sn_b53233_zkc9xbbl97r0000gp/T//ccooxqZs.s 			page 6


 113:Dsp/screen/device/oled1306.c **** {
 114:Dsp/screen/device/oled1306.c **** 	//update pixel map
 115:Dsp/screen/device/oled1306.c **** 	if (!Oled_MapUpdate(Oled_Obj, val))
 116:Dsp/screen/device/oled1306.c **** 	{
 117:Dsp/screen/device/oled1306.c **** 		return false;
 118:Dsp/screen/device/oled1306.c **** 	}
 119:Dsp/screen/device/oled1306.c **** 
 120:Dsp/screen/device/oled1306.c **** 	for (uint8_t c = 0; c < OLED_COLUMN_BLOCK_NUM; c++)
 121:Dsp/screen/device/oled1306.c **** 	{
 122:Dsp/screen/device/oled1306.c **** 		Oled_TransmitByte(Oled_Obj, (0xb0 + c), Oled_Write_CMD);
 123:Dsp/screen/device/oled1306.c **** 		Oled_TransmitByte(Oled_Obj, 0x00, Oled_Write_CMD);
 124:Dsp/screen/device/oled1306.c **** 		Oled_TransmitByte(Oled_Obj, 0x10, Oled_Write_CMD);
 125:Dsp/screen/device/oled1306.c **** 
 126:Dsp/screen/device/oled1306.c **** 		//can use spi dma for transmit
 127:Dsp/screen/device/oled1306.c **** 		for (uint8_t r = 0; r < OLED_MAX_WIDTH; r++)
 128:Dsp/screen/device/oled1306.c **** 		{
 129:Dsp/screen/device/oled1306.c **** 			Oled_TransmitByte(Oled_Obj, blackboard[r][c].val, Oled_Write_CMD);
 130:Dsp/screen/device/oled1306.c **** 		}
 131:Dsp/screen/device/oled1306.c **** 	}
 132:Dsp/screen/device/oled1306.c **** 
 133:Dsp/screen/device/oled1306.c **** 	return true;
 134:Dsp/screen/device/oled1306.c **** }
 135:Dsp/screen/device/oled1306.c **** 
 136:Dsp/screen/device/oled1306.c **** static void Oled_Clear(Oled_Obj_TypeDef *Oled_Obj)
 137:Dsp/screen/device/oled1306.c **** {
 169              		.loc 1 137 1 is_stmt 1 view -0
 170              		.cfi_startproc
 171              		@ args = 0, pretend = 0, frame = 0
 172              		@ frame_needed = 0, uses_anonymous_args = 0
 173              		.loc 1 137 1 is_stmt 0 view .LVU36
 174 0000 70B5     		push	{r4, r5, r6, lr}
 175              	.LCFI2:
 176              		.cfi_def_cfa_offset 16
 177              		.cfi_offset 4, -16
 178              		.cfi_offset 5, -12
 179              		.cfi_offset 6, -8
 180              		.cfi_offset 14, -4
 181 0002 0546     		mov	r5, r0
 138:Dsp/screen/device/oled1306.c **** 	for (uint8_t c = 0; c < OLED_COLUMN_BLOCK_NUM; c++)
 182              		.loc 1 138 2 is_stmt 1 view .LVU37
 183              	.LBB4:
 184              		.loc 1 138 7 view .LVU38
 185              	.LVL17:
 186              		.loc 1 138 15 is_stmt 0 view .LVU39
 187 0004 0026     		movs	r6, #0
 188              		.loc 1 138 2 view .LVU40
 189 0006 0BE0     		b	.L12
 190              	.LVL18:
 191              	.L14:
 192              	.LBB5:
 139:Dsp/screen/device/oled1306.c **** 	{
 140:Dsp/screen/device/oled1306.c **** 		Oled_TransmitByte(Oled_Obj, (0xb0 + c), Oled_Write_CMD);
 141:Dsp/screen/device/oled1306.c **** 		Oled_TransmitByte(Oled_Obj, 0x00, Oled_Write_CMD);
 142:Dsp/screen/device/oled1306.c **** 		Oled_TransmitByte(Oled_Obj, 0x10, Oled_Write_CMD);
 143:Dsp/screen/device/oled1306.c **** 
 144:Dsp/screen/device/oled1306.c **** 		for (uint8_t r = 0; r < OLED_MAX_WIDTH; r++)
 145:Dsp/screen/device/oled1306.c **** 		{
ARM GAS  /var/folders/lx/hc4sn_b53233_zkc9xbbl97r0000gp/T//ccooxqZs.s 			page 7


 146:Dsp/screen/device/oled1306.c **** 			Oled_TransmitByte(Oled_Obj, 0x00, Oled_Write_CMD);
 193              		.loc 1 146 4 is_stmt 1 discriminator 3 view .LVU41
 194 0008 0022     		movs	r2, #0
 195 000a 1146     		mov	r1, r2
 196 000c 2846     		mov	r0, r5
 197 000e FFF7FEFF 		bl	Oled_TransmitByte
 198              	.LVL19:
 144:Dsp/screen/device/oled1306.c **** 		{
 199              		.loc 1 144 43 discriminator 3 view .LVU42
 144:Dsp/screen/device/oled1306.c **** 		{
 200              		.loc 1 144 44 is_stmt 0 discriminator 3 view .LVU43
 201 0012 0134     		adds	r4, r4, #1
 202              	.LVL20:
 144:Dsp/screen/device/oled1306.c **** 		{
 203              		.loc 1 144 44 discriminator 3 view .LVU44
 204 0014 E4B2     		uxtb	r4, r4
 205              	.LVL21:
 206              	.L13:
 144:Dsp/screen/device/oled1306.c **** 		{
 207              		.loc 1 144 23 is_stmt 1 discriminator 1 view .LVU45
 144:Dsp/screen/device/oled1306.c **** 		{
 208              		.loc 1 144 3 is_stmt 0 discriminator 1 view .LVU46
 209 0016 14F0800F 		tst	r4, #128
 210 001a F5D0     		beq	.L14
 211              	.LBE5:
 138:Dsp/screen/device/oled1306.c **** 	for (uint8_t c = 0; c < OLED_COLUMN_BLOCK_NUM; c++)
 212              		.loc 1 138 49 is_stmt 1 discriminator 2 view .LVU47
 138:Dsp/screen/device/oled1306.c **** 	for (uint8_t c = 0; c < OLED_COLUMN_BLOCK_NUM; c++)
 213              		.loc 1 138 50 is_stmt 0 discriminator 2 view .LVU48
 214 001c 0136     		adds	r6, r6, #1
 215              	.LVL22:
 138:Dsp/screen/device/oled1306.c **** 	for (uint8_t c = 0; c < OLED_COLUMN_BLOCK_NUM; c++)
 216              		.loc 1 138 50 discriminator 2 view .LVU49
 217 001e F6B2     		uxtb	r6, r6
 218              	.LVL23:
 219              	.L12:
 138:Dsp/screen/device/oled1306.c **** 	for (uint8_t c = 0; c < OLED_COLUMN_BLOCK_NUM; c++)
 220              		.loc 1 138 22 is_stmt 1 discriminator 1 view .LVU50
 138:Dsp/screen/device/oled1306.c **** 	for (uint8_t c = 0; c < OLED_COLUMN_BLOCK_NUM; c++)
 221              		.loc 1 138 2 is_stmt 0 discriminator 1 view .LVU51
 222 0020 072E     		cmp	r6, #7
 223 0022 12D8     		bhi	.L17
 140:Dsp/screen/device/oled1306.c **** 		Oled_TransmitByte(Oled_Obj, 0x00, Oled_Write_CMD);
 224              		.loc 1 140 3 is_stmt 1 view .LVU52
 225 0024 A6F15001 		sub	r1, r6, #80
 226 0028 0022     		movs	r2, #0
 227 002a C9B2     		uxtb	r1, r1
 228 002c 2846     		mov	r0, r5
 229 002e FFF7FEFF 		bl	Oled_TransmitByte
 230              	.LVL24:
 141:Dsp/screen/device/oled1306.c **** 		Oled_TransmitByte(Oled_Obj, 0x10, Oled_Write_CMD);
 231              		.loc 1 141 3 view .LVU53
 232 0032 0022     		movs	r2, #0
 233 0034 1146     		mov	r1, r2
 234 0036 2846     		mov	r0, r5
 235 0038 FFF7FEFF 		bl	Oled_TransmitByte
 236              	.LVL25:
ARM GAS  /var/folders/lx/hc4sn_b53233_zkc9xbbl97r0000gp/T//ccooxqZs.s 			page 8


 142:Dsp/screen/device/oled1306.c **** 
 237              		.loc 1 142 3 view .LVU54
 238 003c 0022     		movs	r2, #0
 239 003e 1021     		movs	r1, #16
 240 0040 2846     		mov	r0, r5
 241 0042 FFF7FEFF 		bl	Oled_TransmitByte
 242              	.LVL26:
 144:Dsp/screen/device/oled1306.c **** 		{
 243              		.loc 1 144 3 view .LVU55
 244              	.LBB6:
 144:Dsp/screen/device/oled1306.c **** 		{
 245              		.loc 1 144 8 view .LVU56
 144:Dsp/screen/device/oled1306.c **** 		{
 246              		.loc 1 144 16 is_stmt 0 view .LVU57
 247 0046 0024     		movs	r4, #0
 144:Dsp/screen/device/oled1306.c **** 		{
 248              		.loc 1 144 3 view .LVU58
 249 0048 E5E7     		b	.L13
 250              	.LVL27:
 251              	.L17:
 144:Dsp/screen/device/oled1306.c **** 		{
 252              		.loc 1 144 3 view .LVU59
 253              	.LBE6:
 254              	.LBE4:
 147:Dsp/screen/device/oled1306.c **** 		}
 148:Dsp/screen/device/oled1306.c **** 	}
 149:Dsp/screen/device/oled1306.c **** }
 255              		.loc 1 149 1 view .LVU60
 256 004a 70BD     		pop	{r4, r5, r6, pc}
 257              		.loc 1 149 1 view .LVU61
 258              		.cfi_endproc
 259              	.LFE127:
 261              		.section	.text.Oled_GetMax_Width,"ax",%progbits
 262              		.align	1
 263              		.syntax unified
 264              		.thumb
 265              		.thumb_func
 266              		.fpu fpv4-sp-d16
 268              	Oled_GetMax_Width:
 269              	.LFB128:
 150:Dsp/screen/device/oled1306.c **** 
 151:Dsp/screen/device/oled1306.c **** static uint8_t Oled_GetMax_Width(void)
 152:Dsp/screen/device/oled1306.c **** {
 270              		.loc 1 152 1 is_stmt 1 view -0
 271              		.cfi_startproc
 272              		@ args = 0, pretend = 0, frame = 0
 273              		@ frame_needed = 0, uses_anonymous_args = 0
 274              		@ link register save eliminated.
 153:Dsp/screen/device/oled1306.c **** 	return OLED_MAX_WIDTH;
 275              		.loc 1 153 2 view .LVU63
 154:Dsp/screen/device/oled1306.c **** }
 276              		.loc 1 154 1 is_stmt 0 view .LVU64
 277 0000 8020     		movs	r0, #128
 278 0002 7047     		bx	lr
 279              		.cfi_endproc
 280              	.LFE128:
 282              		.section	.text.Oled_GetMax_Height,"ax",%progbits
ARM GAS  /var/folders/lx/hc4sn_b53233_zkc9xbbl97r0000gp/T//ccooxqZs.s 			page 9


 283              		.align	1
 284              		.syntax unified
 285              		.thumb
 286              		.thumb_func
 287              		.fpu fpv4-sp-d16
 289              	Oled_GetMax_Height:
 290              	.LFB129:
 155:Dsp/screen/device/oled1306.c **** 
 156:Dsp/screen/device/oled1306.c **** static uint8_t Oled_GetMax_Height(void)
 157:Dsp/screen/device/oled1306.c **** {
 291              		.loc 1 157 1 is_stmt 1 view -0
 292              		.cfi_startproc
 293              		@ args = 0, pretend = 0, frame = 0
 294              		@ frame_needed = 0, uses_anonymous_args = 0
 295              		@ link register save eliminated.
 158:Dsp/screen/device/oled1306.c **** 	return OLED_MAX_HEIGHT;
 296              		.loc 1 158 2 view .LVU66
 159:Dsp/screen/device/oled1306.c **** }
 297              		.loc 1 159 1 is_stmt 0 view .LVU67
 298 0000 4020     		movs	r0, #64
 299 0002 7047     		bx	lr
 300              		.cfi_endproc
 301              	.LFE129:
 303              		.section	.text.Oled_MapUpdate,"ax",%progbits
 304              		.align	1
 305              		.syntax unified
 306              		.thumb
 307              		.thumb_func
 308              		.fpu fpv4-sp-d16
 310              	Oled_MapUpdate:
 311              	.LVL28:
 312              	.LFB130:
 160:Dsp/screen/device/oled1306.c **** 
 161:Dsp/screen/device/oled1306.c **** static bool Oled_MapUpdate(Oled_Obj_TypeDef *Oled_Obj, uint8_t **map)
 162:Dsp/screen/device/oled1306.c **** {
 313              		.loc 1 162 1 is_stmt 1 view -0
 314              		.cfi_startproc
 315              		@ args = 0, pretend = 0, frame = 0
 316              		@ frame_needed = 0, uses_anonymous_args = 0
 163:Dsp/screen/device/oled1306.c **** 	if ((Oled_Obj == NULL) || (map == NULL))
 317              		.loc 1 163 2 view .LVU69
 318              		.loc 1 163 5 is_stmt 0 view .LVU70
 319 0000 28B3     		cbz	r0, .L25
 162:Dsp/screen/device/oled1306.c **** 	if ((Oled_Obj == NULL) || (map == NULL))
 320              		.loc 1 162 1 discriminator 1 view .LVU71
 321 0002 10B5     		push	{r4, lr}
 322              	.LCFI3:
 323              		.cfi_def_cfa_offset 8
 324              		.cfi_offset 4, -8
 325              		.cfi_offset 14, -4
 326 0004 0C46     		mov	r4, r1
 327              		.loc 1 163 25 discriminator 1 view .LVU72
 328 0006 21B3     		cbz	r1, .L26
 329              	.LBB7:
 164:Dsp/screen/device/oled1306.c **** 		return false;
 165:Dsp/screen/device/oled1306.c **** 
 166:Dsp/screen/device/oled1306.c **** 	for (uint8_t row_index = 0; row_index < OLED_MAX_WIDTH; row_index++)
ARM GAS  /var/folders/lx/hc4sn_b53233_zkc9xbbl97r0000gp/T//ccooxqZs.s 			page 10


 330              		.loc 1 166 15 view .LVU73
 331 0008 4FF0000E 		mov	lr, #0
 332 000c 18E0     		b	.L22
 333              	.LVL29:
 334              	.L23:
 335              	.LBB8:
 167:Dsp/screen/device/oled1306.c **** 	{
 168:Dsp/screen/device/oled1306.c **** 		for (uint8_t column_index = 0; column_index < OLED_MAX_HEIGHT; column_index++)
 169:Dsp/screen/device/oled1306.c **** 		{
 170:Dsp/screen/device/oled1306.c **** 			blackboard[row_index][column_index / COLUMN_SIZE].val |= map[row_index][column_index] << (column
 336              		.loc 1 170 4 is_stmt 1 discriminator 3 view .LVU74
 337              		.loc 1 170 58 is_stmt 0 discriminator 3 view .LVU75
 338 000e 4FEAD30C 		lsr	ip, r3, #3
 339              		.loc 1 170 64 discriminator 3 view .LVU76
 340 0012 54F82E20 		ldr	r2, [r4, lr, lsl #2]
 341              		.loc 1 170 75 discriminator 3 view .LVU77
 342 0016 D15C     		ldrb	r1, [r2, r3]	@ zero_extendqisi2
 343              		.loc 1 170 107 discriminator 3 view .LVU78
 344 0018 03F00700 		and	r0, r3, #7
 345              		.loc 1 170 90 discriminator 3 view .LVU79
 346 001c 01FA00F0 		lsl	r0, r1, r0
 347              		.loc 1 170 58 discriminator 3 view .LVU80
 348 0020 0D4A     		ldr	r2, .L33
 349 0022 02EBCE02 		add	r2, r2, lr, lsl #3
 350 0026 12F80C10 		ldrb	r1, [r2, ip]	@ zero_extendqisi2
 351 002a 0143     		orrs	r1, r1, r0
 352 002c 02F80C10 		strb	r1, [r2, ip]
 168:Dsp/screen/device/oled1306.c **** 		{
 353              		.loc 1 168 66 is_stmt 1 discriminator 3 view .LVU81
 168:Dsp/screen/device/oled1306.c **** 		{
 354              		.loc 1 168 78 is_stmt 0 discriminator 3 view .LVU82
 355 0030 0133     		adds	r3, r3, #1
 356              	.LVL30:
 168:Dsp/screen/device/oled1306.c **** 		{
 357              		.loc 1 168 78 discriminator 3 view .LVU83
 358 0032 DBB2     		uxtb	r3, r3
 359              	.LVL31:
 360              	.L24:
 168:Dsp/screen/device/oled1306.c **** 		{
 361              		.loc 1 168 34 is_stmt 1 discriminator 1 view .LVU84
 168:Dsp/screen/device/oled1306.c **** 		{
 362              		.loc 1 168 3 is_stmt 0 discriminator 1 view .LVU85
 363 0034 3F2B     		cmp	r3, #63
 364 0036 EAD9     		bls	.L23
 365              	.LBE8:
 166:Dsp/screen/device/oled1306.c **** 	{
 366              		.loc 1 166 58 is_stmt 1 discriminator 2 view .LVU86
 166:Dsp/screen/device/oled1306.c **** 	{
 367              		.loc 1 166 67 is_stmt 0 discriminator 2 view .LVU87
 368 0038 0EF1010E 		add	lr, lr, #1
 369              	.LVL32:
 166:Dsp/screen/device/oled1306.c **** 	{
 370              		.loc 1 166 67 discriminator 2 view .LVU88
 371 003c 5FFA8EFE 		uxtb	lr, lr
 372              	.LVL33:
 373              	.L22:
 166:Dsp/screen/device/oled1306.c **** 	{
ARM GAS  /var/folders/lx/hc4sn_b53233_zkc9xbbl97r0000gp/T//ccooxqZs.s 			page 11


 374              		.loc 1 166 30 is_stmt 1 discriminator 1 view .LVU89
 166:Dsp/screen/device/oled1306.c **** 	{
 375              		.loc 1 166 2 is_stmt 0 discriminator 1 view .LVU90
 376 0040 1EF0800F 		tst	lr, #128
 377 0044 01D1     		bne	.L32
 378              	.LBB9:
 168:Dsp/screen/device/oled1306.c **** 		{
 379              		.loc 1 168 16 view .LVU91
 380 0046 0023     		movs	r3, #0
 381 0048 F4E7     		b	.L24
 382              	.L32:
 383              	.LBE9:
 384              	.LBE7:
 171:Dsp/screen/device/oled1306.c **** 		}
 172:Dsp/screen/device/oled1306.c **** 	}
 173:Dsp/screen/device/oled1306.c **** 	return true;
 385              		.loc 1 173 9 view .LVU92
 386 004a 0120     		movs	r0, #1
 387              	.LVL34:
 388              	.L21:
 174:Dsp/screen/device/oled1306.c **** }
 389              		.loc 1 174 1 view .LVU93
 390 004c 10BD     		pop	{r4, pc}
 391              	.LVL35:
 392              	.L25:
 393              	.LCFI4:
 394              		.cfi_def_cfa_offset 0
 395              		.cfi_restore 4
 396              		.cfi_restore 14
 164:Dsp/screen/device/oled1306.c **** 
 397              		.loc 1 164 10 view .LVU94
 398 004e 0020     		movs	r0, #0
 399              	.LVL36:
 400              		.loc 1 174 1 view .LVU95
 401 0050 7047     		bx	lr
 402              	.LVL37:
 403              	.L26:
 404              	.LCFI5:
 405              		.cfi_def_cfa_offset 8
 406              		.cfi_offset 4, -8
 407              		.cfi_offset 14, -4
 164:Dsp/screen/device/oled1306.c **** 
 408              		.loc 1 164 10 view .LVU96
 409 0052 0020     		movs	r0, #0
 410              	.LVL38:
 164:Dsp/screen/device/oled1306.c **** 
 411              		.loc 1 164 10 view .LVU97
 412 0054 FAE7     		b	.L21
 413              	.L34:
 414 0056 00BF     		.align	2
 415              	.L33:
 416 0058 00000000 		.word	.LANCHOR1
 417              		.cfi_endproc
 418              	.LFE130:
 420              		.section	.text.Oled_Refresh,"ax",%progbits
 421              		.align	1
 422              		.syntax unified
ARM GAS  /var/folders/lx/hc4sn_b53233_zkc9xbbl97r0000gp/T//ccooxqZs.s 			page 12


 423              		.thumb
 424              		.thumb_func
 425              		.fpu fpv4-sp-d16
 427              	Oled_Refresh:
 428              	.LVL39:
 429              	.LFB126:
 113:Dsp/screen/device/oled1306.c **** 	//update pixel map
 430              		.loc 1 113 1 is_stmt 1 view -0
 431              		.cfi_startproc
 432              		@ args = 0, pretend = 0, frame = 0
 433              		@ frame_needed = 0, uses_anonymous_args = 0
 113:Dsp/screen/device/oled1306.c **** 	//update pixel map
 434              		.loc 1 113 1 is_stmt 0 view .LVU99
 435 0000 F8B5     		push	{r3, r4, r5, r6, r7, lr}
 436              	.LCFI6:
 437              		.cfi_def_cfa_offset 24
 438              		.cfi_offset 3, -24
 439              		.cfi_offset 4, -20
 440              		.cfi_offset 5, -16
 441              		.cfi_offset 6, -12
 442              		.cfi_offset 7, -8
 443              		.cfi_offset 14, -4
 444 0002 0646     		mov	r6, r0
 115:Dsp/screen/device/oled1306.c **** 	{
 445              		.loc 1 115 2 is_stmt 1 view .LVU100
 115:Dsp/screen/device/oled1306.c **** 	{
 446              		.loc 1 115 7 is_stmt 0 view .LVU101
 447 0004 FFF7FEFF 		bl	Oled_MapUpdate
 448              	.LVL40:
 115:Dsp/screen/device/oled1306.c **** 	{
 449              		.loc 1 115 5 view .LVU102
 450 0008 0746     		mov	r7, r0
 451 000a 28B3     		cbz	r0, .L37
 452              	.LBB10:
 120:Dsp/screen/device/oled1306.c **** 	{
 453              		.loc 1 120 15 view .LVU103
 454 000c 0025     		movs	r5, #0
 455 000e 0EE0     		b	.L36
 456              	.LVL41:
 457              	.L39:
 458              	.LBB11:
 129:Dsp/screen/device/oled1306.c **** 		}
 459              		.loc 1 129 4 is_stmt 1 discriminator 3 view .LVU104
 460 0010 124B     		ldr	r3, .L43
 461 0012 03EBC403 		add	r3, r3, r4, lsl #3
 462 0016 0022     		movs	r2, #0
 463 0018 595D     		ldrb	r1, [r3, r5]	@ zero_extendqisi2
 464 001a 3046     		mov	r0, r6
 465 001c FFF7FEFF 		bl	Oled_TransmitByte
 466              	.LVL42:
 127:Dsp/screen/device/oled1306.c **** 		{
 467              		.loc 1 127 43 discriminator 3 view .LVU105
 127:Dsp/screen/device/oled1306.c **** 		{
 468              		.loc 1 127 44 is_stmt 0 discriminator 3 view .LVU106
 469 0020 0134     		adds	r4, r4, #1
 470              	.LVL43:
 127:Dsp/screen/device/oled1306.c **** 		{
ARM GAS  /var/folders/lx/hc4sn_b53233_zkc9xbbl97r0000gp/T//ccooxqZs.s 			page 13


 471              		.loc 1 127 44 discriminator 3 view .LVU107
 472 0022 E4B2     		uxtb	r4, r4
 473              	.LVL44:
 474              	.L38:
 127:Dsp/screen/device/oled1306.c **** 		{
 475              		.loc 1 127 23 is_stmt 1 discriminator 1 view .LVU108
 127:Dsp/screen/device/oled1306.c **** 		{
 476              		.loc 1 127 3 is_stmt 0 discriminator 1 view .LVU109
 477 0024 14F0800F 		tst	r4, #128
 478 0028 F2D0     		beq	.L39
 479              	.LBE11:
 120:Dsp/screen/device/oled1306.c **** 	{
 480              		.loc 1 120 49 is_stmt 1 discriminator 2 view .LVU110
 120:Dsp/screen/device/oled1306.c **** 	{
 481              		.loc 1 120 50 is_stmt 0 discriminator 2 view .LVU111
 482 002a 0135     		adds	r5, r5, #1
 483              	.LVL45:
 120:Dsp/screen/device/oled1306.c **** 	{
 484              		.loc 1 120 50 discriminator 2 view .LVU112
 485 002c EDB2     		uxtb	r5, r5
 486              	.LVL46:
 487              	.L36:
 120:Dsp/screen/device/oled1306.c **** 	{
 488              		.loc 1 120 22 is_stmt 1 discriminator 1 view .LVU113
 120:Dsp/screen/device/oled1306.c **** 	{
 489              		.loc 1 120 2 is_stmt 0 discriminator 1 view .LVU114
 490 002e 072D     		cmp	r5, #7
 491 0030 12D8     		bhi	.L37
 122:Dsp/screen/device/oled1306.c **** 		Oled_TransmitByte(Oled_Obj, 0x00, Oled_Write_CMD);
 492              		.loc 1 122 3 is_stmt 1 view .LVU115
 493 0032 A5F15001 		sub	r1, r5, #80
 494 0036 0022     		movs	r2, #0
 495 0038 C9B2     		uxtb	r1, r1
 496 003a 3046     		mov	r0, r6
 497 003c FFF7FEFF 		bl	Oled_TransmitByte
 498              	.LVL47:
 123:Dsp/screen/device/oled1306.c **** 		Oled_TransmitByte(Oled_Obj, 0x10, Oled_Write_CMD);
 499              		.loc 1 123 3 view .LVU116
 500 0040 0022     		movs	r2, #0
 501 0042 1146     		mov	r1, r2
 502 0044 3046     		mov	r0, r6
 503 0046 FFF7FEFF 		bl	Oled_TransmitByte
 504              	.LVL48:
 124:Dsp/screen/device/oled1306.c **** 
 505              		.loc 1 124 3 view .LVU117
 506 004a 0022     		movs	r2, #0
 507 004c 1021     		movs	r1, #16
 508 004e 3046     		mov	r0, r6
 509 0050 FFF7FEFF 		bl	Oled_TransmitByte
 510              	.LVL49:
 127:Dsp/screen/device/oled1306.c **** 		{
 511              		.loc 1 127 3 view .LVU118
 512              	.LBB12:
 127:Dsp/screen/device/oled1306.c **** 		{
 513              		.loc 1 127 8 view .LVU119
 127:Dsp/screen/device/oled1306.c **** 		{
 514              		.loc 1 127 16 is_stmt 0 view .LVU120
ARM GAS  /var/folders/lx/hc4sn_b53233_zkc9xbbl97r0000gp/T//ccooxqZs.s 			page 14


 515 0054 0024     		movs	r4, #0
 127:Dsp/screen/device/oled1306.c **** 		{
 516              		.loc 1 127 3 view .LVU121
 517 0056 E5E7     		b	.L38
 518              	.LVL50:
 519              	.L37:
 127:Dsp/screen/device/oled1306.c **** 		{
 520              		.loc 1 127 3 view .LVU122
 521              	.LBE12:
 522              	.LBE10:
 134:Dsp/screen/device/oled1306.c **** 
 523              		.loc 1 134 1 view .LVU123
 524 0058 3846     		mov	r0, r7
 525 005a F8BD     		pop	{r3, r4, r5, r6, r7, pc}
 526              	.LVL51:
 527              	.L44:
 134:Dsp/screen/device/oled1306.c **** 
 528              		.loc 1 134 1 view .LVU124
 529              		.align	2
 530              	.L43:
 531 005c 00000000 		.word	.LANCHOR1
 532              		.cfi_endproc
 533              	.LFE126:
 535              		.section	.text.Oled_Init,"ax",%progbits
 536              		.align	1
 537              		.syntax unified
 538              		.thumb
 539              		.thumb_func
 540              		.fpu fpv4-sp-d16
 542              	Oled_Init:
 543              	.LVL52:
 544              	.LFB125:
  65:Dsp/screen/device/oled1306.c **** 	Oled_Obj->bus_init(Oled_Obj->BusID);
 545              		.loc 1 65 1 is_stmt 1 view -0
 546              		.cfi_startproc
 547              		@ args = 0, pretend = 0, frame = 0
 548              		@ frame_needed = 0, uses_anonymous_args = 0
  65:Dsp/screen/device/oled1306.c **** 	Oled_Obj->bus_init(Oled_Obj->BusID);
 549              		.loc 1 65 1 is_stmt 0 view .LVU126
 550 0000 10B5     		push	{r4, lr}
 551              	.LCFI7:
 552              		.cfi_def_cfa_offset 8
 553              		.cfi_offset 4, -8
 554              		.cfi_offset 14, -4
 555 0002 0446     		mov	r4, r0
  66:Dsp/screen/device/oled1306.c **** 	Oled_Obj->dc_init();
 556              		.loc 1 66 2 is_stmt 1 view .LVU127
  66:Dsp/screen/device/oled1306.c **** 	Oled_Obj->dc_init();
 557              		.loc 1 66 10 is_stmt 0 view .LVU128
 558 0004 4369     		ldr	r3, [r0, #20]
  66:Dsp/screen/device/oled1306.c **** 	Oled_Obj->dc_init();
 559              		.loc 1 66 2 view .LVU129
 560 0006 4078     		ldrb	r0, [r0, #1]	@ zero_extendqisi2
 561              	.LVL53:
  66:Dsp/screen/device/oled1306.c **** 	Oled_Obj->dc_init();
 562              		.loc 1 66 2 view .LVU130
 563 0008 9847     		blx	r3
ARM GAS  /var/folders/lx/hc4sn_b53233_zkc9xbbl97r0000gp/T//ccooxqZs.s 			page 15


 564              	.LVL54:
  67:Dsp/screen/device/oled1306.c **** 	Oled_Obj->rs_init();
 565              		.loc 1 67 2 is_stmt 1 view .LVU131
  67:Dsp/screen/device/oled1306.c **** 	Oled_Obj->rs_init();
 566              		.loc 1 67 10 is_stmt 0 view .LVU132
 567 000a A368     		ldr	r3, [r4, #8]
  67:Dsp/screen/device/oled1306.c **** 	Oled_Obj->rs_init();
 568              		.loc 1 67 2 view .LVU133
 569 000c 9847     		blx	r3
 570              	.LVL55:
  68:Dsp/screen/device/oled1306.c **** 
 571              		.loc 1 68 2 is_stmt 1 view .LVU134
  68:Dsp/screen/device/oled1306.c **** 
 572              		.loc 1 68 10 is_stmt 0 view .LVU135
 573 000e 6368     		ldr	r3, [r4, #4]
  68:Dsp/screen/device/oled1306.c **** 
 574              		.loc 1 68 2 view .LVU136
 575 0010 9847     		blx	r3
 576              	.LVL56:
  70:Dsp/screen/device/oled1306.c **** 	delay_ms(100);
 577              		.loc 1 70 2 is_stmt 1 view .LVU137
  70:Dsp/screen/device/oled1306.c **** 	delay_ms(100);
 578              		.loc 1 70 10 is_stmt 0 view .LVU138
 579 0012 E368     		ldr	r3, [r4, #12]
  70:Dsp/screen/device/oled1306.c **** 	delay_ms(100);
 580              		.loc 1 70 2 view .LVU139
 581 0014 0120     		movs	r0, #1
 582 0016 9847     		blx	r3
 583              	.LVL57:
  71:Dsp/screen/device/oled1306.c **** 	Oled_Obj->rs_ctl(Oled_RS_Enable);
 584              		.loc 1 71 2 is_stmt 1 view .LVU140
 585 0018 6420     		movs	r0, #100
 586 001a FFF7FEFF 		bl	delay_ms
 587              	.LVL58:
  72:Dsp/screen/device/oled1306.c **** 
 588              		.loc 1 72 2 view .LVU141
  72:Dsp/screen/device/oled1306.c **** 
 589              		.loc 1 72 10 is_stmt 0 view .LVU142
 590 001e E368     		ldr	r3, [r4, #12]
  72:Dsp/screen/device/oled1306.c **** 
 591              		.loc 1 72 2 view .LVU143
 592 0020 0020     		movs	r0, #0
 593 0022 9847     		blx	r3
 594              	.LVL59:
  74:Dsp/screen/device/oled1306.c **** 	Oled_TransmitByte(Oled_Obj, 0xD5, Oled_Write_CMD);
 595              		.loc 1 74 2 is_stmt 1 view .LVU144
 596 0024 0022     		movs	r2, #0
 597 0026 AE21     		movs	r1, #174
 598 0028 2046     		mov	r0, r4
 599 002a FFF7FEFF 		bl	Oled_TransmitByte
 600              	.LVL60:
  75:Dsp/screen/device/oled1306.c **** 	Oled_TransmitByte(Oled_Obj, 80, Oled_Write_CMD);
 601              		.loc 1 75 2 view .LVU145
 602 002e 0022     		movs	r2, #0
 603 0030 D521     		movs	r1, #213
 604 0032 2046     		mov	r0, r4
 605 0034 FFF7FEFF 		bl	Oled_TransmitByte
ARM GAS  /var/folders/lx/hc4sn_b53233_zkc9xbbl97r0000gp/T//ccooxqZs.s 			page 16


 606              	.LVL61:
  76:Dsp/screen/device/oled1306.c **** 	Oled_TransmitByte(Oled_Obj, 0xA8, Oled_Write_CMD);
 607              		.loc 1 76 2 view .LVU146
 608 0038 0022     		movs	r2, #0
 609 003a 5021     		movs	r1, #80
 610 003c 2046     		mov	r0, r4
 611 003e FFF7FEFF 		bl	Oled_TransmitByte
 612              	.LVL62:
  77:Dsp/screen/device/oled1306.c **** 	Oled_TransmitByte(Oled_Obj, 0X3F, Oled_Write_CMD);
 613              		.loc 1 77 2 view .LVU147
 614 0042 0022     		movs	r2, #0
 615 0044 A821     		movs	r1, #168
 616 0046 2046     		mov	r0, r4
 617 0048 FFF7FEFF 		bl	Oled_TransmitByte
 618              	.LVL63:
  78:Dsp/screen/device/oled1306.c **** 	Oled_TransmitByte(Oled_Obj, 0xD3, Oled_Write_CMD);
 619              		.loc 1 78 2 view .LVU148
 620 004c 0022     		movs	r2, #0
 621 004e 3F21     		movs	r1, #63
 622 0050 2046     		mov	r0, r4
 623 0052 FFF7FEFF 		bl	Oled_TransmitByte
 624              	.LVL64:
  79:Dsp/screen/device/oled1306.c **** 	Oled_TransmitByte(Oled_Obj, 0X00, Oled_Write_CMD);
 625              		.loc 1 79 2 view .LVU149
 626 0056 0022     		movs	r2, #0
 627 0058 D321     		movs	r1, #211
 628 005a 2046     		mov	r0, r4
 629 005c FFF7FEFF 		bl	Oled_TransmitByte
 630              	.LVL65:
  80:Dsp/screen/device/oled1306.c **** 
 631              		.loc 1 80 2 view .LVU150
 632 0060 0022     		movs	r2, #0
 633 0062 1146     		mov	r1, r2
 634 0064 2046     		mov	r0, r4
 635 0066 FFF7FEFF 		bl	Oled_TransmitByte
 636              	.LVL66:
  82:Dsp/screen/device/oled1306.c **** 
 637              		.loc 1 82 2 view .LVU151
 638 006a 0022     		movs	r2, #0
 639 006c 4021     		movs	r1, #64
 640 006e 2046     		mov	r0, r4
 641 0070 FFF7FEFF 		bl	Oled_TransmitByte
 642              	.LVL67:
  84:Dsp/screen/device/oled1306.c **** 	Oled_TransmitByte(Oled_Obj, 0x14, Oled_Write_CMD);
 643              		.loc 1 84 2 view .LVU152
 644 0074 0022     		movs	r2, #0
 645 0076 8D21     		movs	r1, #141
 646 0078 2046     		mov	r0, r4
 647 007a FFF7FEFF 		bl	Oled_TransmitByte
 648              	.LVL68:
  85:Dsp/screen/device/oled1306.c **** 	Oled_TransmitByte(Oled_Obj, 0x14, Oled_Write_CMD);
 649              		.loc 1 85 2 view .LVU153
 650 007e 0022     		movs	r2, #0
 651 0080 1421     		movs	r1, #20
 652 0082 2046     		mov	r0, r4
 653 0084 FFF7FEFF 		bl	Oled_TransmitByte
 654              	.LVL69:
ARM GAS  /var/folders/lx/hc4sn_b53233_zkc9xbbl97r0000gp/T//ccooxqZs.s 			page 17


  86:Dsp/screen/device/oled1306.c **** 	Oled_TransmitByte(Oled_Obj, 0x20, Oled_Write_CMD);
 655              		.loc 1 86 2 view .LVU154
 656 0088 0022     		movs	r2, #0
 657 008a 1421     		movs	r1, #20
 658 008c 2046     		mov	r0, r4
 659 008e FFF7FEFF 		bl	Oled_TransmitByte
 660              	.LVL70:
  87:Dsp/screen/device/oled1306.c **** 	Oled_TransmitByte(Oled_Obj, 0x02, Oled_Write_CMD);
 661              		.loc 1 87 2 view .LVU155
 662 0092 0022     		movs	r2, #0
 663 0094 2021     		movs	r1, #32
 664 0096 2046     		mov	r0, r4
 665 0098 FFF7FEFF 		bl	Oled_TransmitByte
 666              	.LVL71:
  88:Dsp/screen/device/oled1306.c **** 
 667              		.loc 1 88 2 view .LVU156
 668 009c 0022     		movs	r2, #0
 669 009e 0221     		movs	r1, #2
 670 00a0 2046     		mov	r0, r4
 671 00a2 FFF7FEFF 		bl	Oled_TransmitByte
 672              	.LVL72:
  90:Dsp/screen/device/oled1306.c **** 	Oled_TransmitByte(Oled_Obj, 0xC8, Oled_Write_CMD);
 673              		.loc 1 90 2 view .LVU157
 674 00a6 0022     		movs	r2, #0
 675 00a8 A021     		movs	r1, #160
 676 00aa 2046     		mov	r0, r4
 677 00ac FFF7FEFF 		bl	Oled_TransmitByte
 678              	.LVL73:
  91:Dsp/screen/device/oled1306.c **** 
 679              		.loc 1 91 2 view .LVU158
 680 00b0 0022     		movs	r2, #0
 681 00b2 C821     		movs	r1, #200
 682 00b4 2046     		mov	r0, r4
 683 00b6 FFF7FEFF 		bl	Oled_TransmitByte
 684              	.LVL74:
  93:Dsp/screen/device/oled1306.c **** 	Oled_TransmitByte(Oled_Obj, 0x12, Oled_Write_CMD);
 685              		.loc 1 93 2 view .LVU159
 686 00ba 0022     		movs	r2, #0
 687 00bc DA21     		movs	r1, #218
 688 00be 2046     		mov	r0, r4
 689 00c0 FFF7FEFF 		bl	Oled_TransmitByte
 690              	.LVL75:
  94:Dsp/screen/device/oled1306.c **** 
 691              		.loc 1 94 2 view .LVU160
 692 00c4 0022     		movs	r2, #0
 693 00c6 1221     		movs	r1, #18
 694 00c8 2046     		mov	r0, r4
 695 00ca FFF7FEFF 		bl	Oled_TransmitByte
 696              	.LVL76:
  96:Dsp/screen/device/oled1306.c **** 	Oled_TransmitByte(Oled_Obj, 0xEF, Oled_Write_CMD);
 697              		.loc 1 96 2 view .LVU161
 698 00ce 0022     		movs	r2, #0
 699 00d0 8121     		movs	r1, #129
 700 00d2 2046     		mov	r0, r4
 701 00d4 FFF7FEFF 		bl	Oled_TransmitByte
 702              	.LVL77:
  97:Dsp/screen/device/oled1306.c **** 	Oled_TransmitByte(Oled_Obj, 0xD9, Oled_Write_CMD);
ARM GAS  /var/folders/lx/hc4sn_b53233_zkc9xbbl97r0000gp/T//ccooxqZs.s 			page 18


 703              		.loc 1 97 2 view .LVU162
 704 00d8 0022     		movs	r2, #0
 705 00da EF21     		movs	r1, #239
 706 00dc 2046     		mov	r0, r4
 707 00de FFF7FEFF 		bl	Oled_TransmitByte
 708              	.LVL78:
  98:Dsp/screen/device/oled1306.c **** 	Oled_TransmitByte(Oled_Obj, 0xf1, Oled_Write_CMD);
 709              		.loc 1 98 2 view .LVU163
 710 00e2 0022     		movs	r2, #0
 711 00e4 D921     		movs	r1, #217
 712 00e6 2046     		mov	r0, r4
 713 00e8 FFF7FEFF 		bl	Oled_TransmitByte
 714              	.LVL79:
  99:Dsp/screen/device/oled1306.c **** 	Oled_TransmitByte(Oled_Obj, 0xDB, Oled_Write_CMD);
 715              		.loc 1 99 2 view .LVU164
 716 00ec 0022     		movs	r2, #0
 717 00ee F121     		movs	r1, #241
 718 00f0 2046     		mov	r0, r4
 719 00f2 FFF7FEFF 		bl	Oled_TransmitByte
 720              	.LVL80:
 100:Dsp/screen/device/oled1306.c **** 	Oled_TransmitByte(Oled_Obj, 0x30, Oled_Write_CMD);
 721              		.loc 1 100 2 view .LVU165
 722 00f6 0022     		movs	r2, #0
 723 00f8 DB21     		movs	r1, #219
 724 00fa 2046     		mov	r0, r4
 725 00fc FFF7FEFF 		bl	Oled_TransmitByte
 726              	.LVL81:
 101:Dsp/screen/device/oled1306.c **** 
 727              		.loc 1 101 2 view .LVU166
 728 0100 0022     		movs	r2, #0
 729 0102 3021     		movs	r1, #48
 730 0104 2046     		mov	r0, r4
 731 0106 FFF7FEFF 		bl	Oled_TransmitByte
 732              	.LVL82:
 103:Dsp/screen/device/oled1306.c **** 	Oled_TransmitByte(Oled_Obj, 0xA6, Oled_Write_CMD);
 733              		.loc 1 103 2 view .LVU167
 734 010a 0022     		movs	r2, #0
 735 010c A421     		movs	r1, #164
 736 010e 2046     		mov	r0, r4
 737 0110 FFF7FEFF 		bl	Oled_TransmitByte
 738              	.LVL83:
 104:Dsp/screen/device/oled1306.c **** 	Oled_TransmitByte(Oled_Obj, 0xAF, Oled_Write_CMD);
 739              		.loc 1 104 2 view .LVU168
 740 0114 0022     		movs	r2, #0
 741 0116 A621     		movs	r1, #166
 742 0118 2046     		mov	r0, r4
 743 011a FFF7FEFF 		bl	Oled_TransmitByte
 744              	.LVL84:
 105:Dsp/screen/device/oled1306.c **** 
 745              		.loc 1 105 2 view .LVU169
 746 011e 0022     		movs	r2, #0
 747 0120 AF21     		movs	r1, #175
 748 0122 2046     		mov	r0, r4
 749 0124 FFF7FEFF 		bl	Oled_TransmitByte
 750              	.LVL85:
 107:Dsp/screen/device/oled1306.c **** 
 751              		.loc 1 107 2 view .LVU170
ARM GAS  /var/folders/lx/hc4sn_b53233_zkc9xbbl97r0000gp/T//ccooxqZs.s 			page 19


 752 0128 2046     		mov	r0, r4
 753 012a FFF7FEFF 		bl	Oled_Clear
 754              	.LVL86:
 109:Dsp/screen/device/oled1306.c **** }
 755              		.loc 1 109 2 view .LVU171
 110:Dsp/screen/device/oled1306.c **** 
 756              		.loc 1 110 1 is_stmt 0 view .LVU172
 757 012e 0120     		movs	r0, #1
 758 0130 10BD     		pop	{r4, pc}
 110:Dsp/screen/device/oled1306.c **** 
 759              		.loc 1 110 1 view .LVU173
 760              		.cfi_endproc
 761              	.LFE125:
 763              		.global	DrvOled
 764              		.global	OledDisable_CMD
 765              		.global	OledEnable_CMD
 766              		.section	.bss.blackboard,"aw",%nobits
 767              		.align	2
 768              		.set	.LANCHOR1,. + 0
 771              	blackboard:
 772 0000 00000000 		.space	1024
 772      00000000 
 772      00000000 
 772      00000000 
 772      00000000 
 773              		.section	.data.DrvOled,"aw"
 774              		.align	2
 777              	DrvOled:
 778 0000 00000000 		.word	Oled_Init
 779 0004 00000000 		.word	Oled_EnableControl
 780 0008 00000000 		.word	Oled_Refresh
 781 000c 00000000 		.word	Oled_Clear
 782 0010 00000000 		.word	Oled_GetMax_Width
 783 0014 00000000 		.word	Oled_GetMax_Height
 784              		.section	.rodata.OledDisable_CMD,"a"
 785              		.align	2
 788              	OledDisable_CMD:
 789 0000 10AE     		.ascii	"\020\256"
 790              		.section	.rodata.OledEnable_CMD,"a"
 791              		.align	2
 792              		.set	.LANCHOR0,. + 0
 795              	OledEnable_CMD:
 796 0000 14AF     		.ascii	"\024\257"
 797              		.text
 798              	.Letext0:
 799              		.file 2 "/usr/local/arm-none-eabi-gcc/gcc-arm-none-eabi-10-2020-q4-major/arm-none-eabi/include/mac
 800              		.file 3 "/usr/local/arm-none-eabi-gcc/gcc-arm-none-eabi-10-2020-q4-major/arm-none-eabi/include/sys
 801              		.file 4 "Dsp/pixel.h"
 802              		.file 5 "Dsp/screen/device/oled1306.h"
 803              		.file 6 "SYS/delay/delay.h"
ARM GAS  /var/folders/lx/hc4sn_b53233_zkc9xbbl97r0000gp/T//ccooxqZs.s 			page 20


DEFINED SYMBOLS
                            *ABS*:0000000000000000 oled1306.c
/var/folders/lx/hc4sn_b53233_zkc9xbbl97r0000gp/T//ccooxqZs.s:18     .text.Oled_TransmitByte:0000000000000000 $t
/var/folders/lx/hc4sn_b53233_zkc9xbbl97r0000gp/T//ccooxqZs.s:25     .text.Oled_TransmitByte:0000000000000000 Oled_TransmitByte
/var/folders/lx/hc4sn_b53233_zkc9xbbl97r0000gp/T//ccooxqZs.s:89     .text.Oled_EnableControl:0000000000000000 $t
/var/folders/lx/hc4sn_b53233_zkc9xbbl97r0000gp/T//ccooxqZs.s:95     .text.Oled_EnableControl:0000000000000000 Oled_EnableControl
/var/folders/lx/hc4sn_b53233_zkc9xbbl97r0000gp/T//ccooxqZs.s:155    .text.Oled_EnableControl:0000000000000028 $d
/var/folders/lx/hc4sn_b53233_zkc9xbbl97r0000gp/T//ccooxqZs.s:160    .text.Oled_Clear:0000000000000000 $t
/var/folders/lx/hc4sn_b53233_zkc9xbbl97r0000gp/T//ccooxqZs.s:166    .text.Oled_Clear:0000000000000000 Oled_Clear
/var/folders/lx/hc4sn_b53233_zkc9xbbl97r0000gp/T//ccooxqZs.s:262    .text.Oled_GetMax_Width:0000000000000000 $t
/var/folders/lx/hc4sn_b53233_zkc9xbbl97r0000gp/T//ccooxqZs.s:268    .text.Oled_GetMax_Width:0000000000000000 Oled_GetMax_Width
/var/folders/lx/hc4sn_b53233_zkc9xbbl97r0000gp/T//ccooxqZs.s:283    .text.Oled_GetMax_Height:0000000000000000 $t
/var/folders/lx/hc4sn_b53233_zkc9xbbl97r0000gp/T//ccooxqZs.s:289    .text.Oled_GetMax_Height:0000000000000000 Oled_GetMax_Height
/var/folders/lx/hc4sn_b53233_zkc9xbbl97r0000gp/T//ccooxqZs.s:304    .text.Oled_MapUpdate:0000000000000000 $t
/var/folders/lx/hc4sn_b53233_zkc9xbbl97r0000gp/T//ccooxqZs.s:310    .text.Oled_MapUpdate:0000000000000000 Oled_MapUpdate
/var/folders/lx/hc4sn_b53233_zkc9xbbl97r0000gp/T//ccooxqZs.s:416    .text.Oled_MapUpdate:0000000000000058 $d
/var/folders/lx/hc4sn_b53233_zkc9xbbl97r0000gp/T//ccooxqZs.s:421    .text.Oled_Refresh:0000000000000000 $t
/var/folders/lx/hc4sn_b53233_zkc9xbbl97r0000gp/T//ccooxqZs.s:427    .text.Oled_Refresh:0000000000000000 Oled_Refresh
/var/folders/lx/hc4sn_b53233_zkc9xbbl97r0000gp/T//ccooxqZs.s:531    .text.Oled_Refresh:000000000000005c $d
/var/folders/lx/hc4sn_b53233_zkc9xbbl97r0000gp/T//ccooxqZs.s:536    .text.Oled_Init:0000000000000000 $t
/var/folders/lx/hc4sn_b53233_zkc9xbbl97r0000gp/T//ccooxqZs.s:542    .text.Oled_Init:0000000000000000 Oled_Init
/var/folders/lx/hc4sn_b53233_zkc9xbbl97r0000gp/T//ccooxqZs.s:777    .data.DrvOled:0000000000000000 DrvOled
/var/folders/lx/hc4sn_b53233_zkc9xbbl97r0000gp/T//ccooxqZs.s:788    .rodata.OledDisable_CMD:0000000000000000 OledDisable_CMD
/var/folders/lx/hc4sn_b53233_zkc9xbbl97r0000gp/T//ccooxqZs.s:795    .rodata.OledEnable_CMD:0000000000000000 OledEnable_CMD
/var/folders/lx/hc4sn_b53233_zkc9xbbl97r0000gp/T//ccooxqZs.s:767    .bss.blackboard:0000000000000000 $d
/var/folders/lx/hc4sn_b53233_zkc9xbbl97r0000gp/T//ccooxqZs.s:771    .bss.blackboard:0000000000000000 blackboard
/var/folders/lx/hc4sn_b53233_zkc9xbbl97r0000gp/T//ccooxqZs.s:774    .data.DrvOled:0000000000000000 $d
/var/folders/lx/hc4sn_b53233_zkc9xbbl97r0000gp/T//ccooxqZs.s:785    .rodata.OledDisable_CMD:0000000000000000 $d
/var/folders/lx/hc4sn_b53233_zkc9xbbl97r0000gp/T//ccooxqZs.s:791    .rodata.OledEnable_CMD:0000000000000000 $d

UNDEFINED SYMBOLS
delay_ms
