ARM GAS  /var/folders/lx/hc4sn_b53233_zkc9xbbl97r0000gp/T//cc92LpP9.s 			page 1


   1              		.cpu cortex-m4
   2              		.eabi_attribute 27, 1
   3              		.eabi_attribute 28, 1
   4              		.eabi_attribute 20, 1
   5              		.eabi_attribute 21, 1
   6              		.eabi_attribute 23, 3
   7              		.eabi_attribute 24, 1
   8              		.eabi_attribute 25, 1
   9              		.eabi_attribute 26, 1
  10              		.eabi_attribute 30, 1
  11              		.eabi_attribute 34, 1
  12              		.eabi_attribute 18, 4
  13              		.file	"SrvInput.c"
  14              		.text
  15              	.Ltext0:
  16              		.cfi_sections	.debug_frame
  17              		.section	.text.SrvInput_Init,"ax",%progbits
  18              		.align	1
  19              		.arch armv7e-m
  20              		.syntax unified
  21              		.thumb
  22              		.thumb_func
  23              		.fpu fpv4-sp-d16
  25              	SrvInput_Init:
  26              	.LFB123:
  27              		.file 1 "App/Task_Input/SrvInput.c"
   1:App/Task_Input/SrvInput.c **** #include "SrvInput.h"
   2:App/Task_Input/SrvInput.c **** #include "Input_IO_Def.h"
   3:App/Task_Input/SrvInput.c **** 
   4:App/Task_Input/SrvInput.c **** /* internal variable */
   5:App/Task_Input/SrvInput.c **** static SrvInput_Data_TypeDef InputData;
   6:App/Task_Input/SrvInput.c **** 
   7:App/Task_Input/SrvInput.c **** /* input hardware abstract object */
   8:App/Task_Input/SrvInput.c **** static DevEncoder_Obj_TypeDef Encoder_Obj;
   9:App/Task_Input/SrvInput.c **** //static DevGimbal_Obj_TypeDef Gimbal_L_Obj;
  10:App/Task_Input/SrvInput.c **** //static DevGimbal_Obj_TypeDef Gimbal_R_Obj;
  11:App/Task_Input/SrvInput.c **** //static DevButton_TypeDef Btn_LShoulder_Obj;
  12:App/Task_Input/SrvInput.c **** //static DevButton_TypeDef Btn_RShoulder_Obj;
  13:App/Task_Input/SrvInput.c **** //static DirButton_Obj_TypeDef Btn_5Dir_Obj;
  14:App/Task_Input/SrvInput.c **** 
  15:App/Task_Input/SrvInput.c **** /* internal funciton */
  16:App/Task_Input/SrvInput.c **** static SrvInput_Error_List SrvInput_Init(void);
  17:App/Task_Input/SrvInput.c **** static SrvInput_Error_List SrvInput_Update(void);
  18:App/Task_Input/SrvInput.c **** static SrvInput_Data_TypeDef SrvInput_GetData(void);
  19:App/Task_Input/SrvInput.c **** 
  20:App/Task_Input/SrvInput.c **** /* internal function */
  21:App/Task_Input/SrvInput.c **** 
  22:App/Task_Input/SrvInput.c **** /* external variable */
  23:App/Task_Input/SrvInput.c **** SrvInput_TypeDef InputObj = {
  24:App/Task_Input/SrvInput.c ****     .init = SrvInput_Init,
  25:App/Task_Input/SrvInput.c ****     .sample = SrvInput_Update,
  26:App/Task_Input/SrvInput.c ****     .get_data = SrvInput_GetData,
  27:App/Task_Input/SrvInput.c **** };
  28:App/Task_Input/SrvInput.c **** 
  29:App/Task_Input/SrvInput.c **** static SrvInput_Error_List SrvInput_Init(void)
  30:App/Task_Input/SrvInput.c **** {
  28              		.loc 1 30 1 view -0
ARM GAS  /var/folders/lx/hc4sn_b53233_zkc9xbbl97r0000gp/T//cc92LpP9.s 			page 2


  29              		.cfi_startproc
  30              		@ args = 0, pretend = 0, frame = 48
  31              		@ frame_needed = 0, uses_anonymous_args = 0
  32 0000 10B5     		push	{r4, lr}
  33              	.LCFI0:
  34              		.cfi_def_cfa_offset 8
  35              		.cfi_offset 4, -8
  36              		.cfi_offset 14, -4
  37 0002 8CB0     		sub	sp, sp, #48
  38              	.LCFI1:
  39              		.cfi_def_cfa_offset 56
  31:App/Task_Input/SrvInput.c ****     /* encoder pin */
  32:App/Task_Input/SrvInput.c ****     DrvGPIO_Obj_TypeDef EncPin[Encoder_IO_Sum];
  40              		.loc 1 32 5 view .LVU1
  33:App/Task_Input/SrvInput.c **** 
  34:App/Task_Input/SrvInput.c ****     InputData.error = SrvInput_Initial;
  41              		.loc 1 34 5 view .LVU2
  42              		.loc 1 34 21 is_stmt 0 view .LVU3
  43 0004 0124     		movs	r4, #1
  44 0006 114B     		ldr	r3, .L6
  45 0008 DC75     		strb	r4, [r3, #23]
  35:App/Task_Input/SrvInput.c **** 
  36:App/Task_Input/SrvInput.c ****     EncPin[Encoder_IO_A] = Encoder_A_Pin;
  46              		.loc 1 36 5 is_stmt 1 view .LVU4
  47              		.loc 1 36 26 is_stmt 0 view .LVU5
  48 000a 114B     		ldr	r3, .L6+4
  49 000c EC46     		mov	ip, sp
  50 000e 0FCB     		ldm	r3, {r0, r1, r2, r3}
  51 0010 8CE80F00 		stm	ip, {r0, r1, r2, r3}
  37:App/Task_Input/SrvInput.c ****     EncPin[Encoder_IO_B] = Encoder_B_Pin;
  52              		.loc 1 37 5 is_stmt 1 view .LVU6
  53              		.loc 1 37 26 is_stmt 0 view .LVU7
  54 0014 0F4B     		ldr	r3, .L6+8
  55 0016 0DF1100E 		add	lr, sp, #16
  56 001a 0FCB     		ldm	r3, {r0, r1, r2, r3}
  57 001c 8EE80F00 		stm	lr, {r0, r1, r2, r3}
  38:App/Task_Input/SrvInput.c ****     EncPin[Encoder_IO_Btn] = Encoder_Btn;
  58              		.loc 1 38 5 is_stmt 1 view .LVU8
  59              		.loc 1 38 28 is_stmt 0 view .LVU9
  60 0020 0D4B     		ldr	r3, .L6+12
  61 0022 0FCB     		ldm	r3, {r0, r1, r2, r3}
  62 0024 0DF1300E 		add	lr, sp, #48
  63 0028 0EE90F00 		stmdb	lr, {r0, r1, r2, r3}
  39:App/Task_Input/SrvInput.c **** 
  40:App/Task_Input/SrvInput.c ****     if (!DevEncoder.open(&Encoder_Obj, EncPin, true))
  64              		.loc 1 40 5 is_stmt 1 view .LVU10
  65              		.loc 1 40 20 is_stmt 0 view .LVU11
  66 002c 0B4B     		ldr	r3, .L6+16
  67 002e 1B68     		ldr	r3, [r3]
  68              		.loc 1 40 10 view .LVU12
  69 0030 2246     		mov	r2, r4
  70 0032 6146     		mov	r1, ip
  71 0034 0A48     		ldr	r0, .L6+20
  72 0036 9847     		blx	r3
  73              	.LVL0:
  74              		.loc 1 40 8 view .LVU13
  75 0038 20B1     		cbz	r0, .L5
ARM GAS  /var/folders/lx/hc4sn_b53233_zkc9xbbl97r0000gp/T//cc92LpP9.s 			page 3


  41:App/Task_Input/SrvInput.c ****     {
  42:App/Task_Input/SrvInput.c ****         InputData.error = SrvInput_Encoder_Error;
  43:App/Task_Input/SrvInput.c ****         return SrvInput_Encoder_Error;
  44:App/Task_Input/SrvInput.c ****     }
  45:App/Task_Input/SrvInput.c **** 
  46:App/Task_Input/SrvInput.c ****     InputData.error = SrvInput_NoError;
  76              		.loc 1 46 5 is_stmt 1 view .LVU14
  77              		.loc 1 46 21 is_stmt 0 view .LVU15
  78 003a 0020     		movs	r0, #0
  79 003c 034B     		ldr	r3, .L6
  80 003e D875     		strb	r0, [r3, #23]
  47:App/Task_Input/SrvInput.c ****     return SrvInput_NoError;
  81              		.loc 1 47 5 is_stmt 1 view .LVU16
  82              	.L3:
  48:App/Task_Input/SrvInput.c **** }
  83              		.loc 1 48 1 is_stmt 0 view .LVU17
  84 0040 0CB0     		add	sp, sp, #48
  85              	.LCFI2:
  86              		.cfi_remember_state
  87              		.cfi_def_cfa_offset 8
  88              		@ sp needed
  89 0042 10BD     		pop	{r4, pc}
  90              	.L5:
  91              	.LCFI3:
  92              		.cfi_restore_state
  42:App/Task_Input/SrvInput.c ****         return SrvInput_Encoder_Error;
  93              		.loc 1 42 9 is_stmt 1 view .LVU18
  42:App/Task_Input/SrvInput.c ****         return SrvInput_Encoder_Error;
  94              		.loc 1 42 25 is_stmt 0 view .LVU19
  95 0044 0220     		movs	r0, #2
  96 0046 014B     		ldr	r3, .L6
  97 0048 D875     		strb	r0, [r3, #23]
  43:App/Task_Input/SrvInput.c ****     }
  98              		.loc 1 43 9 is_stmt 1 view .LVU20
  43:App/Task_Input/SrvInput.c ****     }
  99              		.loc 1 43 16 is_stmt 0 view .LVU21
 100 004a F9E7     		b	.L3
 101              	.L7:
 102              		.align	2
 103              	.L6:
 104 004c 00000000 		.word	.LANCHOR0
 105 0050 00000000 		.word	Encoder_A_Pin
 106 0054 00000000 		.word	Encoder_B_Pin
 107 0058 00000000 		.word	Encoder_Btn
 108 005c 00000000 		.word	DevEncoder
 109 0060 00000000 		.word	.LANCHOR1
 110              		.cfi_endproc
 111              	.LFE123:
 113              		.section	.text.SrvInput_Update,"ax",%progbits
 114              		.align	1
 115              		.syntax unified
 116              		.thumb
 117              		.thumb_func
 118              		.fpu fpv4-sp-d16
 120              	SrvInput_Update:
 121              	.LFB124:
  49:App/Task_Input/SrvInput.c **** 
ARM GAS  /var/folders/lx/hc4sn_b53233_zkc9xbbl97r0000gp/T//cc92LpP9.s 			page 4


  50:App/Task_Input/SrvInput.c **** static SrvInput_Error_List SrvInput_Update(void)
  51:App/Task_Input/SrvInput.c **** {
 122              		.loc 1 51 1 is_stmt 1 view -0
 123              		.cfi_startproc
 124              		@ args = 0, pretend = 0, frame = 8
 125              		@ frame_needed = 0, uses_anonymous_args = 0
  52:App/Task_Input/SrvInput.c ****     if (InputData.error != SrvInput_NoError)
 126              		.loc 1 52 5 view .LVU23
 127              		.loc 1 52 18 is_stmt 0 view .LVU24
 128 0000 094B     		ldr	r3, .L14
 129 0002 D87D     		ldrb	r0, [r3, #23]	@ zero_extendqisi2
 130              		.loc 1 52 8 view .LVU25
 131 0004 78B9     		cbnz	r0, .L11
  51:App/Task_Input/SrvInput.c ****     if (InputData.error != SrvInput_NoError)
 132              		.loc 1 51 1 view .LVU26
 133 0006 10B5     		push	{r4, lr}
 134              	.LCFI4:
 135              		.cfi_def_cfa_offset 8
 136              		.cfi_offset 4, -8
 137              		.cfi_offset 14, -4
 138 0008 82B0     		sub	sp, sp, #8
 139              	.LCFI5:
 140              		.cfi_def_cfa_offset 16
  53:App/Task_Input/SrvInput.c ****         return InputData.error;
  54:App/Task_Input/SrvInput.c **** 
  55:App/Task_Input/SrvInput.c ****     InputData.Enc_Val = DevEncoder.get(&Encoder_Obj);
 141              		.loc 1 55 5 is_stmt 1 view .LVU27
 142              		.loc 1 55 35 is_stmt 0 view .LVU28
 143 000a 084B     		ldr	r3, .L14+4
 144 000c 9B68     		ldr	r3, [r3, #8]
 145              		.loc 1 55 25 view .LVU29
 146 000e 064C     		ldr	r4, .L14
 147 0010 0749     		ldr	r1, .L14+8
 148 0012 6846     		mov	r0, sp
 149 0014 9847     		blx	r3
 150              	.LVL1:
 151 0016 009B     		ldr	r3, [sp]	@ unaligned
 152 0018 C4F80E30 		str	r3, [r4, #14]	@ unaligned
 153 001c BDF80430 		ldrh	r3, [sp, #4]	@ unaligned
 154 0020 6382     		strh	r3, [r4, #18]	@ unaligned
  56:App/Task_Input/SrvInput.c **** }
 155              		.loc 1 56 1 view .LVU30
 156 0022 02B0     		add	sp, sp, #8
 157              	.LCFI6:
 158              		.cfi_def_cfa_offset 8
 159              		@ sp needed
 160 0024 10BD     		pop	{r4, pc}
 161              	.L11:
 162              	.LCFI7:
 163              		.cfi_def_cfa_offset 0
 164              		.cfi_restore 4
 165              		.cfi_restore 14
 166 0026 7047     		bx	lr
 167              	.L15:
 168              		.align	2
 169              	.L14:
 170 0028 00000000 		.word	.LANCHOR0
ARM GAS  /var/folders/lx/hc4sn_b53233_zkc9xbbl97r0000gp/T//cc92LpP9.s 			page 5


 171 002c 00000000 		.word	DevEncoder
 172 0030 00000000 		.word	.LANCHOR1
 173              		.cfi_endproc
 174              	.LFE124:
 176              		.section	.text.SrvInput_GetData,"ax",%progbits
 177              		.align	1
 178              		.syntax unified
 179              		.thumb
 180              		.thumb_func
 181              		.fpu fpv4-sp-d16
 183              	SrvInput_GetData:
 184              	.LVL2:
 185              	.LFB125:
  57:App/Task_Input/SrvInput.c **** 
  58:App/Task_Input/SrvInput.c **** static SrvInput_Data_TypeDef SrvInput_GetData(void)
  59:App/Task_Input/SrvInput.c **** {
 186              		.loc 1 59 1 is_stmt 1 view -0
 187              		.cfi_startproc
 188              		@ args = 0, pretend = 0, frame = 0
 189              		@ frame_needed = 0, uses_anonymous_args = 0
 190              		@ link register save eliminated.
 191              		.loc 1 59 1 is_stmt 0 view .LVU32
 192 0000 10B4     		push	{r4}
 193              	.LCFI8:
 194              		.cfi_def_cfa_offset 4
 195              		.cfi_offset 4, -4
 196 0002 8446     		mov	ip, r0
  60:App/Task_Input/SrvInput.c ****     return InputData;
 197              		.loc 1 60 5 is_stmt 1 view .LVU33
 198              		.loc 1 60 12 is_stmt 0 view .LVU34
 199 0004 094C     		ldr	r4, .L18
 200 0006 0FCC     		ldmia	r4!, {r0, r1, r2, r3}
 201              	.LVL3:
 202              		.loc 1 60 12 view .LVU35
 203 0008 CCF80000 		str	r0, [ip]	@ unaligned
 204 000c CCF80410 		str	r1, [ip, #4]	@ unaligned
 205 0010 CCF80820 		str	r2, [ip, #8]	@ unaligned
 206 0014 CCF80C30 		str	r3, [ip, #12]	@ unaligned
 207 0018 03CC     		ldmia	r4!, {r0, r1}
 208 001a CCF81000 		str	r0, [ip, #16]	@ unaligned
 209 001e CCF81410 		str	r1, [ip, #20]	@ unaligned
  61:App/Task_Input/SrvInput.c **** }
 210              		.loc 1 61 1 view .LVU36
 211 0022 6046     		mov	r0, ip
 212 0024 5DF8044B 		ldr	r4, [sp], #4
 213              	.LCFI9:
 214              		.cfi_restore 4
 215              		.cfi_def_cfa_offset 0
 216 0028 7047     		bx	lr
 217              	.L19:
 218 002a 00BF     		.align	2
 219              	.L18:
 220 002c 00000000 		.word	.LANCHOR0
 221              		.cfi_endproc
 222              	.LFE125:
 224              		.global	InputObj
 225              		.section	.bss.Encoder_Obj,"aw",%nobits
ARM GAS  /var/folders/lx/hc4sn_b53233_zkc9xbbl97r0000gp/T//cc92LpP9.s 			page 6


 226              		.align	2
 227              		.set	.LANCHOR1,. + 0
 230              	Encoder_Obj:
 231 0000 00000000 		.space	72
 231      00000000 
 231      00000000 
 231      00000000 
 231      00000000 
 232              		.section	.bss.InputData,"aw",%nobits
 233              		.align	2
 234              		.set	.LANCHOR0,. + 0
 237              	InputData:
 238 0000 00000000 		.space	24
 238      00000000 
 238      00000000 
 238      00000000 
 238      00000000 
 239              		.section	.data.InputObj,"aw"
 240              		.align	2
 243              	InputObj:
 244 0000 00000000 		.word	SrvInput_Init
 245 0004 00000000 		.word	SrvInput_Update
 246 0008 00000000 		.word	SrvInput_GetData
 247              		.text
 248              	.Letext0:
 249              		.file 2 "/usr/local/arm-none-eabi-gcc/gcc-arm-none-eabi-10-2020-q4-major/arm-none-eabi/include/mac
 250              		.file 3 "/usr/local/arm-none-eabi-gcc/gcc-arm-none-eabi-10-2020-q4-major/arm-none-eabi/include/sys
 251              		.file 4 "Bsp/periph_gpio.h"
 252              		.file 5 "Dev/Dev_Toggle.h"
 253              		.file 6 "Dev/Dev_5DirButton.h"
 254              		.file 7 "Dev/Dev_Gimbal.h"
 255              		.file 8 "Bsp/periph_timer.h"
 256              		.file 9 "Drv/drv_timer.h"
 257              		.file 10 "Dev/Dev_Encoder.h"
 258              		.file 11 "App/Task_Input/SrvInput.h"
 259              		.file 12 "App/Task_Input/Input_IO_Def.h"
ARM GAS  /var/folders/lx/hc4sn_b53233_zkc9xbbl97r0000gp/T//cc92LpP9.s 			page 7


DEFINED SYMBOLS
                            *ABS*:0000000000000000 SrvInput.c
/var/folders/lx/hc4sn_b53233_zkc9xbbl97r0000gp/T//cc92LpP9.s:18     .text.SrvInput_Init:0000000000000000 $t
/var/folders/lx/hc4sn_b53233_zkc9xbbl97r0000gp/T//cc92LpP9.s:25     .text.SrvInput_Init:0000000000000000 SrvInput_Init
/var/folders/lx/hc4sn_b53233_zkc9xbbl97r0000gp/T//cc92LpP9.s:104    .text.SrvInput_Init:000000000000004c $d
/var/folders/lx/hc4sn_b53233_zkc9xbbl97r0000gp/T//cc92LpP9.s:114    .text.SrvInput_Update:0000000000000000 $t
/var/folders/lx/hc4sn_b53233_zkc9xbbl97r0000gp/T//cc92LpP9.s:120    .text.SrvInput_Update:0000000000000000 SrvInput_Update
/var/folders/lx/hc4sn_b53233_zkc9xbbl97r0000gp/T//cc92LpP9.s:170    .text.SrvInput_Update:0000000000000028 $d
/var/folders/lx/hc4sn_b53233_zkc9xbbl97r0000gp/T//cc92LpP9.s:177    .text.SrvInput_GetData:0000000000000000 $t
/var/folders/lx/hc4sn_b53233_zkc9xbbl97r0000gp/T//cc92LpP9.s:183    .text.SrvInput_GetData:0000000000000000 SrvInput_GetData
/var/folders/lx/hc4sn_b53233_zkc9xbbl97r0000gp/T//cc92LpP9.s:220    .text.SrvInput_GetData:000000000000002c $d
/var/folders/lx/hc4sn_b53233_zkc9xbbl97r0000gp/T//cc92LpP9.s:243    .data.InputObj:0000000000000000 InputObj
/var/folders/lx/hc4sn_b53233_zkc9xbbl97r0000gp/T//cc92LpP9.s:226    .bss.Encoder_Obj:0000000000000000 $d
/var/folders/lx/hc4sn_b53233_zkc9xbbl97r0000gp/T//cc92LpP9.s:230    .bss.Encoder_Obj:0000000000000000 Encoder_Obj
/var/folders/lx/hc4sn_b53233_zkc9xbbl97r0000gp/T//cc92LpP9.s:233    .bss.InputData:0000000000000000 $d
/var/folders/lx/hc4sn_b53233_zkc9xbbl97r0000gp/T//cc92LpP9.s:237    .bss.InputData:0000000000000000 InputData
/var/folders/lx/hc4sn_b53233_zkc9xbbl97r0000gp/T//cc92LpP9.s:240    .data.InputObj:0000000000000000 $d

UNDEFINED SYMBOLS
Encoder_A_Pin
Encoder_B_Pin
Encoder_Btn
DevEncoder
