ARM GAS  /tmp/ccIPJfL0.s 			page 1


   1              		.cpu cortex-m4
   2              		.eabi_attribute 27, 1
   3              		.eabi_attribute 28, 1
   4              		.eabi_attribute 20, 1
   5              		.eabi_attribute 21, 1
   6              		.eabi_attribute 23, 3
   7              		.eabi_attribute 24, 1
   8              		.eabi_attribute 25, 1
   9              		.eabi_attribute 26, 1
  10              		.eabi_attribute 30, 1
  11              		.eabi_attribute 34, 1
  12              		.eabi_attribute 18, 4
  13              		.file	"Task_Widget.c"
  14              		.text
  15              	.Ltext0:
  16              		.cfi_sections	.debug_frame
  17              		.section	.text.TaskWidget_Init,"ax",%progbits
  18              		.align	1
  19              		.arch armv7e-m
  20              		.syntax unified
  21              		.thumb
  22              		.thumb_func
  23              		.fpu fpv4-sp-d16
  25              	TaskWidget_Init:
  26              	.LFB3:
  27              		.file 1 "App/Task_Display/Task_Widget.c"
   1:App/Task_Display/Task_Widget.c **** #include "Task_Widget.h"
   2:App/Task_Display/Task_Widget.c **** #include "task_manager.h"
   3:App/Task_Display/Task_Widget.c **** #include "widget_mng.h"
   4:App/Task_Display/Task_Widget.c **** 
   5:App/Task_Display/Task_Widget.c **** /* internal variable */
   6:App/Task_Display/Task_Widget.c **** static TaskWidget_State_List TaskWidget_State = TaskWdiget_State_Init;
   7:App/Task_Display/Task_Widget.c **** static Widget_Handle test1;
   8:App/Task_Display/Task_Widget.c **** static Widget_Handle test2;
   9:App/Task_Display/Task_Widget.c **** static Widget_Handle test3;
  10:App/Task_Display/Task_Widget.c **** 
  11:App/Task_Display/Task_Widget.c **** /* external function definition */
  12:App/Task_Display/Task_Widget.c **** Task_Handler TaskWidget_Hdl = 0;
  13:App/Task_Display/Task_Widget.c **** 
  14:App/Task_Display/Task_Widget.c **** /* internal function definition */
  15:App/Task_Display/Task_Widget.c **** 
  16:App/Task_Display/Task_Widget.c **** static void TaskWidget_Init(void)
  17:App/Task_Display/Task_Widget.c **** {
  28              		.loc 1 17 1 view -0
  29              		.cfi_startproc
  30              		@ args = 0, pretend = 0, frame = 0
  31              		@ frame_needed = 0, uses_anonymous_args = 0
  32 0000 2DE9F043 		push	{r4, r5, r6, r7, r8, r9, lr}
  33              	.LCFI0:
  34              		.cfi_def_cfa_offset 28
  35              		.cfi_offset 4, -28
  36              		.cfi_offset 5, -24
  37              		.cfi_offset 6, -20
  38              		.cfi_offset 7, -16
  39              		.cfi_offset 8, -12
  40              		.cfi_offset 9, -8
  41              		.cfi_offset 14, -4
ARM GAS  /tmp/ccIPJfL0.s 			page 2


  42 0004 83B0     		sub	sp, sp, #12
  43              	.LCFI1:
  44              		.cfi_def_cfa_offset 40
  18:App/Task_Display/Task_Widget.c ****     Widget_Mng.set_freshFrq(Fresh_FRQ_50Hz);
  45              		.loc 1 18 5 view .LVU1
  46              		.loc 1 18 15 is_stmt 0 view .LVU2
  47 0006 314C     		ldr	r4, .L3
  48 0008 E368     		ldr	r3, [r4, #12]
  49              		.loc 1 18 5 view .LVU3
  50 000a 3220     		movs	r0, #50
  51 000c 9847     		blx	r3
  52              	.LVL0:
  19:App/Task_Display/Task_Widget.c **** 
  20:App/Task_Display/Task_Widget.c ****     test1 = Widget_Mng.Create(0, 0, 30, 20, "test1", true);
  53              		.loc 1 20 5 is_stmt 1 view .LVU4
  54              		.loc 1 20 23 is_stmt 0 view .LVU5
  55 000e 2568     		ldr	r5, [r4]
  56              		.loc 1 20 13 view .LVU6
  57 0010 0126     		movs	r6, #1
  58 0012 0196     		str	r6, [sp, #4]
  59 0014 2E4B     		ldr	r3, .L3+4
  60 0016 0093     		str	r3, [sp]
  61 0018 1423     		movs	r3, #20
  62 001a 1E22     		movs	r2, #30
  63 001c 0021     		movs	r1, #0
  64 001e 0846     		mov	r0, r1
  65 0020 A847     		blx	r5
  66              	.LVL1:
  67              		.loc 1 20 11 view .LVU7
  68 0022 DFF8C080 		ldr	r8, .L3+24
  69 0026 C8F80000 		str	r0, [r8]
  21:App/Task_Display/Task_Widget.c ****     test2 = Widget_Mng.Create(32, 0, 40, 20, "test2", true);
  70              		.loc 1 21 5 is_stmt 1 view .LVU8
  71              		.loc 1 21 23 is_stmt 0 view .LVU9
  72 002a 2568     		ldr	r5, [r4]
  73              		.loc 1 21 13 view .LVU10
  74 002c 0196     		str	r6, [sp, #4]
  75 002e 294B     		ldr	r3, .L3+8
  76 0030 0093     		str	r3, [sp]
  77 0032 1423     		movs	r3, #20
  78 0034 2822     		movs	r2, #40
  79 0036 0021     		movs	r1, #0
  80 0038 2020     		movs	r0, #32
  81 003a A847     		blx	r5
  82              	.LVL2:
  83              		.loc 1 21 11 view .LVU11
  84 003c 264F     		ldr	r7, .L3+12
  85 003e 3860     		str	r0, [r7]
  22:App/Task_Display/Task_Widget.c ****     test3 = Widget_Mng.Create(24, 30, 80, 20, "test3", true);
  86              		.loc 1 22 5 is_stmt 1 view .LVU12
  87              		.loc 1 22 23 is_stmt 0 view .LVU13
  88 0040 2568     		ldr	r5, [r4]
  89              		.loc 1 22 13 view .LVU14
  90 0042 0196     		str	r6, [sp, #4]
  91 0044 254B     		ldr	r3, .L3+16
  92 0046 0093     		str	r3, [sp]
  93 0048 1423     		movs	r3, #20
ARM GAS  /tmp/ccIPJfL0.s 			page 3


  94 004a 5022     		movs	r2, #80
  95 004c 1E21     		movs	r1, #30
  96 004e 1820     		movs	r0, #24
  97 0050 A847     		blx	r5
  98              	.LVL3:
  99              		.loc 1 22 11 view .LVU15
 100 0052 234D     		ldr	r5, .L3+20
 101 0054 2860     		str	r0, [r5]
  23:App/Task_Display/Task_Widget.c **** 
  24:App/Task_Display/Task_Widget.c ****     Widget_Mng.Control(test1)->Draw()->draw_char(Font_12, '1', 8, 2, false);
 102              		.loc 1 24 5 is_stmt 1 view .LVU16
 103              		.loc 1 24 15 is_stmt 0 view .LVU17
 104 0056 6368     		ldr	r3, [r4, #4]
 105              		.loc 1 24 5 view .LVU18
 106 0058 D8F80000 		ldr	r0, [r8]
 107 005c 9847     		blx	r3
 108              	.LVL4:
 109              		.loc 1 24 30 view .LVU19
 110 005e 0369     		ldr	r3, [r0, #16]
 111              		.loc 1 24 5 view .LVU20
 112 0060 9847     		blx	r3
 113              	.LVL5:
 114              		.loc 1 24 38 view .LVU21
 115 0062 D0F80890 		ldr	r9, [r0, #8]
 116              		.loc 1 24 5 view .LVU22
 117 0066 0026     		movs	r6, #0
 118 0068 0096     		str	r6, [sp]
 119 006a 0223     		movs	r3, #2
 120 006c 0822     		movs	r2, #8
 121 006e 3121     		movs	r1, #49
 122 0070 0C20     		movs	r0, #12
 123 0072 C847     		blx	r9
 124              	.LVL6:
  25:App/Task_Display/Task_Widget.c ****     Widget_Mng.Control(test1)->Show();
 125              		.loc 1 25 5 is_stmt 1 view .LVU23
 126              		.loc 1 25 15 is_stmt 0 view .LVU24
 127 0074 6368     		ldr	r3, [r4, #4]
 128              		.loc 1 25 5 view .LVU25
 129 0076 D8F80000 		ldr	r0, [r8]
 130 007a 9847     		blx	r3
 131              	.LVL7:
 132              		.loc 1 25 30 view .LVU26
 133 007c 0368     		ldr	r3, [r0]
 134              		.loc 1 25 5 view .LVU27
 135 007e 9847     		blx	r3
 136              	.LVL8:
  26:App/Task_Display/Task_Widget.c **** 
  27:App/Task_Display/Task_Widget.c ****     Widget_Mng.Control(test2)->Draw()->draw_char(Font_12, '2', 8, 2, false);
 137              		.loc 1 27 5 is_stmt 1 view .LVU28
 138              		.loc 1 27 15 is_stmt 0 view .LVU29
 139 0080 6368     		ldr	r3, [r4, #4]
 140              		.loc 1 27 5 view .LVU30
 141 0082 3868     		ldr	r0, [r7]
 142 0084 9847     		blx	r3
 143              	.LVL9:
 144              		.loc 1 27 30 view .LVU31
 145 0086 0369     		ldr	r3, [r0, #16]
ARM GAS  /tmp/ccIPJfL0.s 			page 4


 146              		.loc 1 27 5 view .LVU32
 147 0088 9847     		blx	r3
 148              	.LVL10:
 149              		.loc 1 27 38 view .LVU33
 150 008a D0F80880 		ldr	r8, [r0, #8]
 151              		.loc 1 27 5 view .LVU34
 152 008e 0096     		str	r6, [sp]
 153 0090 0223     		movs	r3, #2
 154 0092 0822     		movs	r2, #8
 155 0094 3221     		movs	r1, #50
 156 0096 0C20     		movs	r0, #12
 157 0098 C047     		blx	r8
 158              	.LVL11:
  28:App/Task_Display/Task_Widget.c ****     Widget_Mng.Control(test2)->Show();
 159              		.loc 1 28 5 is_stmt 1 view .LVU35
 160              		.loc 1 28 15 is_stmt 0 view .LVU36
 161 009a 6368     		ldr	r3, [r4, #4]
 162              		.loc 1 28 5 view .LVU37
 163 009c 3868     		ldr	r0, [r7]
 164 009e 9847     		blx	r3
 165              	.LVL12:
 166              		.loc 1 28 30 view .LVU38
 167 00a0 0368     		ldr	r3, [r0]
 168              		.loc 1 28 5 view .LVU39
 169 00a2 9847     		blx	r3
 170              	.LVL13:
  29:App/Task_Display/Task_Widget.c **** 
  30:App/Task_Display/Task_Widget.c ****     Widget_Mng.Control(test3)->Draw()->draw_char(Font_12, '3', 8, 2, false);
 171              		.loc 1 30 5 is_stmt 1 view .LVU40
 172              		.loc 1 30 15 is_stmt 0 view .LVU41
 173 00a4 6368     		ldr	r3, [r4, #4]
 174              		.loc 1 30 5 view .LVU42
 175 00a6 2868     		ldr	r0, [r5]
 176 00a8 9847     		blx	r3
 177              	.LVL14:
 178              		.loc 1 30 30 view .LVU43
 179 00aa 0369     		ldr	r3, [r0, #16]
 180              		.loc 1 30 5 view .LVU44
 181 00ac 9847     		blx	r3
 182              	.LVL15:
 183              		.loc 1 30 38 view .LVU45
 184 00ae 8768     		ldr	r7, [r0, #8]
 185              		.loc 1 30 5 view .LVU46
 186 00b0 0096     		str	r6, [sp]
 187 00b2 0223     		movs	r3, #2
 188 00b4 0822     		movs	r2, #8
 189 00b6 3321     		movs	r1, #51
 190 00b8 0C20     		movs	r0, #12
 191 00ba B847     		blx	r7
 192              	.LVL16:
  31:App/Task_Display/Task_Widget.c ****     Widget_Mng.Control(test3)->Show();
 193              		.loc 1 31 5 is_stmt 1 view .LVU47
 194              		.loc 1 31 15 is_stmt 0 view .LVU48
 195 00bc 6368     		ldr	r3, [r4, #4]
 196              		.loc 1 31 5 view .LVU49
 197 00be 2868     		ldr	r0, [r5]
 198 00c0 9847     		blx	r3
ARM GAS  /tmp/ccIPJfL0.s 			page 5


 199              	.LVL17:
 200              		.loc 1 31 30 view .LVU50
 201 00c2 0368     		ldr	r3, [r0]
 202              		.loc 1 31 5 view .LVU51
 203 00c4 9847     		blx	r3
 204              	.LVL18:
  32:App/Task_Display/Task_Widget.c **** }
 205              		.loc 1 32 1 view .LVU52
 206 00c6 03B0     		add	sp, sp, #12
 207              	.LCFI2:
 208              		.cfi_def_cfa_offset 28
 209              		@ sp needed
 210 00c8 BDE8F083 		pop	{r4, r5, r6, r7, r8, r9, pc}
 211              	.L4:
 212              		.align	2
 213              	.L3:
 214 00cc 00000000 		.word	Widget_Mng
 215 00d0 00000000 		.word	.LC0
 216 00d4 08000000 		.word	.LC1
 217 00d8 00000000 		.word	.LANCHOR1
 218 00dc 10000000 		.word	.LC2
 219 00e0 00000000 		.word	.LANCHOR2
 220 00e4 00000000 		.word	.LANCHOR0
 221              		.cfi_endproc
 222              	.LFE3:
 224              		.section	.text.TaskWidget_Core,"ax",%progbits
 225              		.align	1
 226              		.global	TaskWidget_Core
 227              		.syntax unified
 228              		.thumb
 229              		.thumb_func
 230              		.fpu fpv4-sp-d16
 232              	TaskWidget_Core:
 233              	.LVL19:
 234              	.LFB4:
  33:App/Task_Display/Task_Widget.c **** 
  34:App/Task_Display/Task_Widget.c **** void TaskWidget_Core(Task_Handler self)
  35:App/Task_Display/Task_Widget.c **** {
 235              		.loc 1 35 1 is_stmt 1 view -0
 236              		.cfi_startproc
 237              		@ args = 0, pretend = 0, frame = 0
 238              		@ frame_needed = 0, uses_anonymous_args = 0
 239              		.loc 1 35 1 is_stmt 0 view .LVU54
 240 0000 08B5     		push	{r3, lr}
 241              	.LCFI3:
 242              		.cfi_def_cfa_offset 8
 243              		.cfi_offset 3, -8
 244              		.cfi_offset 14, -4
  36:App/Task_Display/Task_Widget.c ****     switch ((uint8_t)TaskWidget_State)
 245              		.loc 1 36 5 is_stmt 1 view .LVU55
 246              		.loc 1 36 13 is_stmt 0 view .LVU56
 247 0002 114B     		ldr	r3, .L12
 248 0004 1B78     		ldrb	r3, [r3]	@ zero_extendqisi2
 249              		.loc 1 36 5 view .LVU57
 250 0006 012B     		cmp	r3, #1
 251 0008 0AD0     		beq	.L6
 252 000a 5AB2     		sxtb	r2, r3
ARM GAS  /tmp/ccIPJfL0.s 			page 6


 253 000c 12B1     		cbz	r2, .L7
 254 000e 022B     		cmp	r3, #2
 255 0010 12D0     		beq	.L8
 256              	.LVL20:
 257              	.L5:
  37:App/Task_Display/Task_Widget.c ****     {
  38:App/Task_Display/Task_Widget.c ****     case TaskWdiget_State_Init:
  39:App/Task_Display/Task_Widget.c ****         TaskWidget_Init();
  40:App/Task_Display/Task_Widget.c ****         TaskWidget_State = TaskWidget_State_CheckFresh;
  41:App/Task_Display/Task_Widget.c ****         break;
  42:App/Task_Display/Task_Widget.c **** 
  43:App/Task_Display/Task_Widget.c ****     case TaskWidget_State_CheckFresh:
  44:App/Task_Display/Task_Widget.c ****         if (Widget_Mng.trigger_fresh())
  45:App/Task_Display/Task_Widget.c ****         {
  46:App/Task_Display/Task_Widget.c ****             TaskWidget_State = TaskWidget_State_Fresh;
  47:App/Task_Display/Task_Widget.c ****         }
  48:App/Task_Display/Task_Widget.c ****         else
  49:App/Task_Display/Task_Widget.c ****             TaskWidget_State = TaskWidget_State_CheckFresh;
  50:App/Task_Display/Task_Widget.c ****         break;
  51:App/Task_Display/Task_Widget.c **** 
  52:App/Task_Display/Task_Widget.c ****     case TaskWidget_State_Fresh:
  53:App/Task_Display/Task_Widget.c ****         Widget_Mng.fresh_all();
  54:App/Task_Display/Task_Widget.c ****         TaskWidget_State = TaskWidget_State_CheckFresh;
  55:App/Task_Display/Task_Widget.c ****         break;
  56:App/Task_Display/Task_Widget.c ****     }
  57:App/Task_Display/Task_Widget.c **** }
 258              		.loc 1 57 1 view .LVU58
 259 0012 08BD     		pop	{r3, pc}
 260              	.LVL21:
 261              	.L7:
  39:App/Task_Display/Task_Widget.c ****         TaskWidget_State = TaskWidget_State_CheckFresh;
 262              		.loc 1 39 9 is_stmt 1 view .LVU59
 263 0014 FFF7FEFF 		bl	TaskWidget_Init
 264              	.LVL22:
  40:App/Task_Display/Task_Widget.c ****         break;
 265              		.loc 1 40 9 view .LVU60
  40:App/Task_Display/Task_Widget.c ****         break;
 266              		.loc 1 40 26 is_stmt 0 view .LVU61
 267 0018 0B4B     		ldr	r3, .L12
 268 001a 0122     		movs	r2, #1
 269 001c 1A70     		strb	r2, [r3]
  41:App/Task_Display/Task_Widget.c **** 
 270              		.loc 1 41 9 is_stmt 1 view .LVU62
 271 001e F8E7     		b	.L5
 272              	.LVL23:
 273              	.L6:
  44:App/Task_Display/Task_Widget.c ****         {
 274              		.loc 1 44 9 view .LVU63
  44:App/Task_Display/Task_Widget.c ****         {
 275              		.loc 1 44 23 is_stmt 0 view .LVU64
 276 0020 0A4B     		ldr	r3, .L12+4
 277 0022 1B69     		ldr	r3, [r3, #16]
  44:App/Task_Display/Task_Widget.c ****         {
 278              		.loc 1 44 13 view .LVU65
 279 0024 9847     		blx	r3
 280              	.LVL24:
  44:App/Task_Display/Task_Widget.c ****         {
ARM GAS  /tmp/ccIPJfL0.s 			page 7


 281              		.loc 1 44 12 view .LVU66
 282 0026 18B1     		cbz	r0, .L10
  46:App/Task_Display/Task_Widget.c ****         }
 283              		.loc 1 46 13 is_stmt 1 view .LVU67
  46:App/Task_Display/Task_Widget.c ****         }
 284              		.loc 1 46 30 is_stmt 0 view .LVU68
 285 0028 074B     		ldr	r3, .L12
 286 002a 0222     		movs	r2, #2
 287 002c 1A70     		strb	r2, [r3]
 288 002e F0E7     		b	.L5
 289              	.L10:
  49:App/Task_Display/Task_Widget.c ****         break;
 290              		.loc 1 49 13 is_stmt 1 view .LVU69
  49:App/Task_Display/Task_Widget.c ****         break;
 291              		.loc 1 49 30 is_stmt 0 view .LVU70
 292 0030 054B     		ldr	r3, .L12
 293 0032 0122     		movs	r2, #1
 294 0034 1A70     		strb	r2, [r3]
 295 0036 ECE7     		b	.L5
 296              	.LVL25:
 297              	.L8:
  53:App/Task_Display/Task_Widget.c ****         TaskWidget_State = TaskWidget_State_CheckFresh;
 298              		.loc 1 53 9 is_stmt 1 view .LVU71
  53:App/Task_Display/Task_Widget.c ****         TaskWidget_State = TaskWidget_State_CheckFresh;
 299              		.loc 1 53 19 is_stmt 0 view .LVU72
 300 0038 044B     		ldr	r3, .L12+4
 301 003a 5B69     		ldr	r3, [r3, #20]
  53:App/Task_Display/Task_Widget.c ****         TaskWidget_State = TaskWidget_State_CheckFresh;
 302              		.loc 1 53 9 view .LVU73
 303 003c 9847     		blx	r3
 304              	.LVL26:
  54:App/Task_Display/Task_Widget.c ****         break;
 305              		.loc 1 54 9 is_stmt 1 view .LVU74
  54:App/Task_Display/Task_Widget.c ****         break;
 306              		.loc 1 54 26 is_stmt 0 view .LVU75
 307 003e 024B     		ldr	r3, .L12
 308 0040 0122     		movs	r2, #1
 309 0042 1A70     		strb	r2, [r3]
  55:App/Task_Display/Task_Widget.c ****     }
 310              		.loc 1 55 9 is_stmt 1 view .LVU76
 311              		.loc 1 57 1 is_stmt 0 view .LVU77
 312 0044 E5E7     		b	.L5
 313              	.L13:
 314 0046 00BF     		.align	2
 315              	.L12:
 316 0048 00000000 		.word	.LANCHOR3
 317 004c 00000000 		.word	Widget_Mng
 318              		.cfi_endproc
 319              	.LFE4:
 321              		.global	TaskWidget_Hdl
 322              		.section	.bss.TaskWidget_Hdl,"aw",%nobits
 323              		.align	2
 326              	TaskWidget_Hdl:
 327 0000 00000000 		.space	4
 328              		.section	.bss.TaskWidget_State,"aw",%nobits
 329              		.set	.LANCHOR3,. + 0
 332              	TaskWidget_State:
ARM GAS  /tmp/ccIPJfL0.s 			page 8


 333 0000 00       		.space	1
 334              		.section	.bss.test1,"aw",%nobits
 335              		.align	2
 336              		.set	.LANCHOR0,. + 0
 339              	test1:
 340 0000 00000000 		.space	4
 341              		.section	.bss.test2,"aw",%nobits
 342              		.align	2
 343              		.set	.LANCHOR1,. + 0
 346              	test2:
 347 0000 00000000 		.space	4
 348              		.section	.bss.test3,"aw",%nobits
 349              		.align	2
 350              		.set	.LANCHOR2,. + 0
 353              	test3:
 354 0000 00000000 		.space	4
 355              		.section	.rodata.TaskWidget_Init.str1.4,"aMS",%progbits,1
 356              		.align	2
 357              	.LC0:
 358 0000 74657374 		.ascii	"test1\000"
 358      3100
 359 0006 0000     		.space	2
 360              	.LC1:
 361 0008 74657374 		.ascii	"test2\000"
 361      3200
 362 000e 0000     		.space	2
 363              	.LC2:
 364 0010 74657374 		.ascii	"test3\000"
 364      3300
 365              		.text
 366              	.Letext0:
 367              		.file 2 "/home/bt0/stm32/compile-tool/gcc-arm-none-eabi-8-2018-q4-major-linux/gcc-arm-none-eabi-8-
 368              		.file 3 "/home/bt0/stm32/compile-tool/gcc-arm-none-eabi-8-2018-q4-major-linux/gcc-arm-none-eabi-8-
 369              		.file 4 "/home/bt0/stm32/compile-tool/gcc-arm-none-eabi-8-2018-q4-major-linux/gcc-arm-none-eabi-8-
 370              		.file 5 "/home/bt0/stm32/compile-tool/gcc-arm-none-eabi-8-2018-q4-major-linux/gcc-arm-none-eabi-8-
 371              		.file 6 "/home/bt0/stm32/compile-tool/gcc-arm-none-eabi-8-2018-q4-major-linux/gcc-arm-none-eabi-8-
 372              		.file 7 "/home/bt0/stm32/compile-tool/gcc-arm-none-eabi-8-2018-q4-major-linux/gcc-arm-none-eabi-8-
 373              		.file 8 "/home/bt0/stm32/compile-tool/gcc-arm-none-eabi-8-2018-q4-major-linux/gcc-arm-none-eabi-8-
 374              		.file 9 "SYS/task_manager/task_manager.h"
 375              		.file 10 "App/Task_Display/Task_Widget.h"
 376              		.file 11 "Dsp/screen/font/oledfont.h"
 377              		.file 12 "Dsp/widget/wgt_core/GenDsp.h"
 378              		.file 13 "Dsp/widget/wgt_core/widget_mng.h"
ARM GAS  /tmp/ccIPJfL0.s 			page 9


DEFINED SYMBOLS
                            *ABS*:0000000000000000 Task_Widget.c
     /tmp/ccIPJfL0.s:18     .text.TaskWidget_Init:0000000000000000 $t
     /tmp/ccIPJfL0.s:25     .text.TaskWidget_Init:0000000000000000 TaskWidget_Init
     /tmp/ccIPJfL0.s:214    .text.TaskWidget_Init:00000000000000cc $d
     /tmp/ccIPJfL0.s:225    .text.TaskWidget_Core:0000000000000000 $t
     /tmp/ccIPJfL0.s:232    .text.TaskWidget_Core:0000000000000000 TaskWidget_Core
     /tmp/ccIPJfL0.s:316    .text.TaskWidget_Core:0000000000000048 $d
     /tmp/ccIPJfL0.s:326    .bss.TaskWidget_Hdl:0000000000000000 TaskWidget_Hdl
     /tmp/ccIPJfL0.s:323    .bss.TaskWidget_Hdl:0000000000000000 $d
     /tmp/ccIPJfL0.s:332    .bss.TaskWidget_State:0000000000000000 TaskWidget_State
     /tmp/ccIPJfL0.s:333    .bss.TaskWidget_State:0000000000000000 $d
     /tmp/ccIPJfL0.s:335    .bss.test1:0000000000000000 $d
     /tmp/ccIPJfL0.s:339    .bss.test1:0000000000000000 test1
     /tmp/ccIPJfL0.s:342    .bss.test2:0000000000000000 $d
     /tmp/ccIPJfL0.s:346    .bss.test2:0000000000000000 test2
     /tmp/ccIPJfL0.s:349    .bss.test3:0000000000000000 $d
     /tmp/ccIPJfL0.s:353    .bss.test3:0000000000000000 test3
     /tmp/ccIPJfL0.s:356    .rodata.TaskWidget_Init.str1.4:0000000000000000 $d

UNDEFINED SYMBOLS
Widget_Mng
