ARM GAS  /var/folders/lx/hc4sn_b53233_zkc9xbbl97r0000gp/T//ccYu0p68.s 			page 1


   1              		.cpu cortex-m4
   2              		.eabi_attribute 27, 1
   3              		.eabi_attribute 28, 1
   4              		.eabi_attribute 20, 1
   5              		.eabi_attribute 21, 1
   6              		.eabi_attribute 23, 3
   7              		.eabi_attribute 24, 1
   8              		.eabi_attribute 25, 1
   9              		.eabi_attribute 26, 1
  10              		.eabi_attribute 30, 1
  11              		.eabi_attribute 34, 1
  12              		.eabi_attribute 18, 4
  13              		.file	"usbd_cdc_vcp.c"
  14              		.text
  15              	.Ltext0:
  16              		.cfi_sections	.debug_frame
  17              		.section	.text.VCP_Init,"ax",%progbits
  18              		.align	1
  19              		.arch armv7e-m
  20              		.syntax unified
  21              		.thumb
  22              		.thumb_func
  23              		.fpu fpv4-sp-d16
  25              	VCP_Init:
  26              	.LFB126:
  27              		.file 1 "USB/core/usbd_cdc_vcp.c"
   1:USB/core/usbd_cdc_vcp.c **** /**
   2:USB/core/usbd_cdc_vcp.c ****   ******************************************************************************
   3:USB/core/usbd_cdc_vcp.c ****   * @file    usbd_cdc_vcp.c
   4:USB/core/usbd_cdc_vcp.c ****   * @author  MCD Application Team
   5:USB/core/usbd_cdc_vcp.c ****   * @version V1.1.0
   6:USB/core/usbd_cdc_vcp.c ****   * @date    19-March-2012
   7:USB/core/usbd_cdc_vcp.c ****   * @brief   Generic media access Layer.
   8:USB/core/usbd_cdc_vcp.c ****   ******************************************************************************
   9:USB/core/usbd_cdc_vcp.c ****   * @attention
  10:USB/core/usbd_cdc_vcp.c ****   *
  11:USB/core/usbd_cdc_vcp.c ****   * <h2><center>&copy; COPYRIGHT 2012 STMicroelectronics</center></h2>
  12:USB/core/usbd_cdc_vcp.c ****   *
  13:USB/core/usbd_cdc_vcp.c ****   * Licensed under MCD-ST Liberty SW License Agreement V2, (the "License");
  14:USB/core/usbd_cdc_vcp.c ****   * You may not use this file except in compliance with the License.
  15:USB/core/usbd_cdc_vcp.c ****   * You may obtain a copy of the License at:
  16:USB/core/usbd_cdc_vcp.c ****   *
  17:USB/core/usbd_cdc_vcp.c ****   *        http://www.st.com/software_license_agreement_liberty_v2
  18:USB/core/usbd_cdc_vcp.c ****   *
  19:USB/core/usbd_cdc_vcp.c ****   * Unless required by applicable law or agreed to in writing, software 
  20:USB/core/usbd_cdc_vcp.c ****   * distributed under the License is distributed on an "AS IS" BASIS, 
  21:USB/core/usbd_cdc_vcp.c ****   * WITHOUT WARRANTIES OR CONDITIONS OF ANY KIND, either express or implied.
  22:USB/core/usbd_cdc_vcp.c ****   * See the License for the specific language governing permissions and
  23:USB/core/usbd_cdc_vcp.c ****   * limitations under the License.
  24:USB/core/usbd_cdc_vcp.c ****   *
  25:USB/core/usbd_cdc_vcp.c ****   ******************************************************************************
  26:USB/core/usbd_cdc_vcp.c ****   */ 
  27:USB/core/usbd_cdc_vcp.c **** 
  28:USB/core/usbd_cdc_vcp.c **** /* Includes ------------------------------------------------------------------*/
  29:USB/core/usbd_cdc_vcp.c **** #include "usbd_cdc_vcp.h"
  30:USB/core/usbd_cdc_vcp.c **** #include "usb_conf.h"
  31:USB/core/usbd_cdc_vcp.c **** 
ARM GAS  /var/folders/lx/hc4sn_b53233_zkc9xbbl97r0000gp/T//ccYu0p68.s 			page 2


  32:USB/core/usbd_cdc_vcp.c **** #include "usb_core.h"
  33:USB/core/usbd_cdc_vcp.c **** #include "usbd_core.h"
  34:USB/core/usbd_cdc_vcp.c **** 
  35:USB/core/usbd_cdc_vcp.c **** #include "usbd_cdc_core.h"
  36:USB/core/usbd_cdc_vcp.c **** 
  37:USB/core/usbd_cdc_vcp.c **** #include "tm_stm32f4_usb_vcp.h"
  38:USB/core/usbd_cdc_vcp.c **** 
  39:USB/core/usbd_cdc_vcp.c **** /* Private typedef -----------------------------------------------------------*/
  40:USB/core/usbd_cdc_vcp.c **** /* Private define ------------------------------------------------------------*/
  41:USB/core/usbd_cdc_vcp.c **** /* Private macro -------------------------------------------------------------*/
  42:USB/core/usbd_cdc_vcp.c **** /* Private variables ---------------------------------------------------------*/
  43:USB/core/usbd_cdc_vcp.c **** /* Private function prototypes -----------------------------------------------*/
  44:USB/core/usbd_cdc_vcp.c **** extern USB_OTG_CORE_HANDLE           USB_OTG_dev;
  45:USB/core/usbd_cdc_vcp.c **** 
  46:USB/core/usbd_cdc_vcp.c **** /* Private typedef -----------------------------------------------------------*/
  47:USB/core/usbd_cdc_vcp.c **** /* Private define ------------------------------------------------------------*/
  48:USB/core/usbd_cdc_vcp.c **** /* Private macro -------------------------------------------------------------*/
  49:USB/core/usbd_cdc_vcp.c **** /* Private variables ---------------------------------------------------------*/
  50:USB/core/usbd_cdc_vcp.c **** LINE_CODING linecoding = {
  51:USB/core/usbd_cdc_vcp.c **** 	115200, /* baud rate */
  52:USB/core/usbd_cdc_vcp.c **** 	0x00,   /* stop bits-1 */
  53:USB/core/usbd_cdc_vcp.c **** 	0x00,   /* parity - none */
  54:USB/core/usbd_cdc_vcp.c **** 	0x08,   /* nb. of bits 8 */
  55:USB/core/usbd_cdc_vcp.c **** 	1		/* Changed flag */
  56:USB/core/usbd_cdc_vcp.c **** };
  57:USB/core/usbd_cdc_vcp.c **** 
  58:USB/core/usbd_cdc_vcp.c **** /* These are external variables imported from CDC core to be used for IN 
  59:USB/core/usbd_cdc_vcp.c ****    transfer management. */
  60:USB/core/usbd_cdc_vcp.c **** extern uint8_t  APP_Rx_Buffer []; /* Write CDC received data in this buffer.
  61:USB/core/usbd_cdc_vcp.c ****                                      These data will be sent over USB IN endpoint
  62:USB/core/usbd_cdc_vcp.c ****                                      in the CDC core functions. */
  63:USB/core/usbd_cdc_vcp.c **** extern uint32_t APP_Rx_ptr_in;    /* Increment this pointer or roll it back to
  64:USB/core/usbd_cdc_vcp.c ****                                      start address when writing received data
  65:USB/core/usbd_cdc_vcp.c ****                                      in the buffer APP_Rx_Buffer. */
  66:USB/core/usbd_cdc_vcp.c **** 
  67:USB/core/usbd_cdc_vcp.c **** /* Private function prototypes -----------------------------------------------*/
  68:USB/core/usbd_cdc_vcp.c **** static uint16_t VCP_Init     (void);
  69:USB/core/usbd_cdc_vcp.c **** static uint16_t VCP_DeInit   (void);
  70:USB/core/usbd_cdc_vcp.c **** static uint16_t VCP_Ctrl     (uint32_t Cmd, uint8_t* Buf, uint32_t Len);
  71:USB/core/usbd_cdc_vcp.c **** //static uint16_t VCP_COMConfig(uint8_t Conf);
  72:USB/core/usbd_cdc_vcp.c **** 
  73:USB/core/usbd_cdc_vcp.c **** CDC_IF_Prop_TypeDef VCP_fops = 
  74:USB/core/usbd_cdc_vcp.c **** {
  75:USB/core/usbd_cdc_vcp.c ****   VCP_Init,
  76:USB/core/usbd_cdc_vcp.c ****   VCP_DeInit,
  77:USB/core/usbd_cdc_vcp.c ****   VCP_Ctrl,
  78:USB/core/usbd_cdc_vcp.c ****   VCP_DataTx,
  79:USB/core/usbd_cdc_vcp.c ****   VCP_DataRx
  80:USB/core/usbd_cdc_vcp.c **** };
  81:USB/core/usbd_cdc_vcp.c **** 
  82:USB/core/usbd_cdc_vcp.c **** /* Private functions ---------------------------------------------------------*/
  83:USB/core/usbd_cdc_vcp.c **** /**
  84:USB/core/usbd_cdc_vcp.c ****   * @brief  VCP_Init
  85:USB/core/usbd_cdc_vcp.c ****   *         Initializes the Media on the STM32
  86:USB/core/usbd_cdc_vcp.c ****   * @param  None
  87:USB/core/usbd_cdc_vcp.c ****   * @retval Result of the opeartion (USBD_OK in all cases)
  88:USB/core/usbd_cdc_vcp.c ****   */
ARM GAS  /var/folders/lx/hc4sn_b53233_zkc9xbbl97r0000gp/T//ccYu0p68.s 			page 3


  89:USB/core/usbd_cdc_vcp.c **** static uint16_t VCP_Init(void) {
  28              		.loc 1 89 32 view -0
  29              		.cfi_startproc
  30              		@ args = 0, pretend = 0, frame = 0
  31              		@ frame_needed = 0, uses_anonymous_args = 0
  32              		@ link register save eliminated.
  90:USB/core/usbd_cdc_vcp.c ****   return USBD_OK;
  33              		.loc 1 90 3 view .LVU1
  91:USB/core/usbd_cdc_vcp.c **** }
  34              		.loc 1 91 1 is_stmt 0 view .LVU2
  35 0000 0020     		movs	r0, #0
  36 0002 7047     		bx	lr
  37              		.cfi_endproc
  38              	.LFE126:
  40              		.section	.text.VCP_DeInit,"ax",%progbits
  41              		.align	1
  42              		.syntax unified
  43              		.thumb
  44              		.thumb_func
  45              		.fpu fpv4-sp-d16
  47              	VCP_DeInit:
  48              	.LFB127:
  92:USB/core/usbd_cdc_vcp.c **** 
  93:USB/core/usbd_cdc_vcp.c **** /**
  94:USB/core/usbd_cdc_vcp.c ****   * @brief  VCP_DeInit
  95:USB/core/usbd_cdc_vcp.c ****   *         DeInitializes the Media on the STM32
  96:USB/core/usbd_cdc_vcp.c ****   * @param  None
  97:USB/core/usbd_cdc_vcp.c ****   * @retval Result of the opeartion (USBD_OK in all cases)
  98:USB/core/usbd_cdc_vcp.c ****   */
  99:USB/core/usbd_cdc_vcp.c **** static uint16_t VCP_DeInit(void) {
  49              		.loc 1 99 34 is_stmt 1 view -0
  50              		.cfi_startproc
  51              		@ args = 0, pretend = 0, frame = 0
  52              		@ frame_needed = 0, uses_anonymous_args = 0
  53              		@ link register save eliminated.
 100:USB/core/usbd_cdc_vcp.c ****   return USBD_OK;
  54              		.loc 1 100 3 view .LVU4
 101:USB/core/usbd_cdc_vcp.c **** }
  55              		.loc 1 101 1 is_stmt 0 view .LVU5
  56 0000 0020     		movs	r0, #0
  57 0002 7047     		bx	lr
  58              		.cfi_endproc
  59              	.LFE127:
  61              		.section	.text.VCP_Ctrl,"ax",%progbits
  62              		.align	1
  63              		.syntax unified
  64              		.thumb
  65              		.thumb_func
  66              		.fpu fpv4-sp-d16
  68              	VCP_Ctrl:
  69              	.LVL0:
  70              	.LFB128:
 102:USB/core/usbd_cdc_vcp.c **** 
 103:USB/core/usbd_cdc_vcp.c **** 
 104:USB/core/usbd_cdc_vcp.c **** /**
 105:USB/core/usbd_cdc_vcp.c ****   * @brief  VCP_Ctrl
 106:USB/core/usbd_cdc_vcp.c ****   *         Manage the CDC class requests
ARM GAS  /var/folders/lx/hc4sn_b53233_zkc9xbbl97r0000gp/T//ccYu0p68.s 			page 4


 107:USB/core/usbd_cdc_vcp.c ****   * @param  Cmd: Command code            
 108:USB/core/usbd_cdc_vcp.c ****   * @param  Buf: Buffer containing command data (request parameters)
 109:USB/core/usbd_cdc_vcp.c ****   * @param  Len: Number of data to be sent (in bytes)
 110:USB/core/usbd_cdc_vcp.c ****   * @retval Result of the opeartion (USBD_OK in all cases)
 111:USB/core/usbd_cdc_vcp.c ****   */
 112:USB/core/usbd_cdc_vcp.c **** static uint16_t VCP_Ctrl (uint32_t Cmd, uint8_t* Buf, uint32_t Len)
 113:USB/core/usbd_cdc_vcp.c **** { /*
  71              		.loc 1 113 1 is_stmt 1 view -0
  72              		.cfi_startproc
  73              		@ args = 0, pretend = 0, frame = 0
  74              		@ frame_needed = 0, uses_anonymous_args = 0
  75              		@ link register save eliminated.
 114:USB/core/usbd_cdc_vcp.c **** 	int i;
 115:USB/core/usbd_cdc_vcp.c **** 	printf("Command: 0x%02X: ", Cmd);
 116:USB/core/usbd_cdc_vcp.c **** 	for (i = 0; i < Len; i++) {
 117:USB/core/usbd_cdc_vcp.c **** 		printf("0x%02X ", Buf[i]);
 118:USB/core/usbd_cdc_vcp.c **** 	}
 119:USB/core/usbd_cdc_vcp.c **** 	printf("\n");
 120:USB/core/usbd_cdc_vcp.c **** 	*/
 121:USB/core/usbd_cdc_vcp.c ****   switch (Cmd)
  76              		.loc 1 121 3 view .LVU7
  77 0000 2028     		cmp	r0, #32
  78 0002 03D0     		beq	.L4
  79 0004 2128     		cmp	r0, #33
  80 0006 16D0     		beq	.L5
  81              	.LVL1:
  82              	.L6:
 122:USB/core/usbd_cdc_vcp.c ****   {
 123:USB/core/usbd_cdc_vcp.c ****   case SEND_ENCAPSULATED_COMMAND:
 124:USB/core/usbd_cdc_vcp.c ****     /* Not  needed for this driver */
 125:USB/core/usbd_cdc_vcp.c ****     break;
 126:USB/core/usbd_cdc_vcp.c **** 
 127:USB/core/usbd_cdc_vcp.c ****   case GET_ENCAPSULATED_RESPONSE:
 128:USB/core/usbd_cdc_vcp.c ****     /* Not  needed for this driver */
 129:USB/core/usbd_cdc_vcp.c ****     break;
 130:USB/core/usbd_cdc_vcp.c **** 
 131:USB/core/usbd_cdc_vcp.c ****   case SET_COMM_FEATURE:
 132:USB/core/usbd_cdc_vcp.c ****     /* Not  needed for this driver */
 133:USB/core/usbd_cdc_vcp.c ****     break;
 134:USB/core/usbd_cdc_vcp.c **** 
 135:USB/core/usbd_cdc_vcp.c ****   case GET_COMM_FEATURE:
 136:USB/core/usbd_cdc_vcp.c ****     /* Not  needed for this driver */
 137:USB/core/usbd_cdc_vcp.c ****     break;
 138:USB/core/usbd_cdc_vcp.c **** 
 139:USB/core/usbd_cdc_vcp.c ****   case CLEAR_COMM_FEATURE:
 140:USB/core/usbd_cdc_vcp.c ****     /* Not  needed for this driver */
 141:USB/core/usbd_cdc_vcp.c ****     break;
 142:USB/core/usbd_cdc_vcp.c **** 
 143:USB/core/usbd_cdc_vcp.c ****   case SET_LINE_CODING:
 144:USB/core/usbd_cdc_vcp.c ****     linecoding.bitrate = (uint32_t)(Buf[0] | (Buf[1] << 8) | (Buf[2] << 16) | (Buf[3] << 24));
 145:USB/core/usbd_cdc_vcp.c ****     linecoding.format = Buf[4];
 146:USB/core/usbd_cdc_vcp.c ****     linecoding.paritytype = Buf[5];
 147:USB/core/usbd_cdc_vcp.c ****     linecoding.datatype = Buf[6];
 148:USB/core/usbd_cdc_vcp.c **** 	linecoding.changed = 1;
 149:USB/core/usbd_cdc_vcp.c ****   
 150:USB/core/usbd_cdc_vcp.c ****     //VCP_COMConfig(OTHER_CONFIG);
 151:USB/core/usbd_cdc_vcp.c ****     break;
ARM GAS  /var/folders/lx/hc4sn_b53233_zkc9xbbl97r0000gp/T//ccYu0p68.s 			page 5


 152:USB/core/usbd_cdc_vcp.c **** 
 153:USB/core/usbd_cdc_vcp.c ****   case GET_LINE_CODING:
 154:USB/core/usbd_cdc_vcp.c ****     Buf[0] = (uint8_t)(linecoding.bitrate);
 155:USB/core/usbd_cdc_vcp.c ****     Buf[1] = (uint8_t)(linecoding.bitrate >> 8);
 156:USB/core/usbd_cdc_vcp.c ****     Buf[2] = (uint8_t)(linecoding.bitrate >> 16);
 157:USB/core/usbd_cdc_vcp.c ****     Buf[3] = (uint8_t)(linecoding.bitrate >> 24);
 158:USB/core/usbd_cdc_vcp.c ****     Buf[4] = linecoding.format;
 159:USB/core/usbd_cdc_vcp.c ****     Buf[5] = linecoding.paritytype;
 160:USB/core/usbd_cdc_vcp.c ****     Buf[6] = linecoding.datatype; 
 161:USB/core/usbd_cdc_vcp.c ****     break;
 162:USB/core/usbd_cdc_vcp.c **** 
 163:USB/core/usbd_cdc_vcp.c ****   case SET_CONTROL_LINE_STATE:
 164:USB/core/usbd_cdc_vcp.c **** 	//printf("Set control line state\n");
 165:USB/core/usbd_cdc_vcp.c ****     /* Not  needed for this driver */
 166:USB/core/usbd_cdc_vcp.c ****     break;
 167:USB/core/usbd_cdc_vcp.c **** 
 168:USB/core/usbd_cdc_vcp.c ****   case SEND_BREAK:
 169:USB/core/usbd_cdc_vcp.c ****     /* Not  needed for this driver */
 170:USB/core/usbd_cdc_vcp.c ****     break;    
 171:USB/core/usbd_cdc_vcp.c ****     
 172:USB/core/usbd_cdc_vcp.c ****   default:
 173:USB/core/usbd_cdc_vcp.c ****     break;
 174:USB/core/usbd_cdc_vcp.c ****   }
 175:USB/core/usbd_cdc_vcp.c **** 
 176:USB/core/usbd_cdc_vcp.c ****   return USBD_OK;
  83              		.loc 1 176 3 view .LVU8
 177:USB/core/usbd_cdc_vcp.c **** }
  84              		.loc 1 177 1 is_stmt 0 view .LVU9
  85 0008 0020     		movs	r0, #0
  86              	.LVL2:
  87              		.loc 1 177 1 view .LVU10
  88 000a 7047     		bx	lr
  89              	.LVL3:
  90              	.L4:
 144:USB/core/usbd_cdc_vcp.c ****     linecoding.format = Buf[4];
  91              		.loc 1 144 5 is_stmt 1 view .LVU11
 144:USB/core/usbd_cdc_vcp.c ****     linecoding.format = Buf[4];
  92              		.loc 1 144 40 is_stmt 0 view .LVU12
  93 000c 0B78     		ldrb	r3, [r1]	@ zero_extendqisi2
 144:USB/core/usbd_cdc_vcp.c ****     linecoding.format = Buf[4];
  94              		.loc 1 144 50 view .LVU13
  95 000e 4A78     		ldrb	r2, [r1, #1]	@ zero_extendqisi2
  96              	.LVL4:
 144:USB/core/usbd_cdc_vcp.c ****     linecoding.format = Buf[4];
  97              		.loc 1 144 44 view .LVU14
  98 0010 43EA0223 		orr	r3, r3, r2, lsl #8
 144:USB/core/usbd_cdc_vcp.c ****     linecoding.format = Buf[4];
  99              		.loc 1 144 66 view .LVU15
 100 0014 8A78     		ldrb	r2, [r1, #2]	@ zero_extendqisi2
 144:USB/core/usbd_cdc_vcp.c ****     linecoding.format = Buf[4];
 101              		.loc 1 144 60 view .LVU16
 102 0016 43EA0243 		orr	r3, r3, r2, lsl #16
 144:USB/core/usbd_cdc_vcp.c ****     linecoding.format = Buf[4];
 103              		.loc 1 144 83 view .LVU17
 104 001a CA78     		ldrb	r2, [r1, #3]	@ zero_extendqisi2
 144:USB/core/usbd_cdc_vcp.c ****     linecoding.format = Buf[4];
 105              		.loc 1 144 77 view .LVU18
ARM GAS  /var/folders/lx/hc4sn_b53233_zkc9xbbl97r0000gp/T//ccYu0p68.s 			page 6


 106 001c 43EA0263 		orr	r3, r3, r2, lsl #24
 144:USB/core/usbd_cdc_vcp.c ****     linecoding.format = Buf[4];
 107              		.loc 1 144 24 view .LVU19
 108 0020 0D4A     		ldr	r2, .L7
 109 0022 1360     		str	r3, [r2]
 145:USB/core/usbd_cdc_vcp.c ****     linecoding.paritytype = Buf[5];
 110              		.loc 1 145 5 is_stmt 1 view .LVU20
 145:USB/core/usbd_cdc_vcp.c ****     linecoding.paritytype = Buf[5];
 111              		.loc 1 145 23 is_stmt 0 view .LVU21
 112 0024 0B79     		ldrb	r3, [r1, #4]	@ zero_extendqisi2
 113 0026 1371     		strb	r3, [r2, #4]
 146:USB/core/usbd_cdc_vcp.c ****     linecoding.datatype = Buf[6];
 114              		.loc 1 146 5 is_stmt 1 view .LVU22
 146:USB/core/usbd_cdc_vcp.c ****     linecoding.datatype = Buf[6];
 115              		.loc 1 146 27 is_stmt 0 view .LVU23
 116 0028 4B79     		ldrb	r3, [r1, #5]	@ zero_extendqisi2
 117 002a 5371     		strb	r3, [r2, #5]
 147:USB/core/usbd_cdc_vcp.c **** 	linecoding.changed = 1;
 118              		.loc 1 147 5 is_stmt 1 view .LVU24
 147:USB/core/usbd_cdc_vcp.c **** 	linecoding.changed = 1;
 119              		.loc 1 147 25 is_stmt 0 view .LVU25
 120 002c 8B79     		ldrb	r3, [r1, #6]	@ zero_extendqisi2
 121 002e 9371     		strb	r3, [r2, #6]
 148:USB/core/usbd_cdc_vcp.c ****   
 122              		.loc 1 148 2 is_stmt 1 view .LVU26
 148:USB/core/usbd_cdc_vcp.c ****   
 123              		.loc 1 148 21 is_stmt 0 view .LVU27
 124 0030 0123     		movs	r3, #1
 125 0032 D371     		strb	r3, [r2, #7]
 151:USB/core/usbd_cdc_vcp.c **** 
 126              		.loc 1 151 5 is_stmt 1 view .LVU28
 127 0034 E8E7     		b	.L6
 128              	.LVL5:
 129              	.L5:
 154:USB/core/usbd_cdc_vcp.c ****     Buf[1] = (uint8_t)(linecoding.bitrate >> 8);
 130              		.loc 1 154 5 view .LVU29
 154:USB/core/usbd_cdc_vcp.c ****     Buf[1] = (uint8_t)(linecoding.bitrate >> 8);
 131              		.loc 1 154 34 is_stmt 0 view .LVU30
 132 0036 084B     		ldr	r3, .L7
 154:USB/core/usbd_cdc_vcp.c ****     Buf[1] = (uint8_t)(linecoding.bitrate >> 8);
 133              		.loc 1 154 14 view .LVU31
 134 0038 1A78     		ldrb	r2, [r3]	@ zero_extendqisi2
 135              	.LVL6:
 154:USB/core/usbd_cdc_vcp.c ****     Buf[1] = (uint8_t)(linecoding.bitrate >> 8);
 136              		.loc 1 154 12 view .LVU32
 137 003a 0A70     		strb	r2, [r1]
 155:USB/core/usbd_cdc_vcp.c ****     Buf[2] = (uint8_t)(linecoding.bitrate >> 16);
 138              		.loc 1 155 5 is_stmt 1 view .LVU33
 155:USB/core/usbd_cdc_vcp.c ****     Buf[2] = (uint8_t)(linecoding.bitrate >> 16);
 139              		.loc 1 155 14 is_stmt 0 view .LVU34
 140 003c 5A78     		ldrb	r2, [r3, #1]	@ zero_extendqisi2
 155:USB/core/usbd_cdc_vcp.c ****     Buf[2] = (uint8_t)(linecoding.bitrate >> 16);
 141              		.loc 1 155 12 view .LVU35
 142 003e 4A70     		strb	r2, [r1, #1]
 156:USB/core/usbd_cdc_vcp.c ****     Buf[3] = (uint8_t)(linecoding.bitrate >> 24);
 143              		.loc 1 156 5 is_stmt 1 view .LVU36
 156:USB/core/usbd_cdc_vcp.c ****     Buf[3] = (uint8_t)(linecoding.bitrate >> 24);
ARM GAS  /var/folders/lx/hc4sn_b53233_zkc9xbbl97r0000gp/T//ccYu0p68.s 			page 7


 144              		.loc 1 156 14 is_stmt 0 view .LVU37
 145 0040 9A78     		ldrb	r2, [r3, #2]	@ zero_extendqisi2
 156:USB/core/usbd_cdc_vcp.c ****     Buf[3] = (uint8_t)(linecoding.bitrate >> 24);
 146              		.loc 1 156 12 view .LVU38
 147 0042 8A70     		strb	r2, [r1, #2]
 157:USB/core/usbd_cdc_vcp.c ****     Buf[4] = linecoding.format;
 148              		.loc 1 157 5 is_stmt 1 view .LVU39
 157:USB/core/usbd_cdc_vcp.c ****     Buf[4] = linecoding.format;
 149              		.loc 1 157 14 is_stmt 0 view .LVU40
 150 0044 DA78     		ldrb	r2, [r3, #3]	@ zero_extendqisi2
 157:USB/core/usbd_cdc_vcp.c ****     Buf[4] = linecoding.format;
 151              		.loc 1 157 12 view .LVU41
 152 0046 CA70     		strb	r2, [r1, #3]
 158:USB/core/usbd_cdc_vcp.c ****     Buf[5] = linecoding.paritytype;
 153              		.loc 1 158 5 is_stmt 1 view .LVU42
 158:USB/core/usbd_cdc_vcp.c ****     Buf[5] = linecoding.paritytype;
 154              		.loc 1 158 24 is_stmt 0 view .LVU43
 155 0048 1A79     		ldrb	r2, [r3, #4]	@ zero_extendqisi2
 158:USB/core/usbd_cdc_vcp.c ****     Buf[5] = linecoding.paritytype;
 156              		.loc 1 158 12 view .LVU44
 157 004a 0A71     		strb	r2, [r1, #4]
 159:USB/core/usbd_cdc_vcp.c ****     Buf[6] = linecoding.datatype; 
 158              		.loc 1 159 5 is_stmt 1 view .LVU45
 159:USB/core/usbd_cdc_vcp.c ****     Buf[6] = linecoding.datatype; 
 159              		.loc 1 159 24 is_stmt 0 view .LVU46
 160 004c 5A79     		ldrb	r2, [r3, #5]	@ zero_extendqisi2
 159:USB/core/usbd_cdc_vcp.c ****     Buf[6] = linecoding.datatype; 
 161              		.loc 1 159 12 view .LVU47
 162 004e 4A71     		strb	r2, [r1, #5]
 160:USB/core/usbd_cdc_vcp.c ****     break;
 163              		.loc 1 160 5 is_stmt 1 view .LVU48
 160:USB/core/usbd_cdc_vcp.c ****     break;
 164              		.loc 1 160 24 is_stmt 0 view .LVU49
 165 0050 9B79     		ldrb	r3, [r3, #6]	@ zero_extendqisi2
 160:USB/core/usbd_cdc_vcp.c ****     break;
 166              		.loc 1 160 12 view .LVU50
 167 0052 8B71     		strb	r3, [r1, #6]
 161:USB/core/usbd_cdc_vcp.c **** 
 168              		.loc 1 161 5 is_stmt 1 view .LVU51
 169 0054 D8E7     		b	.L6
 170              	.L8:
 171 0056 00BF     		.align	2
 172              	.L7:
 173 0058 00000000 		.word	.LANCHOR0
 174              		.cfi_endproc
 175              	.LFE128:
 177              		.section	.text.VCP_DataTx,"ax",%progbits
 178              		.align	1
 179              		.global	VCP_DataTx
 180              		.syntax unified
 181              		.thumb
 182              		.thumb_func
 183              		.fpu fpv4-sp-d16
 185              	VCP_DataTx:
 186              	.LVL7:
 187              	.LFB129:
 178:USB/core/usbd_cdc_vcp.c **** 
ARM GAS  /var/folders/lx/hc4sn_b53233_zkc9xbbl97r0000gp/T//ccYu0p68.s 			page 8


 179:USB/core/usbd_cdc_vcp.c **** /**
 180:USB/core/usbd_cdc_vcp.c ****   * @brief  VCP_DataTx
 181:USB/core/usbd_cdc_vcp.c ****   *         CDC received data to be send over USB IN endpoint are managed in 
 182:USB/core/usbd_cdc_vcp.c ****   *         this function.
 183:USB/core/usbd_cdc_vcp.c ****   * @param  Buf: Buffer of data to be sent
 184:USB/core/usbd_cdc_vcp.c ****   * @param  Len: Number of data to be sent (in bytes)
 185:USB/core/usbd_cdc_vcp.c ****   * @retval Result of the opeartion: USBD_OK if all operations are OK else VCP_FAIL
 186:USB/core/usbd_cdc_vcp.c ****   */
 187:USB/core/usbd_cdc_vcp.c **** uint16_t VCP_DataTx (uint8_t* Buf, uint32_t Len) {
 188              		.loc 1 187 50 view -0
 189              		.cfi_startproc
 190              		@ args = 0, pretend = 0, frame = 0
 191              		@ frame_needed = 0, uses_anonymous_args = 0
 192              		@ link register save eliminated.
 188:USB/core/usbd_cdc_vcp.c **** 	uint32_t tx_counter = 0;
 193              		.loc 1 188 2 view .LVU53
 189:USB/core/usbd_cdc_vcp.c **** 	
 190:USB/core/usbd_cdc_vcp.c **** 	while (tx_counter < Len) {
 194              		.loc 1 190 2 view .LVU54
 188:USB/core/usbd_cdc_vcp.c **** 	uint32_t tx_counter = 0;
 195              		.loc 1 188 11 is_stmt 0 view .LVU55
 196 0000 0022     		movs	r2, #0
 197              	.LVL8:
 198              		.loc 1 190 8 is_stmt 1 view .LVU56
 199 0002 8A42     		cmp	r2, r1
 200 0004 17D2     		bcs	.L17
 187:USB/core/usbd_cdc_vcp.c **** 	uint32_t tx_counter = 0;
 201              		.loc 1 187 50 is_stmt 0 view .LVU57
 202 0006 30B4     		push	{r4, r5}
 203              	.LCFI0:
 204              		.cfi_def_cfa_offset 8
 205              		.cfi_offset 4, -8
 206              		.cfi_offset 5, -4
 207 0008 02E0     		b	.L12
 208              	.L11:
 191:USB/core/usbd_cdc_vcp.c **** 		APP_Rx_Buffer[APP_Rx_ptr_in] = *(Buf+tx_counter);
 192:USB/core/usbd_cdc_vcp.c **** 		
 193:USB/core/usbd_cdc_vcp.c **** 		APP_Rx_ptr_in++;
 194:USB/core/usbd_cdc_vcp.c **** 		
 195:USB/core/usbd_cdc_vcp.c **** 		/* To avoid buffer overflow */
 196:USB/core/usbd_cdc_vcp.c **** 		if (APP_Rx_ptr_in >= APP_RX_DATA_SIZE) {
 197:USB/core/usbd_cdc_vcp.c **** 			APP_Rx_ptr_in = 0;
 198:USB/core/usbd_cdc_vcp.c **** 		}
 199:USB/core/usbd_cdc_vcp.c **** 		
 200:USB/core/usbd_cdc_vcp.c **** 		tx_counter++;
 209              		.loc 1 200 3 is_stmt 1 view .LVU58
 210              		.loc 1 200 13 is_stmt 0 view .LVU59
 211 000a 0132     		adds	r2, r2, #1
 212              	.LVL9:
 190:USB/core/usbd_cdc_vcp.c **** 		APP_Rx_Buffer[APP_Rx_ptr_in] = *(Buf+tx_counter);
 213              		.loc 1 190 8 is_stmt 1 view .LVU60
 214 000c 8A42     		cmp	r2, r1
 215 000e 0FD2     		bcs	.L18
 216              	.L12:
 191:USB/core/usbd_cdc_vcp.c **** 		APP_Rx_Buffer[APP_Rx_ptr_in] = *(Buf+tx_counter);
 217              		.loc 1 191 3 view .LVU61
 191:USB/core/usbd_cdc_vcp.c **** 		APP_Rx_Buffer[APP_Rx_ptr_in] = *(Buf+tx_counter);
ARM GAS  /var/folders/lx/hc4sn_b53233_zkc9xbbl97r0000gp/T//ccYu0p68.s 			page 9


 218              		.loc 1 191 16 is_stmt 0 view .LVU62
 219 0010 0A4C     		ldr	r4, .L19
 220 0012 2368     		ldr	r3, [r4]
 191:USB/core/usbd_cdc_vcp.c **** 		APP_Rx_Buffer[APP_Rx_ptr_in] = *(Buf+tx_counter);
 221              		.loc 1 191 34 view .LVU63
 222 0014 10F802C0 		ldrb	ip, [r0, r2]	@ zero_extendqisi2
 191:USB/core/usbd_cdc_vcp.c **** 		APP_Rx_Buffer[APP_Rx_ptr_in] = *(Buf+tx_counter);
 223              		.loc 1 191 32 view .LVU64
 224 0018 094D     		ldr	r5, .L19+4
 225 001a 05F803C0 		strb	ip, [r5, r3]
 193:USB/core/usbd_cdc_vcp.c **** 		
 226              		.loc 1 193 3 is_stmt 1 view .LVU65
 193:USB/core/usbd_cdc_vcp.c **** 		
 227              		.loc 1 193 16 is_stmt 0 view .LVU66
 228 001e 0133     		adds	r3, r3, #1
 229 0020 2360     		str	r3, [r4]
 196:USB/core/usbd_cdc_vcp.c **** 			APP_Rx_ptr_in = 0;
 230              		.loc 1 196 3 is_stmt 1 view .LVU67
 196:USB/core/usbd_cdc_vcp.c **** 			APP_Rx_ptr_in = 0;
 231              		.loc 1 196 6 is_stmt 0 view .LVU68
 232 0022 B3F5006F 		cmp	r3, #2048
 233 0026 F0D3     		bcc	.L11
 197:USB/core/usbd_cdc_vcp.c **** 		}
 234              		.loc 1 197 4 is_stmt 1 view .LVU69
 197:USB/core/usbd_cdc_vcp.c **** 		}
 235              		.loc 1 197 18 is_stmt 0 view .LVU70
 236 0028 2346     		mov	r3, r4
 237 002a 0024     		movs	r4, #0
 238 002c 1C60     		str	r4, [r3]
 239 002e ECE7     		b	.L11
 240              	.L18:
 201:USB/core/usbd_cdc_vcp.c **** 	}
 202:USB/core/usbd_cdc_vcp.c **** 	
 203:USB/core/usbd_cdc_vcp.c **** 	return USBD_OK;
 241              		.loc 1 203 2 is_stmt 1 view .LVU71
 204:USB/core/usbd_cdc_vcp.c **** }
 242              		.loc 1 204 1 is_stmt 0 view .LVU72
 243 0030 0020     		movs	r0, #0
 244              	.LVL10:
 245              		.loc 1 204 1 view .LVU73
 246 0032 30BC     		pop	{r4, r5}
 247              	.LCFI1:
 248              		.cfi_restore 5
 249              		.cfi_restore 4
 250              		.cfi_def_cfa_offset 0
 251 0034 7047     		bx	lr
 252              	.LVL11:
 253              	.L17:
 203:USB/core/usbd_cdc_vcp.c **** }
 254              		.loc 1 203 2 is_stmt 1 view .LVU74
 255              		.loc 1 204 1 is_stmt 0 view .LVU75
 256 0036 0020     		movs	r0, #0
 257              	.LVL12:
 258              		.loc 1 204 1 view .LVU76
 259 0038 7047     		bx	lr
 260              	.L20:
 261 003a 00BF     		.align	2
ARM GAS  /var/folders/lx/hc4sn_b53233_zkc9xbbl97r0000gp/T//ccYu0p68.s 			page 10


 262              	.L19:
 263 003c 00000000 		.word	APP_Rx_ptr_in
 264 0040 00000000 		.word	APP_Rx_Buffer
 265              		.cfi_endproc
 266              	.LFE129:
 268              		.section	.text.VCP_DataRx,"ax",%progbits
 269              		.align	1
 270              		.global	VCP_DataRx
 271              		.syntax unified
 272              		.thumb
 273              		.thumb_func
 274              		.fpu fpv4-sp-d16
 276              	VCP_DataRx:
 277              	.LVL13:
 278              	.LFB130:
 205:USB/core/usbd_cdc_vcp.c **** 
 206:USB/core/usbd_cdc_vcp.c **** /**
 207:USB/core/usbd_cdc_vcp.c ****   * @brief  VCP_DataRx
 208:USB/core/usbd_cdc_vcp.c ****   *         Data received over USB OUT endpoint are sent over CDC interface 
 209:USB/core/usbd_cdc_vcp.c ****   *         through this function.
 210:USB/core/usbd_cdc_vcp.c ****   *           
 211:USB/core/usbd_cdc_vcp.c ****   *         @note
 212:USB/core/usbd_cdc_vcp.c ****   *         This function will block any OUT packet reception on USB endpoint 
 213:USB/core/usbd_cdc_vcp.c ****   *         untill exiting this function. If you exit this function before transfer
 214:USB/core/usbd_cdc_vcp.c ****   *         is complete on CDC interface (ie. using DMA controller) it will result 
 215:USB/core/usbd_cdc_vcp.c ****   *         in receiving more data while previous ones are still not sent.
 216:USB/core/usbd_cdc_vcp.c ****   *                 
 217:USB/core/usbd_cdc_vcp.c ****   * @param  Buf: Buffer of data to be received
 218:USB/core/usbd_cdc_vcp.c ****   * @param  Len: Number of data received (in bytes)
 219:USB/core/usbd_cdc_vcp.c ****   * @retval Result of the opeartion: USBD_OK if all operations are OK else VCP_FAIL
 220:USB/core/usbd_cdc_vcp.c ****   */
 221:USB/core/usbd_cdc_vcp.c **** uint16_t VCP_DataRx (uint8_t* Buf, uint32_t Len) {
 279              		.loc 1 221 50 is_stmt 1 view -0
 280              		.cfi_startproc
 281              		@ args = 0, pretend = 0, frame = 0
 282              		@ frame_needed = 0, uses_anonymous_args = 0
 283              		.loc 1 221 50 is_stmt 0 view .LVU78
 284 0000 70B5     		push	{r4, r5, r6, lr}
 285              	.LCFI2:
 286              		.cfi_def_cfa_offset 16
 287              		.cfi_offset 4, -16
 288              		.cfi_offset 5, -12
 289              		.cfi_offset 6, -8
 290              		.cfi_offset 14, -4
 291 0002 0646     		mov	r6, r0
 292 0004 0D46     		mov	r5, r1
 222:USB/core/usbd_cdc_vcp.c **** 	uint32_t i;
 293              		.loc 1 222 2 is_stmt 1 view .LVU79
 223:USB/core/usbd_cdc_vcp.c **** 	for (i = 0; i < Len; i++) {
 294              		.loc 1 223 2 view .LVU80
 295              	.LVL14:
 296              		.loc 1 223 9 is_stmt 0 view .LVU81
 297 0006 0024     		movs	r4, #0
 298              		.loc 1 223 2 view .LVU82
 299 0008 03E0     		b	.L22
 300              	.LVL15:
 301              	.L23:
ARM GAS  /var/folders/lx/hc4sn_b53233_zkc9xbbl97r0000gp/T//ccYu0p68.s 			page 11


 224:USB/core/usbd_cdc_vcp.c **** 		/* Add data to internal buffer */
 225:USB/core/usbd_cdc_vcp.c **** 		TM_INT_USB_VCP_AddReceived(*(Buf + i));
 302              		.loc 1 225 3 is_stmt 1 discriminator 3 view .LVU83
 303 000a 305D     		ldrb	r0, [r6, r4]	@ zero_extendqisi2
 304 000c FFF7FEFF 		bl	TM_INT_USB_VCP_AddReceived
 305              	.LVL16:
 223:USB/core/usbd_cdc_vcp.c **** 	for (i = 0; i < Len; i++) {
 306              		.loc 1 223 23 discriminator 3 view .LVU84
 223:USB/core/usbd_cdc_vcp.c **** 	for (i = 0; i < Len; i++) {
 307              		.loc 1 223 24 is_stmt 0 discriminator 3 view .LVU85
 308 0010 0134     		adds	r4, r4, #1
 309              	.LVL17:
 310              	.L22:
 223:USB/core/usbd_cdc_vcp.c **** 	for (i = 0; i < Len; i++) {
 311              		.loc 1 223 14 is_stmt 1 discriminator 1 view .LVU86
 223:USB/core/usbd_cdc_vcp.c **** 	for (i = 0; i < Len; i++) {
 312              		.loc 1 223 2 is_stmt 0 discriminator 1 view .LVU87
 313 0012 AC42     		cmp	r4, r5
 314 0014 F9D3     		bcc	.L23
 226:USB/core/usbd_cdc_vcp.c **** 	}
 227:USB/core/usbd_cdc_vcp.c **** 	
 228:USB/core/usbd_cdc_vcp.c **** 	if(TM_USB_VCP_Get_IRQState() == TM_USB_VCP_IRQ_RESET)
 315              		.loc 1 228 2 is_stmt 1 view .LVU88
 316              		.loc 1 228 5 is_stmt 0 view .LVU89
 317 0016 FFF7FEFF 		bl	TM_USB_VCP_Get_IRQState
 318              	.LVL18:
 319              		.loc 1 228 4 view .LVU90
 320 001a 08B1     		cbz	r0, .L26
 321              	.L24:
 229:USB/core/usbd_cdc_vcp.c **** 	{
 230:USB/core/usbd_cdc_vcp.c **** 		TM_USB_VCP_Set_IRQ(Buf, Len);
 231:USB/core/usbd_cdc_vcp.c **** 	}
 232:USB/core/usbd_cdc_vcp.c **** 	
 233:USB/core/usbd_cdc_vcp.c **** 	return USBD_OK;
 322              		.loc 1 233 2 is_stmt 1 view .LVU91
 234:USB/core/usbd_cdc_vcp.c **** }
 323              		.loc 1 234 1 is_stmt 0 view .LVU92
 324 001c 0020     		movs	r0, #0
 325 001e 70BD     		pop	{r4, r5, r6, pc}
 326              	.LVL19:
 327              	.L26:
 230:USB/core/usbd_cdc_vcp.c **** 	}
 328              		.loc 1 230 3 is_stmt 1 view .LVU93
 329 0020 A9B2     		uxth	r1, r5
 330 0022 3046     		mov	r0, r6
 331 0024 FFF7FEFF 		bl	TM_USB_VCP_Set_IRQ
 332              	.LVL20:
 333 0028 F8E7     		b	.L24
 334              		.cfi_endproc
 335              	.LFE130:
 337              		.global	VCP_fops
 338              		.global	linecoding
 339              		.section	.data.VCP_fops,"aw"
 340              		.align	2
 343              	VCP_fops:
 344 0000 00000000 		.word	VCP_Init
 345 0004 00000000 		.word	VCP_DeInit
ARM GAS  /var/folders/lx/hc4sn_b53233_zkc9xbbl97r0000gp/T//ccYu0p68.s 			page 12


 346 0008 00000000 		.word	VCP_Ctrl
 347 000c 00000000 		.word	VCP_DataTx
 348 0010 00000000 		.word	VCP_DataRx
 349              		.section	.data.linecoding,"aw"
 350              		.align	2
 351              		.set	.LANCHOR0,. + 0
 354              	linecoding:
 355 0000 00C20100 		.word	115200
 356 0004 00       		.byte	0
 357 0005 00       		.byte	0
 358 0006 08       		.byte	8
 359 0007 01       		.byte	1
 360              		.text
 361              	.Letext0:
 362              		.file 2 "/usr/local/arm-none-eabi-gcc/gcc-arm-none-eabi-10-2020-q4-major/arm-none-eabi/include/mac
 363              		.file 3 "/usr/local/arm-none-eabi-gcc/gcc-arm-none-eabi-10-2020-q4-major/arm-none-eabi/include/sys
 364              		.file 4 "USB/core/usbd_cdc_core.h"
 365              		.file 5 "USB/core/usbd_cdc_vcp.h"
 366              		.file 6 "USB/core/usbd_core.h"
 367              		.file 7 "USB/config/tm_stm32f4_usb_vcp.h"
ARM GAS  /var/folders/lx/hc4sn_b53233_zkc9xbbl97r0000gp/T//ccYu0p68.s 			page 13


DEFINED SYMBOLS
                            *ABS*:0000000000000000 usbd_cdc_vcp.c
/var/folders/lx/hc4sn_b53233_zkc9xbbl97r0000gp/T//ccYu0p68.s:18     .text.VCP_Init:0000000000000000 $t
/var/folders/lx/hc4sn_b53233_zkc9xbbl97r0000gp/T//ccYu0p68.s:25     .text.VCP_Init:0000000000000000 VCP_Init
/var/folders/lx/hc4sn_b53233_zkc9xbbl97r0000gp/T//ccYu0p68.s:41     .text.VCP_DeInit:0000000000000000 $t
/var/folders/lx/hc4sn_b53233_zkc9xbbl97r0000gp/T//ccYu0p68.s:47     .text.VCP_DeInit:0000000000000000 VCP_DeInit
/var/folders/lx/hc4sn_b53233_zkc9xbbl97r0000gp/T//ccYu0p68.s:62     .text.VCP_Ctrl:0000000000000000 $t
/var/folders/lx/hc4sn_b53233_zkc9xbbl97r0000gp/T//ccYu0p68.s:68     .text.VCP_Ctrl:0000000000000000 VCP_Ctrl
/var/folders/lx/hc4sn_b53233_zkc9xbbl97r0000gp/T//ccYu0p68.s:173    .text.VCP_Ctrl:0000000000000058 $d
/var/folders/lx/hc4sn_b53233_zkc9xbbl97r0000gp/T//ccYu0p68.s:178    .text.VCP_DataTx:0000000000000000 $t
/var/folders/lx/hc4sn_b53233_zkc9xbbl97r0000gp/T//ccYu0p68.s:185    .text.VCP_DataTx:0000000000000000 VCP_DataTx
/var/folders/lx/hc4sn_b53233_zkc9xbbl97r0000gp/T//ccYu0p68.s:263    .text.VCP_DataTx:000000000000003c $d
/var/folders/lx/hc4sn_b53233_zkc9xbbl97r0000gp/T//ccYu0p68.s:269    .text.VCP_DataRx:0000000000000000 $t
/var/folders/lx/hc4sn_b53233_zkc9xbbl97r0000gp/T//ccYu0p68.s:276    .text.VCP_DataRx:0000000000000000 VCP_DataRx
/var/folders/lx/hc4sn_b53233_zkc9xbbl97r0000gp/T//ccYu0p68.s:343    .data.VCP_fops:0000000000000000 VCP_fops
/var/folders/lx/hc4sn_b53233_zkc9xbbl97r0000gp/T//ccYu0p68.s:354    .data.linecoding:0000000000000000 linecoding
/var/folders/lx/hc4sn_b53233_zkc9xbbl97r0000gp/T//ccYu0p68.s:340    .data.VCP_fops:0000000000000000 $d
/var/folders/lx/hc4sn_b53233_zkc9xbbl97r0000gp/T//ccYu0p68.s:350    .data.linecoding:0000000000000000 $d

UNDEFINED SYMBOLS
APP_Rx_ptr_in
APP_Rx_Buffer
TM_INT_USB_VCP_AddReceived
TM_USB_VCP_Get_IRQState
TM_USB_VCP_Set_IRQ
